-- The CUDA compiler identification is NVIDIA 12.8.61
-- The CXX compiler identification is GNU 11.4.0
-- Detecting CUDA compiler ABI info
-- Detecting CUDA compiler ABI info - done
-- Check for working CUDA compiler: /usr/local/cuda-12.8/bin/nvcc - skipped
-- Detecting CUDA compile features
-- Detecting CUDA compile features - done
-- Detecting CXX compiler ABI info
-- Detecting CXX compiler ABI info - done
-- Check for working CXX compiler: /usr/bin/c++ - skipped
-- Detecting CXX compile features
-- Detecting CXX compile features - done
-- Found ament_cmake_auto: 1.3.11 (/opt/ros/humble/share/ament_cmake_auto/cmake)
-- Found Python3: /usr/bin/python3 (found version "3.10.12") found components: Interpreter 
-- Override CMake install command with custom implementation using symlinks instead of copying resources
-- Found rosidl_generator_c: 3.1.6 (/opt/ros/humble/share/rosidl_generator_c/cmake)
-- Found rosidl_adapter: 3.1.6 (/opt/ros/humble/share/rosidl_adapter/cmake)
-- Found rosidl_generator_cpp: 3.1.6 (/opt/ros/humble/share/rosidl_generator_cpp/cmake)
-- Using all available rosidl_typesupport_c: rosidl_typesupport_fastrtps_c;rosidl_typesupport_introspection_c
-- Using all available rosidl_typesupport_cpp: rosidl_typesupport_fastrtps_cpp;rosidl_typesupport_introspection_cpp
-- Found rmw_implementation_cmake: 6.1.2 (/opt/ros/humble/share/rmw_implementation_cmake/cmake)
-- Found rmw_fastrtps_cpp: 6.2.7 (/opt/ros/humble/share/rmw_fastrtps_cpp/cmake)
-- Found OpenSSL: /usr/lib/x86_64-linux-gnu/libcrypto.so (found version "3.0.2")  
-- Found FastRTPS: /opt/ros/humble/include  
-- Using RMW implementation 'rmw_fastrtps_cpp' as default
-- Looking for C++ include pthread.h
-- Looking for C++ include pthread.h - found
-- Performing Test CMAKE_HAVE_LIBC_PTHREAD
-- Performing Test CMAKE_HAVE_LIBC_PTHREAD - Success
-- Found Threads: TRUE  
-- Loading isaac_ros_common extras
-- CMAKE_BUILD_TYPE: Release
-- Found CUDA: /usr/local/cuda-12.8 (found version "12.8") 
-- CUDA architectures: 89
-- Loading isaac_ros_common extras (modules)
-- Loading isaac_ros_gxf extras
-- Configuring done
-- Generating done
-- Build files have been written to: /home/sophie/visionaid/isaac_ros_ws/build/isaac_ros_stereo_image_proc
[ 28%] [32mBuilding CXX object CMakeFiles/point_cloud_node.dir/src/point_cloud_node.cpp.o[0m
[ 28%] [34m[1mGenerating version information as YAML[0m
[ 28%] Built target generate_version_info_target_isaac_ros_stereo_image_proc
[ 42%] [32m[1mLinking CXX shared library libpoint_cloud_node.so[0m
[ 42%] Built target point_cloud_node
[ 57%] [32mBuilding CXX object CMakeFiles/disparity_node.dir/src/disparity_node.cpp.o[0m
[ 71%] [32m[1mLinking CXX shared library libdisparity_node.so[0m
[ 71%] Built target disparity_node
[ 85%] [32mBuilding CXX object CMakeFiles/disparity_to_depth_node.dir/src/disparity_to_depth_node.cpp.o[0m
[100%] [32m[1mLinking CXX shared library libdisparity_to_depth_node.so[0m
[100%] Built target disparity_to_depth_node
-- Install configuration: "Release"
-- Execute custom install script
-- Symlinking: /home/sophie/visionaid/isaac_ros_ws/install/isaac_ros_stereo_image_proc/share/isaac_ros_stereo_image_proc/version_info.yaml
-- Symlinking: /home/sophie/visionaid/isaac_ros_ws/install/isaac_ros_stereo_image_proc/include/isaac_ros_stereo_image_proc/disparity_node.hpp
-- Symlinking: /home/sophie/visionaid/isaac_ros_ws/install/isaac_ros_stereo_image_proc/include/isaac_ros_stereo_image_proc/disparity_to_depth_node.hpp
-- Symlinking: /home/sophie/visionaid/isaac_ros_ws/install/isaac_ros_stereo_image_proc/include/isaac_ros_stereo_image_proc/point_cloud_node.hpp
-- Symlinking: /home/sophie/visionaid/isaac_ros_ws/install/isaac_ros_stereo_image_proc/share/isaac_ros_stereo_image_proc/environment/library_path.sh
-- Symlinking: /home/sophie/visionaid/isaac_ros_ws/install/isaac_ros_stereo_image_proc/share/isaac_ros_stereo_image_proc/environment/library_path.dsv
-- Symlinking: /home/sophie/visionaid/isaac_ros_ws/install/isaac_ros_stereo_image_proc/lib/libpoint_cloud_node.so
-- Symlinking: /home/sophie/visionaid/isaac_ros_ws/install/isaac_ros_stereo_image_proc/lib/libdisparity_node.so
-- Symlinking: /home/sophie/visionaid/isaac_ros_ws/install/isaac_ros_stereo_image_proc/lib/libdisparity_to_depth_node.so
-- Symlinking: /home/sophie/visionaid/isaac_ros_ws/install/isaac_ros_stereo_image_proc/share/isaac_ros_stereo_image_proc/config/isaac_ros_stereo_image_proc_isaac_sim.rviz
-- Symlinking: /home/sophie/visionaid/isaac_ros_ws/install/isaac_ros_stereo_image_proc/share/isaac_ros_stereo_image_proc/config/isaac_ros_stereo_image_proc_realsense.rviz
-- Symlinking: /home/sophie/visionaid/isaac_ros_ws/install/isaac_ros_stereo_image_proc/share/isaac_ros_stereo_image_proc/config/isaac_ros_stereo_image_proc_zed.rviz
-- Symlinking: /home/sophie/visionaid/isaac_ros_ws/install/isaac_ros_stereo_image_proc/share/isaac_ros_stereo_image_proc/config/nitros_disparity_node.yaml
-- Symlinking: /home/sophie/visionaid/isaac_ros_ws/install/isaac_ros_stereo_image_proc/share/isaac_ros_stereo_image_proc/config/nitros_disparity_to_depth_node.yaml
-- Symlinking: /home/sophie/visionaid/isaac_ros_ws/install/isaac_ros_stereo_image_proc/share/isaac_ros_stereo_image_proc/config/nitros_point_cloud_node.yaml
-- Symlinking: /home/sophie/visionaid/isaac_ros_ws/install/isaac_ros_stereo_image_proc/share/isaac_ros_stereo_image_proc/config/realsense.yaml
-- Symlinking: /home/sophie/visionaid/isaac_ros_ws/install/isaac_ros_stereo_image_proc/share/isaac_ros_stereo_image_proc/config/zed.yaml
-- Symlinking: /home/sophie/visionaid/isaac_ros_ws/install/isaac_ros_stereo_image_proc/share/isaac_ros_stereo_image_proc/launch/isaac_ros_stereo_image_pipeline_hawk.launch.py
-- Symlinking: /home/sophie/visionaid/isaac_ros_ws/install/isaac_ros_stereo_image_proc/share/isaac_ros_stereo_image_proc/launch/isaac_ros_stereo_image_pipeline_isaac_sim.launch.py
-- Symlinking: /home/sophie/visionaid/isaac_ros_ws/install/isaac_ros_stereo_image_proc/share/isaac_ros_stereo_image_proc/launch/isaac_ros_stereo_image_pipeline_realsense.launch.py
-- Symlinking: /home/sophie/visionaid/isaac_ros_ws/install/isaac_ros_stereo_image_proc/share/isaac_ros_stereo_image_proc/launch/isaac_ros_stereo_image_proc_disparity_core.launch.py
-- Symlinking: /home/sophie/visionaid/isaac_ros_ws/install/isaac_ros_stereo_image_proc/share/isaac_ros_stereo_image_proc/launch/isaac_ros_stereo_image_proc_disparity_to_depth.launch.py
-- Symlinking: /home/sophie/visionaid/isaac_ros_ws/install/isaac_ros_stereo_image_proc/share/isaac_ros_stereo_image_proc/launch/isaac_ros_stereo_image_proc_disparity_to_depth_core.launch.py
-- Symlinking: /home/sophie/visionaid/isaac_ros_ws/install/isaac_ros_stereo_image_proc/share/isaac_ros_stereo_image_proc/launch/isaac_ros_stereo_image_proc_point_cloud_core.launch.py
-- Symlinking: /home/sophie/visionaid/isaac_ros_ws/install/isaac_ros_stereo_image_proc/share/ament_index/resource_index/package_run_dependencies/isaac_ros_stereo_image_proc
-- Symlinking: /home/sophie/visionaid/isaac_ros_ws/install/isaac_ros_stereo_image_proc/share/ament_index/resource_index/parent_prefix_path/isaac_ros_stereo_image_proc
-- Symlinking: /home/sophie/visionaid/isaac_ros_ws/install/isaac_ros_stereo_image_proc/share/isaac_ros_stereo_image_proc/environment/ament_prefix_path.sh
-- Symlinking: /home/sophie/visionaid/isaac_ros_ws/install/isaac_ros_stereo_image_proc/share/isaac_ros_stereo_image_proc/environment/ament_prefix_path.dsv
-- Symlinking: /home/sophie/visionaid/isaac_ros_ws/install/isaac_ros_stereo_image_proc/share/isaac_ros_stereo_image_proc/environment/path.sh
-- Symlinking: /home/sophie/visionaid/isaac_ros_ws/install/isaac_ros_stereo_image_proc/share/isaac_ros_stereo_image_proc/environment/path.dsv
-- Symlinking: /home/sophie/visionaid/isaac_ros_ws/install/isaac_ros_stereo_image_proc/share/isaac_ros_stereo_image_proc/local_setup.bash
-- Symlinking: /home/sophie/visionaid/isaac_ros_ws/install/isaac_ros_stereo_image_proc/share/isaac_ros_stereo_image_proc/local_setup.sh
-- Symlinking: /home/sophie/visionaid/isaac_ros_ws/install/isaac_ros_stereo_image_proc/share/isaac_ros_stereo_image_proc/local_setup.zsh
-- Symlinking: /home/sophie/visionaid/isaac_ros_ws/install/isaac_ros_stereo_image_proc/share/isaac_ros_stereo_image_proc/local_setup.dsv
-- Symlinking: /home/sophie/visionaid/isaac_ros_ws/install/isaac_ros_stereo_image_proc/share/isaac_ros_stereo_image_proc/package.dsv
-- Symlinking: /home/sophie/visionaid/isaac_ros_ws/install/isaac_ros_stereo_image_proc/share/ament_index/resource_index/packages/isaac_ros_stereo_image_proc
-- Symlinking: /home/sophie/visionaid/isaac_ros_ws/install/isaac_ros_stereo_image_proc/share/ament_index/resource_index/rclcpp_components/isaac_ros_stereo_image_proc
-- Symlinking: /home/sophie/visionaid/isaac_ros_ws/install/isaac_ros_stereo_image_proc/share/isaac_ros_stereo_image_proc/cmake/ament_cmake_export_dependencies-extras.cmake
-- Symlinking: /home/sophie/visionaid/isaac_ros_ws/install/isaac_ros_stereo_image_proc/share/isaac_ros_stereo_image_proc/cmake/ament_cmake_export_include_directories-extras.cmake
-- Symlinking: /home/sophie/visionaid/isaac_ros_ws/install/isaac_ros_stereo_image_proc/share/isaac_ros_stereo_image_proc/cmake/ament_cmake_export_libraries-extras.cmake
-- Symlinking: /home/sophie/visionaid/isaac_ros_ws/install/isaac_ros_stereo_image_proc/share/isaac_ros_stereo_image_proc/cmake/isaac_ros_stereo_image_procConfig.cmake
-- Symlinking: /home/sophie/visionaid/isaac_ros_ws/install/isaac_ros_stereo_image_proc/share/isaac_ros_stereo_image_proc/cmake/isaac_ros_stereo_image_procConfig-version.cmake
-- Symlinking: /home/sophie/visionaid/isaac_ros_ws/install/isaac_ros_stereo_image_proc/share/isaac_ros_stereo_image_proc/package.xml
