-- The C compiler identification is GNU 11.4.0
-- The CXX compiler identification is GNU 11.4.0
-- Detecting C compiler ABI info
-- Detecting C compiler ABI info - done
-- Check for working C compiler: /usr/bin/cc - skipped
-- Detecting C compile features
-- Detecting C compile features - done
-- Detecting CXX compiler ABI info
-- Detecting CXX compiler ABI info - done
-- Check for working CXX compiler: /usr/bin/c++ - skipped
-- Detecting CXX compile features
-- Detecting CXX compile features - done
-- Found ament_cmake_auto: 1.3.11 (/opt/ros/humble/share/ament_cmake_auto/cmake)
-- Found Python3: /usr/bin/python3 (found version "3.10.12") found components: Interpreter 
-- Override CMake install command with custom implementation using symlinks instead of copying resources
-- Loading isaac_ros_common extras
-- CMAKE_BUILD_TYPE: Release
-- Looking for pthread.h
-- Looking for pthread.h - found
-- Performing Test CMAKE_HAVE_LIBC_PTHREAD
-- Performing Test CMAKE_HAVE_LIBC_PTHREAD - Success
-- Found Threads: TRUE  
-- Found CUDA: /usr/local/cuda-12.8 (found version "12.8") 
-- CUDA architectures: 89
-- Loading isaac_ros_common extras (modules)
-- Found rosidl_generator_c: 3.1.6 (/opt/ros/humble/share/rosidl_generator_c/cmake)
-- Found rosidl_adapter: 3.1.6 (/opt/ros/humble/share/rosidl_adapter/cmake)
-- Found rosidl_generator_cpp: 3.1.6 (/opt/ros/humble/share/rosidl_generator_cpp/cmake)
-- Using all available rosidl_typesupport_c: rosidl_typesupport_fastrtps_c;rosidl_typesupport_introspection_c
-- Using all available rosidl_typesupport_cpp: rosidl_typesupport_fastrtps_cpp;rosidl_typesupport_introspection_cpp
-- Found rmw_implementation_cmake: 6.1.2 (/opt/ros/humble/share/rmw_implementation_cmake/cmake)
-- Found rmw_fastrtps_cpp: 6.2.7 (/opt/ros/humble/share/rmw_fastrtps_cpp/cmake)
-- Found OpenSSL: /usr/lib/x86_64-linux-gnu/libcrypto.so (found version "3.0.2")  
-- Found FastRTPS: /opt/ros/humble/include  
-- Using RMW implementation 'rmw_fastrtps_cpp' as default
-- Loading isaac_ros_gxf extras
-- Found CUDAToolkit: /usr/local/cuda-12.8/include (found version "12.8.61") 
-- Configuring done
-- Generating done
-- Build files have been written to: /home/sophie/visionaid/isaac_ros_ws/build/gxf_isaac_tensorops
[  7%] [32mBuilding CXX object CMakeFiles/gxf_isaac_tensorops.dir/gxf/extensions/tensorops/components/Frame3D.cpp.o[0m
[  7%] [32mBuilding CXX object CMakeFiles/gxf_isaac_tensorops.dir/gxf/extensions/tensorops/components/CameraModel.cpp.o[0m
[  7%] [34m[1mGenerating version information as YAML[0m
[  9%] [32mBuilding CXX object CMakeFiles/gxf_isaac_tensorops.dir/gxf/extensions/tensorops/components/CropAndResize.cpp.o[0m
[ 11%] [32mBuilding CXX object CMakeFiles/gxf_isaac_tensorops.dir/gxf/extensions/tensorops/components/ConvertColorFormat.cpp.o[0m
[ 14%] [32mBuilding CXX object CMakeFiles/gxf_isaac_tensorops.dir/gxf/extensions/tensorops/components/ImageAdapter.cpp.o[0m
[ 16%] [32mBuilding CXX object CMakeFiles/gxf_isaac_tensorops.dir/gxf/extensions/tensorops/components/InterleavedToPlanar.cpp.o[0m
[ 19%] [32mBuilding CXX object CMakeFiles/gxf_isaac_tensorops.dir/gxf/extensions/tensorops/components/BBoxGenerator.cpp.o[0m
[ 23%] [32mBuilding CXX object CMakeFiles/gxf_isaac_tensorops.dir/gxf/extensions/tensorops/components/Reshape.cpp.o[0m
[ 28%] [32mBuilding CXX object CMakeFiles/gxf_isaac_tensorops.dir/gxf/extensions/tensorops/components/Normalize.cpp.o[0m
[ 28%] [32mBuilding CXX object CMakeFiles/gxf_isaac_tensorops.dir/gxf/extensions/tensorops/components/Resize.cpp.o[0m
[ 21%] [32mBuilding CXX object CMakeFiles/gxf_isaac_tensorops.dir/gxf/extensions/tensorops/tensorops.cpp.o[0m
[ 30%] [32mBuilding CXX object CMakeFiles/gxf_isaac_tensorops.dir/gxf/extensions/tensorops/components/TensorStream.cpp.o[0m
[ 33%] [32mBuilding CXX object CMakeFiles/gxf_isaac_tensorops.dir/gxf/extensions/tensorops/components/ImageUtils.cpp.o[0m
[ 35%] [32mBuilding CXX object CMakeFiles/gxf_isaac_tensorops.dir/gxf/extensions/tensorops/components/detail/ImageAdapterTensorImpl.cpp.o[0m
[ 38%] [32mBuilding CXX object CMakeFiles/gxf_isaac_tensorops.dir/gxf/extensions/tensorops/components/TensorOperator.cpp.o[0m
[ 42%] [32mBuilding CXX object CMakeFiles/gxf_isaac_tensorops.dir/gxf/extensions/tensorops/core/ArithmeticOperations.cpp.o[0m
[ 42%] [32mBuilding CXX object CMakeFiles/gxf_isaac_tensorops.dir/gxf/extensions/tensorops/components/detail/ImageAdapterVideoBufferImpl.cpp.o[0m
[ 45%] [32mBuilding CXX object CMakeFiles/gxf_isaac_tensorops.dir/gxf/extensions/tensorops/components/Undistort.cpp.o[0m
[ 47%] [32mBuilding CXX object CMakeFiles/gxf_isaac_tensorops.dir/gxf/extensions/tensorops/core/ColorConversions.cpp.o[0m
[ 50%] [32mBuilding CXX object CMakeFiles/gxf_isaac_tensorops.dir/gxf/extensions/tensorops/core/BBoxUtils.cpp.o[0m
[ 52%] [32mBuilding CXX object CMakeFiles/gxf_isaac_tensorops.dir/gxf/extensions/tensorops/core/DBScan.cpp.o[0m
[ 52%] Built target generate_version_info_target_gxf_isaac_tensorops
[ 54%] [32mBuilding CXX object CMakeFiles/gxf_isaac_tensorops.dir/gxf/extensions/tensorops/core/Errors.cpp.o[0m
[ 57%] [32mBuilding CXX object CMakeFiles/gxf_isaac_tensorops.dir/gxf/extensions/tensorops/core/Filters.cpp.o[0m
[ 59%] [32mBuilding CXX object CMakeFiles/gxf_isaac_tensorops.dir/gxf/extensions/tensorops/core/FusedOperations.cpp.o[0m
[ 61%] [32mBuilding CXX object CMakeFiles/gxf_isaac_tensorops.dir/gxf/extensions/tensorops/core/GeometryTransforms.cpp.o[0m
[ 64%] [32mBuilding CXX object CMakeFiles/gxf_isaac_tensorops.dir/gxf/extensions/tensorops/core/IImageWarp.cpp.o[0m
[ 66%] [32mBuilding CXX object CMakeFiles/gxf_isaac_tensorops.dir/gxf/extensions/tensorops/core/OneEuroFilter.cpp.o[0m
[ 69%] [32mBuilding CXX object CMakeFiles/gxf_isaac_tensorops.dir/gxf/extensions/tensorops/core/TensorOperators.cpp.o[0m
[ 71%] [32mBuilding CXX object CMakeFiles/gxf_isaac_tensorops.dir/gxf/extensions/tensorops/core/VPIColorConvertImpl.cpp.o[0m
[ 73%] [32mBuilding CXX object CMakeFiles/gxf_isaac_tensorops.dir/gxf/extensions/tensorops/core/VPIRemapImpl.cpp.o[0m
[ 76%] [32mBuilding CXX object CMakeFiles/gxf_isaac_tensorops.dir/gxf/extensions/tensorops/core/VPIResizeImpl.cpp.o[0m
[ 78%] [32mBuilding CXX object CMakeFiles/gxf_isaac_tensorops.dir/gxf/extensions/tensorops/core/VPIStatusMapping.cpp.o[0m
[ 80%] [32mBuilding CXX object CMakeFiles/gxf_isaac_tensorops.dir/gxf/extensions/tensorops/core/VPIStereoDisparityEstimatorImpl.cpp.o[0m
[ 83%] [32mBuilding CXX object CMakeFiles/gxf_isaac_tensorops.dir/gxf/extensions/tensorops/core/VPITensorOperators.cpp.o[0m
[ 85%] [32mBuilding CXX object CMakeFiles/gxf_isaac_tensorops.dir/gxf/extensions/tensorops/core/NppUtils.cpp.o[0m
[ 88%] [32mBuilding CXX object CMakeFiles/gxf_isaac_tensorops.dir/gxf/extensions/tensorops/core/Array.cpp.o[0m
[ 90%] [32mBuilding CXX object CMakeFiles/gxf_isaac_tensorops.dir/gxf/extensions/tensorops/core/CVError.cpp.o[0m
[ 92%] [32mBuilding CXX object CMakeFiles/gxf_isaac_tensorops.dir/gxf/extensions/tensorops/core/MathTypes.cpp.o[0m
[ 95%] [32mBuilding CXX object CMakeFiles/gxf_isaac_tensorops.dir/gxf/extensions/tensorops/core/Memory.cpp.o[0m
[ 97%] [32mBuilding CXX object CMakeFiles/gxf_isaac_tensorops.dir/gxf/extensions/tensorops/core/Tensor.cpp.o[0m
[100%] [32m[1mLinking CXX shared library libgxf_isaac_tensorops.so[0m
[100%] Built target gxf_isaac_tensorops
-- Install configuration: "Release"
-- Execute custom install script
-- Symlinking: /home/sophie/visionaid/isaac_ros_ws/install/gxf_isaac_tensorops/share/gxf_isaac_tensorops/gxf/lib/libgxf_isaac_tensorops.so
-- Symlinking: /home/sophie/visionaid/isaac_ros_ws/install/gxf_isaac_tensorops/include/extensions/tensorops/components/BBoxGenerator.cpp
-- Symlinking: /home/sophie/visionaid/isaac_ros_ws/install/gxf_isaac_tensorops/include/extensions/tensorops/components/BBoxGenerator.hpp
-- Symlinking: /home/sophie/visionaid/isaac_ros_ws/install/gxf_isaac_tensorops/include/extensions/tensorops/components/CameraModel.cpp
-- Symlinking: /home/sophie/visionaid/isaac_ros_ws/install/gxf_isaac_tensorops/include/extensions/tensorops/components/CameraModel.hpp
-- Symlinking: /home/sophie/visionaid/isaac_ros_ws/install/gxf_isaac_tensorops/include/extensions/tensorops/components/ConvertColorFormat.cpp
-- Symlinking: /home/sophie/visionaid/isaac_ros_ws/install/gxf_isaac_tensorops/include/extensions/tensorops/components/ConvertColorFormat.hpp
-- Symlinking: /home/sophie/visionaid/isaac_ros_ws/install/gxf_isaac_tensorops/include/extensions/tensorops/components/CropAndResize.cpp
-- Symlinking: /home/sophie/visionaid/isaac_ros_ws/install/gxf_isaac_tensorops/include/extensions/tensorops/components/CropAndResize.hpp
-- Symlinking: /home/sophie/visionaid/isaac_ros_ws/install/gxf_isaac_tensorops/include/extensions/tensorops/components/Frame3D.cpp
-- Symlinking: /home/sophie/visionaid/isaac_ros_ws/install/gxf_isaac_tensorops/include/extensions/tensorops/components/Frame3D.hpp
-- Symlinking: /home/sophie/visionaid/isaac_ros_ws/install/gxf_isaac_tensorops/include/extensions/tensorops/components/ImageAdapter.cpp
-- Symlinking: /home/sophie/visionaid/isaac_ros_ws/install/gxf_isaac_tensorops/include/extensions/tensorops/components/ImageAdapter.hpp
-- Symlinking: /home/sophie/visionaid/isaac_ros_ws/install/gxf_isaac_tensorops/include/extensions/tensorops/components/ImageUtils.cpp
-- Symlinking: /home/sophie/visionaid/isaac_ros_ws/install/gxf_isaac_tensorops/include/extensions/tensorops/components/ImageUtils.hpp
-- Symlinking: /home/sophie/visionaid/isaac_ros_ws/install/gxf_isaac_tensorops/include/extensions/tensorops/components/InterleavedToPlanar.cpp
-- Symlinking: /home/sophie/visionaid/isaac_ros_ws/install/gxf_isaac_tensorops/include/extensions/tensorops/components/InterleavedToPlanar.hpp
-- Symlinking: /home/sophie/visionaid/isaac_ros_ws/install/gxf_isaac_tensorops/include/extensions/tensorops/components/Normalize.cpp
-- Symlinking: /home/sophie/visionaid/isaac_ros_ws/install/gxf_isaac_tensorops/include/extensions/tensorops/components/Normalize.hpp
-- Symlinking: /home/sophie/visionaid/isaac_ros_ws/install/gxf_isaac_tensorops/include/extensions/tensorops/components/Reshape.cpp
-- Symlinking: /home/sophie/visionaid/isaac_ros_ws/install/gxf_isaac_tensorops/include/extensions/tensorops/components/Reshape.hpp
-- Symlinking: /home/sophie/visionaid/isaac_ros_ws/install/gxf_isaac_tensorops/include/extensions/tensorops/components/Resize.cpp
-- Symlinking: /home/sophie/visionaid/isaac_ros_ws/install/gxf_isaac_tensorops/include/extensions/tensorops/components/Resize.hpp
-- Symlinking: /home/sophie/visionaid/isaac_ros_ws/install/gxf_isaac_tensorops/include/extensions/tensorops/components/TensorOperator.cpp
-- Symlinking: /home/sophie/visionaid/isaac_ros_ws/install/gxf_isaac_tensorops/include/extensions/tensorops/components/TensorOperator.hpp
-- Symlinking: /home/sophie/visionaid/isaac_ros_ws/install/gxf_isaac_tensorops/include/extensions/tensorops/components/TensorStream.cpp
-- Symlinking: /home/sophie/visionaid/isaac_ros_ws/install/gxf_isaac_tensorops/include/extensions/tensorops/components/TensorStream.hpp
-- Symlinking: /home/sophie/visionaid/isaac_ros_ws/install/gxf_isaac_tensorops/include/extensions/tensorops/components/Undistort.cpp
-- Symlinking: /home/sophie/visionaid/isaac_ros_ws/install/gxf_isaac_tensorops/include/extensions/tensorops/components/Undistort.hpp
-- Symlinking: /home/sophie/visionaid/isaac_ros_ws/install/gxf_isaac_tensorops/include/extensions/tensorops/components/detail/ImageAdapterTensorImpl.cpp
-- Symlinking: /home/sophie/visionaid/isaac_ros_ws/install/gxf_isaac_tensorops/include/extensions/tensorops/components/detail/ImageAdapterTensorImpl.hpp
-- Symlinking: /home/sophie/visionaid/isaac_ros_ws/install/gxf_isaac_tensorops/include/extensions/tensorops/components/detail/ImageAdapterVideoBufferImpl.cpp
-- Symlinking: /home/sophie/visionaid/isaac_ros_ws/install/gxf_isaac_tensorops/include/extensions/tensorops/components/detail/ImageAdapterVideoBufferImpl.hpp
-- Symlinking: /home/sophie/visionaid/isaac_ros_ws/install/gxf_isaac_tensorops/include/extensions/tensorops/core/ArithmeticOperations.cpp
-- Symlinking: /home/sophie/visionaid/isaac_ros_ws/install/gxf_isaac_tensorops/include/extensions/tensorops/core/Array.cpp
-- Symlinking: /home/sophie/visionaid/isaac_ros_ws/install/gxf_isaac_tensorops/include/extensions/tensorops/core/Array.h
-- Symlinking: /home/sophie/visionaid/isaac_ros_ws/install/gxf_isaac_tensorops/include/extensions/tensorops/core/BBox.h
-- Symlinking: /home/sophie/visionaid/isaac_ros_ws/install/gxf_isaac_tensorops/include/extensions/tensorops/core/BBoxUtils.cpp
-- Symlinking: /home/sophie/visionaid/isaac_ros_ws/install/gxf_isaac_tensorops/include/extensions/tensorops/core/BBoxUtils.h
-- Symlinking: /home/sophie/visionaid/isaac_ros_ws/install/gxf_isaac_tensorops/include/extensions/tensorops/core/CVError.cpp
-- Symlinking: /home/sophie/visionaid/isaac_ros_ws/install/gxf_isaac_tensorops/include/extensions/tensorops/core/CVError.h
-- Symlinking: /home/sophie/visionaid/isaac_ros_ws/install/gxf_isaac_tensorops/include/extensions/tensorops/core/CameraModel.h
-- Symlinking: /home/sophie/visionaid/isaac_ros_ws/install/gxf_isaac_tensorops/include/extensions/tensorops/core/ColorConversions.cpp
-- Symlinking: /home/sophie/visionaid/isaac_ros_ws/install/gxf_isaac_tensorops/include/extensions/tensorops/core/ComputeEngine.h
-- Symlinking: /home/sophie/visionaid/isaac_ros_ws/install/gxf_isaac_tensorops/include/extensions/tensorops/core/Core.h
-- Symlinking: /home/sophie/visionaid/isaac_ros_ws/install/gxf_isaac_tensorops/include/extensions/tensorops/core/DBScan.cpp
-- Symlinking: /home/sophie/visionaid/isaac_ros_ws/install/gxf_isaac_tensorops/include/extensions/tensorops/core/DBScan.h
-- Symlinking: /home/sophie/visionaid/isaac_ros_ws/install/gxf_isaac_tensorops/include/extensions/tensorops/core/Errors.cpp
-- Symlinking: /home/sophie/visionaid/isaac_ros_ws/install/gxf_isaac_tensorops/include/extensions/tensorops/core/Errors.h
-- Symlinking: /home/sophie/visionaid/isaac_ros_ws/install/gxf_isaac_tensorops/include/extensions/tensorops/core/Filters.cpp
-- Symlinking: /home/sophie/visionaid/isaac_ros_ws/install/gxf_isaac_tensorops/include/extensions/tensorops/core/Filters.h
-- Symlinking: /home/sophie/visionaid/isaac_ros_ws/install/gxf_isaac_tensorops/include/extensions/tensorops/core/FusedOperations.cpp
-- Symlinking: /home/sophie/visionaid/isaac_ros_ws/install/gxf_isaac_tensorops/include/extensions/tensorops/core/GeometryTransforms.cpp
-- Symlinking: /home/sophie/visionaid/isaac_ros_ws/install/gxf_isaac_tensorops/include/extensions/tensorops/core/IImageWarp.cpp
-- Symlinking: /home/sophie/visionaid/isaac_ros_ws/install/gxf_isaac_tensorops/include/extensions/tensorops/core/IImageWarp.h
-- Symlinking: /home/sophie/visionaid/isaac_ros_ws/install/gxf_isaac_tensorops/include/extensions/tensorops/core/ITensorOperatorContext.h
-- Symlinking: /home/sophie/visionaid/isaac_ros_ws/install/gxf_isaac_tensorops/include/extensions/tensorops/core/ITensorOperatorStream.h
-- Symlinking: /home/sophie/visionaid/isaac_ros_ws/install/gxf_isaac_tensorops/include/extensions/tensorops/core/Image.h
-- Symlinking: /home/sophie/visionaid/isaac_ros_ws/install/gxf_isaac_tensorops/include/extensions/tensorops/core/ImageUtils.h
-- Symlinking: /home/sophie/visionaid/isaac_ros_ws/install/gxf_isaac_tensorops/include/extensions/tensorops/core/MathTypes.cpp
-- Symlinking: /home/sophie/visionaid/isaac_ros_ws/install/gxf_isaac_tensorops/include/extensions/tensorops/core/MathTypes.h
-- Symlinking: /home/sophie/visionaid/isaac_ros_ws/install/gxf_isaac_tensorops/include/extensions/tensorops/core/Memory.cpp
-- Symlinking: /home/sophie/visionaid/isaac_ros_ws/install/gxf_isaac_tensorops/include/extensions/tensorops/core/Memory.h
-- Symlinking: /home/sophie/visionaid/isaac_ros_ws/install/gxf_isaac_tensorops/include/extensions/tensorops/core/NppUtils.cpp
-- Symlinking: /home/sophie/visionaid/isaac_ros_ws/install/gxf_isaac_tensorops/include/extensions/tensorops/core/NppUtils.h
-- Symlinking: /home/sophie/visionaid/isaac_ros_ws/install/gxf_isaac_tensorops/include/extensions/tensorops/core/OneEuroFilter.cpp
-- Symlinking: /home/sophie/visionaid/isaac_ros_ws/install/gxf_isaac_tensorops/include/extensions/tensorops/core/OneEuroFilter.h
-- Symlinking: /home/sophie/visionaid/isaac_ros_ws/install/gxf_isaac_tensorops/include/extensions/tensorops/core/Tensor.cpp
-- Symlinking: /home/sophie/visionaid/isaac_ros_ws/install/gxf_isaac_tensorops/include/extensions/tensorops/core/Tensor.h
-- Symlinking: /home/sophie/visionaid/isaac_ros_ws/install/gxf_isaac_tensorops/include/extensions/tensorops/core/TensorOperators.cpp
-- Symlinking: /home/sophie/visionaid/isaac_ros_ws/install/gxf_isaac_tensorops/include/extensions/tensorops/core/TensorOperators.h
-- Symlinking: /home/sophie/visionaid/isaac_ros_ws/install/gxf_isaac_tensorops/include/extensions/tensorops/core/Traits.h
-- Symlinking: /home/sophie/visionaid/isaac_ros_ws/install/gxf_isaac_tensorops/include/extensions/tensorops/core/VPIColorConvertImpl.cpp
-- Symlinking: /home/sophie/visionaid/isaac_ros_ws/install/gxf_isaac_tensorops/include/extensions/tensorops/core/VPIColorConvertImpl.h
-- Symlinking: /home/sophie/visionaid/isaac_ros_ws/install/gxf_isaac_tensorops/include/extensions/tensorops/core/VPIEnumMapping.h
-- Symlinking: /home/sophie/visionaid/isaac_ros_ws/install/gxf_isaac_tensorops/include/extensions/tensorops/core/VPIImageWarp.h
-- Symlinking: /home/sophie/visionaid/isaac_ros_ws/install/gxf_isaac_tensorops/include/extensions/tensorops/core/VPIRemapImpl.cpp
-- Symlinking: /home/sophie/visionaid/isaac_ros_ws/install/gxf_isaac_tensorops/include/extensions/tensorops/core/VPIRemapImpl.h
-- Symlinking: /home/sophie/visionaid/isaac_ros_ws/install/gxf_isaac_tensorops/include/extensions/tensorops/core/VPIResizeImpl.cpp
-- Symlinking: /home/sophie/visionaid/isaac_ros_ws/install/gxf_isaac_tensorops/include/extensions/tensorops/core/VPIResizeImpl.h
-- Symlinking: /home/sophie/visionaid/isaac_ros_ws/install/gxf_isaac_tensorops/include/extensions/tensorops/core/VPIStatusMapping.cpp
-- Symlinking: /home/sophie/visionaid/isaac_ros_ws/install/gxf_isaac_tensorops/include/extensions/tensorops/core/VPIStatusMapping.h
-- Symlinking: /home/sophie/visionaid/isaac_ros_ws/install/gxf_isaac_tensorops/include/extensions/tensorops/core/VPIStereoDisparityEstimatorImpl.cpp
-- Symlinking: /home/sophie/visionaid/isaac_ros_ws/install/gxf_isaac_tensorops/include/extensions/tensorops/core/VPIStereoDisparityEstimatorImpl.h
-- Symlinking: /home/sophie/visionaid/isaac_ros_ws/install/gxf_isaac_tensorops/include/extensions/tensorops/core/VPITensorOperators.cpp
-- Symlinking: /home/sophie/visionaid/isaac_ros_ws/install/gxf_isaac_tensorops/include/extensions/tensorops/core/VPITensorOperators.h
-- Symlinking: /home/sophie/visionaid/isaac_ros_ws/install/gxf_isaac_tensorops/include/extensions/tensorops/tensorops.cpp
-- Symlinking: /home/sophie/visionaid/isaac_ros_ws/install/gxf_isaac_tensorops/share/gxf_isaac_tensorops/version_info.yaml
-- Symlinking: /home/sophie/visionaid/isaac_ros_ws/install/gxf_isaac_tensorops/share/gxf_isaac_tensorops/environment/library_path.sh
-- Symlinking: /home/sophie/visionaid/isaac_ros_ws/install/gxf_isaac_tensorops/share/gxf_isaac_tensorops/environment/library_path.dsv
-- Symlinking: /home/sophie/visionaid/isaac_ros_ws/install/gxf_isaac_tensorops/lib/libgxf_isaac_tensorops.so
-- Symlinking: /home/sophie/visionaid/isaac_ros_ws/install/gxf_isaac_tensorops/share/ament_index/resource_index/package_run_dependencies/gxf_isaac_tensorops
-- Symlinking: /home/sophie/visionaid/isaac_ros_ws/install/gxf_isaac_tensorops/share/ament_index/resource_index/parent_prefix_path/gxf_isaac_tensorops
-- Symlinking: /home/sophie/visionaid/isaac_ros_ws/install/gxf_isaac_tensorops/share/gxf_isaac_tensorops/environment/ament_prefix_path.sh
-- Symlinking: /home/sophie/visionaid/isaac_ros_ws/install/gxf_isaac_tensorops/share/gxf_isaac_tensorops/environment/ament_prefix_path.dsv
-- Symlinking: /home/sophie/visionaid/isaac_ros_ws/install/gxf_isaac_tensorops/share/gxf_isaac_tensorops/environment/path.sh
-- Symlinking: /home/sophie/visionaid/isaac_ros_ws/install/gxf_isaac_tensorops/share/gxf_isaac_tensorops/environment/path.dsv
-- Symlinking: /home/sophie/visionaid/isaac_ros_ws/install/gxf_isaac_tensorops/share/gxf_isaac_tensorops/local_setup.bash
-- Symlinking: /home/sophie/visionaid/isaac_ros_ws/install/gxf_isaac_tensorops/share/gxf_isaac_tensorops/local_setup.sh
-- Symlinking: /home/sophie/visionaid/isaac_ros_ws/install/gxf_isaac_tensorops/share/gxf_isaac_tensorops/local_setup.zsh
-- Symlinking: /home/sophie/visionaid/isaac_ros_ws/install/gxf_isaac_tensorops/share/gxf_isaac_tensorops/local_setup.dsv
-- Symlinking: /home/sophie/visionaid/isaac_ros_ws/install/gxf_isaac_tensorops/share/gxf_isaac_tensorops/package.dsv
-- Symlinking: /home/sophie/visionaid/isaac_ros_ws/install/gxf_isaac_tensorops/share/ament_index/resource_index/packages/gxf_isaac_tensorops
-- Symlinking: /home/sophie/visionaid/isaac_ros_ws/install/gxf_isaac_tensorops/share/gxf_isaac_tensorops/cmake/ament_cmake_export_include_directories-extras.cmake
-- Symlinking: /home/sophie/visionaid/isaac_ros_ws/install/gxf_isaac_tensorops/share/gxf_isaac_tensorops/cmake/ament_cmake_export_dependencies-extras.cmake
-- Symlinking: /home/sophie/visionaid/isaac_ros_ws/install/gxf_isaac_tensorops/share/gxf_isaac_tensorops/cmake/ament_cmake_export_libraries-extras.cmake
-- Symlinking: /home/sophie/visionaid/isaac_ros_ws/install/gxf_isaac_tensorops/share/gxf_isaac_tensorops/cmake/gxf_isaac_tensoropsConfig.cmake
-- Symlinking: /home/sophie/visionaid/isaac_ros_ws/install/gxf_isaac_tensorops/share/gxf_isaac_tensorops/cmake/gxf_isaac_tensoropsConfig-version.cmake
-- Symlinking: /home/sophie/visionaid/isaac_ros_ws/install/gxf_isaac_tensorops/share/gxf_isaac_tensorops/package.xml
