running egg_info
creating ../../../build/traffic_crossing_assistant/traffic_crossing_assistant.egg-info
writing ../../../build/traffic_crossing_assistant/traffic_crossing_assistant.egg-info/PKG-INFO
writing dependency_links to ../../../build/traffic_crossing_assistant/traffic_crossing_assistant.egg-info/dependency_links.txt
writing entry points to ../../../build/traffic_crossing_assistant/traffic_crossing_assistant.egg-info/entry_points.txt
writing requirements to ../../../build/traffic_crossing_assistant/traffic_crossing_assistant.egg-info/requires.txt
writing top-level names to ../../../build/traffic_crossing_assistant/traffic_crossing_assistant.egg-info/top_level.txt
writing manifest file '../../../build/traffic_crossing_assistant/traffic_crossing_assistant.egg-info/SOURCES.txt'
reading manifest file '../../../build/traffic_crossing_assistant/traffic_crossing_assistant.egg-info/SOURCES.txt'
writing manifest file '../../../build/traffic_crossing_assistant/traffic_crossing_assistant.egg-info/SOURCES.txt'
running build
running build_py
creating /home/sophie/visionaid-1/build/traffic_crossing_assistant/build
creating /home/sophie/visionaid-1/build/traffic_crossing_assistant/build/lib
creating /home/sophie/visionaid-1/build/traffic_crossing_assistant/build/lib/traffic_crossing_assistant
copying traffic_crossing_assistant/traffic_light_analyzer.py -> /home/sophie/visionaid-1/build/traffic_crossing_assistant/build/lib/traffic_crossing_assistant
copying traffic_crossing_assistant/decision_engine.py -> /home/sophie/visionaid-1/build/traffic_crossing_assistant/build/lib/traffic_crossing_assistant
copying traffic_crossing_assistant/__init__.py -> /home/sophie/visionaid-1/build/traffic_crossing_assistant/build/lib/traffic_crossing_assistant
copying traffic_crossing_assistant/vehicle_movement_analyzer.py -> /home/sophie/visionaid-1/build/traffic_crossing_assistant/build/lib/traffic_crossing_assistant
copying traffic_crossing_assistant/multimodal_safety_coordinator.py -> /home/sophie/visionaid-1/build/traffic_crossing_assistant/build/lib/traffic_crossing_assistant
copying traffic_crossing_assistant/ego_motion_compensator.py -> /home/sophie/visionaid-1/build/traffic_crossing_assistant/build/lib/traffic_crossing_assistant
copying traffic_crossing_assistant/audio_feedback_system.py -> /home/sophie/visionaid-1/build/traffic_crossing_assistant/build/lib/traffic_crossing_assistant
copying traffic_crossing_assistant/enhanced_audio_system.py -> /home/sophie/visionaid-1/build/traffic_crossing_assistant/build/lib/traffic_crossing_assistant
copying traffic_crossing_assistant/crosswalk_analyzer.py -> /home/sophie/visionaid-1/build/traffic_crossing_assistant/build/lib/traffic_crossing_assistant
running install
running install_lib
creating /home/sophie/visionaid-1/install/traffic_crossing_assistant/lib/python3.10/site-packages/traffic_crossing_assistant
copying /home/sophie/visionaid-1/build/traffic_crossing_assistant/build/lib/traffic_crossing_assistant/traffic_light_analyzer.py -> /home/sophie/visionaid-1/install/traffic_crossing_assistant/lib/python3.10/site-packages/traffic_crossing_assistant
copying /home/sophie/visionaid-1/build/traffic_crossing_assistant/build/lib/traffic_crossing_assistant/decision_engine.py -> /home/sophie/visionaid-1/install/traffic_crossing_assistant/lib/python3.10/site-packages/traffic_crossing_assistant
copying /home/sophie/visionaid-1/build/traffic_crossing_assistant/build/lib/traffic_crossing_assistant/__init__.py -> /home/sophie/visionaid-1/install/traffic_crossing_assistant/lib/python3.10/site-packages/traffic_crossing_assistant
copying /home/sophie/visionaid-1/build/traffic_crossing_assistant/build/lib/traffic_crossing_assistant/vehicle_movement_analyzer.py -> /home/sophie/visionaid-1/install/traffic_crossing_assistant/lib/python3.10/site-packages/traffic_crossing_assistant
copying /home/sophie/visionaid-1/build/traffic_crossing_assistant/build/lib/traffic_crossing_assistant/multimodal_safety_coordinator.py -> /home/sophie/visionaid-1/install/traffic_crossing_assistant/lib/python3.10/site-packages/traffic_crossing_assistant
copying /home/sophie/visionaid-1/build/traffic_crossing_assistant/build/lib/traffic_crossing_assistant/ego_motion_compensator.py -> /home/sophie/visionaid-1/install/traffic_crossing_assistant/lib/python3.10/site-packages/traffic_crossing_assistant
copying /home/sophie/visionaid-1/build/traffic_crossing_assistant/build/lib/traffic_crossing_assistant/audio_feedback_system.py -> /home/sophie/visionaid-1/install/traffic_crossing_assistant/lib/python3.10/site-packages/traffic_crossing_assistant
copying /home/sophie/visionaid-1/build/traffic_crossing_assistant/build/lib/traffic_crossing_assistant/enhanced_audio_system.py -> /home/sophie/visionaid-1/install/traffic_crossing_assistant/lib/python3.10/site-packages/traffic_crossing_assistant
copying /home/sophie/visionaid-1/build/traffic_crossing_assistant/build/lib/traffic_crossing_assistant/crosswalk_analyzer.py -> /home/sophie/visionaid-1/install/traffic_crossing_assistant/lib/python3.10/site-packages/traffic_crossing_assistant
byte-compiling /home/sophie/visionaid-1/install/traffic_crossing_assistant/lib/python3.10/site-packages/traffic_crossing_assistant/traffic_light_analyzer.py to traffic_light_analyzer.cpython-310.pyc
byte-compiling /home/sophie/visionaid-1/install/traffic_crossing_assistant/lib/python3.10/site-packages/traffic_crossing_assistant/decision_engine.py to decision_engine.cpython-310.pyc
byte-compiling /home/sophie/visionaid-1/install/traffic_crossing_assistant/lib/python3.10/site-packages/traffic_crossing_assistant/__init__.py to __init__.cpython-310.pyc
byte-compiling /home/sophie/visionaid-1/install/traffic_crossing_assistant/lib/python3.10/site-packages/traffic_crossing_assistant/vehicle_movement_analyzer.py to vehicle_movement_analyzer.cpython-310.pyc
byte-compiling /home/sophie/visionaid-1/install/traffic_crossing_assistant/lib/python3.10/site-packages/traffic_crossing_assistant/multimodal_safety_coordinator.py to multimodal_safety_coordinator.cpython-310.pyc
byte-compiling /home/sophie/visionaid-1/install/traffic_crossing_assistant/lib/python3.10/site-packages/traffic_crossing_assistant/ego_motion_compensator.py to ego_motion_compensator.cpython-310.pyc
byte-compiling /home/sophie/visionaid-1/install/traffic_crossing_assistant/lib/python3.10/site-packages/traffic_crossing_assistant/audio_feedback_system.py to audio_feedback_system.cpython-310.pyc
byte-compiling /home/sophie/visionaid-1/install/traffic_crossing_assistant/lib/python3.10/site-packages/traffic_crossing_assistant/enhanced_audio_system.py to enhanced_audio_system.cpython-310.pyc
byte-compiling /home/sophie/visionaid-1/install/traffic_crossing_assistant/lib/python3.10/site-packages/traffic_crossing_assistant/crosswalk_analyzer.py to crosswalk_analyzer.cpython-310.pyc
running install_data
creating /home/sophie/visionaid-1/install/traffic_crossing_assistant/share/ament_index
creating /home/sophie/visionaid-1/install/traffic_crossing_assistant/share/ament_index/resource_index
creating /home/sophie/visionaid-1/install/traffic_crossing_assistant/share/ament_index/resource_index/packages
copying resource/traffic_crossing_assistant -> /home/sophie/visionaid-1/install/traffic_crossing_assistant/share/ament_index/resource_index/packages
copying package.xml -> /home/sophie/visionaid-1/install/traffic_crossing_assistant/share/traffic_crossing_assistant
creating /home/sophie/visionaid-1/install/traffic_crossing_assistant/share/traffic_crossing_assistant/config
copying config/taiwan_safety_config.yaml -> /home/sophie/visionaid-1/install/traffic_crossing_assistant/share/traffic_crossing_assistant/config
copying config/audio_config.yaml -> /home/sophie/visionaid-1/install/traffic_crossing_assistant/share/traffic_crossing_assistant/config
creating /home/sophie/visionaid-1/install/traffic_crossing_assistant/share/traffic_crossing_assistant/launch
copying launch/multimodal_complete_system.launch.py -> /home/sophie/visionaid-1/install/traffic_crossing_assistant/share/traffic_crossing_assistant/launch
copying launch/taiwan_complete_system.launch.py -> /home/sophie/visionaid-1/install/traffic_crossing_assistant/share/traffic_crossing_assistant/launch
copying launch/crossing_assistant_only.launch.py -> /home/sophie/visionaid-1/install/traffic_crossing_assistant/share/traffic_crossing_assistant/launch
running install_egg_info
Copying ../../../build/traffic_crossing_assistant/traffic_crossing_assistant.egg-info to /home/sophie/visionaid-1/install/traffic_crossing_assistant/lib/python3.10/site-packages/traffic_crossing_assistant-0.0.0-py3.10.egg-info
running install_scripts
Installing audio_feedback_system script to /home/sophie/visionaid-1/install/traffic_crossing_assistant/lib/traffic_crossing_assistant
Installing crosswalk_analyzer script to /home/sophie/visionaid-1/install/traffic_crossing_assistant/lib/traffic_crossing_assistant
Installing decision_engine script to /home/sophie/visionaid-1/install/traffic_crossing_assistant/lib/traffic_crossing_assistant
Installing ego_motion_compensator script to /home/sophie/visionaid-1/install/traffic_crossing_assistant/lib/traffic_crossing_assistant
Installing enhanced_audio_system script to /home/sophie/visionaid-1/install/traffic_crossing_assistant/lib/traffic_crossing_assistant
Installing multimodal_safety_coordinator script to /home/sophie/visionaid-1/install/traffic_crossing_assistant/lib/traffic_crossing_assistant
Installing simple_3d_analyzer script to /home/sophie/visionaid-1/install/traffic_crossing_assistant/lib/traffic_crossing_assistant
Installing test_complete_system script to /home/sophie/visionaid-1/install/traffic_crossing_assistant/lib/traffic_crossing_assistant
Installing test_enhanced_3d_system script to /home/sophie/visionaid-1/install/traffic_crossing_assistant/lib/traffic_crossing_assistant
Installing test_vlm_integration script to /home/sophie/visionaid-1/install/traffic_crossing_assistant/lib/traffic_crossing_assistant
Installing traffic_light_analyzer script to /home/sophie/visionaid-1/install/traffic_crossing_assistant/lib/traffic_crossing_assistant
Installing validate_system script to /home/sophie/visionaid-1/install/traffic_crossing_assistant/lib/traffic_crossing_assistant
Installing vehicle_movement_analyzer script to /home/sophie/visionaid-1/install/traffic_crossing_assistant/lib/traffic_crossing_assistant
writing list of installed files to '/home/sophie/visionaid-1/build/traffic_crossing_assistant/install.log'
