[0.648s] Invoking command in '/home/sophie/visionaid-1/isaac_ros_ws/src/traffic_crossing_assistant': PYTHONPATH=/home/sophie/visionaid-1/build/traffic_crossing_assistant/prefix_override:/usr/lib/python3/dist-packages/colcon_core/task/python/colcon_distutils_commands:/home/sophie/visionaid-1/install/traffic_crossing_assistant/lib/python3.10/site-packages:${PYTHONPATH} /usr/bin/python3 -W ignore:setup.py install is deprecated -W ignore:easy_install command is deprecated setup.py egg_info --egg-base ../../../build/traffic_crossing_assistant build --build-base /home/sophie/visionaid-1/build/traffic_crossing_assistant/build install --record /home/sophie/visionaid-1/build/traffic_crossing_assistant/install.log --single-version-externally-managed install_data
[0.886s] running egg_info
[0.886s] creating ../../../build/traffic_crossing_assistant/traffic_crossing_assistant.egg-info
[0.895s] writing ../../../build/traffic_crossing_assistant/traffic_crossing_assistant.egg-info/PKG-INFO
[0.895s] writing dependency_links to ../../../build/traffic_crossing_assistant/traffic_crossing_assistant.egg-info/dependency_links.txt
[0.895s] writing entry points to ../../../build/traffic_crossing_assistant/traffic_crossing_assistant.egg-info/entry_points.txt
[0.896s] writing requirements to ../../../build/traffic_crossing_assistant/traffic_crossing_assistant.egg-info/requires.txt
[0.896s] writing top-level names to ../../../build/traffic_crossing_assistant/traffic_crossing_assistant.egg-info/top_level.txt
[0.896s] writing manifest file '../../../build/traffic_crossing_assistant/traffic_crossing_assistant.egg-info/SOURCES.txt'
[0.916s] reading manifest file '../../../build/traffic_crossing_assistant/traffic_crossing_assistant.egg-info/SOURCES.txt'
[0.916s] writing manifest file '../../../build/traffic_crossing_assistant/traffic_crossing_assistant.egg-info/SOURCES.txt'
[0.916s] running build
[0.917s] running build_py
[0.917s] creating /home/sophie/visionaid-1/build/traffic_crossing_assistant/build
[0.917s] creating /home/sophie/visionaid-1/build/traffic_crossing_assistant/build/lib
[0.917s] creating /home/sophie/visionaid-1/build/traffic_crossing_assistant/build/lib/traffic_crossing_assistant
[0.917s] copying traffic_crossing_assistant/traffic_light_analyzer.py -> /home/sophie/visionaid-1/build/traffic_crossing_assistant/build/lib/traffic_crossing_assistant
[0.917s] copying traffic_crossing_assistant/decision_engine.py -> /home/sophie/visionaid-1/build/traffic_crossing_assistant/build/lib/traffic_crossing_assistant
[0.918s] copying traffic_crossing_assistant/__init__.py -> /home/sophie/visionaid-1/build/traffic_crossing_assistant/build/lib/traffic_crossing_assistant
[0.918s] copying traffic_crossing_assistant/vehicle_movement_analyzer.py -> /home/sophie/visionaid-1/build/traffic_crossing_assistant/build/lib/traffic_crossing_assistant
[0.918s] copying traffic_crossing_assistant/multimodal_safety_coordinator.py -> /home/sophie/visionaid-1/build/traffic_crossing_assistant/build/lib/traffic_crossing_assistant
[0.918s] copying traffic_crossing_assistant/ego_motion_compensator.py -> /home/sophie/visionaid-1/build/traffic_crossing_assistant/build/lib/traffic_crossing_assistant
[0.918s] copying traffic_crossing_assistant/audio_feedback_system.py -> /home/sophie/visionaid-1/build/traffic_crossing_assistant/build/lib/traffic_crossing_assistant
[0.918s] copying traffic_crossing_assistant/enhanced_audio_system.py -> /home/sophie/visionaid-1/build/traffic_crossing_assistant/build/lib/traffic_crossing_assistant
[0.918s] copying traffic_crossing_assistant/crosswalk_analyzer.py -> /home/sophie/visionaid-1/build/traffic_crossing_assistant/build/lib/traffic_crossing_assistant
[0.918s] running install
[0.921s] running install_lib
[0.931s] creating /home/sophie/visionaid-1/install/traffic_crossing_assistant/lib/python3.10/site-packages/traffic_crossing_assistant
[0.931s] copying /home/sophie/visionaid-1/build/traffic_crossing_assistant/build/lib/traffic_crossing_assistant/traffic_light_analyzer.py -> /home/sophie/visionaid-1/install/traffic_crossing_assistant/lib/python3.10/site-packages/traffic_crossing_assistant
[0.931s] copying /home/sophie/visionaid-1/build/traffic_crossing_assistant/build/lib/traffic_crossing_assistant/decision_engine.py -> /home/sophie/visionaid-1/install/traffic_crossing_assistant/lib/python3.10/site-packages/traffic_crossing_assistant
[0.931s] copying /home/sophie/visionaid-1/build/traffic_crossing_assistant/build/lib/traffic_crossing_assistant/__init__.py -> /home/sophie/visionaid-1/install/traffic_crossing_assistant/lib/python3.10/site-packages/traffic_crossing_assistant
[0.932s] copying /home/sophie/visionaid-1/build/traffic_crossing_assistant/build/lib/traffic_crossing_assistant/vehicle_movement_analyzer.py -> /home/sophie/visionaid-1/install/traffic_crossing_assistant/lib/python3.10/site-packages/traffic_crossing_assistant
[0.932s] copying /home/sophie/visionaid-1/build/traffic_crossing_assistant/build/lib/traffic_crossing_assistant/multimodal_safety_coordinator.py -> /home/sophie/visionaid-1/install/traffic_crossing_assistant/lib/python3.10/site-packages/traffic_crossing_assistant
[0.932s] copying /home/sophie/visionaid-1/build/traffic_crossing_assistant/build/lib/traffic_crossing_assistant/ego_motion_compensator.py -> /home/sophie/visionaid-1/install/traffic_crossing_assistant/lib/python3.10/site-packages/traffic_crossing_assistant
[0.932s] copying /home/sophie/visionaid-1/build/traffic_crossing_assistant/build/lib/traffic_crossing_assistant/audio_feedback_system.py -> /home/sophie/visionaid-1/install/traffic_crossing_assistant/lib/python3.10/site-packages/traffic_crossing_assistant
[0.932s] copying /home/sophie/visionaid-1/build/traffic_crossing_assistant/build/lib/traffic_crossing_assistant/enhanced_audio_system.py -> /home/sophie/visionaid-1/install/traffic_crossing_assistant/lib/python3.10/site-packages/traffic_crossing_assistant
[0.932s] copying /home/sophie/visionaid-1/build/traffic_crossing_assistant/build/lib/traffic_crossing_assistant/crosswalk_analyzer.py -> /home/sophie/visionaid-1/install/traffic_crossing_assistant/lib/python3.10/site-packages/traffic_crossing_assistant
[0.932s] byte-compiling /home/sophie/visionaid-1/install/traffic_crossing_assistant/lib/python3.10/site-packages/traffic_crossing_assistant/traffic_light_analyzer.py to traffic_light_analyzer.cpython-310.pyc
[0.932s] byte-compiling /home/sophie/visionaid-1/install/traffic_crossing_assistant/lib/python3.10/site-packages/traffic_crossing_assistant/decision_engine.py to decision_engine.cpython-310.pyc
[0.933s] byte-compiling /home/sophie/visionaid-1/install/traffic_crossing_assistant/lib/python3.10/site-packages/traffic_crossing_assistant/__init__.py to __init__.cpython-310.pyc
[0.933s] byte-compiling /home/sophie/visionaid-1/install/traffic_crossing_assistant/lib/python3.10/site-packages/traffic_crossing_assistant/vehicle_movement_analyzer.py to vehicle_movement_analyzer.cpython-310.pyc
[0.935s] byte-compiling /home/sophie/visionaid-1/install/traffic_crossing_assistant/lib/python3.10/site-packages/traffic_crossing_assistant/multimodal_safety_coordinator.py to multimodal_safety_coordinator.cpython-310.pyc
[0.936s] byte-compiling /home/sophie/visionaid-1/install/traffic_crossing_assistant/lib/python3.10/site-packages/traffic_crossing_assistant/ego_motion_compensator.py to ego_motion_compensator.cpython-310.pyc
[0.936s] byte-compiling /home/sophie/visionaid-1/install/traffic_crossing_assistant/lib/python3.10/site-packages/traffic_crossing_assistant/audio_feedback_system.py to audio_feedback_system.cpython-310.pyc
[0.937s] byte-compiling /home/sophie/visionaid-1/install/traffic_crossing_assistant/lib/python3.10/site-packages/traffic_crossing_assistant/enhanced_audio_system.py to enhanced_audio_system.cpython-310.pyc
[0.937s] byte-compiling /home/sophie/visionaid-1/install/traffic_crossing_assistant/lib/python3.10/site-packages/traffic_crossing_assistant/crosswalk_analyzer.py to crosswalk_analyzer.cpython-310.pyc
[0.938s] running install_data
[0.938s] creating /home/sophie/visionaid-1/install/traffic_crossing_assistant/share/ament_index
[0.938s] creating /home/sophie/visionaid-1/install/traffic_crossing_assistant/share/ament_index/resource_index
[0.938s] creating /home/sophie/visionaid-1/install/traffic_crossing_assistant/share/ament_index/resource_index/packages
[0.938s] copying resource/traffic_crossing_assistant -> /home/sophie/visionaid-1/install/traffic_crossing_assistant/share/ament_index/resource_index/packages
[0.938s] copying package.xml -> /home/sophie/visionaid-1/install/traffic_crossing_assistant/share/traffic_crossing_assistant
[0.938s] creating /home/sophie/visionaid-1/install/traffic_crossing_assistant/share/traffic_crossing_assistant/config
[0.938s] copying config/taiwan_safety_config.yaml -> /home/sophie/visionaid-1/install/traffic_crossing_assistant/share/traffic_crossing_assistant/config
[0.938s] copying config/audio_config.yaml -> /home/sophie/visionaid-1/install/traffic_crossing_assistant/share/traffic_crossing_assistant/config
[0.938s] creating /home/sophie/visionaid-1/install/traffic_crossing_assistant/share/traffic_crossing_assistant/launch
[0.938s] copying launch/multimodal_complete_system.launch.py -> /home/sophie/visionaid-1/install/traffic_crossing_assistant/share/traffic_crossing_assistant/launch
[0.938s] copying launch/taiwan_complete_system.launch.py -> /home/sophie/visionaid-1/install/traffic_crossing_assistant/share/traffic_crossing_assistant/launch
[0.938s] copying launch/crossing_assistant_only.launch.py -> /home/sophie/visionaid-1/install/traffic_crossing_assistant/share/traffic_crossing_assistant/launch
[0.939s] running install_egg_info
[0.948s] Copying ../../../build/traffic_crossing_assistant/traffic_crossing_assistant.egg-info to /home/sophie/visionaid-1/install/traffic_crossing_assistant/lib/python3.10/site-packages/traffic_crossing_assistant-0.0.0-py3.10.egg-info
[0.948s] running install_scripts
[0.984s] Installing audio_feedback_system script to /home/sophie/visionaid-1/install/traffic_crossing_assistant/lib/traffic_crossing_assistant
[0.984s] Installing crosswalk_analyzer script to /home/sophie/visionaid-1/install/traffic_crossing_assistant/lib/traffic_crossing_assistant
[0.984s] Installing decision_engine script to /home/sophie/visionaid-1/install/traffic_crossing_assistant/lib/traffic_crossing_assistant
[0.984s] Installing ego_motion_compensator script to /home/sophie/visionaid-1/install/traffic_crossing_assistant/lib/traffic_crossing_assistant
[0.984s] Installing enhanced_audio_system script to /home/sophie/visionaid-1/install/traffic_crossing_assistant/lib/traffic_crossing_assistant
[0.984s] Installing multimodal_safety_coordinator script to /home/sophie/visionaid-1/install/traffic_crossing_assistant/lib/traffic_crossing_assistant
[0.984s] Installing simple_3d_analyzer script to /home/sophie/visionaid-1/install/traffic_crossing_assistant/lib/traffic_crossing_assistant
[0.984s] Installing test_complete_system script to /home/sophie/visionaid-1/install/traffic_crossing_assistant/lib/traffic_crossing_assistant
[0.984s] Installing test_enhanced_3d_system script to /home/sophie/visionaid-1/install/traffic_crossing_assistant/lib/traffic_crossing_assistant
[0.985s] Installing test_vlm_integration script to /home/sophie/visionaid-1/install/traffic_crossing_assistant/lib/traffic_crossing_assistant
[0.985s] Installing traffic_light_analyzer script to /home/sophie/visionaid-1/install/traffic_crossing_assistant/lib/traffic_crossing_assistant
[0.985s] Installing validate_system script to /home/sophie/visionaid-1/install/traffic_crossing_assistant/lib/traffic_crossing_assistant
[0.985s] Installing vehicle_movement_analyzer script to /home/sophie/visionaid-1/install/traffic_crossing_assistant/lib/traffic_crossing_assistant
[0.985s] writing list of installed files to '/home/sophie/visionaid-1/build/traffic_crossing_assistant/install.log'
[1.006s] Invoked command in '/home/sophie/visionaid-1/isaac_ros_ws/src/traffic_crossing_assistant' returned '0': PYTHONPATH=/home/sophie/visionaid-1/build/traffic_crossing_assistant/prefix_override:/usr/lib/python3/dist-packages/colcon_core/task/python/colcon_distutils_commands:/home/sophie/visionaid-1/install/traffic_crossing_assistant/lib/python3.10/site-packages:${PYTHONPATH} /usr/bin/python3 -W ignore:setup.py install is deprecated -W ignore:easy_install command is deprecated setup.py egg_info --egg-base ../../../build/traffic_crossing_assistant build --build-base /home/sophie/visionaid-1/build/traffic_crossing_assistant/build install --record /home/sophie/visionaid-1/build/traffic_crossing_assistant/install.log --single-version-externally-managed install_data
