-- Found ament_cmake_auto: 1.3.11 (/opt/ros/humble/share/ament_cmake_auto/cmake)
-- Override CMake install command with custom implementation using symlinks instead of copying resources
-- Loading isaac_ros_common extras
-- CMAKE_BUILD_TYPE: Release
-- CUDA architectures: 89
-- Loading isaac_ros_common extras (modules)
-- Found rosidl_generator_c: 3.1.6 (/opt/ros/humble/share/rosidl_generator_c/cmake)
-- Found rosidl_adapter: 3.1.6 (/opt/ros/humble/share/rosidl_adapter/cmake)
-- Found rosidl_generator_cpp: 3.1.6 (/opt/ros/humble/share/rosidl_generator_cpp/cmake)
-- Using all available rosidl_typesupport_c: rosidl_typesupport_fastrtps_c;rosidl_typesupport_introspection_c
-- Using all available rosidl_typesupport_cpp: rosidl_typesupport_fastrtps_cpp;rosidl_typesupport_introspection_cpp
-- Found rmw_implementation_cmake: 6.1.2 (/opt/ros/humble/share/rmw_implementation_cmake/cmake)
-- Found rmw_fastrtps_cpp: 6.2.7 (/opt/ros/humble/share/rmw_fastrtps_cpp/cmake)
-- Using RMW implementation 'rmw_fastrtps_cpp' as default
-- Loading isaac_ros_gxf extras
-- Configuring done
-- Generating done
-- Build files have been written to: /home/sophie/visionaid/isaac_ros_ws/build/isaac_ros_nitros_bridge_ros2
[35m[1mConsolidate compiler generated dependencies of target image_converter_node[0m
[ 20%] Built target generate_version_info_target_isaac_ros_nitros_bridge_ros2
[ 40%] [32mBuilding CXX object CMakeFiles/image_converter_node.dir/src/image_converter_node.cpp.o[0m
[ 60%] [32m[1mLinking CXX shared library libimage_converter_node.so[0m
[ 60%] Built target image_converter_node
[35m[1mConsolidate compiler generated dependencies of target tensor_list_converter_node[0m
[ 80%] [32mBuilding CXX object CMakeFiles/tensor_list_converter_node.dir/src/tensor_list_converter_node.cpp.o[0m
[100%] [32m[1mLinking CXX shared library libtensor_list_converter_node.so[0m
[100%] Built target tensor_list_converter_node
-- Install configuration: "Release"
-- Execute custom install script
-- Up-to-date symlink: /home/sophie/visionaid/isaac_ros_ws/install/isaac_ros_nitros_bridge_ros2/share/isaac_ros_nitros_bridge_ros2/version_info.yaml
-- Up-to-date symlink: /home/sophie/visionaid/isaac_ros_ws/install/isaac_ros_nitros_bridge_ros2/include/isaac_ros_nitros_bridge_ros2/image_converter_node.hpp
-- Up-to-date symlink: /home/sophie/visionaid/isaac_ros_ws/install/isaac_ros_nitros_bridge_ros2/include/isaac_ros_nitros_bridge_ros2/ipc_buffer_manager.hpp
-- Up-to-date symlink: /home/sophie/visionaid/isaac_ros_ws/install/isaac_ros_nitros_bridge_ros2/include/isaac_ros_nitros_bridge_ros2/tensor_list_converter_node.hpp
-- Up-to-date symlink: /home/sophie/visionaid/isaac_ros_ws/install/isaac_ros_nitros_bridge_ros2/share/isaac_ros_nitros_bridge_ros2/environment/library_path.sh
-- Up-to-date symlink: /home/sophie/visionaid/isaac_ros_ws/install/isaac_ros_nitros_bridge_ros2/share/isaac_ros_nitros_bridge_ros2/environment/library_path.dsv
-- Up-to-date symlink: /home/sophie/visionaid/isaac_ros_ws/install/isaac_ros_nitros_bridge_ros2/lib/libimage_converter_node.so
-- Up-to-date symlink: /home/sophie/visionaid/isaac_ros_ws/install/isaac_ros_nitros_bridge_ros2/lib/libtensor_list_converter_node.so
-- Up-to-date symlink: /home/sophie/visionaid/isaac_ros_ws/install/isaac_ros_nitros_bridge_ros2/share/isaac_ros_nitros_bridge_ros2/launch/isaac_ros_nitros_bridge_image_converter.launch.py
-- Up-to-date symlink: /home/sophie/visionaid/isaac_ros_ws/install/isaac_ros_nitros_bridge_ros2/share/isaac_ros_nitros_bridge_ros2/launch/isaac_ros_nitros_bridge_quickstart.launch.py
-- Up-to-date symlink: /home/sophie/visionaid/isaac_ros_ws/install/isaac_ros_nitros_bridge_ros2/share/isaac_ros_nitros_bridge_ros2/launch/isaac_ros_nitros_bridge_tensor_list_converter.launch.py
-- Up-to-date symlink: /home/sophie/visionaid/isaac_ros_ws/install/isaac_ros_nitros_bridge_ros2/share/ament_index/resource_index/package_run_dependencies/isaac_ros_nitros_bridge_ros2
-- Up-to-date symlink: /home/sophie/visionaid/isaac_ros_ws/install/isaac_ros_nitros_bridge_ros2/share/ament_index/resource_index/parent_prefix_path/isaac_ros_nitros_bridge_ros2
-- Up-to-date symlink: /home/sophie/visionaid/isaac_ros_ws/install/isaac_ros_nitros_bridge_ros2/share/isaac_ros_nitros_bridge_ros2/environment/ament_prefix_path.sh
-- Up-to-date symlink: /home/sophie/visionaid/isaac_ros_ws/install/isaac_ros_nitros_bridge_ros2/share/isaac_ros_nitros_bridge_ros2/environment/ament_prefix_path.dsv
-- Up-to-date symlink: /home/sophie/visionaid/isaac_ros_ws/install/isaac_ros_nitros_bridge_ros2/share/isaac_ros_nitros_bridge_ros2/environment/path.sh
-- Up-to-date symlink: /home/sophie/visionaid/isaac_ros_ws/install/isaac_ros_nitros_bridge_ros2/share/isaac_ros_nitros_bridge_ros2/environment/path.dsv
-- Up-to-date symlink: /home/sophie/visionaid/isaac_ros_ws/install/isaac_ros_nitros_bridge_ros2/share/isaac_ros_nitros_bridge_ros2/local_setup.bash
-- Up-to-date symlink: /home/sophie/visionaid/isaac_ros_ws/install/isaac_ros_nitros_bridge_ros2/share/isaac_ros_nitros_bridge_ros2/local_setup.sh
-- Up-to-date symlink: /home/sophie/visionaid/isaac_ros_ws/install/isaac_ros_nitros_bridge_ros2/share/isaac_ros_nitros_bridge_ros2/local_setup.zsh
-- Up-to-date symlink: /home/sophie/visionaid/isaac_ros_ws/install/isaac_ros_nitros_bridge_ros2/share/isaac_ros_nitros_bridge_ros2/local_setup.dsv
-- Symlinking: /home/sophie/visionaid/isaac_ros_ws/install/isaac_ros_nitros_bridge_ros2/share/isaac_ros_nitros_bridge_ros2/package.dsv
-- Up-to-date symlink: /home/sophie/visionaid/isaac_ros_ws/install/isaac_ros_nitros_bridge_ros2/share/ament_index/resource_index/packages/isaac_ros_nitros_bridge_ros2
-- Up-to-date symlink: /home/sophie/visionaid/isaac_ros_ws/install/isaac_ros_nitros_bridge_ros2/share/ament_index/resource_index/rclcpp_components/isaac_ros_nitros_bridge_ros2
-- Up-to-date symlink: /home/sophie/visionaid/isaac_ros_ws/install/isaac_ros_nitros_bridge_ros2/share/isaac_ros_nitros_bridge_ros2/cmake/ament_cmake_export_dependencies-extras.cmake
-- Up-to-date symlink: /home/sophie/visionaid/isaac_ros_ws/install/isaac_ros_nitros_bridge_ros2/share/isaac_ros_nitros_bridge_ros2/cmake/ament_cmake_export_include_directories-extras.cmake
-- Up-to-date symlink: /home/sophie/visionaid/isaac_ros_ws/install/isaac_ros_nitros_bridge_ros2/share/isaac_ros_nitros_bridge_ros2/cmake/ament_cmake_export_libraries-extras.cmake
-- Up-to-date symlink: /home/sophie/visionaid/isaac_ros_ws/install/isaac_ros_nitros_bridge_ros2/share/isaac_ros_nitros_bridge_ros2/cmake/isaac_ros_nitros_bridge_ros2Config.cmake
-- Up-to-date symlink: /home/sophie/visionaid/isaac_ros_ws/install/isaac_ros_nitros_bridge_ros2/share/isaac_ros_nitros_bridge_ros2/cmake/isaac_ros_nitros_bridge_ros2Config-version.cmake
-- Up-to-date symlink: /home/sophie/visionaid/isaac_ros_ws/install/isaac_ros_nitros_bridge_ros2/share/isaac_ros_nitros_bridge_ros2/package.xml
