[0.009s] Invoking command in '/home/sophie/visionaid/isaac_ros_ws/build/isaac_ros_tensor_list_interfaces': AMENT_PREFIX_PATH=/home/sophie/visionaid/isaac_ros_ws/install/isaac_ros_common:${AMENT_PREFIX_PATH} CMAKE_PREFIX_PATH=/home/sophie/visionaid/isaac_ros_ws/install/isaac_ros_common:/opt/ros/humble LD_LIBRARY_PATH=/home/sophie/visionaid/isaac_ros_ws/install/isaac_ros_common/lib:${LD_LIBRARY_PATH} PATH=/home/sophie/visionaid/isaac_ros_ws/install/isaac_ros_common/bin:${PATH} PYTHONPATH=/home/sophie/visionaid/isaac_ros_ws/install/isaac_ros_common/local/lib/python3.10/dist-packages:${PYTHONPATH} /usr/bin/cmake /home/sophie/visionaid/isaac_ros_ws/src/isaac_ros_common/isaac_ros_tensor_list_interfaces -DCMAKE_BUILD_TYPE=Release -DBUILD_TESTING=OFF -DCMAKE_CUDA_ARCHITECTURES=89 -DAMENT_CMAKE_SYMLINK_INSTALL=1 -DCMAKE_INSTALL_PREFIX=/home/sophie/visionaid/isaac_ros_ws/install/isaac_ros_tensor_list_interfaces
[0.049s] -- The C compiler identification is GNU 11.4.0
[0.091s] -- The CXX compiler identification is GNU 11.4.0
[0.095s] -- Detecting C compiler ABI info
[0.150s] -- Detecting C compiler ABI info - done
[0.156s] -- Check for working C compiler: /usr/bin/cc - skipped
[0.156s] -- Detecting C compile features
[0.156s] -- Detecting C compile features - done
[0.158s] -- Detecting CXX compiler ABI info
[0.217s] -- Detecting CXX compiler ABI info - done
[0.224s] -- Check for working CXX compiler: /usr/bin/c++ - skipped
[0.224s] -- Detecting CXX compile features
[0.224s] -- Detecting CXX compile features - done
[0.225s] -- Found ament_cmake_auto: 1.3.11 (/opt/ros/humble/share/ament_cmake_auto/cmake)
[0.326s] -- Found Python3: /usr/bin/python3 (found version "3.10.12") found components: Interpreter 
[0.367s] -- Override CMake install command with custom implementation using symlinks instead of copying resources
[0.419s] -- Using all available rosidl_typesupport_c: rosidl_typesupport_fastrtps_c;rosidl_typesupport_introspection_c
[0.421s] -- Found rosidl_adapter: 3.1.6 (/opt/ros/humble/share/rosidl_adapter/cmake)
[0.441s] -- Using all available rosidl_typesupport_cpp: rosidl_typesupport_fastrtps_cpp;rosidl_typesupport_introspection_cpp
[0.457s] -- Loading isaac_ros_common extras
[0.457s] -- CMAKE_BUILD_TYPE: Release
[0.470s] -- Looking for pthread.h
[0.524s] -- Looking for pthread.h - found
[0.524s] -- Performing Test CMAKE_HAVE_LIBC_PTHREAD
[0.575s] -- Performing Test CMAKE_HAVE_LIBC_PTHREAD - Success
[0.576s] -- Found Threads: TRUE  
[0.579s] -- Found CUDA: /usr/local/cuda-12.8 (found version "12.8") 
[0.580s] -- CUDA architectures: 89
[0.580s] -- Loading isaac_ros_common extras (modules)
[0.607s] -- Found rmw_implementation_cmake: 6.1.2 (/opt/ros/humble/share/rmw_implementation_cmake/cmake)
[0.608s] -- Found rmw_fastrtps_cpp: 6.2.7 (/opt/ros/humble/share/rmw_fastrtps_cpp/cmake)
[0.665s] -- Found OpenSSL: /usr/lib/x86_64-linux-gnu/libcrypto.so (found version "3.0.2")  
[0.681s] -- Found FastRTPS: /opt/ros/humble/include  
[0.704s] -- Using RMW implementation 'rmw_fastrtps_cpp' as default
[0.866s] -- Found ament_cmake_ros: 0.10.0 (/opt/ros/humble/share/ament_cmake_ros/cmake)
[0.996s] -- Using all available rosidl_typesupport_c: rosidl_typesupport_fastrtps_c;rosidl_typesupport_introspection_c
[1.175s] -- Using all available rosidl_typesupport_cpp: rosidl_typesupport_fastrtps_cpp;rosidl_typesupport_introspection_cpp
[1.189s] -- Found PythonInterp: /usr/bin/python3 (found suitable version "3.10.12", minimum required is "3.6") 
[1.189s] -- Found python_cmake_module: 0.10.0 (/opt/ros/humble/share/python_cmake_module/cmake)
[1.204s] -- Found PythonLibs: /usr/lib/x86_64-linux-gnu/libpython3.10.so (found suitable version "3.10.12", minimum required is "3.5") 
[1.204s] -- Using PYTHON_EXECUTABLE: /usr/bin/python3
[1.204s] -- Using PYTHON_INCLUDE_DIRS: /usr/include/python3.10
[1.204s] -- Using PYTHON_LIBRARIES: /usr/lib/x86_64-linux-gnu/libpython3.10.so
[1.215s] -- Found PythonExtra: .so  
[1.281s] -- Configuring done
[1.299s] -- Generating done
[1.306s] -- Build files have been written to: /home/sophie/visionaid/isaac_ros_ws/build/isaac_ros_tensor_list_interfaces
[1.315s] Invoked command in '/home/sophie/visionaid/isaac_ros_ws/build/isaac_ros_tensor_list_interfaces' returned '0': AMENT_PREFIX_PATH=/home/sophie/visionaid/isaac_ros_ws/install/isaac_ros_common:${AMENT_PREFIX_PATH} CMAKE_PREFIX_PATH=/home/sophie/visionaid/isaac_ros_ws/install/isaac_ros_common:/opt/ros/humble LD_LIBRARY_PATH=/home/sophie/visionaid/isaac_ros_ws/install/isaac_ros_common/lib:${LD_LIBRARY_PATH} PATH=/home/sophie/visionaid/isaac_ros_ws/install/isaac_ros_common/bin:${PATH} PYTHONPATH=/home/sophie/visionaid/isaac_ros_ws/install/isaac_ros_common/local/lib/python3.10/dist-packages:${PYTHONPATH} /usr/bin/cmake /home/sophie/visionaid/isaac_ros_ws/src/isaac_ros_common/isaac_ros_tensor_list_interfaces -DCMAKE_BUILD_TYPE=Release -DBUILD_TESTING=OFF -DCMAKE_CUDA_ARCHITECTURES=89 -DAMENT_CMAKE_SYMLINK_INSTALL=1 -DCMAKE_INSTALL_PREFIX=/home/sophie/visionaid/isaac_ros_ws/install/isaac_ros_tensor_list_interfaces
[1.316s] Invoking command in '/home/sophie/visionaid/isaac_ros_ws/build/isaac_ros_tensor_list_interfaces': AMENT_PREFIX_PATH=/home/sophie/visionaid/isaac_ros_ws/install/isaac_ros_common:${AMENT_PREFIX_PATH} CMAKE_PREFIX_PATH=/home/sophie/visionaid/isaac_ros_ws/install/isaac_ros_common:/opt/ros/humble LD_LIBRARY_PATH=/home/sophie/visionaid/isaac_ros_ws/install/isaac_ros_common/lib:${LD_LIBRARY_PATH} PATH=/home/sophie/visionaid/isaac_ros_ws/install/isaac_ros_common/bin:${PATH} PYTHONPATH=/home/sophie/visionaid/isaac_ros_ws/install/isaac_ros_common/local/lib/python3.10/dist-packages:${PYTHONPATH} /usr/bin/cmake --build /home/sophie/visionaid/isaac_ros_ws/build/isaac_ros_tensor_list_interfaces -- -j22 -l22
[1.345s] [  2%] [34m[1mGenerating C code for ROS interfaces[0m
[1.350s] [  4%] [34m[1mGenerating C++ code for ROS interfaces[0m
[1.353s] [  6%] [34m[1mGenerating version information as YAML[0m
[1.353s] [  6%] Built target ament_cmake_python_symlink_isaac_ros_tensor_list_interfaces
[1.401s] [  6%] Built target generate_version_info_target_isaac_ros_tensor_list_interfaces
[1.484s] running egg_info
[1.484s] creating isaac_ros_tensor_list_interfaces.egg-info
[1.484s] writing isaac_ros_tensor_list_interfaces.egg-info/PKG-INFO
[1.484s] writing dependency_links to isaac_ros_tensor_list_interfaces.egg-info/dependency_links.txt
[1.484s] writing top-level names to isaac_ros_tensor_list_interfaces.egg-info/top_level.txt
[1.485s] writing manifest file 'isaac_ros_tensor_list_interfaces.egg-info/SOURCES.txt'
[1.485s] reading manifest file 'isaac_ros_tensor_list_interfaces.egg-info/SOURCES.txt'
[1.486s] writing manifest file 'isaac_ros_tensor_list_interfaces.egg-info/SOURCES.txt'
[1.503s] [  6%] Built target ament_cmake_python_build_isaac_ros_tensor_list_interfaces_egg
[1.587s] [  6%] Built target isaac_ros_tensor_list_interfaces__cpp
[1.594s] [ 10%] [34m[1mGenerating C++ type support dispatch for ROS interfaces[0m
[1.594s] [ 10%] [34m[1mGenerating C++ type support for eProsima Fast-RTPS[0m
[1.595s] [ 12%] [32mBuilding C object CMakeFiles/isaac_ros_tensor_list_interfaces__rosidl_generator_c.dir/rosidl_generator_c/isaac_ros_tensor_list_interfaces/msg/detail/tensor_list__functions.c.o[0m
[1.595s] [ 14%] [34m[1mGenerating C++ introspection for ROS interfaces[0m
[1.596s] [ 16%] [32mBuilding C object CMakeFiles/isaac_ros_tensor_list_interfaces__rosidl_generator_c.dir/rosidl_generator_c/isaac_ros_tensor_list_interfaces/msg/detail/tensor_shape__functions.c.o[0m
[1.598s] [ 18%] [32mBuilding C object CMakeFiles/isaac_ros_tensor_list_interfaces__rosidl_generator_c.dir/rosidl_generator_c/isaac_ros_tensor_list_interfaces/msg/detail/tensor__functions.c.o[0m
[1.655s] [ 20%] [32m[1mLinking C shared library libisaac_ros_tensor_list_interfaces__rosidl_generator_c.so[0m
[1.682s] [ 20%] Built target isaac_ros_tensor_list_interfaces__rosidl_generator_c
[1.688s] [ 22%] [34m[1mGenerating C type support for eProsima Fast-RTPS[0m
[1.689s] [ 25%] [34m[1mGenerating C introspection for ROS interfaces[0m
[1.690s] [ 27%] [34m[1mGenerating C type support dispatch for ROS interfaces[0m
[1.802s] [ 29%] [32mBuilding CXX object CMakeFiles/isaac_ros_tensor_list_interfaces__rosidl_typesupport_cpp.dir/rosidl_typesupport_cpp/isaac_ros_tensor_list_interfaces/msg/tensor_list__type_support.cpp.o[0m
[1.803s] [ 31%] [32mBuilding CXX object CMakeFiles/isaac_ros_tensor_list_interfaces__rosidl_typesupport_cpp.dir/rosidl_typesupport_cpp/isaac_ros_tensor_list_interfaces/msg/tensor__type_support.cpp.o[0m
[1.803s] [ 33%] [32mBuilding CXX object CMakeFiles/isaac_ros_tensor_list_interfaces__rosidl_typesupport_cpp.dir/rosidl_typesupport_cpp/isaac_ros_tensor_list_interfaces/msg/tensor_shape__type_support.cpp.o[0m
[1.832s] [ 35%] [32mBuilding CXX object CMakeFiles/isaac_ros_tensor_list_interfaces__rosidl_typesupport_fastrtps_cpp.dir/rosidl_typesupport_fastrtps_cpp/isaac_ros_tensor_list_interfaces/msg/detail/dds_fastrtps/tensor_list__type_support.cpp.o[0m
[1.833s] [ 37%] [32mBuilding CXX object CMakeFiles/isaac_ros_tensor_list_interfaces__rosidl_typesupport_fastrtps_cpp.dir/rosidl_typesupport_fastrtps_cpp/isaac_ros_tensor_list_interfaces/msg/detail/dds_fastrtps/tensor_shape__type_support.cpp.o[0m
[1.833s] [ 39%] [32mBuilding CXX object CMakeFiles/isaac_ros_tensor_list_interfaces__rosidl_typesupport_fastrtps_cpp.dir/rosidl_typesupport_fastrtps_cpp/isaac_ros_tensor_list_interfaces/msg/detail/dds_fastrtps/tensor__type_support.cpp.o[0m
[1.895s] [ 45%] [32mBuilding CXX object CMakeFiles/isaac_ros_tensor_list_interfaces__rosidl_typesupport_introspection_cpp.dir/rosidl_typesupport_introspection_cpp/isaac_ros_tensor_list_interfaces/msg/detail/tensor__type_support.cpp.o[0m
[1.895s] [ 45%] [32mBuilding CXX object CMakeFiles/isaac_ros_tensor_list_interfaces__rosidl_typesupport_introspection_cpp.dir/rosidl_typesupport_introspection_cpp/isaac_ros_tensor_list_interfaces/msg/detail/tensor_list__type_support.cpp.o[0m
[1.895s] [ 45%] [32mBuilding CXX object CMakeFiles/isaac_ros_tensor_list_interfaces__rosidl_typesupport_introspection_cpp.dir/rosidl_typesupport_introspection_cpp/isaac_ros_tensor_list_interfaces/msg/detail/tensor_shape__type_support.cpp.o[0m
[1.927s] [ 50%] [32mBuilding CXX object CMakeFiles/isaac_ros_tensor_list_interfaces__rosidl_typesupport_c.dir/rosidl_typesupport_c/isaac_ros_tensor_list_interfaces/msg/tensor__type_support.cpp.o[0m
[1.927s] [ 50%] [32mBuilding CXX object CMakeFiles/isaac_ros_tensor_list_interfaces__rosidl_typesupport_c.dir/rosidl_typesupport_c/isaac_ros_tensor_list_interfaces/msg/tensor_list__type_support.cpp.o[0m
[1.927s] [ 52%] [32mBuilding CXX object CMakeFiles/isaac_ros_tensor_list_interfaces__rosidl_typesupport_c.dir/rosidl_typesupport_c/isaac_ros_tensor_list_interfaces/msg/tensor_shape__type_support.cpp.o[0m
[1.945s] [ 56%] [32mBuilding CXX object CMakeFiles/isaac_ros_tensor_list_interfaces__rosidl_typesupport_fastrtps_c.dir/rosidl_typesupport_fastrtps_c/isaac_ros_tensor_list_interfaces/msg/detail/tensor_list__type_support_c.cpp.o[0m
[1.946s] [ 56%] [32mBuilding CXX object CMakeFiles/isaac_ros_tensor_list_interfaces__rosidl_typesupport_fastrtps_c.dir/rosidl_typesupport_fastrtps_c/isaac_ros_tensor_list_interfaces/msg/detail/tensor_shape__type_support_c.cpp.o[0m
[1.946s] [ 58%] [32mBuilding CXX object CMakeFiles/isaac_ros_tensor_list_interfaces__rosidl_typesupport_fastrtps_c.dir/rosidl_typesupport_fastrtps_c/isaac_ros_tensor_list_interfaces/msg/detail/tensor__type_support_c.cpp.o[0m
[1.960s] [ 60%] [32m[1mLinking CXX shared library libisaac_ros_tensor_list_interfaces__rosidl_typesupport_c.so[0m
[1.992s] [ 62%] [32mBuilding C object CMakeFiles/isaac_ros_tensor_list_interfaces__rosidl_typesupport_introspection_c.dir/rosidl_typesupport_introspection_c/isaac_ros_tensor_list_interfaces/msg/detail/tensor_shape__type_support.c.o[0m
[1.992s] [ 64%] [32mBuilding C object CMakeFiles/isaac_ros_tensor_list_interfaces__rosidl_typesupport_introspection_c.dir/rosidl_typesupport_introspection_c/isaac_ros_tensor_list_interfaces/msg/detail/tensor_list__type_support.c.o[0m
[1.992s] [ 66%] [32mBuilding C object CMakeFiles/isaac_ros_tensor_list_interfaces__rosidl_typesupport_introspection_c.dir/rosidl_typesupport_introspection_c/isaac_ros_tensor_list_interfaces/msg/detail/tensor__type_support.c.o[0m
[1.996s] [ 66%] Built target isaac_ros_tensor_list_interfaces__rosidl_typesupport_c
[2.047s] [ 68%] [32m[1mLinking C shared library libisaac_ros_tensor_list_interfaces__rosidl_typesupport_introspection_c.so[0m
[2.075s] [ 68%] Built target isaac_ros_tensor_list_interfaces__rosidl_typesupport_introspection_c
[2.114s] [ 70%] [32m[1mLinking CXX shared library libisaac_ros_tensor_list_interfaces__rosidl_typesupport_cpp.so[0m
[2.160s] [ 70%] Built target isaac_ros_tensor_list_interfaces__rosidl_typesupport_cpp
[2.219s] [ 72%] [32m[1mLinking CXX shared library libisaac_ros_tensor_list_interfaces__rosidl_typesupport_fastrtps_c.so[0m
[2.270s] [ 72%] Built target isaac_ros_tensor_list_interfaces__rosidl_typesupport_fastrtps_c
[2.325s] [ 75%] [32m[1mLinking CXX shared library libisaac_ros_tensor_list_interfaces__rosidl_typesupport_fastrtps_cpp.so[0m
[2.374s] [ 75%] Built target isaac_ros_tensor_list_interfaces__rosidl_typesupport_fastrtps_cpp
[2.398s] [ 77%] [32m[1mLinking CXX shared library libisaac_ros_tensor_list_interfaces__rosidl_typesupport_introspection_cpp.so[0m
[2.444s] [ 77%] Built target isaac_ros_tensor_list_interfaces__rosidl_typesupport_introspection_cpp
[2.458s] [ 77%] Built target isaac_ros_tensor_list_interfaces
[2.474s] [ 79%] [34m[1mGenerating Python code for ROS interfaces[0m
[2.801s] [ 79%] Built target isaac_ros_tensor_list_interfaces__py
[2.816s] [ 81%] [32mBuilding C object CMakeFiles/isaac_ros_tensor_list_interfaces__rosidl_generator_py.dir/rosidl_generator_py/isaac_ros_tensor_list_interfaces/msg/_tensor_s.c.o[0m
[2.817s] [ 83%] [32mBuilding C object CMakeFiles/isaac_ros_tensor_list_interfaces__rosidl_generator_py.dir/rosidl_generator_py/isaac_ros_tensor_list_interfaces/msg/_tensor_shape_s.c.o[0m
[2.817s] [ 85%] [32mBuilding C object CMakeFiles/isaac_ros_tensor_list_interfaces__rosidl_generator_py.dir/rosidl_generator_py/isaac_ros_tensor_list_interfaces/msg/_tensor_list_s.c.o[0m
[2.912s] [ 87%] [32m[1mLinking C shared library rosidl_generator_py/isaac_ros_tensor_list_interfaces/libisaac_ros_tensor_list_interfaces__rosidl_generator_py.so[0m
[2.940s] [ 87%] Built target isaac_ros_tensor_list_interfaces__rosidl_generator_py
[2.957s] [ 91%] [32mBuilding C object CMakeFiles/isaac_ros_tensor_list_interfaces__rosidl_typesupport_c__pyext.dir/rosidl_generator_py/isaac_ros_tensor_list_interfaces/_isaac_ros_tensor_list_interfaces_s.ep.rosidl_typesupport_c.c.o[0m
[2.957s] [ 91%] [32mBuilding C object CMakeFiles/isaac_ros_tensor_list_interfaces__rosidl_typesupport_fastrtps_c__pyext.dir/rosidl_generator_py/isaac_ros_tensor_list_interfaces/_isaac_ros_tensor_list_interfaces_s.ep.rosidl_typesupport_fastrtps_c.c.o[0m
[2.957s] [ 93%] [32mBuilding C object CMakeFiles/isaac_ros_tensor_list_interfaces__rosidl_typesupport_introspection_c__pyext.dir/rosidl_generator_py/isaac_ros_tensor_list_interfaces/_isaac_ros_tensor_list_interfaces_s.ep.rosidl_typesupport_introspection_c.c.o[0m
[3.033s] [ 95%] [32m[1mLinking C shared library rosidl_generator_py/isaac_ros_tensor_list_interfaces/isaac_ros_tensor_list_interfaces_s__rosidl_typesupport_c.cpython-310-x86_64-linux-gnu.so[0m
[3.037s] [ 97%] [32m[1mLinking C shared library rosidl_generator_py/isaac_ros_tensor_list_interfaces/isaac_ros_tensor_list_interfaces_s__rosidl_typesupport_fastrtps_c.cpython-310-x86_64-linux-gnu.so[0m
[3.045s] [100%] [32m[1mLinking C shared library rosidl_generator_py/isaac_ros_tensor_list_interfaces/isaac_ros_tensor_list_interfaces_s__rosidl_typesupport_introspection_c.cpython-310-x86_64-linux-gnu.so[0m
[3.059s] [100%] Built target isaac_ros_tensor_list_interfaces__rosidl_typesupport_c__pyext
[3.063s] [100%] Built target isaac_ros_tensor_list_interfaces__rosidl_typesupport_fastrtps_c__pyext
[3.071s] [100%] Built target isaac_ros_tensor_list_interfaces__rosidl_typesupport_introspection_c__pyext
[3.080s] Invoked command in '/home/sophie/visionaid/isaac_ros_ws/build/isaac_ros_tensor_list_interfaces' returned '0': AMENT_PREFIX_PATH=/home/sophie/visionaid/isaac_ros_ws/install/isaac_ros_common:${AMENT_PREFIX_PATH} CMAKE_PREFIX_PATH=/home/sophie/visionaid/isaac_ros_ws/install/isaac_ros_common:/opt/ros/humble LD_LIBRARY_PATH=/home/sophie/visionaid/isaac_ros_ws/install/isaac_ros_common/lib:${LD_LIBRARY_PATH} PATH=/home/sophie/visionaid/isaac_ros_ws/install/isaac_ros_common/bin:${PATH} PYTHONPATH=/home/sophie/visionaid/isaac_ros_ws/install/isaac_ros_common/local/lib/python3.10/dist-packages:${PYTHONPATH} /usr/bin/cmake --build /home/sophie/visionaid/isaac_ros_ws/build/isaac_ros_tensor_list_interfaces -- -j22 -l22
[3.081s] Invoking command in '/home/sophie/visionaid/isaac_ros_ws/build/isaac_ros_tensor_list_interfaces': AMENT_PREFIX_PATH=/home/sophie/visionaid/isaac_ros_ws/install/isaac_ros_common:${AMENT_PREFIX_PATH} CMAKE_PREFIX_PATH=/home/sophie/visionaid/isaac_ros_ws/install/isaac_ros_common:/opt/ros/humble LD_LIBRARY_PATH=/home/sophie/visionaid/isaac_ros_ws/install/isaac_ros_common/lib:${LD_LIBRARY_PATH} PATH=/home/sophie/visionaid/isaac_ros_ws/install/isaac_ros_common/bin:${PATH} PYTHONPATH=/home/sophie/visionaid/isaac_ros_ws/install/isaac_ros_common/local/lib/python3.10/dist-packages:${PYTHONPATH} /usr/bin/cmake --install /home/sophie/visionaid/isaac_ros_ws/build/isaac_ros_tensor_list_interfaces
[3.085s] -- Install configuration: "Release"
[3.086s] -- Execute custom install script
[3.086s] -- Symlinking: /home/sophie/visionaid/isaac_ros_ws/install/isaac_ros_tensor_list_interfaces/share/ament_index/resource_index/rosidl_interfaces/isaac_ros_tensor_list_interfaces
[3.092s] -- Symlinking: /home/sophie/visionaid/isaac_ros_ws/install/isaac_ros_tensor_list_interfaces/include/isaac_ros_tensor_list_interfaces/isaac_ros_tensor_list_interfaces/msg/detail/tensor__functions.h
[3.096s] -- Symlinking: /home/sophie/visionaid/isaac_ros_ws/install/isaac_ros_tensor_list_interfaces/include/isaac_ros_tensor_list_interfaces/isaac_ros_tensor_list_interfaces/msg/detail/tensor__struct.h
[3.101s] -- Symlinking: /home/sophie/visionaid/isaac_ros_ws/install/isaac_ros_tensor_list_interfaces/include/isaac_ros_tensor_list_interfaces/isaac_ros_tensor_list_interfaces/msg/detail/tensor__type_support.h
[3.108s] -- Symlinking: /home/sophie/visionaid/isaac_ros_ws/install/isaac_ros_tensor_list_interfaces/include/isaac_ros_tensor_list_interfaces/isaac_ros_tensor_list_interfaces/msg/detail/tensor_list__functions.h
[3.114s] -- Symlinking: /home/sophie/visionaid/isaac_ros_ws/install/isaac_ros_tensor_list_interfaces/include/isaac_ros_tensor_list_interfaces/isaac_ros_tensor_list_interfaces/msg/detail/tensor_list__struct.h
[3.118s] -- Symlinking: /home/sophie/visionaid/isaac_ros_ws/install/isaac_ros_tensor_list_interfaces/include/isaac_ros_tensor_list_interfaces/isaac_ros_tensor_list_interfaces/msg/detail/tensor_list__type_support.h
[3.123s] -- Symlinking: /home/sophie/visionaid/isaac_ros_ws/install/isaac_ros_tensor_list_interfaces/include/isaac_ros_tensor_list_interfaces/isaac_ros_tensor_list_interfaces/msg/detail/tensor_shape__functions.h
[3.129s] -- Symlinking: /home/sophie/visionaid/isaac_ros_ws/install/isaac_ros_tensor_list_interfaces/include/isaac_ros_tensor_list_interfaces/isaac_ros_tensor_list_interfaces/msg/detail/tensor_shape__struct.h
[3.134s] -- Symlinking: /home/sophie/visionaid/isaac_ros_ws/install/isaac_ros_tensor_list_interfaces/include/isaac_ros_tensor_list_interfaces/isaac_ros_tensor_list_interfaces/msg/detail/tensor_shape__type_support.h
[3.139s] -- Symlinking: /home/sophie/visionaid/isaac_ros_ws/install/isaac_ros_tensor_list_interfaces/include/isaac_ros_tensor_list_interfaces/isaac_ros_tensor_list_interfaces/msg/rosidl_generator_c__visibility_control.h
[3.144s] -- Symlinking: /home/sophie/visionaid/isaac_ros_ws/install/isaac_ros_tensor_list_interfaces/include/isaac_ros_tensor_list_interfaces/isaac_ros_tensor_list_interfaces/msg/tensor.h
[3.148s] -- Symlinking: /home/sophie/visionaid/isaac_ros_ws/install/isaac_ros_tensor_list_interfaces/include/isaac_ros_tensor_list_interfaces/isaac_ros_tensor_list_interfaces/msg/tensor_list.h
[3.152s] -- Symlinking: /home/sophie/visionaid/isaac_ros_ws/install/isaac_ros_tensor_list_interfaces/include/isaac_ros_tensor_list_interfaces/isaac_ros_tensor_list_interfaces/msg/tensor_shape.h
[3.158s] -- Symlinking: /home/sophie/visionaid/isaac_ros_ws/install/isaac_ros_tensor_list_interfaces/share/isaac_ros_tensor_list_interfaces/environment/library_path.sh
[3.163s] -- Symlinking: /home/sophie/visionaid/isaac_ros_ws/install/isaac_ros_tensor_list_interfaces/share/isaac_ros_tensor_list_interfaces/environment/library_path.dsv
[3.168s] -- Symlinking: /home/sophie/visionaid/isaac_ros_ws/install/isaac_ros_tensor_list_interfaces/include/isaac_ros_tensor_list_interfaces/isaac_ros_tensor_list_interfaces/msg/detail/tensor__rosidl_typesupport_fastrtps_c.h
[3.172s] -- Symlinking: /home/sophie/visionaid/isaac_ros_ws/install/isaac_ros_tensor_list_interfaces/include/isaac_ros_tensor_list_interfaces/isaac_ros_tensor_list_interfaces/msg/detail/tensor_list__rosidl_typesupport_fastrtps_c.h
[3.179s] -- Symlinking: /home/sophie/visionaid/isaac_ros_ws/install/isaac_ros_tensor_list_interfaces/include/isaac_ros_tensor_list_interfaces/isaac_ros_tensor_list_interfaces/msg/detail/tensor_shape__rosidl_typesupport_fastrtps_c.h
[3.185s] -- Symlinking: /home/sophie/visionaid/isaac_ros_ws/install/isaac_ros_tensor_list_interfaces/include/isaac_ros_tensor_list_interfaces/isaac_ros_tensor_list_interfaces/msg/rosidl_typesupport_fastrtps_c__visibility_control.h
[3.190s] -- Symlinking: /home/sophie/visionaid/isaac_ros_ws/install/isaac_ros_tensor_list_interfaces/include/isaac_ros_tensor_list_interfaces/isaac_ros_tensor_list_interfaces/msg/detail/tensor__rosidl_typesupport_introspection_c.h
[3.196s] -- Symlinking: /home/sophie/visionaid/isaac_ros_ws/install/isaac_ros_tensor_list_interfaces/include/isaac_ros_tensor_list_interfaces/isaac_ros_tensor_list_interfaces/msg/detail/tensor_list__rosidl_typesupport_introspection_c.h
[3.204s] -- Symlinking: /home/sophie/visionaid/isaac_ros_ws/install/isaac_ros_tensor_list_interfaces/include/isaac_ros_tensor_list_interfaces/isaac_ros_tensor_list_interfaces/msg/detail/tensor_shape__rosidl_typesupport_introspection_c.h
[3.211s] -- Symlinking: /home/sophie/visionaid/isaac_ros_ws/install/isaac_ros_tensor_list_interfaces/include/isaac_ros_tensor_list_interfaces/isaac_ros_tensor_list_interfaces/msg/rosidl_typesupport_introspection_c__visibility_control.h
[3.218s] -- Symlinking: /home/sophie/visionaid/isaac_ros_ws/install/isaac_ros_tensor_list_interfaces/include/isaac_ros_tensor_list_interfaces/isaac_ros_tensor_list_interfaces/msg/detail/tensor__builder.hpp
[3.225s] -- Symlinking: /home/sophie/visionaid/isaac_ros_ws/install/isaac_ros_tensor_list_interfaces/include/isaac_ros_tensor_list_interfaces/isaac_ros_tensor_list_interfaces/msg/detail/tensor__struct.hpp
[3.232s] -- Symlinking: /home/sophie/visionaid/isaac_ros_ws/install/isaac_ros_tensor_list_interfaces/include/isaac_ros_tensor_list_interfaces/isaac_ros_tensor_list_interfaces/msg/detail/tensor__traits.hpp
[3.238s] -- Symlinking: /home/sophie/visionaid/isaac_ros_ws/install/isaac_ros_tensor_list_interfaces/include/isaac_ros_tensor_list_interfaces/isaac_ros_tensor_list_interfaces/msg/detail/tensor__type_support.hpp
[3.243s] -- Symlinking: /home/sophie/visionaid/isaac_ros_ws/install/isaac_ros_tensor_list_interfaces/include/isaac_ros_tensor_list_interfaces/isaac_ros_tensor_list_interfaces/msg/detail/tensor_list__builder.hpp
[3.249s] -- Symlinking: /home/sophie/visionaid/isaac_ros_ws/install/isaac_ros_tensor_list_interfaces/include/isaac_ros_tensor_list_interfaces/isaac_ros_tensor_list_interfaces/msg/detail/tensor_list__struct.hpp
[3.255s] -- Symlinking: /home/sophie/visionaid/isaac_ros_ws/install/isaac_ros_tensor_list_interfaces/include/isaac_ros_tensor_list_interfaces/isaac_ros_tensor_list_interfaces/msg/detail/tensor_list__traits.hpp
[3.260s] -- Symlinking: /home/sophie/visionaid/isaac_ros_ws/install/isaac_ros_tensor_list_interfaces/include/isaac_ros_tensor_list_interfaces/isaac_ros_tensor_list_interfaces/msg/detail/tensor_list__type_support.hpp
[3.265s] -- Symlinking: /home/sophie/visionaid/isaac_ros_ws/install/isaac_ros_tensor_list_interfaces/include/isaac_ros_tensor_list_interfaces/isaac_ros_tensor_list_interfaces/msg/detail/tensor_shape__builder.hpp
[3.272s] -- Symlinking: /home/sophie/visionaid/isaac_ros_ws/install/isaac_ros_tensor_list_interfaces/include/isaac_ros_tensor_list_interfaces/isaac_ros_tensor_list_interfaces/msg/detail/tensor_shape__struct.hpp
[3.278s] -- Symlinking: /home/sophie/visionaid/isaac_ros_ws/install/isaac_ros_tensor_list_interfaces/include/isaac_ros_tensor_list_interfaces/isaac_ros_tensor_list_interfaces/msg/detail/tensor_shape__traits.hpp
[3.284s] -- Symlinking: /home/sophie/visionaid/isaac_ros_ws/install/isaac_ros_tensor_list_interfaces/include/isaac_ros_tensor_list_interfaces/isaac_ros_tensor_list_interfaces/msg/detail/tensor_shape__type_support.hpp
[3.290s] -- Symlinking: /home/sophie/visionaid/isaac_ros_ws/install/isaac_ros_tensor_list_interfaces/include/isaac_ros_tensor_list_interfaces/isaac_ros_tensor_list_interfaces/msg/rosidl_generator_cpp__visibility_control.hpp
[3.296s] -- Symlinking: /home/sophie/visionaid/isaac_ros_ws/install/isaac_ros_tensor_list_interfaces/include/isaac_ros_tensor_list_interfaces/isaac_ros_tensor_list_interfaces/msg/tensor.hpp
[3.301s] -- Symlinking: /home/sophie/visionaid/isaac_ros_ws/install/isaac_ros_tensor_list_interfaces/include/isaac_ros_tensor_list_interfaces/isaac_ros_tensor_list_interfaces/msg/tensor_list.hpp
[3.307s] -- Symlinking: /home/sophie/visionaid/isaac_ros_ws/install/isaac_ros_tensor_list_interfaces/include/isaac_ros_tensor_list_interfaces/isaac_ros_tensor_list_interfaces/msg/tensor_shape.hpp
[3.313s] -- Symlinking: /home/sophie/visionaid/isaac_ros_ws/install/isaac_ros_tensor_list_interfaces/include/isaac_ros_tensor_list_interfaces/isaac_ros_tensor_list_interfaces/msg/detail/tensor__rosidl_typesupport_fastrtps_cpp.hpp
[3.319s] -- Symlinking: /home/sophie/visionaid/isaac_ros_ws/install/isaac_ros_tensor_list_interfaces/include/isaac_ros_tensor_list_interfaces/isaac_ros_tensor_list_interfaces/msg/detail/tensor_list__rosidl_typesupport_fastrtps_cpp.hpp
[3.324s] -- Symlinking: /home/sophie/visionaid/isaac_ros_ws/install/isaac_ros_tensor_list_interfaces/include/isaac_ros_tensor_list_interfaces/isaac_ros_tensor_list_interfaces/msg/detail/tensor_shape__rosidl_typesupport_fastrtps_cpp.hpp
[3.330s] -- Symlinking: /home/sophie/visionaid/isaac_ros_ws/install/isaac_ros_tensor_list_interfaces/include/isaac_ros_tensor_list_interfaces/isaac_ros_tensor_list_interfaces/msg/rosidl_typesupport_fastrtps_cpp__visibility_control.h
[3.336s] -- Symlinking: /home/sophie/visionaid/isaac_ros_ws/install/isaac_ros_tensor_list_interfaces/include/isaac_ros_tensor_list_interfaces/isaac_ros_tensor_list_interfaces/msg/detail/tensor__rosidl_typesupport_introspection_cpp.hpp
[3.343s] -- Symlinking: /home/sophie/visionaid/isaac_ros_ws/install/isaac_ros_tensor_list_interfaces/include/isaac_ros_tensor_list_interfaces/isaac_ros_tensor_list_interfaces/msg/detail/tensor_list__rosidl_typesupport_introspection_cpp.hpp
[3.349s] -- Symlinking: /home/sophie/visionaid/isaac_ros_ws/install/isaac_ros_tensor_list_interfaces/include/isaac_ros_tensor_list_interfaces/isaac_ros_tensor_list_interfaces/msg/detail/tensor_shape__rosidl_typesupport_introspection_cpp.hpp
[3.355s] -- Symlinking: /home/sophie/visionaid/isaac_ros_ws/install/isaac_ros_tensor_list_interfaces/share/isaac_ros_tensor_list_interfaces/environment/pythonpath.sh
[3.362s] -- Symlinking: /home/sophie/visionaid/isaac_ros_ws/install/isaac_ros_tensor_list_interfaces/share/isaac_ros_tensor_list_interfaces/environment/pythonpath.dsv
[3.368s] -- Symlinking: /home/sophie/visionaid/isaac_ros_ws/install/isaac_ros_tensor_list_interfaces/local/lib/python3.10/dist-packages/isaac_ros_tensor_list_interfaces-3.2.5-py3.10.egg-info/PKG-INFO
[3.373s] -- Symlinking: /home/sophie/visionaid/isaac_ros_ws/install/isaac_ros_tensor_list_interfaces/local/lib/python3.10/dist-packages/isaac_ros_tensor_list_interfaces-3.2.5-py3.10.egg-info/SOURCES.txt
[3.380s] -- Symlinking: /home/sophie/visionaid/isaac_ros_ws/install/isaac_ros_tensor_list_interfaces/local/lib/python3.10/dist-packages/isaac_ros_tensor_list_interfaces-3.2.5-py3.10.egg-info/dependency_links.txt
[3.386s] -- Symlinking: /home/sophie/visionaid/isaac_ros_ws/install/isaac_ros_tensor_list_interfaces/local/lib/python3.10/dist-packages/isaac_ros_tensor_list_interfaces-3.2.5-py3.10.egg-info/top_level.txt
[3.392s] -- Symlinking: /home/sophie/visionaid/isaac_ros_ws/install/isaac_ros_tensor_list_interfaces/local/lib/python3.10/dist-packages/isaac_ros_tensor_list_interfaces/__init__.py
[3.399s] -- Symlinking: /home/sophie/visionaid/isaac_ros_ws/install/isaac_ros_tensor_list_interfaces/local/lib/python3.10/dist-packages/isaac_ros_tensor_list_interfaces/_isaac_ros_tensor_list_interfaces_s.ep.rosidl_typesupport_c.c
[3.406s] -- Symlinking: /home/sophie/visionaid/isaac_ros_ws/install/isaac_ros_tensor_list_interfaces/local/lib/python3.10/dist-packages/isaac_ros_tensor_list_interfaces/_isaac_ros_tensor_list_interfaces_s.ep.rosidl_typesupport_fastrtps_c.c
[3.411s] -- Symlinking: /home/sophie/visionaid/isaac_ros_ws/install/isaac_ros_tensor_list_interfaces/local/lib/python3.10/dist-packages/isaac_ros_tensor_list_interfaces/_isaac_ros_tensor_list_interfaces_s.ep.rosidl_typesupport_introspection_c.c
[3.419s] -- Symlinking: /home/sophie/visionaid/isaac_ros_ws/install/isaac_ros_tensor_list_interfaces/local/lib/python3.10/dist-packages/isaac_ros_tensor_list_interfaces/isaac_ros_tensor_list_interfaces_s__rosidl_typesupport_c.cpython-310-x86_64-linux-gnu.so
[3.426s] -- Symlinking: /home/sophie/visionaid/isaac_ros_ws/install/isaac_ros_tensor_list_interfaces/local/lib/python3.10/dist-packages/isaac_ros_tensor_list_interfaces/isaac_ros_tensor_list_interfaces_s__rosidl_typesupport_fastrtps_c.cpython-310-x86_64-linux-gnu.so
[3.432s] -- Symlinking: /home/sophie/visionaid/isaac_ros_ws/install/isaac_ros_tensor_list_interfaces/local/lib/python3.10/dist-packages/isaac_ros_tensor_list_interfaces/isaac_ros_tensor_list_interfaces_s__rosidl_typesupport_introspection_c.cpython-310-x86_64-linux-gnu.so
[3.439s] -- Symlinking: /home/sophie/visionaid/isaac_ros_ws/install/isaac_ros_tensor_list_interfaces/local/lib/python3.10/dist-packages/isaac_ros_tensor_list_interfaces/libisaac_ros_tensor_list_interfaces__rosidl_generator_py.so
[3.445s] -- Symlinking: /home/sophie/visionaid/isaac_ros_ws/install/isaac_ros_tensor_list_interfaces/local/lib/python3.10/dist-packages/isaac_ros_tensor_list_interfaces/msg/__init__.py
[3.451s] -- Symlinking: /home/sophie/visionaid/isaac_ros_ws/install/isaac_ros_tensor_list_interfaces/local/lib/python3.10/dist-packages/isaac_ros_tensor_list_interfaces/msg/_tensor.py
[3.458s] -- Symlinking: /home/sophie/visionaid/isaac_ros_ws/install/isaac_ros_tensor_list_interfaces/local/lib/python3.10/dist-packages/isaac_ros_tensor_list_interfaces/msg/_tensor_list.py
[3.465s] -- Symlinking: /home/sophie/visionaid/isaac_ros_ws/install/isaac_ros_tensor_list_interfaces/local/lib/python3.10/dist-packages/isaac_ros_tensor_list_interfaces/msg/_tensor_list_s.c
[3.470s] -- Symlinking: /home/sophie/visionaid/isaac_ros_ws/install/isaac_ros_tensor_list_interfaces/local/lib/python3.10/dist-packages/isaac_ros_tensor_list_interfaces/msg/_tensor_s.c
[3.478s] -- Symlinking: /home/sophie/visionaid/isaac_ros_ws/install/isaac_ros_tensor_list_interfaces/local/lib/python3.10/dist-packages/isaac_ros_tensor_list_interfaces/msg/_tensor_shape.py
[3.484s] -- Symlinking: /home/sophie/visionaid/isaac_ros_ws/install/isaac_ros_tensor_list_interfaces/local/lib/python3.10/dist-packages/isaac_ros_tensor_list_interfaces/msg/_tensor_shape_s.c
[3.489s] -- Up-to-date symlink: /home/sophie/visionaid/isaac_ros_ws/install/isaac_ros_tensor_list_interfaces/local/lib/python3.10/dist-packages/isaac_ros_tensor_list_interfaces/isaac_ros_tensor_list_interfaces_s__rosidl_typesupport_fastrtps_c.cpython-310-x86_64-linux-gnu.so
[3.490s] -- Up-to-date symlink: /home/sophie/visionaid/isaac_ros_ws/install/isaac_ros_tensor_list_interfaces/local/lib/python3.10/dist-packages/isaac_ros_tensor_list_interfaces/isaac_ros_tensor_list_interfaces_s__rosidl_typesupport_introspection_c.cpython-310-x86_64-linux-gnu.so
[3.490s] -- Up-to-date symlink: /home/sophie/visionaid/isaac_ros_ws/install/isaac_ros_tensor_list_interfaces/local/lib/python3.10/dist-packages/isaac_ros_tensor_list_interfaces/isaac_ros_tensor_list_interfaces_s__rosidl_typesupport_c.cpython-310-x86_64-linux-gnu.so
[3.490s] -- Symlinking: /home/sophie/visionaid/isaac_ros_ws/install/isaac_ros_tensor_list_interfaces/share/isaac_ros_tensor_list_interfaces/msg/TensorShape.idl
[3.496s] -- Symlinking: /home/sophie/visionaid/isaac_ros_ws/install/isaac_ros_tensor_list_interfaces/share/isaac_ros_tensor_list_interfaces/msg/Tensor.idl
[3.503s] -- Symlinking: /home/sophie/visionaid/isaac_ros_ws/install/isaac_ros_tensor_list_interfaces/share/isaac_ros_tensor_list_interfaces/msg/TensorList.idl
[3.508s] -- Symlinking: /home/sophie/visionaid/isaac_ros_ws/install/isaac_ros_tensor_list_interfaces/share/isaac_ros_tensor_list_interfaces/msg/TensorShape.msg
[3.513s] -- Symlinking: /home/sophie/visionaid/isaac_ros_ws/install/isaac_ros_tensor_list_interfaces/share/isaac_ros_tensor_list_interfaces/msg/Tensor.msg
[3.520s] -- Symlinking: /home/sophie/visionaid/isaac_ros_ws/install/isaac_ros_tensor_list_interfaces/share/isaac_ros_tensor_list_interfaces/msg/TensorList.msg
[3.525s] -- Symlinking: /home/sophie/visionaid/isaac_ros_ws/install/isaac_ros_tensor_list_interfaces/share/isaac_ros_tensor_list_interfaces/version_info.yaml
[3.530s] -- Symlinking: /home/sophie/visionaid/isaac_ros_ws/install/isaac_ros_tensor_list_interfaces/share/ament_index/resource_index/package_run_dependencies/isaac_ros_tensor_list_interfaces
[3.537s] -- Symlinking: /home/sophie/visionaid/isaac_ros_ws/install/isaac_ros_tensor_list_interfaces/share/ament_index/resource_index/parent_prefix_path/isaac_ros_tensor_list_interfaces
[3.542s] -- Symlinking: /home/sophie/visionaid/isaac_ros_ws/install/isaac_ros_tensor_list_interfaces/share/isaac_ros_tensor_list_interfaces/environment/ament_prefix_path.sh
[3.547s] -- Symlinking: /home/sophie/visionaid/isaac_ros_ws/install/isaac_ros_tensor_list_interfaces/share/isaac_ros_tensor_list_interfaces/environment/ament_prefix_path.dsv
[3.551s] -- Symlinking: /home/sophie/visionaid/isaac_ros_ws/install/isaac_ros_tensor_list_interfaces/share/isaac_ros_tensor_list_interfaces/environment/path.sh
[3.556s] -- Symlinking: /home/sophie/visionaid/isaac_ros_ws/install/isaac_ros_tensor_list_interfaces/share/isaac_ros_tensor_list_interfaces/environment/path.dsv
[3.560s] -- Symlinking: /home/sophie/visionaid/isaac_ros_ws/install/isaac_ros_tensor_list_interfaces/share/isaac_ros_tensor_list_interfaces/local_setup.bash
[3.565s] -- Symlinking: /home/sophie/visionaid/isaac_ros_ws/install/isaac_ros_tensor_list_interfaces/share/isaac_ros_tensor_list_interfaces/local_setup.sh
[3.570s] -- Symlinking: /home/sophie/visionaid/isaac_ros_ws/install/isaac_ros_tensor_list_interfaces/share/isaac_ros_tensor_list_interfaces/local_setup.zsh
[3.575s] -- Symlinking: /home/sophie/visionaid/isaac_ros_ws/install/isaac_ros_tensor_list_interfaces/share/isaac_ros_tensor_list_interfaces/local_setup.dsv
[3.582s] -- Symlinking: /home/sophie/visionaid/isaac_ros_ws/install/isaac_ros_tensor_list_interfaces/share/isaac_ros_tensor_list_interfaces/package.dsv
[3.587s] -- Symlinking: /home/sophie/visionaid/isaac_ros_ws/install/isaac_ros_tensor_list_interfaces/share/ament_index/resource_index/packages/isaac_ros_tensor_list_interfaces
[3.593s] -- Symlinking: /home/sophie/visionaid/isaac_ros_ws/install/isaac_ros_tensor_list_interfaces/share/isaac_ros_tensor_list_interfaces/cmake/rosidl_cmake-extras.cmake
[3.598s] -- Symlinking: /home/sophie/visionaid/isaac_ros_ws/install/isaac_ros_tensor_list_interfaces/share/isaac_ros_tensor_list_interfaces/cmake/ament_cmake_export_dependencies-extras.cmake
[3.605s] -- Symlinking: /home/sophie/visionaid/isaac_ros_ws/install/isaac_ros_tensor_list_interfaces/share/isaac_ros_tensor_list_interfaces/cmake/ament_cmake_export_include_directories-extras.cmake
[3.610s] -- Symlinking: /home/sophie/visionaid/isaac_ros_ws/install/isaac_ros_tensor_list_interfaces/share/isaac_ros_tensor_list_interfaces/cmake/ament_cmake_export_libraries-extras.cmake
[3.614s] -- Symlinking: /home/sophie/visionaid/isaac_ros_ws/install/isaac_ros_tensor_list_interfaces/share/isaac_ros_tensor_list_interfaces/cmake/ament_cmake_export_targets-extras.cmake
[3.621s] -- Symlinking: /home/sophie/visionaid/isaac_ros_ws/install/isaac_ros_tensor_list_interfaces/share/isaac_ros_tensor_list_interfaces/cmake/rosidl_cmake_export_typesupport_targets-extras.cmake
[3.626s] -- Symlinking: /home/sophie/visionaid/isaac_ros_ws/install/isaac_ros_tensor_list_interfaces/share/isaac_ros_tensor_list_interfaces/cmake/rosidl_cmake_export_typesupport_libraries-extras.cmake
[3.630s] -- Symlinking: /home/sophie/visionaid/isaac_ros_ws/install/isaac_ros_tensor_list_interfaces/share/isaac_ros_tensor_list_interfaces/cmake/isaac_ros_tensor_list_interfacesConfig.cmake
[3.636s] -- Symlinking: /home/sophie/visionaid/isaac_ros_ws/install/isaac_ros_tensor_list_interfaces/share/isaac_ros_tensor_list_interfaces/cmake/isaac_ros_tensor_list_interfacesConfig-version.cmake
[3.642s] -- Symlinking: /home/sophie/visionaid/isaac_ros_ws/install/isaac_ros_tensor_list_interfaces/share/isaac_ros_tensor_list_interfaces/package.xml
[3.647s] -- Installing: /home/sophie/visionaid/isaac_ros_ws/install/isaac_ros_tensor_list_interfaces/lib/libisaac_ros_tensor_list_interfaces__rosidl_generator_c.so
[3.647s] -- Set runtime path of "/home/sophie/visionaid/isaac_ros_ws/install/isaac_ros_tensor_list_interfaces/lib/libisaac_ros_tensor_list_interfaces__rosidl_generator_c.so" to ""
[3.647s] -- Installing: /home/sophie/visionaid/isaac_ros_ws/install/isaac_ros_tensor_list_interfaces/lib/libisaac_ros_tensor_list_interfaces__rosidl_typesupport_fastrtps_c.so
[3.647s] -- Set runtime path of "/home/sophie/visionaid/isaac_ros_ws/install/isaac_ros_tensor_list_interfaces/lib/libisaac_ros_tensor_list_interfaces__rosidl_typesupport_fastrtps_c.so" to ""
[3.647s] -- Installing: /home/sophie/visionaid/isaac_ros_ws/install/isaac_ros_tensor_list_interfaces/lib/libisaac_ros_tensor_list_interfaces__rosidl_typesupport_introspection_c.so
[3.647s] -- Set runtime path of "/home/sophie/visionaid/isaac_ros_ws/install/isaac_ros_tensor_list_interfaces/lib/libisaac_ros_tensor_list_interfaces__rosidl_typesupport_introspection_c.so" to ""
[3.647s] -- Installing: /home/sophie/visionaid/isaac_ros_ws/install/isaac_ros_tensor_list_interfaces/lib/libisaac_ros_tensor_list_interfaces__rosidl_typesupport_c.so
[3.647s] -- Set runtime path of "/home/sophie/visionaid/isaac_ros_ws/install/isaac_ros_tensor_list_interfaces/lib/libisaac_ros_tensor_list_interfaces__rosidl_typesupport_c.so" to ""
[3.648s] -- Installing: /home/sophie/visionaid/isaac_ros_ws/install/isaac_ros_tensor_list_interfaces/lib/libisaac_ros_tensor_list_interfaces__rosidl_typesupport_fastrtps_cpp.so
[3.648s] -- Set runtime path of "/home/sophie/visionaid/isaac_ros_ws/install/isaac_ros_tensor_list_interfaces/lib/libisaac_ros_tensor_list_interfaces__rosidl_typesupport_fastrtps_cpp.so" to ""
[3.648s] -- Installing: /home/sophie/visionaid/isaac_ros_ws/install/isaac_ros_tensor_list_interfaces/lib/libisaac_ros_tensor_list_interfaces__rosidl_typesupport_introspection_cpp.so
[3.648s] -- Set runtime path of "/home/sophie/visionaid/isaac_ros_ws/install/isaac_ros_tensor_list_interfaces/lib/libisaac_ros_tensor_list_interfaces__rosidl_typesupport_introspection_cpp.so" to ""
[3.648s] -- Installing: /home/sophie/visionaid/isaac_ros_ws/install/isaac_ros_tensor_list_interfaces/lib/libisaac_ros_tensor_list_interfaces__rosidl_typesupport_cpp.so
[3.648s] -- Set runtime path of "/home/sophie/visionaid/isaac_ros_ws/install/isaac_ros_tensor_list_interfaces/lib/libisaac_ros_tensor_list_interfaces__rosidl_typesupport_cpp.so" to ""
[3.668s] Listing '/home/sophie/visionaid/isaac_ros_ws/install/isaac_ros_tensor_list_interfaces/local/lib/python3.10/dist-packages/isaac_ros_tensor_list_interfaces'...
[3.668s] Compiling '/home/sophie/visionaid/isaac_ros_ws/install/isaac_ros_tensor_list_interfaces/local/lib/python3.10/dist-packages/isaac_ros_tensor_list_interfaces/__init__.py'...
[3.668s] Listing '/home/sophie/visionaid/isaac_ros_ws/install/isaac_ros_tensor_list_interfaces/local/lib/python3.10/dist-packages/isaac_ros_tensor_list_interfaces/msg'...
[3.668s] Compiling '/home/sophie/visionaid/isaac_ros_ws/install/isaac_ros_tensor_list_interfaces/local/lib/python3.10/dist-packages/isaac_ros_tensor_list_interfaces/msg/__init__.py'...
[3.668s] Compiling '/home/sophie/visionaid/isaac_ros_ws/install/isaac_ros_tensor_list_interfaces/local/lib/python3.10/dist-packages/isaac_ros_tensor_list_interfaces/msg/_tensor.py'...
[3.668s] Compiling '/home/sophie/visionaid/isaac_ros_ws/install/isaac_ros_tensor_list_interfaces/local/lib/python3.10/dist-packages/isaac_ros_tensor_list_interfaces/msg/_tensor_list.py'...
[3.668s] Compiling '/home/sophie/visionaid/isaac_ros_ws/install/isaac_ros_tensor_list_interfaces/local/lib/python3.10/dist-packages/isaac_ros_tensor_list_interfaces/msg/_tensor_shape.py'...
[3.670s] -- Installing: /home/sophie/visionaid/isaac_ros_ws/install/isaac_ros_tensor_list_interfaces/lib/libisaac_ros_tensor_list_interfaces__rosidl_generator_py.so
[3.670s] -- Set runtime path of "/home/sophie/visionaid/isaac_ros_ws/install/isaac_ros_tensor_list_interfaces/lib/libisaac_ros_tensor_list_interfaces__rosidl_generator_py.so" to ""
[3.670s] -- Installing: /home/sophie/visionaid/isaac_ros_ws/install/isaac_ros_tensor_list_interfaces/share/isaac_ros_tensor_list_interfaces/cmake/export_isaac_ros_tensor_list_interfaces__rosidl_generator_cExport.cmake
[3.670s] -- Installing: /home/sophie/visionaid/isaac_ros_ws/install/isaac_ros_tensor_list_interfaces/share/isaac_ros_tensor_list_interfaces/cmake/export_isaac_ros_tensor_list_interfaces__rosidl_generator_cExport-release.cmake
[3.670s] -- Installing: /home/sophie/visionaid/isaac_ros_ws/install/isaac_ros_tensor_list_interfaces/share/isaac_ros_tensor_list_interfaces/cmake/export_isaac_ros_tensor_list_interfaces__rosidl_typesupport_fastrtps_cExport.cmake
[3.671s] -- Installing: /home/sophie/visionaid/isaac_ros_ws/install/isaac_ros_tensor_list_interfaces/share/isaac_ros_tensor_list_interfaces/cmake/export_isaac_ros_tensor_list_interfaces__rosidl_typesupport_fastrtps_cExport-release.cmake
[3.671s] -- Installing: /home/sophie/visionaid/isaac_ros_ws/install/isaac_ros_tensor_list_interfaces/share/isaac_ros_tensor_list_interfaces/cmake/isaac_ros_tensor_list_interfaces__rosidl_typesupport_introspection_cExport.cmake
[3.671s] -- Installing: /home/sophie/visionaid/isaac_ros_ws/install/isaac_ros_tensor_list_interfaces/share/isaac_ros_tensor_list_interfaces/cmake/isaac_ros_tensor_list_interfaces__rosidl_typesupport_introspection_cExport-release.cmake
[3.671s] -- Installing: /home/sophie/visionaid/isaac_ros_ws/install/isaac_ros_tensor_list_interfaces/share/isaac_ros_tensor_list_interfaces/cmake/isaac_ros_tensor_list_interfaces__rosidl_typesupport_cExport.cmake
[3.671s] -- Installing: /home/sophie/visionaid/isaac_ros_ws/install/isaac_ros_tensor_list_interfaces/share/isaac_ros_tensor_list_interfaces/cmake/isaac_ros_tensor_list_interfaces__rosidl_typesupport_cExport-release.cmake
[3.671s] -- Installing: /home/sophie/visionaid/isaac_ros_ws/install/isaac_ros_tensor_list_interfaces/share/isaac_ros_tensor_list_interfaces/cmake/export_isaac_ros_tensor_list_interfaces__rosidl_generator_cppExport.cmake
[3.671s] -- Installing: /home/sophie/visionaid/isaac_ros_ws/install/isaac_ros_tensor_list_interfaces/share/isaac_ros_tensor_list_interfaces/cmake/export_isaac_ros_tensor_list_interfaces__rosidl_typesupport_fastrtps_cppExport.cmake
[3.671s] -- Installing: /home/sophie/visionaid/isaac_ros_ws/install/isaac_ros_tensor_list_interfaces/share/isaac_ros_tensor_list_interfaces/cmake/export_isaac_ros_tensor_list_interfaces__rosidl_typesupport_fastrtps_cppExport-release.cmake
[3.671s] -- Installing: /home/sophie/visionaid/isaac_ros_ws/install/isaac_ros_tensor_list_interfaces/share/isaac_ros_tensor_list_interfaces/cmake/isaac_ros_tensor_list_interfaces__rosidl_typesupport_introspection_cppExport.cmake
[3.671s] -- Installing: /home/sophie/visionaid/isaac_ros_ws/install/isaac_ros_tensor_list_interfaces/share/isaac_ros_tensor_list_interfaces/cmake/isaac_ros_tensor_list_interfaces__rosidl_typesupport_introspection_cppExport-release.cmake
[3.671s] -- Installing: /home/sophie/visionaid/isaac_ros_ws/install/isaac_ros_tensor_list_interfaces/share/isaac_ros_tensor_list_interfaces/cmake/isaac_ros_tensor_list_interfaces__rosidl_typesupport_cppExport.cmake
[3.671s] -- Installing: /home/sophie/visionaid/isaac_ros_ws/install/isaac_ros_tensor_list_interfaces/share/isaac_ros_tensor_list_interfaces/cmake/isaac_ros_tensor_list_interfaces__rosidl_typesupport_cppExport-release.cmake
[3.671s] -- Installing: /home/sophie/visionaid/isaac_ros_ws/install/isaac_ros_tensor_list_interfaces/share/isaac_ros_tensor_list_interfaces/cmake/export_isaac_ros_tensor_list_interfaces__rosidl_generator_pyExport.cmake
[3.671s] -- Installing: /home/sophie/visionaid/isaac_ros_ws/install/isaac_ros_tensor_list_interfaces/share/isaac_ros_tensor_list_interfaces/cmake/export_isaac_ros_tensor_list_interfaces__rosidl_generator_pyExport-release.cmake
[3.674s] Invoked command in '/home/sophie/visionaid/isaac_ros_ws/build/isaac_ros_tensor_list_interfaces' returned '0': AMENT_PREFIX_PATH=/home/sophie/visionaid/isaac_ros_ws/install/isaac_ros_common:${AMENT_PREFIX_PATH} CMAKE_PREFIX_PATH=/home/sophie/visionaid/isaac_ros_ws/install/isaac_ros_common:/opt/ros/humble LD_LIBRARY_PATH=/home/sophie/visionaid/isaac_ros_ws/install/isaac_ros_common/lib:${LD_LIBRARY_PATH} PATH=/home/sophie/visionaid/isaac_ros_ws/install/isaac_ros_common/bin:${PATH} PYTHONPATH=/home/sophie/visionaid/isaac_ros_ws/install/isaac_ros_common/local/lib/python3.10/dist-packages:${PYTHONPATH} /usr/bin/cmake --install /home/sophie/visionaid/isaac_ros_ws/build/isaac_ros_tensor_list_interfaces
