[0.006s] Invoking command in '/home/kanye/Documents/visionaid/isaac_ws/build/isaac_ros_visual_slam_interfaces': CMAKE_PREFIX_PATH=/opt/ros/humble /usr/bin/cmake /home/kanye/Documents/visionaid/isaac_ws/src/isaac_ros_visual_slam/isaac_ros_visual_slam_interfaces -DAMENT_CMAKE_SYMLINK_INSTALL=1 -DCMAKE_INSTALL_PREFIX=/home/kanye/Documents/visionaid/isaac_ws/install/isaac_ros_visual_slam_interfaces
[0.116s] -- The C compiler identification is GNU 11.4.0
[0.206s] -- The CXX compiler identification is GNU 11.4.0
[0.214s] -- Detecting C compiler ABI info
[0.290s] -- Detecting C compiler ABI info - done
[0.299s] -- Check for working C compiler: /usr/bin/cc - skipped
[0.299s] -- Detecting C compile features
[0.300s] -- Detecting C compile features - done
[0.303s] -- Detecting CXX compiler ABI info
[0.380s] -- Detecting CXX compiler ABI info - done
[0.386s] -- Check for working CXX compiler: /usr/bin/c++ - skipped
[0.386s] -- Detecting CXX compile features
[0.387s] -- Detecting CXX compile features - done
[0.389s] -- Found ament_cmake_auto: 1.3.11 (/opt/ros/humble/share/ament_cmake_auto/cmake)
[0.517s] -- Found Python3: /usr/bin/python3 (found version "3.10.12") found components: Interpreter 
[0.565s] -- Override CMake install command with custom implementation using symlinks instead of copying resources
[0.629s] -- Using all available rosidl_typesupport_c: rosidl_typesupport_fastrtps_c;rosidl_typesupport_introspection_c
[0.633s] -- Found rosidl_adapter: 3.1.6 (/opt/ros/humble/share/rosidl_adapter/cmake)
[0.665s] -- Using all available rosidl_typesupport_cpp: rosidl_typesupport_fastrtps_cpp;rosidl_typesupport_introspection_cpp
[0.690s] -- Loading isaac_ros_common extras
[0.690s] -- CMAKE_BUILD_TYPE: Release
[0.692s] [31mCMake Error at /usr/share/cmake-3.22/Modules/FindCUDA.cmake:859 (message):
[0.692s]   Specify CUDA_TOOLKIT_ROOT_DIR
[0.692s] Call Stack (most recent call first):
[0.692s]   /opt/ros/humble/share/isaac_ros_common/cmake/isaac_ros_common-extras.cmake:39 (find_package)
[0.692s]   /opt/ros/humble/share/isaac_ros_common/cmake/isaac_ros_commonConfig.cmake:41 (include)
[0.692s]   /opt/ros/humble/share/ament_cmake_auto/cmake/ament_auto_find_build_dependencies.cmake:67 (find_package)
[0.692s]   CMakeLists.txt:31 (ament_auto_find_build_dependencies)
[0.692s] 
[0.692s] [0m
[0.692s] -- Configuring incomplete, errors occurred!
[0.692s] See also "/home/kanye/Documents/visionaid/isaac_ws/build/isaac_ros_visual_slam_interfaces/CMakeFiles/CMakeOutput.log".
[0.696s] Invoked command in '/home/kanye/Documents/visionaid/isaac_ws/build/isaac_ros_visual_slam_interfaces' returned '1': CMAKE_PREFIX_PATH=/opt/ros/humble /usr/bin/cmake /home/kanye/Documents/visionaid/isaac_ws/src/isaac_ros_visual_slam/isaac_ros_visual_slam_interfaces -DAMENT_CMAKE_SYMLINK_INSTALL=1 -DCMAKE_INSTALL_PREFIX=/home/kanye/Documents/visionaid/isaac_ws/install/isaac_ros_visual_slam_interfaces
