-- The C compiler identification is GNU 11.4.0
-- The CXX compiler identification is GNU 11.4.0
-- Detecting C compiler ABI info
-- Detecting C compiler ABI info - done
-- Check for working C compiler: /usr/bin/cc - skipped
-- Detecting C compile features
-- Detecting C compile features - done
-- Detecting CXX compiler ABI info
-- Detecting CXX compiler ABI info - done
-- Check for working CXX compiler: /usr/bin/c++ - skipped
-- Detecting CXX compile features
-- Detecting CXX compile features - done
-- Architecture: x86_64
-- Found Boost: /usr/lib/x86_64-linux-gnu/cmake/Boost-1.74.0/BoostConfig.cmake (found version "1.74.0") found components: thread 
-- Found ament_cmake_auto: 1.3.11 (/opt/ros/humble/share/ament_cmake_auto/cmake)
-- Found Python3: /usr/bin/python3 (found version "3.10.12") found components: Interpreter 
-- Override CMake install command with custom implementation using symlinks instead of copying resources
-- Loading isaac_ros_common extras
-- CMAKE_BUILD_TYPE: Release
-- Found Threads: TRUE  
-- Found CUDA: /usr/local/cuda-12.8 (found version "12.8") 
-- CUDA architectures: 89
-- Loading isaac_ros_common extras (modules)
-- Found rosidl_generator_c: 3.1.6 (/opt/ros/humble/share/rosidl_generator_c/cmake)
-- Found rosidl_adapter: 3.1.6 (/opt/ros/humble/share/rosidl_adapter/cmake)
-- Found rosidl_generator_cpp: 3.1.6 (/opt/ros/humble/share/rosidl_generator_cpp/cmake)
-- Using all available rosidl_typesupport_c: rosidl_typesupport_fastrtps_c;rosidl_typesupport_introspection_c
-- Using all available rosidl_typesupport_cpp: rosidl_typesupport_fastrtps_cpp;rosidl_typesupport_introspection_cpp
-- Found rmw_implementation_cmake: 6.1.2 (/opt/ros/humble/share/rmw_implementation_cmake/cmake)
-- Found rmw_fastrtps_cpp: 6.2.7 (/opt/ros/humble/share/rmw_fastrtps_cpp/cmake)
-- Found OpenSSL: /usr/lib/x86_64-linux-gnu/libcrypto.so (found version "3.0.2")  
-- Found FastRTPS: /opt/ros/humble/include  
-- Using RMW implementation 'rmw_fastrtps_cpp' as default
-- Loading isaac_ros_gxf extras
-- Found eigen3_cmake_module: 0.1.1 (/opt/ros/humble/share/eigen3_cmake_module/cmake)
-- Found Eigen3: TRUE (found version "3.4.0") 
-- Ensuring Eigen3 include directory is part of orocos-kdl CMake target
-- Configuring done
-- Generating done
-- Build files have been written to: /home/sophie/visionaid/isaac_ros_ws/build/isaac_ros_visual_slam
[ 25%] [32mBuilding CXX object CMakeFiles/visual_slam_node.dir/src/impl/cuvslam_ros_conversion.cpp.o[0m
[ 25%] [32mBuilding CXX object CMakeFiles/visual_slam_node.dir/src/visual_slam_node.cpp.o[0m
[ 25%] [32mBuilding CXX object CMakeFiles/visual_slam_node.dir/src/impl/posegraph_vis_helper.cpp.o[0m
[ 33%] [32mBuilding CXX object CMakeFiles/visual_slam_node.dir/src/impl/localizer_vis_helper.cpp.o[0m
[ 41%] [32mBuilding CXX object CMakeFiles/visual_slam_node.dir/src/impl/landmarks_vis_helper.cpp.o[0m
[ 50%] [34m[1mGenerating version information as YAML[0m
[ 58%] [32mBuilding CXX object CMakeFiles/visual_slam_node.dir/src/impl/pose_cache.cpp.o[0m
[ 66%] [32mBuilding CXX object CMakeFiles/visual_slam_node.dir/src/impl/visual_slam_impl.cpp.o[0m
[ 75%] [32mBuilding CXX object CMakeFiles/visual_slam_node.dir/src/impl/viz_helper.cpp.o[0m
[ 75%] Built target generate_version_info_target_isaac_ros_visual_slam
[ 83%] [32m[1mLinking CXX shared library libvisual_slam_node.so[0m
[ 83%] Built target visual_slam_node
[ 91%] [32mBuilding CXX object CMakeFiles/isaac_ros_visual_slam.dir/src/visual_slam_main.cpp.o[0m
[100%] [32m[1mLinking CXX executable isaac_ros_visual_slam[0m
[100%] Built target isaac_ros_visual_slam
-- Install configuration: "Release"
-- Execute custom install script
-- Symlinking: /home/sophie/visionaid/isaac_ros_ws/install/isaac_ros_visual_slam/lib/isaac_ros_visual_slam/cuvslam_api_launcher
-- Symlinking: /home/sophie/visionaid/isaac_ros_ws/install/isaac_ros_visual_slam/lib/libcuvslam.so
-- Symlinking: /home/sophie/visionaid/isaac_ros_ws/install/isaac_ros_visual_slam/share/isaac_ros_visual_slam/version_info.yaml
-- Symlinking: /home/sophie/visionaid/isaac_ros_ws/install/isaac_ros_visual_slam/include/isaac_ros_visual_slam/impl/cuvslam_ros_conversion.hpp
-- Symlinking: /home/sophie/visionaid/isaac_ros_ws/install/isaac_ros_visual_slam/include/isaac_ros_visual_slam/impl/has_subscribers.hpp
-- Symlinking: /home/sophie/visionaid/isaac_ros_ws/install/isaac_ros_visual_slam/include/isaac_ros_visual_slam/impl/landmarks_vis_helper.hpp
-- Symlinking: /home/sophie/visionaid/isaac_ros_ws/install/isaac_ros_visual_slam/include/isaac_ros_visual_slam/impl/limited_vector.hpp
-- Symlinking: /home/sophie/visionaid/isaac_ros_ws/install/isaac_ros_visual_slam/include/isaac_ros_visual_slam/impl/localizer_vis_helper.hpp
-- Symlinking: /home/sophie/visionaid/isaac_ros_ws/install/isaac_ros_visual_slam/include/isaac_ros_visual_slam/impl/message_stream_sequencer.hpp
-- Symlinking: /home/sophie/visionaid/isaac_ros_ws/install/isaac_ros_visual_slam/include/isaac_ros_visual_slam/impl/pose_cache.hpp
-- Symlinking: /home/sophie/visionaid/isaac_ros_ws/install/isaac_ros_visual_slam/include/isaac_ros_visual_slam/impl/posegraph_vis_helper.hpp
-- Symlinking: /home/sophie/visionaid/isaac_ros_ws/install/isaac_ros_visual_slam/include/isaac_ros_visual_slam/impl/stopwatch.hpp
-- Symlinking: /home/sophie/visionaid/isaac_ros_ws/install/isaac_ros_visual_slam/include/isaac_ros_visual_slam/impl/types.hpp
-- Symlinking: /home/sophie/visionaid/isaac_ros_ws/install/isaac_ros_visual_slam/include/isaac_ros_visual_slam/impl/visual_slam_impl.hpp
-- Symlinking: /home/sophie/visionaid/isaac_ros_ws/install/isaac_ros_visual_slam/include/isaac_ros_visual_slam/impl/viz_helper.hpp
-- Symlinking: /home/sophie/visionaid/isaac_ros_ws/install/isaac_ros_visual_slam/include/isaac_ros_visual_slam/visual_slam_node.hpp
-- Symlinking: /home/sophie/visionaid/isaac_ros_ws/install/isaac_ros_visual_slam/share/isaac_ros_visual_slam/environment/library_path.sh
-- Symlinking: /home/sophie/visionaid/isaac_ros_ws/install/isaac_ros_visual_slam/share/isaac_ros_visual_slam/environment/library_path.dsv
-- Symlinking: /home/sophie/visionaid/isaac_ros_ws/install/isaac_ros_visual_slam/lib/libvisual_slam_node.so
-- Symlinking: /home/sophie/visionaid/isaac_ros_ws/install/isaac_ros_visual_slam/lib/isaac_ros_visual_slam/isaac_ros_visual_slam
-- Symlinking: /home/sophie/visionaid/isaac_ros_ws/install/isaac_ros_visual_slam/share/isaac_ros_visual_slam/config/zed.yaml
-- Symlinking: /home/sophie/visionaid/isaac_ros_ws/install/isaac_ros_visual_slam/share/isaac_ros_visual_slam/launch/isaac_ros_visual_slam.launch.py
-- Symlinking: /home/sophie/visionaid/isaac_ros_ws/install/isaac_ros_visual_slam/share/isaac_ros_visual_slam/launch/isaac_ros_visual_slam_core.launch.py
-- Symlinking: /home/sophie/visionaid/isaac_ros_ws/install/isaac_ros_visual_slam/share/isaac_ros_visual_slam/launch/isaac_ros_visual_slam_hawk.launch.py
-- Symlinking: /home/sophie/visionaid/isaac_ros_ws/install/isaac_ros_visual_slam/share/isaac_ros_visual_slam/launch/isaac_ros_visual_slam_isaac_sim.launch.py
-- Symlinking: /home/sophie/visionaid/isaac_ros_ws/install/isaac_ros_visual_slam/share/isaac_ros_visual_slam/launch/isaac_ros_visual_slam_realsense.launch.py
-- Symlinking: /home/sophie/visionaid/isaac_ros_ws/install/isaac_ros_visual_slam/share/isaac_ros_visual_slam/rviz/default.cfg.rviz
-- Symlinking: /home/sophie/visionaid/isaac_ros_ws/install/isaac_ros_visual_slam/share/isaac_ros_visual_slam/rviz/isaac_sim.cfg.rviz
-- Symlinking: /home/sophie/visionaid/isaac_ros_ws/install/isaac_ros_visual_slam/share/isaac_ros_visual_slam/rviz/realsense.cfg.rviz
-- Symlinking: /home/sophie/visionaid/isaac_ros_ws/install/isaac_ros_visual_slam/share/isaac_ros_visual_slam/rviz/vslam_keepall.cfg.rviz
-- Symlinking: /home/sophie/visionaid/isaac_ros_ws/install/isaac_ros_visual_slam/share/isaac_ros_visual_slam/rviz/zed.cfg.rviz
-- Symlinking: /home/sophie/visionaid/isaac_ros_ws/install/isaac_ros_visual_slam/share/ament_index/resource_index/package_run_dependencies/isaac_ros_visual_slam
-- Symlinking: /home/sophie/visionaid/isaac_ros_ws/install/isaac_ros_visual_slam/share/ament_index/resource_index/parent_prefix_path/isaac_ros_visual_slam
-- Symlinking: /home/sophie/visionaid/isaac_ros_ws/install/isaac_ros_visual_slam/share/isaac_ros_visual_slam/environment/ament_prefix_path.sh
-- Symlinking: /home/sophie/visionaid/isaac_ros_ws/install/isaac_ros_visual_slam/share/isaac_ros_visual_slam/environment/ament_prefix_path.dsv
-- Symlinking: /home/sophie/visionaid/isaac_ros_ws/install/isaac_ros_visual_slam/share/isaac_ros_visual_slam/environment/path.sh
-- Symlinking: /home/sophie/visionaid/isaac_ros_ws/install/isaac_ros_visual_slam/share/isaac_ros_visual_slam/environment/path.dsv
-- Symlinking: /home/sophie/visionaid/isaac_ros_ws/install/isaac_ros_visual_slam/share/isaac_ros_visual_slam/local_setup.bash
-- Symlinking: /home/sophie/visionaid/isaac_ros_ws/install/isaac_ros_visual_slam/share/isaac_ros_visual_slam/local_setup.sh
-- Symlinking: /home/sophie/visionaid/isaac_ros_ws/install/isaac_ros_visual_slam/share/isaac_ros_visual_slam/local_setup.zsh
-- Symlinking: /home/sophie/visionaid/isaac_ros_ws/install/isaac_ros_visual_slam/share/isaac_ros_visual_slam/local_setup.dsv
-- Symlinking: /home/sophie/visionaid/isaac_ros_ws/install/isaac_ros_visual_slam/share/isaac_ros_visual_slam/package.dsv
-- Symlinking: /home/sophie/visionaid/isaac_ros_ws/install/isaac_ros_visual_slam/share/ament_index/resource_index/packages/isaac_ros_visual_slam
-- Symlinking: /home/sophie/visionaid/isaac_ros_ws/install/isaac_ros_visual_slam/share/ament_index/resource_index/rclcpp_components/isaac_ros_visual_slam
-- Symlinking: /home/sophie/visionaid/isaac_ros_ws/install/isaac_ros_visual_slam/share/isaac_ros_visual_slam/cmake/ament_cmake_export_dependencies-extras.cmake
-- Symlinking: /home/sophie/visionaid/isaac_ros_ws/install/isaac_ros_visual_slam/share/isaac_ros_visual_slam/cmake/ament_cmake_export_include_directories-extras.cmake
-- Symlinking: /home/sophie/visionaid/isaac_ros_ws/install/isaac_ros_visual_slam/share/isaac_ros_visual_slam/cmake/ament_cmake_export_libraries-extras.cmake
-- Symlinking: /home/sophie/visionaid/isaac_ros_ws/install/isaac_ros_visual_slam/share/isaac_ros_visual_slam/cmake/isaac_ros_visual_slamConfig.cmake
-- Symlinking: /home/sophie/visionaid/isaac_ros_ws/install/isaac_ros_visual_slam/share/isaac_ros_visual_slam/cmake/isaac_ros_visual_slamConfig-version.cmake
-- Symlinking: /home/sophie/visionaid/isaac_ros_ws/install/isaac_ros_visual_slam/share/isaac_ros_visual_slam/package.xml
