[0.015s] Invoking command in '/home/sophie/visionaid/isaac_ros_ws/build/gxf_isaac_utils': AMENT_PREFIX_PATH=/home/sophie/visionaid/isaac_ros_ws/install/gxf_isaac_messages:/home/sophie/visionaid/isaac_ros_ws/install/gxf_isaac_gems:/home/sophie/visionaid/isaac_ros_ws/install/isaac_ros_gxf:/home/sophie/visionaid/isaac_ros_ws/install/isaac_ros_common:${AMENT_PREFIX_PATH} CMAKE_PREFIX_PATH=/home/sophie/visionaid/isaac_ros_ws/install/gxf_isaac_messages:/home/sophie/visionaid/isaac_ros_ws/install/gxf_isaac_gems:/home/sophie/visionaid/isaac_ros_ws/install/isaac_ros_gxf:/home/sophie/visionaid/isaac_ros_ws/install/isaac_ros_common:/opt/ros/humble LD_LIBRARY_PATH=/home/sophie/visionaid/isaac_ros_ws/install/gxf_isaac_messages/lib:/home/sophie/visionaid/isaac_ros_ws/install/gxf_isaac_gems/lib:/home/sophie/visionaid/isaac_ros_ws/install/isaac_ros_gxf/lib:/home/sophie/visionaid/isaac_ros_ws/install/isaac_ros_common/lib:${LD_LIBRARY_PATH} PATH=/home/sophie/visionaid/isaac_ros_ws/install/isaac_ros_common/bin:${PATH} PYTHONPATH=/home/sophie/visionaid/isaac_ros_ws/install/isaac_ros_common/local/lib/python3.10/dist-packages:${PYTHONPATH} /usr/bin/cmake /home/sophie/visionaid/isaac_ros_ws/src/isaac_ros_nitros/isaac_ros_gxf_extensions/gxf_isaac_utils -DCMAKE_BUILD_TYPE=Release -DBUILD_TESTING=OFF -DCMAKE_CUDA_ARCHITECTURES=89 -DAMENT_CMAKE_SYMLINK_INSTALL=1 -DCMAKE_INSTALL_PREFIX=/home/sophie/visionaid/isaac_ros_ws/install/gxf_isaac_utils
[0.058s] -- The C compiler identification is GNU 11.4.0
[0.092s] -- The CXX compiler identification is GNU 11.4.0
[0.709s] -- The CUDA compiler identification is NVIDIA 12.8.61
[0.713s] -- Detecting C compiler ABI info
[0.767s] -- Detecting C compiler ABI info - done
[0.774s] -- Check for working C compiler: /usr/bin/cc - skipped
[0.774s] -- Detecting C compile features
[0.774s] -- Detecting C compile features - done
[0.776s] -- Detecting CXX compiler ABI info
[0.835s] -- Detecting CXX compiler ABI info - done
[0.842s] -- Check for working CXX compiler: /usr/bin/c++ - skipped
[0.842s] -- Detecting CXX compile features
[0.843s] -- Detecting CXX compile features - done
[0.846s] -- Detecting CUDA compiler ABI info
[1.450s] -- Detecting CUDA compiler ABI info - done
[1.471s] -- Check for working CUDA compiler: /usr/local/cuda-12.8/bin/nvcc - skipped
[1.472s] -- Detecting CUDA compile features
[1.472s] -- Detecting CUDA compile features - done
[1.473s] -- Found ament_cmake_auto: 1.3.11 (/opt/ros/humble/share/ament_cmake_auto/cmake)
[1.569s] -- Found Python3: /usr/bin/python3 (found version "3.10.12") found components: Interpreter 
[1.609s] -- Override CMake install command with custom implementation using symlinks instead of copying resources
[1.663s] -- Loading isaac_ros_common extras
[1.663s] -- CMAKE_BUILD_TYPE: Release
[1.678s] -- Looking for pthread.h
[1.735s] -- Looking for pthread.h - found
[1.736s] -- Performing Test CMAKE_HAVE_LIBC_PTHREAD
[1.788s] -- Performing Test CMAKE_HAVE_LIBC_PTHREAD - Success
[1.788s] -- Found Threads: TRUE  
[1.794s] -- Found CUDA: /usr/local/cuda-12.8 (found version "12.8") 
[1.795s] -- CUDA architectures: 89
[1.795s] -- Loading isaac_ros_common extras (modules)
[1.815s] -- Found rosidl_generator_c: 3.1.6 (/opt/ros/humble/share/rosidl_generator_c/cmake)
[1.818s] -- Found rosidl_adapter: 3.1.6 (/opt/ros/humble/share/rosidl_adapter/cmake)
[1.822s] -- Found rosidl_generator_cpp: 3.1.6 (/opt/ros/humble/share/rosidl_generator_cpp/cmake)
[1.829s] -- Using all available rosidl_typesupport_c: rosidl_typesupport_fastrtps_c;rosidl_typesupport_introspection_c
[1.839s] -- Using all available rosidl_typesupport_cpp: rosidl_typesupport_fastrtps_cpp;rosidl_typesupport_introspection_cpp
[1.865s] -- Found rmw_implementation_cmake: 6.1.2 (/opt/ros/humble/share/rmw_implementation_cmake/cmake)
[1.866s] -- Found rmw_fastrtps_cpp: 6.2.7 (/opt/ros/humble/share/rmw_fastrtps_cpp/cmake)
[1.936s] -- Found OpenSSL: /usr/lib/x86_64-linux-gnu/libcrypto.so (found version "3.0.2")  
[1.953s] -- Found FastRTPS: /opt/ros/humble/include  
[1.978s] -- Using RMW implementation 'rmw_fastrtps_cpp' as default
[2.012s] -- Loading isaac_ros_gxf extras
[2.018s] -- Found CUDAToolkit: /usr/local/cuda-12.8/include (found version "12.8.61") 
[2.078s] -- Configuring done
[2.087s] -- Generating done
[2.090s] -- Build files have been written to: /home/sophie/visionaid/isaac_ros_ws/build/gxf_isaac_utils
[2.098s] Invoked command in '/home/sophie/visionaid/isaac_ros_ws/build/gxf_isaac_utils' returned '0': AMENT_PREFIX_PATH=/home/sophie/visionaid/isaac_ros_ws/install/gxf_isaac_messages:/home/sophie/visionaid/isaac_ros_ws/install/gxf_isaac_gems:/home/sophie/visionaid/isaac_ros_ws/install/isaac_ros_gxf:/home/sophie/visionaid/isaac_ros_ws/install/isaac_ros_common:${AMENT_PREFIX_PATH} CMAKE_PREFIX_PATH=/home/sophie/visionaid/isaac_ros_ws/install/gxf_isaac_messages:/home/sophie/visionaid/isaac_ros_ws/install/gxf_isaac_gems:/home/sophie/visionaid/isaac_ros_ws/install/isaac_ros_gxf:/home/sophie/visionaid/isaac_ros_ws/install/isaac_ros_common:/opt/ros/humble LD_LIBRARY_PATH=/home/sophie/visionaid/isaac_ros_ws/install/gxf_isaac_messages/lib:/home/sophie/visionaid/isaac_ros_ws/install/gxf_isaac_gems/lib:/home/sophie/visionaid/isaac_ros_ws/install/isaac_ros_gxf/lib:/home/sophie/visionaid/isaac_ros_ws/install/isaac_ros_common/lib:${LD_LIBRARY_PATH} PATH=/home/sophie/visionaid/isaac_ros_ws/install/isaac_ros_common/bin:${PATH} PYTHONPATH=/home/sophie/visionaid/isaac_ros_ws/install/isaac_ros_common/local/lib/python3.10/dist-packages:${PYTHONPATH} /usr/bin/cmake /home/sophie/visionaid/isaac_ros_ws/src/isaac_ros_nitros/isaac_ros_gxf_extensions/gxf_isaac_utils -DCMAKE_BUILD_TYPE=Release -DBUILD_TESTING=OFF -DCMAKE_CUDA_ARCHITECTURES=89 -DAMENT_CMAKE_SYMLINK_INSTALL=1 -DCMAKE_INSTALL_PREFIX=/home/sophie/visionaid/isaac_ros_ws/install/gxf_isaac_utils
[2.099s] Invoking command in '/home/sophie/visionaid/isaac_ros_ws/build/gxf_isaac_utils': AMENT_PREFIX_PATH=/home/sophie/visionaid/isaac_ros_ws/install/gxf_isaac_messages:/home/sophie/visionaid/isaac_ros_ws/install/gxf_isaac_gems:/home/sophie/visionaid/isaac_ros_ws/install/isaac_ros_gxf:/home/sophie/visionaid/isaac_ros_ws/install/isaac_ros_common:${AMENT_PREFIX_PATH} CMAKE_PREFIX_PATH=/home/sophie/visionaid/isaac_ros_ws/install/gxf_isaac_messages:/home/sophie/visionaid/isaac_ros_ws/install/gxf_isaac_gems:/home/sophie/visionaid/isaac_ros_ws/install/isaac_ros_gxf:/home/sophie/visionaid/isaac_ros_ws/install/isaac_ros_common:/opt/ros/humble LD_LIBRARY_PATH=/home/sophie/visionaid/isaac_ros_ws/install/gxf_isaac_messages/lib:/home/sophie/visionaid/isaac_ros_ws/install/gxf_isaac_gems/lib:/home/sophie/visionaid/isaac_ros_ws/install/isaac_ros_gxf/lib:/home/sophie/visionaid/isaac_ros_ws/install/isaac_ros_common/lib:${LD_LIBRARY_PATH} PATH=/home/sophie/visionaid/isaac_ros_ws/install/isaac_ros_common/bin:${PATH} PYTHONPATH=/home/sophie/visionaid/isaac_ros_ws/install/isaac_ros_common/local/lib/python3.10/dist-packages:${PYTHONPATH} /usr/bin/cmake --build /home/sophie/visionaid/isaac_ros_ws/build/gxf_isaac_utils -- -j22 -l22
[2.137s] [ 14%] [34m[1mGenerating version information as YAML[0m
[2.139s] [ 28%] [32mBuilding CXX object CMakeFiles/gxf_isaac_utils.dir/gxf/extensions/utils/udp_receiver.cpp.o[0m
[2.139s] [ 42%] [32mBuilding CXX object CMakeFiles/gxf_isaac_utils.dir/gxf/extensions/utils/utils.cpp.o[0m
[2.139s] [ 57%] [32mBuilding CXX object CMakeFiles/gxf_isaac_utils.dir/gxf/extensions/utils/disparity_to_depth.cpp.o[0m
[2.140s] [ 71%] [32mBuilding CXX object CMakeFiles/gxf_isaac_utils.dir/gxf/extensions/utils/image_loader.cpp.o[0m
[2.140s] [ 85%] [32mBuilding CUDA object CMakeFiles/gxf_isaac_utils.dir/gxf/extensions/utils/disparity_to_depth.cu.cpp.o[0m
[2.198s] [ 85%] Built target generate_version_info_target_gxf_isaac_utils
[5.014s] [100%] [32m[1mLinking CXX shared library libgxf_isaac_utils.so[0m
[5.138s] [100%] Built target gxf_isaac_utils
[5.146s] Invoked command in '/home/sophie/visionaid/isaac_ros_ws/build/gxf_isaac_utils' returned '0': AMENT_PREFIX_PATH=/home/sophie/visionaid/isaac_ros_ws/install/gxf_isaac_messages:/home/sophie/visionaid/isaac_ros_ws/install/gxf_isaac_gems:/home/sophie/visionaid/isaac_ros_ws/install/isaac_ros_gxf:/home/sophie/visionaid/isaac_ros_ws/install/isaac_ros_common:${AMENT_PREFIX_PATH} CMAKE_PREFIX_PATH=/home/sophie/visionaid/isaac_ros_ws/install/gxf_isaac_messages:/home/sophie/visionaid/isaac_ros_ws/install/gxf_isaac_gems:/home/sophie/visionaid/isaac_ros_ws/install/isaac_ros_gxf:/home/sophie/visionaid/isaac_ros_ws/install/isaac_ros_common:/opt/ros/humble LD_LIBRARY_PATH=/home/sophie/visionaid/isaac_ros_ws/install/gxf_isaac_messages/lib:/home/sophie/visionaid/isaac_ros_ws/install/gxf_isaac_gems/lib:/home/sophie/visionaid/isaac_ros_ws/install/isaac_ros_gxf/lib:/home/sophie/visionaid/isaac_ros_ws/install/isaac_ros_common/lib:${LD_LIBRARY_PATH} PATH=/home/sophie/visionaid/isaac_ros_ws/install/isaac_ros_common/bin:${PATH} PYTHONPATH=/home/sophie/visionaid/isaac_ros_ws/install/isaac_ros_common/local/lib/python3.10/dist-packages:${PYTHONPATH} /usr/bin/cmake --build /home/sophie/visionaid/isaac_ros_ws/build/gxf_isaac_utils -- -j22 -l22
[5.149s] Invoking command in '/home/sophie/visionaid/isaac_ros_ws/build/gxf_isaac_utils': AMENT_PREFIX_PATH=/home/sophie/visionaid/isaac_ros_ws/install/gxf_isaac_messages:/home/sophie/visionaid/isaac_ros_ws/install/gxf_isaac_gems:/home/sophie/visionaid/isaac_ros_ws/install/isaac_ros_gxf:/home/sophie/visionaid/isaac_ros_ws/install/isaac_ros_common:${AMENT_PREFIX_PATH} CMAKE_PREFIX_PATH=/home/sophie/visionaid/isaac_ros_ws/install/gxf_isaac_messages:/home/sophie/visionaid/isaac_ros_ws/install/gxf_isaac_gems:/home/sophie/visionaid/isaac_ros_ws/install/isaac_ros_gxf:/home/sophie/visionaid/isaac_ros_ws/install/isaac_ros_common:/opt/ros/humble LD_LIBRARY_PATH=/home/sophie/visionaid/isaac_ros_ws/install/gxf_isaac_messages/lib:/home/sophie/visionaid/isaac_ros_ws/install/gxf_isaac_gems/lib:/home/sophie/visionaid/isaac_ros_ws/install/isaac_ros_gxf/lib:/home/sophie/visionaid/isaac_ros_ws/install/isaac_ros_common/lib:${LD_LIBRARY_PATH} PATH=/home/sophie/visionaid/isaac_ros_ws/install/isaac_ros_common/bin:${PATH} PYTHONPATH=/home/sophie/visionaid/isaac_ros_ws/install/isaac_ros_common/local/lib/python3.10/dist-packages:${PYTHONPATH} /usr/bin/cmake --install /home/sophie/visionaid/isaac_ros_ws/build/gxf_isaac_utils
[5.154s] -- Install configuration: "Release"
[5.154s] -- Execute custom install script
[5.155s] -- Symlinking: /home/sophie/visionaid/isaac_ros_ws/install/gxf_isaac_utils/lib/libgxf_utils.so
[5.160s] -- Symlinking: /home/sophie/visionaid/isaac_ros_ws/install/gxf_isaac_utils/share/gxf_isaac_utils/gxf/lib/libgxf_isaac_utils.so
[5.165s] -- Symlinking: /home/sophie/visionaid/isaac_ros_ws/install/gxf_isaac_utils/share/gxf_isaac_utils/version_info.yaml
[5.171s] -- Symlinking: /home/sophie/visionaid/isaac_ros_ws/install/gxf_isaac_utils/share/gxf_isaac_utils/environment/library_path.sh
[5.177s] -- Symlinking: /home/sophie/visionaid/isaac_ros_ws/install/gxf_isaac_utils/share/gxf_isaac_utils/environment/library_path.dsv
[5.182s] -- Symlinking: /home/sophie/visionaid/isaac_ros_ws/install/gxf_isaac_utils/lib/libgxf_isaac_utils.so
[5.190s] -- Symlinking: /home/sophie/visionaid/isaac_ros_ws/install/gxf_isaac_utils/share/ament_index/resource_index/package_run_dependencies/gxf_isaac_utils
[5.194s] -- Symlinking: /home/sophie/visionaid/isaac_ros_ws/install/gxf_isaac_utils/share/ament_index/resource_index/parent_prefix_path/gxf_isaac_utils
[5.200s] -- Symlinking: /home/sophie/visionaid/isaac_ros_ws/install/gxf_isaac_utils/share/gxf_isaac_utils/environment/ament_prefix_path.sh
[5.205s] -- Symlinking: /home/sophie/visionaid/isaac_ros_ws/install/gxf_isaac_utils/share/gxf_isaac_utils/environment/ament_prefix_path.dsv
[5.212s] -- Symlinking: /home/sophie/visionaid/isaac_ros_ws/install/gxf_isaac_utils/share/gxf_isaac_utils/environment/path.sh
[5.217s] -- Symlinking: /home/sophie/visionaid/isaac_ros_ws/install/gxf_isaac_utils/share/gxf_isaac_utils/environment/path.dsv
[5.222s] -- Symlinking: /home/sophie/visionaid/isaac_ros_ws/install/gxf_isaac_utils/share/gxf_isaac_utils/local_setup.bash
[5.226s] -- Symlinking: /home/sophie/visionaid/isaac_ros_ws/install/gxf_isaac_utils/share/gxf_isaac_utils/local_setup.sh
[5.232s] -- Symlinking: /home/sophie/visionaid/isaac_ros_ws/install/gxf_isaac_utils/share/gxf_isaac_utils/local_setup.zsh
[5.238s] -- Symlinking: /home/sophie/visionaid/isaac_ros_ws/install/gxf_isaac_utils/share/gxf_isaac_utils/local_setup.dsv
[5.244s] -- Symlinking: /home/sophie/visionaid/isaac_ros_ws/install/gxf_isaac_utils/share/gxf_isaac_utils/package.dsv
[5.248s] -- Symlinking: /home/sophie/visionaid/isaac_ros_ws/install/gxf_isaac_utils/share/ament_index/resource_index/packages/gxf_isaac_utils
[5.253s] -- Symlinking: /home/sophie/visionaid/isaac_ros_ws/install/gxf_isaac_utils/share/gxf_isaac_utils/cmake/ament_cmake_export_dependencies-extras.cmake
[5.258s] -- Symlinking: /home/sophie/visionaid/isaac_ros_ws/install/gxf_isaac_utils/share/gxf_isaac_utils/cmake/ament_cmake_export_libraries-extras.cmake
[5.265s] -- Symlinking: /home/sophie/visionaid/isaac_ros_ws/install/gxf_isaac_utils/share/gxf_isaac_utils/cmake/gxf_isaac_utilsConfig.cmake
[5.271s] -- Symlinking: /home/sophie/visionaid/isaac_ros_ws/install/gxf_isaac_utils/share/gxf_isaac_utils/cmake/gxf_isaac_utilsConfig-version.cmake
[5.278s] -- Symlinking: /home/sophie/visionaid/isaac_ros_ws/install/gxf_isaac_utils/share/gxf_isaac_utils/package.xml
[5.286s] Invoked command in '/home/sophie/visionaid/isaac_ros_ws/build/gxf_isaac_utils' returned '0': AMENT_PREFIX_PATH=/home/sophie/visionaid/isaac_ros_ws/install/gxf_isaac_messages:/home/sophie/visionaid/isaac_ros_ws/install/gxf_isaac_gems:/home/sophie/visionaid/isaac_ros_ws/install/isaac_ros_gxf:/home/sophie/visionaid/isaac_ros_ws/install/isaac_ros_common:${AMENT_PREFIX_PATH} CMAKE_PREFIX_PATH=/home/sophie/visionaid/isaac_ros_ws/install/gxf_isaac_messages:/home/sophie/visionaid/isaac_ros_ws/install/gxf_isaac_gems:/home/sophie/visionaid/isaac_ros_ws/install/isaac_ros_gxf:/home/sophie/visionaid/isaac_ros_ws/install/isaac_ros_common:/opt/ros/humble LD_LIBRARY_PATH=/home/sophie/visionaid/isaac_ros_ws/install/gxf_isaac_messages/lib:/home/sophie/visionaid/isaac_ros_ws/install/gxf_isaac_gems/lib:/home/sophie/visionaid/isaac_ros_ws/install/isaac_ros_gxf/lib:/home/sophie/visionaid/isaac_ros_ws/install/isaac_ros_common/lib:${LD_LIBRARY_PATH} PATH=/home/sophie/visionaid/isaac_ros_ws/install/isaac_ros_common/bin:${PATH} PYTHONPATH=/home/sophie/visionaid/isaac_ros_ws/install/isaac_ros_common/local/lib/python3.10/dist-packages:${PYTHONPATH} /usr/bin/cmake --install /home/sophie/visionaid/isaac_ros_ws/build/gxf_isaac_utils
