[0.497s] Invoking command in '/home/sophie/visionaid/isaac_ros_ws/build/shared_interfaces': CMAKE_PREFIX_PATH=${CMAKE_PREFIX_PATH}:/home/sophie/visionaid/isaac_ros_ws/install/yolov8_bdd100k_detection:/home/sophie/visionaid/isaac_ros_ws/install/isaac_ros_test:/home/sophie/visionaid/isaac_ros_ws/install/isaac_ros_pynitros:/home/sophie/visionaid/isaac_ros_ws/install/isaac_ros_rosbag_utils:/home/sophie/visionaid/isaac_ros_ws/install/isaac_ros_launch_utils:/home/sophie/visionaid/isaac_ros_ws/install/isaac_common_py:/opt/ros/humble /usr/bin/cmake /home/sophie/visionaid/isaac_ros_ws/src/shared_interfaces -DAMENT_CMAKE_SYMLINK_INSTALL=1 -DCMAKE_INSTALL_PREFIX=/home/sophie/visionaid/isaac_ros_ws/install/shared_interfaces
[0.594s] -- The C compiler identification is GNU 11.4.0
[0.652s] -- The CXX compiler identification is GNU 11.4.0
[0.662s] -- Detecting C compiler ABI info
[0.740s] -- Detecting C compiler ABI info - done
[0.745s] -- Check for working C compiler: /usr/bin/cc - skipped
[0.747s] -- Detecting C compile features
[0.747s] -- Detecting C compile features - done
[0.751s] -- Detecting CXX compiler ABI info
[0.840s] -- Detecting CXX compiler ABI info - done
[0.847s] -- Check for working CXX compiler: /usr/bin/c++ - skipped
[0.847s] -- Detecting CXX compile features
[0.848s] -- Detecting CXX compile features - done
[0.860s] -- Found ament_cmake: 1.3.11 (/opt/ros/humble/share/ament_cmake/cmake)
[1.050s] -- Found Python3: /usr/bin/python3 (found version "3.10.12") found components: Interpreter 
[1.117s] -- Override CMake install command with custom implementation using symlinks instead of copying resources
[1.231s] -- Found ament_lint_auto: 0.12.12 (/opt/ros/humble/share/ament_lint_auto/cmake)
[1.328s] -- Added test 'lint_cmake' to check CMake code style
[1.329s] -- Added test 'xmllint' to check XML markup files
[1.332s] -- Configuring done
[1.334s] -- Generating done
[1.334s] -- Build files have been written to: /home/sophie/visionaid/isaac_ros_ws/build/shared_interfaces
[1.338s] Invoked command in '/home/sophie/visionaid/isaac_ros_ws/build/shared_interfaces' returned '0': CMAKE_PREFIX_PATH=${CMAKE_PREFIX_PATH}:/home/sophie/visionaid/isaac_ros_ws/install/yolov8_bdd100k_detection:/home/sophie/visionaid/isaac_ros_ws/install/isaac_ros_test:/home/sophie/visionaid/isaac_ros_ws/install/isaac_ros_pynitros:/home/sophie/visionaid/isaac_ros_ws/install/isaac_ros_rosbag_utils:/home/sophie/visionaid/isaac_ros_ws/install/isaac_ros_launch_utils:/home/sophie/visionaid/isaac_ros_ws/install/isaac_common_py:/opt/ros/humble /usr/bin/cmake /home/sophie/visionaid/isaac_ros_ws/src/shared_interfaces -DAMENT_CMAKE_SYMLINK_INSTALL=1 -DCMAKE_INSTALL_PREFIX=/home/sophie/visionaid/isaac_ros_ws/install/shared_interfaces
[1.339s] Invoking command in '/home/sophie/visionaid/isaac_ros_ws/build/shared_interfaces': CMAKE_PREFIX_PATH=${CMAKE_PREFIX_PATH}:/home/sophie/visionaid/isaac_ros_ws/install/yolov8_bdd100k_detection:/home/sophie/visionaid/isaac_ros_ws/install/isaac_ros_test:/home/sophie/visionaid/isaac_ros_ws/install/isaac_ros_pynitros:/home/sophie/visionaid/isaac_ros_ws/install/isaac_ros_rosbag_utils:/home/sophie/visionaid/isaac_ros_ws/install/isaac_ros_launch_utils:/home/sophie/visionaid/isaac_ros_ws/install/isaac_common_py:/opt/ros/humble /usr/bin/cmake --build /home/sophie/visionaid/isaac_ros_ws/build/shared_interfaces
[1.377s] Invoked command in '/home/sophie/visionaid/isaac_ros_ws/build/shared_interfaces' returned '0': CMAKE_PREFIX_PATH=${CMAKE_PREFIX_PATH}:/home/sophie/visionaid/isaac_ros_ws/install/yolov8_bdd100k_detection:/home/sophie/visionaid/isaac_ros_ws/install/isaac_ros_test:/home/sophie/visionaid/isaac_ros_ws/install/isaac_ros_pynitros:/home/sophie/visionaid/isaac_ros_ws/install/isaac_ros_rosbag_utils:/home/sophie/visionaid/isaac_ros_ws/install/isaac_ros_launch_utils:/home/sophie/visionaid/isaac_ros_ws/install/isaac_common_py:/opt/ros/humble /usr/bin/cmake --build /home/sophie/visionaid/isaac_ros_ws/build/shared_interfaces
[1.387s] Invoking command in '/home/sophie/visionaid/isaac_ros_ws/build/shared_interfaces': CMAKE_PREFIX_PATH=${CMAKE_PREFIX_PATH}:/home/sophie/visionaid/isaac_ros_ws/install/yolov8_bdd100k_detection:/home/sophie/visionaid/isaac_ros_ws/install/isaac_ros_test:/home/sophie/visionaid/isaac_ros_ws/install/isaac_ros_pynitros:/home/sophie/visionaid/isaac_ros_ws/install/isaac_ros_rosbag_utils:/home/sophie/visionaid/isaac_ros_ws/install/isaac_ros_launch_utils:/home/sophie/visionaid/isaac_ros_ws/install/isaac_common_py:/opt/ros/humble /usr/bin/cmake --install /home/sophie/visionaid/isaac_ros_ws/build/shared_interfaces
[1.394s] -- Install configuration: ""
[1.394s] -- Execute custom install script
[1.394s] -- Symlinking: /home/sophie/visionaid/isaac_ros_ws/install/shared_interfaces/share/ament_index/resource_index/package_run_dependencies/shared_interfaces
[1.402s] -- Symlinking: /home/sophie/visionaid/isaac_ros_ws/install/shared_interfaces/share/ament_index/resource_index/parent_prefix_path/shared_interfaces
[1.413s] -- Symlinking: /home/sophie/visionaid/isaac_ros_ws/install/shared_interfaces/share/shared_interfaces/environment/ament_prefix_path.sh
[1.426s] -- Symlinking: /home/sophie/visionaid/isaac_ros_ws/install/shared_interfaces/share/shared_interfaces/environment/ament_prefix_path.dsv
[1.437s] -- Symlinking: /home/sophie/visionaid/isaac_ros_ws/install/shared_interfaces/share/shared_interfaces/environment/path.sh
[1.448s] -- Symlinking: /home/sophie/visionaid/isaac_ros_ws/install/shared_interfaces/share/shared_interfaces/environment/path.dsv
[1.458s] -- Symlinking: /home/sophie/visionaid/isaac_ros_ws/install/shared_interfaces/share/shared_interfaces/local_setup.bash
[1.467s] -- Symlinking: /home/sophie/visionaid/isaac_ros_ws/install/shared_interfaces/share/shared_interfaces/local_setup.sh
[1.477s] -- Symlinking: /home/sophie/visionaid/isaac_ros_ws/install/shared_interfaces/share/shared_interfaces/local_setup.zsh
[1.486s] -- Symlinking: /home/sophie/visionaid/isaac_ros_ws/install/shared_interfaces/share/shared_interfaces/local_setup.dsv
[1.497s] -- Symlinking: /home/sophie/visionaid/isaac_ros_ws/install/shared_interfaces/share/shared_interfaces/package.dsv
[1.508s] -- Symlinking: /home/sophie/visionaid/isaac_ros_ws/install/shared_interfaces/share/ament_index/resource_index/packages/shared_interfaces
[1.519s] -- Symlinking: /home/sophie/visionaid/isaac_ros_ws/install/shared_interfaces/share/shared_interfaces/cmake/shared_interfacesConfig.cmake
[1.526s] -- Symlinking: /home/sophie/visionaid/isaac_ros_ws/install/shared_interfaces/share/shared_interfaces/cmake/shared_interfacesConfig-version.cmake
[1.534s] -- Symlinking: /home/sophie/visionaid/isaac_ros_ws/install/shared_interfaces/share/shared_interfaces/package.xml
[1.548s] Invoked command in '/home/sophie/visionaid/isaac_ros_ws/build/shared_interfaces' returned '0': CMAKE_PREFIX_PATH=${CMAKE_PREFIX_PATH}:/home/sophie/visionaid/isaac_ros_ws/install/yolov8_bdd100k_detection:/home/sophie/visionaid/isaac_ros_ws/install/isaac_ros_test:/home/sophie/visionaid/isaac_ros_ws/install/isaac_ros_pynitros:/home/sophie/visionaid/isaac_ros_ws/install/isaac_ros_rosbag_utils:/home/sophie/visionaid/isaac_ros_ws/install/isaac_ros_launch_utils:/home/sophie/visionaid/isaac_ros_ws/install/isaac_common_py:/opt/ros/humble /usr/bin/cmake --install /home/sophie/visionaid/isaac_ros_ws/build/shared_interfaces
