running develop
running egg_info
creating gps_navigation_system.egg-info
writing gps_navigation_system.egg-info/PKG-INFO
writing dependency_links to gps_navigation_system.egg-info/dependency_links.txt
writing entry points to gps_navigation_system.egg-info/entry_points.txt
writing requirements to gps_navigation_system.egg-info/requires.txt
writing top-level names to gps_navigation_system.egg-info/top_level.txt
writing manifest file 'gps_navigation_system.egg-info/SOURCES.txt'
reading manifest file 'gps_navigation_system.egg-info/SOURCES.txt'
writing manifest file 'gps_navigation_system.egg-info/SOURCES.txt'
running build_ext
Creating /home/sophie/visionaid/isaac_ros_ws/install/gps_navigation_system/lib/python3.10/site-packages/gps-navigation-system.egg-link (link to .)

Installed /home/sophie/visionaid/isaac_ros_ws/build/gps_navigation_system
running symlink_data
creating /home/sophie/visionaid/isaac_ros_ws/install/gps_navigation_system/share/ament_index
creating /home/sophie/visionaid/isaac_ros_ws/install/gps_navigation_system/share/ament_index/resource_index
creating /home/sophie/visionaid/isaac_ros_ws/install/gps_navigation_system/share/ament_index/resource_index/packages
symbolically linking /home/sophie/visionaid/isaac_ros_ws/build/gps_navigation_system/resource/gps_navigation_system -> /home/sophie/visionaid/isaac_ros_ws/install/gps_navigation_system/share/ament_index/resource_index/packages
symbolically linking /home/sophie/visionaid/isaac_ros_ws/build/gps_navigation_system/package.xml -> /home/sophie/visionaid/isaac_ros_ws/install/gps_navigation_system/share/gps_navigation_system
