[0.923s] Invoking command in '/home/sophie/visionaid/isaac_ros_ws/build/gps_navigation_system': PYTHONPATH=/home/sophie/visionaid/isaac_ros_ws/build/gps_navigation_system/prefix_override:/usr/lib/python3/dist-packages/colcon_core/task/python/colcon_distutils_commands:/home/sophie/visionaid/isaac_ros_ws/install/gps_navigation_system/lib/python3.10/site-packages:${PYTHONPATH} /usr/bin/python3 -W ignore:setup.py install is deprecated -W ignore:easy_install command is deprecated setup.py develop --editable --build-directory /home/sophie/visionaid/isaac_ros_ws/build/gps_navigation_system/build --no-deps symlink_data
[1.118s] running develop
[1.211s] running egg_info
[1.211s] creating gps_navigation_system.egg-info
[1.211s] writing gps_navigation_system.egg-info/PKG-INFO
[1.212s] writing dependency_links to gps_navigation_system.egg-info/dependency_links.txt
[1.212s] writing entry points to gps_navigation_system.egg-info/entry_points.txt
[1.212s] writing requirements to gps_navigation_system.egg-info/requires.txt
[1.212s] writing top-level names to gps_navigation_system.egg-info/top_level.txt
[1.212s] writing manifest file 'gps_navigation_system.egg-info/SOURCES.txt'
[1.212s] reading manifest file 'gps_navigation_system.egg-info/SOURCES.txt'
[1.213s] writing manifest file 'gps_navigation_system.egg-info/SOURCES.txt'
[1.242s] running build_ext
[1.243s] Creating /home/sophie/visionaid/isaac_ros_ws/install/gps_navigation_system/lib/python3.10/site-packages/gps-navigation-system.egg-link (link to .)
[1.243s] 
[1.243s] Installed /home/sophie/visionaid/isaac_ros_ws/build/gps_navigation_system
[1.243s] running symlink_data
[1.243s] creating /home/sophie/visionaid/isaac_ros_ws/install/gps_navigation_system/share/ament_index
[1.243s] creating /home/sophie/visionaid/isaac_ros_ws/install/gps_navigation_system/share/ament_index/resource_index
[1.243s] creating /home/sophie/visionaid/isaac_ros_ws/install/gps_navigation_system/share/ament_index/resource_index/packages
[1.244s] symbolically linking /home/sophie/visionaid/isaac_ros_ws/build/gps_navigation_system/resource/gps_navigation_system -> /home/sophie/visionaid/isaac_ros_ws/install/gps_navigation_system/share/ament_index/resource_index/packages
[1.244s] symbolically linking /home/sophie/visionaid/isaac_ros_ws/build/gps_navigation_system/package.xml -> /home/sophie/visionaid/isaac_ros_ws/install/gps_navigation_system/share/gps_navigation_system
[1.267s] Invoked command in '/home/sophie/visionaid/isaac_ros_ws/build/gps_navigation_system' returned '0': PYTHONPATH=/home/sophie/visionaid/isaac_ros_ws/build/gps_navigation_system/prefix_override:/usr/lib/python3/dist-packages/colcon_core/task/python/colcon_distutils_commands:/home/sophie/visionaid/isaac_ros_ws/install/gps_navigation_system/lib/python3.10/site-packages:${PYTHONPATH} /usr/bin/python3 -W ignore:setup.py install is deprecated -W ignore:easy_install command is deprecated setup.py develop --editable --build-directory /home/sophie/visionaid/isaac_ros_ws/build/gps_navigation_system/build --no-deps symlink_data
