[0.012s] Invoking command in '/home/sophie/visionaid/isaac_ros_ws/build/gxf_isaac_gxf_helpers': AMENT_PREFIX_PATH=/home/sophie/visionaid/isaac_ros_ws/install/gxf_isaac_gems:/home/sophie/visionaid/isaac_ros_ws/install/isaac_ros_gxf:/home/sophie/visionaid/isaac_ros_ws/install/isaac_ros_common:${AMENT_PREFIX_PATH} CMAKE_PREFIX_PATH=/home/sophie/visionaid/isaac_ros_ws/install/gxf_isaac_gems:/home/sophie/visionaid/isaac_ros_ws/install/isaac_ros_gxf:/home/sophie/visionaid/isaac_ros_ws/install/isaac_ros_common:/opt/ros/humble LD_LIBRARY_PATH=/home/sophie/visionaid/isaac_ros_ws/install/gxf_isaac_gems/lib:/home/sophie/visionaid/isaac_ros_ws/install/isaac_ros_gxf/lib:/home/sophie/visionaid/isaac_ros_ws/install/isaac_ros_common/lib:${LD_LIBRARY_PATH} PATH=/home/sophie/visionaid/isaac_ros_ws/install/isaac_ros_common/bin:${PATH} PYTHONPATH=/home/sophie/visionaid/isaac_ros_ws/install/isaac_ros_common/local/lib/python3.10/dist-packages:${PYTHONPATH} /usr/bin/cmake /home/sophie/visionaid/isaac_ros_ws/src/isaac_ros_nitros/isaac_ros_gxf_extensions/gxf_isaac_gxf_helpers -DCMAKE_BUILD_TYPE=Release -DBUILD_TESTING=OFF -DCMAKE_CUDA_ARCHITECTURES=89 -DAMENT_CMAKE_SYMLINK_INSTALL=1 -DCMAKE_INSTALL_PREFIX=/home/sophie/visionaid/isaac_ros_ws/install/gxf_isaac_gxf_helpers
[0.055s] -- The C compiler identification is GNU 11.4.0
[0.090s] -- The CXX compiler identification is GNU 11.4.0
[0.095s] -- Detecting C compiler ABI info
[0.148s] -- Detecting C compiler ABI info - done
[0.155s] -- Check for working C compiler: /usr/bin/cc - skipped
[0.155s] -- Detecting C compile features
[0.155s] -- Detecting C compile features - done
[0.156s] -- Detecting CXX compiler ABI info
[0.218s] -- Detecting CXX compiler ABI info - done
[0.226s] -- Check for working CXX compiler: /usr/bin/c++ - skipped
[0.227s] -- Detecting CXX compile features
[0.227s] -- Detecting CXX compile features - done
[0.228s] -- Found ament_cmake_auto: 1.3.11 (/opt/ros/humble/share/ament_cmake_auto/cmake)
[0.331s] -- Found Python3: /usr/bin/python3 (found version "3.10.12") found components: Interpreter 
[0.365s] -- Override CMake install command with custom implementation using symlinks instead of copying resources
[0.410s] -- Loading isaac_ros_common extras
[0.410s] -- CMAKE_BUILD_TYPE: Release
[0.424s] -- Looking for pthread.h
[0.473s] -- Looking for pthread.h - found
[0.473s] -- Performing Test CMAKE_HAVE_LIBC_PTHREAD
[0.527s] -- Performing Test CMAKE_HAVE_LIBC_PTHREAD - Success
[0.527s] -- Found Threads: TRUE  
[0.533s] -- Found CUDA: /usr/local/cuda-12.8 (found version "12.8") 
[0.533s] -- CUDA architectures: 89
[0.533s] -- Loading isaac_ros_common extras (modules)
[0.554s] -- Found rosidl_generator_c: 3.1.6 (/opt/ros/humble/share/rosidl_generator_c/cmake)
[0.556s] -- Found rosidl_adapter: 3.1.6 (/opt/ros/humble/share/rosidl_adapter/cmake)
[0.561s] -- Found rosidl_generator_cpp: 3.1.6 (/opt/ros/humble/share/rosidl_generator_cpp/cmake)
[0.567s] -- Using all available rosidl_typesupport_c: rosidl_typesupport_fastrtps_c;rosidl_typesupport_introspection_c
[0.575s] -- Using all available rosidl_typesupport_cpp: rosidl_typesupport_fastrtps_cpp;rosidl_typesupport_introspection_cpp
[0.597s] -- Found rmw_implementation_cmake: 6.1.2 (/opt/ros/humble/share/rmw_implementation_cmake/cmake)
[0.598s] -- Found rmw_fastrtps_cpp: 6.2.7 (/opt/ros/humble/share/rmw_fastrtps_cpp/cmake)
[0.658s] -- Found OpenSSL: /usr/lib/x86_64-linux-gnu/libcrypto.so (found version "3.0.2")  
[0.677s] -- Found FastRTPS: /opt/ros/humble/include  
[0.705s] -- Using RMW implementation 'rmw_fastrtps_cpp' as default
[0.739s] -- Loading isaac_ros_gxf extras
[0.779s] -- Configuring done
[0.781s] -- Generating done
[0.783s] -- Build files have been written to: /home/sophie/visionaid/isaac_ros_ws/build/gxf_isaac_gxf_helpers
[0.789s] Invoked command in '/home/sophie/visionaid/isaac_ros_ws/build/gxf_isaac_gxf_helpers' returned '0': AMENT_PREFIX_PATH=/home/sophie/visionaid/isaac_ros_ws/install/gxf_isaac_gems:/home/sophie/visionaid/isaac_ros_ws/install/isaac_ros_gxf:/home/sophie/visionaid/isaac_ros_ws/install/isaac_ros_common:${AMENT_PREFIX_PATH} CMAKE_PREFIX_PATH=/home/sophie/visionaid/isaac_ros_ws/install/gxf_isaac_gems:/home/sophie/visionaid/isaac_ros_ws/install/isaac_ros_gxf:/home/sophie/visionaid/isaac_ros_ws/install/isaac_ros_common:/opt/ros/humble LD_LIBRARY_PATH=/home/sophie/visionaid/isaac_ros_ws/install/gxf_isaac_gems/lib:/home/sophie/visionaid/isaac_ros_ws/install/isaac_ros_gxf/lib:/home/sophie/visionaid/isaac_ros_ws/install/isaac_ros_common/lib:${LD_LIBRARY_PATH} PATH=/home/sophie/visionaid/isaac_ros_ws/install/isaac_ros_common/bin:${PATH} PYTHONPATH=/home/sophie/visionaid/isaac_ros_ws/install/isaac_ros_common/local/lib/python3.10/dist-packages:${PYTHONPATH} /usr/bin/cmake /home/sophie/visionaid/isaac_ros_ws/src/isaac_ros_nitros/isaac_ros_gxf_extensions/gxf_isaac_gxf_helpers -DCMAKE_BUILD_TYPE=Release -DBUILD_TESTING=OFF -DCMAKE_CUDA_ARCHITECTURES=89 -DAMENT_CMAKE_SYMLINK_INSTALL=1 -DCMAKE_INSTALL_PREFIX=/home/sophie/visionaid/isaac_ros_ws/install/gxf_isaac_gxf_helpers
[0.790s] Invoking command in '/home/sophie/visionaid/isaac_ros_ws/build/gxf_isaac_gxf_helpers': AMENT_PREFIX_PATH=/home/sophie/visionaid/isaac_ros_ws/install/gxf_isaac_gems:/home/sophie/visionaid/isaac_ros_ws/install/isaac_ros_gxf:/home/sophie/visionaid/isaac_ros_ws/install/isaac_ros_common:${AMENT_PREFIX_PATH} CMAKE_PREFIX_PATH=/home/sophie/visionaid/isaac_ros_ws/install/gxf_isaac_gems:/home/sophie/visionaid/isaac_ros_ws/install/isaac_ros_gxf:/home/sophie/visionaid/isaac_ros_ws/install/isaac_ros_common:/opt/ros/humble LD_LIBRARY_PATH=/home/sophie/visionaid/isaac_ros_ws/install/gxf_isaac_gems/lib:/home/sophie/visionaid/isaac_ros_ws/install/isaac_ros_gxf/lib:/home/sophie/visionaid/isaac_ros_ws/install/isaac_ros_common/lib:${LD_LIBRARY_PATH} PATH=/home/sophie/visionaid/isaac_ros_ws/install/isaac_ros_common/bin:${PATH} PYTHONPATH=/home/sophie/visionaid/isaac_ros_ws/install/isaac_ros_common/local/lib/python3.10/dist-packages:${PYTHONPATH} /usr/bin/cmake --build /home/sophie/visionaid/isaac_ros_ws/build/gxf_isaac_gxf_helpers -- -j22 -l22
[0.830s] [100%] [34m[1mGenerating version information as YAML[0m
[0.887s] [100%] Built target generate_version_info_target_gxf_isaac_gxf_helpers
[0.893s] Invoked command in '/home/sophie/visionaid/isaac_ros_ws/build/gxf_isaac_gxf_helpers' returned '0': AMENT_PREFIX_PATH=/home/sophie/visionaid/isaac_ros_ws/install/gxf_isaac_gems:/home/sophie/visionaid/isaac_ros_ws/install/isaac_ros_gxf:/home/sophie/visionaid/isaac_ros_ws/install/isaac_ros_common:${AMENT_PREFIX_PATH} CMAKE_PREFIX_PATH=/home/sophie/visionaid/isaac_ros_ws/install/gxf_isaac_gems:/home/sophie/visionaid/isaac_ros_ws/install/isaac_ros_gxf:/home/sophie/visionaid/isaac_ros_ws/install/isaac_ros_common:/opt/ros/humble LD_LIBRARY_PATH=/home/sophie/visionaid/isaac_ros_ws/install/gxf_isaac_gems/lib:/home/sophie/visionaid/isaac_ros_ws/install/isaac_ros_gxf/lib:/home/sophie/visionaid/isaac_ros_ws/install/isaac_ros_common/lib:${LD_LIBRARY_PATH} PATH=/home/sophie/visionaid/isaac_ros_ws/install/isaac_ros_common/bin:${PATH} PYTHONPATH=/home/sophie/visionaid/isaac_ros_ws/install/isaac_ros_common/local/lib/python3.10/dist-packages:${PYTHONPATH} /usr/bin/cmake --build /home/sophie/visionaid/isaac_ros_ws/build/gxf_isaac_gxf_helpers -- -j22 -l22
[0.895s] Invoking command in '/home/sophie/visionaid/isaac_ros_ws/build/gxf_isaac_gxf_helpers': AMENT_PREFIX_PATH=/home/sophie/visionaid/isaac_ros_ws/install/gxf_isaac_gems:/home/sophie/visionaid/isaac_ros_ws/install/isaac_ros_gxf:/home/sophie/visionaid/isaac_ros_ws/install/isaac_ros_common:${AMENT_PREFIX_PATH} CMAKE_PREFIX_PATH=/home/sophie/visionaid/isaac_ros_ws/install/gxf_isaac_gems:/home/sophie/visionaid/isaac_ros_ws/install/isaac_ros_gxf:/home/sophie/visionaid/isaac_ros_ws/install/isaac_ros_common:/opt/ros/humble LD_LIBRARY_PATH=/home/sophie/visionaid/isaac_ros_ws/install/gxf_isaac_gems/lib:/home/sophie/visionaid/isaac_ros_ws/install/isaac_ros_gxf/lib:/home/sophie/visionaid/isaac_ros_ws/install/isaac_ros_common/lib:${LD_LIBRARY_PATH} PATH=/home/sophie/visionaid/isaac_ros_ws/install/isaac_ros_common/bin:${PATH} PYTHONPATH=/home/sophie/visionaid/isaac_ros_ws/install/isaac_ros_common/local/lib/python3.10/dist-packages:${PYTHONPATH} /usr/bin/cmake --install /home/sophie/visionaid/isaac_ros_ws/build/gxf_isaac_gxf_helpers
[0.901s] -- Install configuration: "Release"
[0.901s] -- Execute custom install script
[0.901s] -- Symlinking: /home/sophie/visionaid/isaac_ros_ws/install/gxf_isaac_gxf_helpers/share/gxf_isaac_gxf_helpers/gxf/lib/libgxf_isaac_gxf_helpers.so
[0.907s] -- Symlinking: /home/sophie/visionaid/isaac_ros_ws/install/gxf_isaac_gxf_helpers/share/gxf_isaac_gxf_helpers/gxf/include/extensions/gxf_helpers/parameter_parser_isaac.hpp
[0.913s] -- Symlinking: /home/sophie/visionaid/isaac_ros_ws/install/gxf_isaac_gxf_helpers/share/gxf_isaac_gxf_helpers/gxf/include/extensions/gxf_helpers/parameter_wrapper_isaac.hpp
[0.918s] -- Symlinking: /home/sophie/visionaid/isaac_ros_ws/install/gxf_isaac_gxf_helpers/share/gxf_isaac_gxf_helpers/gxf/include/extensions/gxf_helpers/string_provider.hpp
[0.924s] -- Symlinking: /home/sophie/visionaid/isaac_ros_ws/install/gxf_isaac_gxf_helpers/share/gxf_isaac_gxf_helpers/environment/library_path.sh
[0.930s] -- Symlinking: /home/sophie/visionaid/isaac_ros_ws/install/gxf_isaac_gxf_helpers/share/gxf_isaac_gxf_helpers/environment/library_path.dsv
[0.937s] -- Symlinking: /home/sophie/visionaid/isaac_ros_ws/install/gxf_isaac_gxf_helpers/share/gxf_isaac_gxf_helpers/version_info.yaml
[0.944s] -- Symlinking: /home/sophie/visionaid/isaac_ros_ws/install/gxf_isaac_gxf_helpers/share/ament_index/resource_index/package_run_dependencies/gxf_isaac_gxf_helpers
[0.949s] -- Symlinking: /home/sophie/visionaid/isaac_ros_ws/install/gxf_isaac_gxf_helpers/share/ament_index/resource_index/parent_prefix_path/gxf_isaac_gxf_helpers
[0.954s] -- Symlinking: /home/sophie/visionaid/isaac_ros_ws/install/gxf_isaac_gxf_helpers/share/gxf_isaac_gxf_helpers/environment/ament_prefix_path.sh
[0.961s] -- Symlinking: /home/sophie/visionaid/isaac_ros_ws/install/gxf_isaac_gxf_helpers/share/gxf_isaac_gxf_helpers/environment/ament_prefix_path.dsv
[0.967s] -- Symlinking: /home/sophie/visionaid/isaac_ros_ws/install/gxf_isaac_gxf_helpers/share/gxf_isaac_gxf_helpers/environment/path.sh
[0.973s] -- Symlinking: /home/sophie/visionaid/isaac_ros_ws/install/gxf_isaac_gxf_helpers/share/gxf_isaac_gxf_helpers/environment/path.dsv
[0.979s] -- Symlinking: /home/sophie/visionaid/isaac_ros_ws/install/gxf_isaac_gxf_helpers/share/gxf_isaac_gxf_helpers/local_setup.bash
[0.985s] -- Symlinking: /home/sophie/visionaid/isaac_ros_ws/install/gxf_isaac_gxf_helpers/share/gxf_isaac_gxf_helpers/local_setup.sh
[0.990s] -- Symlinking: /home/sophie/visionaid/isaac_ros_ws/install/gxf_isaac_gxf_helpers/share/gxf_isaac_gxf_helpers/local_setup.zsh
[0.995s] -- Symlinking: /home/sophie/visionaid/isaac_ros_ws/install/gxf_isaac_gxf_helpers/share/gxf_isaac_gxf_helpers/local_setup.dsv
[1.000s] -- Symlinking: /home/sophie/visionaid/isaac_ros_ws/install/gxf_isaac_gxf_helpers/share/gxf_isaac_gxf_helpers/package.dsv
[1.006s] -- Symlinking: /home/sophie/visionaid/isaac_ros_ws/install/gxf_isaac_gxf_helpers/share/ament_index/resource_index/packages/gxf_isaac_gxf_helpers
[1.011s] -- Symlinking: /home/sophie/visionaid/isaac_ros_ws/install/gxf_isaac_gxf_helpers/share/gxf_isaac_gxf_helpers/cmake/ament_cmake_export_targets-extras.cmake
[1.016s] -- Symlinking: /home/sophie/visionaid/isaac_ros_ws/install/gxf_isaac_gxf_helpers/share/gxf_isaac_gxf_helpers/cmake/ament_cmake_export_dependencies-extras.cmake
[1.023s] -- Symlinking: /home/sophie/visionaid/isaac_ros_ws/install/gxf_isaac_gxf_helpers/share/gxf_isaac_gxf_helpers/cmake/gxf_isaac_gxf_helpersConfig.cmake
[1.030s] -- Symlinking: /home/sophie/visionaid/isaac_ros_ws/install/gxf_isaac_gxf_helpers/share/gxf_isaac_gxf_helpers/cmake/gxf_isaac_gxf_helpersConfig-version.cmake
[1.035s] -- Symlinking: /home/sophie/visionaid/isaac_ros_ws/install/gxf_isaac_gxf_helpers/share/gxf_isaac_gxf_helpers/package.xml
[1.041s] -- Installing: /home/sophie/visionaid/isaac_ros_ws/install/gxf_isaac_gxf_helpers/share/gxf_isaac_gxf_helpers/cmake/export_gxf_isaac_gxf_helpersExport.cmake
[1.042s] Invoked command in '/home/sophie/visionaid/isaac_ros_ws/build/gxf_isaac_gxf_helpers' returned '0': AMENT_PREFIX_PATH=/home/sophie/visionaid/isaac_ros_ws/install/gxf_isaac_gems:/home/sophie/visionaid/isaac_ros_ws/install/isaac_ros_gxf:/home/sophie/visionaid/isaac_ros_ws/install/isaac_ros_common:${AMENT_PREFIX_PATH} CMAKE_PREFIX_PATH=/home/sophie/visionaid/isaac_ros_ws/install/gxf_isaac_gems:/home/sophie/visionaid/isaac_ros_ws/install/isaac_ros_gxf:/home/sophie/visionaid/isaac_ros_ws/install/isaac_ros_common:/opt/ros/humble LD_LIBRARY_PATH=/home/sophie/visionaid/isaac_ros_ws/install/gxf_isaac_gems/lib:/home/sophie/visionaid/isaac_ros_ws/install/isaac_ros_gxf/lib:/home/sophie/visionaid/isaac_ros_ws/install/isaac_ros_common/lib:${LD_LIBRARY_PATH} PATH=/home/sophie/visionaid/isaac_ros_ws/install/isaac_ros_common/bin:${PATH} PYTHONPATH=/home/sophie/visionaid/isaac_ros_ws/install/isaac_ros_common/local/lib/python3.10/dist-packages:${PYTHONPATH} /usr/bin/cmake --install /home/sophie/visionaid/isaac_ros_ws/build/gxf_isaac_gxf_helpers
