[0.147s] Invoking command in '/home/kanye/Documents/visionaid/build/isaac_ros_common': CMAKE_PREFIX_PATH=${CMAKE_PREFIX_PATH}:/home/kanye/Documents/visionaid/isaac_ros_ws/install/yolov8_bdd100k_detection:/home/kanye/Documents/visionaid/isaac_ros_ws/install/vlm_scene_understanding:/home/kanye/Documents/visionaid/isaac_ros_ws/install/traffic_crossing_assistant:/home/kanye/Documents/visionaid/isaac_ros_ws/install/scene_description_system:/home/kanye/Documents/visionaid/isaac_ros_ws/install/isaac_ros_test:/home/kanye/Documents/visionaid/isaac_ros_ws/install/isaac_ros_pynitros:/home/kanye/Documents/visionaid/isaac_ros_ws/install/isaac_ros_rosbag_utils:/home/kanye/Documents/visionaid/isaac_ros_ws/install/isaac_ros_launch_utils:/home/kanye/Documents/visionaid/isaac_ros_ws/install/isaac_common_py:/home/kanye/Documents/visionaid/isaac_ros_ws/install/gps_navigation_system:/home/kanye/Documents/visionaid/isaac_ros_ws/install/camera_bridge:/home/kanye/Documents/visionaid/isaac_ros_ws/install/assistive_navigation_core:/opt/ros/humble /usr/bin/cmake --build /home/kanye/Documents/visionaid/build/isaac_ros_common -- -j28 -l28
[1.249s] -- Found ament_cmake_auto: 1.3.11 (/opt/ros/humble/share/ament_cmake_auto/cmake)
[1.249s] -- Found rosidl_generator_c: 3.1.6 (/opt/ros/humble/share/rosidl_generator_c/cmake)
[1.249s] -- Found rosidl_adapter: 3.1.6 (/opt/ros/humble/share/rosidl_adapter/cmake)
[1.249s] -- Found rosidl_generator_cpp: 3.1.6 (/opt/ros/humble/share/rosidl_generator_cpp/cmake)
[1.249s] -- Using all available rosidl_typesupport_c: rosidl_typesupport_fastrtps_c;rosidl_typesupport_introspection_c
[1.249s] -- Using all available rosidl_typesupport_cpp: rosidl_typesupport_fastrtps_cpp;rosidl_typesupport_introspection_cpp
[1.249s] -- Found rmw_implementation_cmake: 6.1.2 (/opt/ros/humble/share/rmw_implementation_cmake/cmake)
[1.249s] -- Found rmw_fastrtps_cpp: 6.2.7 (/opt/ros/humble/share/rmw_fastrtps_cpp/cmake)
[1.249s] -- Using RMW implementation 'rmw_fastrtps_cpp' as default
[1.249s] -- Loading isaac_ros_common extras
[1.249s] -- CMAKE_BUILD_TYPE: Release
[1.249s] -- CUDA architectures: 89;86;80;75;70
[1.249s] -- Found ament_lint_auto: 0.12.12 (/opt/ros/humble/share/ament_lint_auto/cmake)
[1.249s] -- Added test 'cppcheck' to perform static code analysis on C / C++ code
[1.249s] -- Configured cppcheck include dirs: /home/kanye/Documents/visionaid/isaac_ros_ws/src/isaac_ros_common/isaac_ros_common/include
[1.249s] -- Configured cppcheck exclude dirs and/or files: 
[1.249s] -- Added test 'cpplint' to check C / C++ code against the Google style
[1.250s] -- Configured cpplint exclude dirs and/or files: 
[1.250s] -- Added test 'flake8' to check Python code syntax and style conventions
[1.250s] -- Added test 'lint_cmake' to check CMake code style
[1.250s] -- Added test 'pep257' to check Python code against some of the docstring style conventions in PEP 257
[1.250s] -- Added test 'uncrustify' to check C / C++ code style
[1.250s] -- Configured uncrustify additional arguments: 
[1.250s] -- Added test 'xmllint' to check XML markup files
[1.250s] -- Configuring done
[1.250s] -- Generating done
[1.250s] -- Build files have been written to: /home/kanye/Documents/visionaid/build/isaac_ros_common
[1.250s] [ 25%] [32mBuilding CXX object CMakeFiles/isaac_ros_common.dir/src/vpi_utilities.cpp.o[0m
[1.250s] [ 50%] Built target generate_version_info_target_isaac_ros_common
[1.250s] [ 75%] [32mBuilding CXX object CMakeFiles/isaac_ros_common.dir/src/qos.cpp.o[0m
[1.250s] [ 75%] Built target ament_cmake_python_copy_isaac_ros_common
[1.250s] running egg_info
[1.258s] writing isaac_ros_common.egg-info/PKG-INFO
[1.258s] writing dependency_links to isaac_ros_common.egg-info/dependency_links.txt
[1.258s] writing top-level names to isaac_ros_common.egg-info/top_level.txt
[1.258s] reading manifest file 'isaac_ros_common.egg-info/SOURCES.txt'
[1.258s] writing manifest file 'isaac_ros_common.egg-info/SOURCES.txt'
[1.258s] [ 75%] Built target ament_cmake_python_build_isaac_ros_common_egg
[3.873s] gmake[2]: *** [CMakeFiles/isaac_ros_common.dir/build.make:90: CMakeFiles/isaac_ros_common.dir/src/qos.cpp.o] Interrupt
[3.874s] gmake[2]: *** wait: No child processes.  Stop.
[3.874s] gmake[2]: *** Waiting for unfinished jobs....
[3.874s] gmake[2]: *** wait: No child processes.  Stop.
[3.874s] gmake[1]: *** [CMakeFiles/Makefile2:142: CMakeFiles/isaac_ros_common.dir/all] Error 2
[3.880s] gmake: *** wait: No child processes.  Stop.
[3.881s] gmake: *** Waiting for unfinished jobs....
[3.881s] gmake: *** wait: No child processes.  Stop.
