[0.011s] Invoking command in '/home/sophie/visionaid/isaac_ros_ws/build/isaac_ros_franka_cumotion_benchmark': AMENT_PREFIX_PATH=/home/sophie/visionaid/isaac_ros_ws/install/isaac_ros_moveit_benchmark:/home/sophie/visionaid/isaac_ros_ws/install/ros2_benchmark:/home/sophie/visionaid/isaac_ros_ws/install/ros2_benchmark_interfaces:/home/sophie/visionaid/isaac_ros_ws/install/isaac_ros_common:${AMENT_PREFIX_PATH} CMAKE_PREFIX_PATH=/home/sophie/visionaid/isaac_ros_ws/install/isaac_ros_moveit_benchmark:/home/sophie/visionaid/isaac_ros_ws/install/ros2_benchmark:/home/sophie/visionaid/isaac_ros_ws/install/ros2_benchmark_interfaces:/home/sophie/visionaid/isaac_ros_ws/install/isaac_ros_common:/opt/ros/humble LD_LIBRARY_PATH=/home/sophie/visionaid/isaac_ros_ws/install/ros2_benchmark/lib:/home/sophie/visionaid/isaac_ros_ws/install/ros2_benchmark_interfaces/lib:/home/sophie/visionaid/isaac_ros_ws/install/isaac_ros_common/lib:${LD_LIBRARY_PATH} PATH=/home/sophie/visionaid/isaac_ros_ws/install/isaac_ros_common/bin:${PATH} PYTHONPATH=/home/sophie/visionaid/isaac_ros_ws/install/isaac_ros_moveit_benchmark/local/lib/python3.10/dist-packages:/home/sophie/visionaid/isaac_ros_ws/install/ros2_benchmark/local/lib/python3.10/dist-packages:/home/sophie/visionaid/isaac_ros_ws/install/ros2_benchmark_interfaces/local/lib/python3.10/dist-packages:/home/sophie/visionaid/isaac_ros_ws/install/isaac_ros_common/local/lib/python3.10/dist-packages:${PYTHONPATH} /usr/bin/cmake /home/sophie/visionaid/isaac_ros_ws/src/isaac_ros_benchmark/benchmarks/isaac_ros_moveit_benchmark/isaac_ros_moveit_robot_benchmark/franka/isaac_ros_franka_cumotion_benchmark -DCMAKE_BUILD_TYPE=Release -DBUILD_TESTING=OFF -DCMAKE_CUDA_ARCHITECTURES=89 -DAMENT_CMAKE_SYMLINK_INSTALL=1 -DCMAKE_INSTALL_PREFIX=/home/sophie/visionaid/isaac_ros_ws/install/isaac_ros_franka_cumotion_benchmark
[0.053s] -- The C compiler identification is GNU 11.4.0
[0.090s] -- The CXX compiler identification is GNU 11.4.0
[0.094s] -- Detecting C compiler ABI info
[0.141s] -- Detecting C compiler ABI info - done
[0.147s] -- Check for working C compiler: /usr/bin/cc - skipped
[0.147s] -- Detecting C compile features
[0.147s] -- Detecting C compile features - done
[0.149s] -- Detecting CXX compiler ABI info
[0.207s] -- Detecting CXX compiler ABI info - done
[0.214s] -- Check for working CXX compiler: /usr/bin/c++ - skipped
[0.214s] -- Detecting CXX compile features
[0.215s] -- Detecting CXX compile features - done
[0.216s] -- Found ament_cmake_auto: 1.3.11 (/opt/ros/humble/share/ament_cmake_auto/cmake)
[0.315s] -- Found Python3: /usr/bin/python3 (found version "3.10.12") found components: Interpreter 
[0.361s] -- Override CMake install command with custom implementation using symlinks instead of copying resources
[0.409s] -- Loading isaac_ros_common extras
[0.409s] -- CMAKE_BUILD_TYPE: Release
[0.427s] -- Looking for pthread.h
[0.484s] -- Looking for pthread.h - found
[0.484s] -- Performing Test CMAKE_HAVE_LIBC_PTHREAD
[0.539s] -- Performing Test CMAKE_HAVE_LIBC_PTHREAD - Success
[0.539s] -- Found Threads: TRUE  
[0.545s] -- Found CUDA: /usr/local/cuda-12.8 (found version "12.8") 
[0.545s] -- CUDA architectures: 89
[0.545s] -- Loading isaac_ros_common extras (modules)
[0.565s] -- Found rosidl_generator_c: 3.1.6 (/opt/ros/humble/share/rosidl_generator_c/cmake)
[0.568s] -- Found rosidl_adapter: 3.1.6 (/opt/ros/humble/share/rosidl_adapter/cmake)
[0.572s] -- Found rosidl_generator_cpp: 3.1.6 (/opt/ros/humble/share/rosidl_generator_cpp/cmake)
[0.579s] -- Using all available rosidl_typesupport_c: rosidl_typesupport_fastrtps_c;rosidl_typesupport_introspection_c
[0.588s] -- Using all available rosidl_typesupport_cpp: rosidl_typesupport_fastrtps_cpp;rosidl_typesupport_introspection_cpp
[0.612s] -- Found rmw_implementation_cmake: 6.1.2 (/opt/ros/humble/share/rmw_implementation_cmake/cmake)
[0.614s] -- Found rmw_fastrtps_cpp: 6.2.7 (/opt/ros/humble/share/rmw_fastrtps_cpp/cmake)
[0.680s] -- Found OpenSSL: /usr/lib/x86_64-linux-gnu/libcrypto.so (found version "3.0.2")  
[0.696s] -- Found FastRTPS: /opt/ros/humble/include  
[0.721s] -- Using RMW implementation 'rmw_fastrtps_cpp' as default
[0.856s] -- Configuring done
[0.858s] -- Generating done
[0.860s] -- Build files have been written to: /home/sophie/visionaid/isaac_ros_ws/build/isaac_ros_franka_cumotion_benchmark
[0.867s] Invoked command in '/home/sophie/visionaid/isaac_ros_ws/build/isaac_ros_franka_cumotion_benchmark' returned '0': AMENT_PREFIX_PATH=/home/sophie/visionaid/isaac_ros_ws/install/isaac_ros_moveit_benchmark:/home/sophie/visionaid/isaac_ros_ws/install/ros2_benchmark:/home/sophie/visionaid/isaac_ros_ws/install/ros2_benchmark_interfaces:/home/sophie/visionaid/isaac_ros_ws/install/isaac_ros_common:${AMENT_PREFIX_PATH} CMAKE_PREFIX_PATH=/home/sophie/visionaid/isaac_ros_ws/install/isaac_ros_moveit_benchmark:/home/sophie/visionaid/isaac_ros_ws/install/ros2_benchmark:/home/sophie/visionaid/isaac_ros_ws/install/ros2_benchmark_interfaces:/home/sophie/visionaid/isaac_ros_ws/install/isaac_ros_common:/opt/ros/humble LD_LIBRARY_PATH=/home/sophie/visionaid/isaac_ros_ws/install/ros2_benchmark/lib:/home/sophie/visionaid/isaac_ros_ws/install/ros2_benchmark_interfaces/lib:/home/sophie/visionaid/isaac_ros_ws/install/isaac_ros_common/lib:${LD_LIBRARY_PATH} PATH=/home/sophie/visionaid/isaac_ros_ws/install/isaac_ros_common/bin:${PATH} PYTHONPATH=/home/sophie/visionaid/isaac_ros_ws/install/isaac_ros_moveit_benchmark/local/lib/python3.10/dist-packages:/home/sophie/visionaid/isaac_ros_ws/install/ros2_benchmark/local/lib/python3.10/dist-packages:/home/sophie/visionaid/isaac_ros_ws/install/ros2_benchmark_interfaces/local/lib/python3.10/dist-packages:/home/sophie/visionaid/isaac_ros_ws/install/isaac_ros_common/local/lib/python3.10/dist-packages:${PYTHONPATH} /usr/bin/cmake /home/sophie/visionaid/isaac_ros_ws/src/isaac_ros_benchmark/benchmarks/isaac_ros_moveit_benchmark/isaac_ros_moveit_robot_benchmark/franka/isaac_ros_franka_cumotion_benchmark -DCMAKE_BUILD_TYPE=Release -DBUILD_TESTING=OFF -DCMAKE_CUDA_ARCHITECTURES=89 -DAMENT_CMAKE_SYMLINK_INSTALL=1 -DCMAKE_INSTALL_PREFIX=/home/sophie/visionaid/isaac_ros_ws/install/isaac_ros_franka_cumotion_benchmark
[0.869s] Invoking command in '/home/sophie/visionaid/isaac_ros_ws/build/isaac_ros_franka_cumotion_benchmark': AMENT_PREFIX_PATH=/home/sophie/visionaid/isaac_ros_ws/install/isaac_ros_moveit_benchmark:/home/sophie/visionaid/isaac_ros_ws/install/ros2_benchmark:/home/sophie/visionaid/isaac_ros_ws/install/ros2_benchmark_interfaces:/home/sophie/visionaid/isaac_ros_ws/install/isaac_ros_common:${AMENT_PREFIX_PATH} CMAKE_PREFIX_PATH=/home/sophie/visionaid/isaac_ros_ws/install/isaac_ros_moveit_benchmark:/home/sophie/visionaid/isaac_ros_ws/install/ros2_benchmark:/home/sophie/visionaid/isaac_ros_ws/install/ros2_benchmark_interfaces:/home/sophie/visionaid/isaac_ros_ws/install/isaac_ros_common:/opt/ros/humble LD_LIBRARY_PATH=/home/sophie/visionaid/isaac_ros_ws/install/ros2_benchmark/lib:/home/sophie/visionaid/isaac_ros_ws/install/ros2_benchmark_interfaces/lib:/home/sophie/visionaid/isaac_ros_ws/install/isaac_ros_common/lib:${LD_LIBRARY_PATH} PATH=/home/sophie/visionaid/isaac_ros_ws/install/isaac_ros_common/bin:${PATH} PYTHONPATH=/home/sophie/visionaid/isaac_ros_ws/install/isaac_ros_moveit_benchmark/local/lib/python3.10/dist-packages:/home/sophie/visionaid/isaac_ros_ws/install/ros2_benchmark/local/lib/python3.10/dist-packages:/home/sophie/visionaid/isaac_ros_ws/install/ros2_benchmark_interfaces/local/lib/python3.10/dist-packages:/home/sophie/visionaid/isaac_ros_ws/install/isaac_ros_common/local/lib/python3.10/dist-packages:${PYTHONPATH} /usr/bin/cmake --build /home/sophie/visionaid/isaac_ros_ws/build/isaac_ros_franka_cumotion_benchmark -- -j22 -l22
[0.916s] Built target ament_cmake_python_symlink_isaac_ros_franka_cumotion_benchmark
[1.035s] running egg_info
[1.035s] creating isaac_ros_franka_cumotion_benchmark.egg-info
[1.036s] writing isaac_ros_franka_cumotion_benchmark.egg-info/PKG-INFO
[1.036s] writing dependency_links to isaac_ros_franka_cumotion_benchmark.egg-info/dependency_links.txt
[1.036s] writing top-level names to isaac_ros_franka_cumotion_benchmark.egg-info/top_level.txt
[1.036s] writing manifest file 'isaac_ros_franka_cumotion_benchmark.egg-info/SOURCES.txt'
[1.037s] reading manifest file 'isaac_ros_franka_cumotion_benchmark.egg-info/SOURCES.txt'
[1.037s] writing manifest file 'isaac_ros_franka_cumotion_benchmark.egg-info/SOURCES.txt'
[1.055s] Built target ament_cmake_python_build_isaac_ros_franka_cumotion_benchmark_egg
[1.066s] Invoked command in '/home/sophie/visionaid/isaac_ros_ws/build/isaac_ros_franka_cumotion_benchmark' returned '0': AMENT_PREFIX_PATH=/home/sophie/visionaid/isaac_ros_ws/install/isaac_ros_moveit_benchmark:/home/sophie/visionaid/isaac_ros_ws/install/ros2_benchmark:/home/sophie/visionaid/isaac_ros_ws/install/ros2_benchmark_interfaces:/home/sophie/visionaid/isaac_ros_ws/install/isaac_ros_common:${AMENT_PREFIX_PATH} CMAKE_PREFIX_PATH=/home/sophie/visionaid/isaac_ros_ws/install/isaac_ros_moveit_benchmark:/home/sophie/visionaid/isaac_ros_ws/install/ros2_benchmark:/home/sophie/visionaid/isaac_ros_ws/install/ros2_benchmark_interfaces:/home/sophie/visionaid/isaac_ros_ws/install/isaac_ros_common:/opt/ros/humble LD_LIBRARY_PATH=/home/sophie/visionaid/isaac_ros_ws/install/ros2_benchmark/lib:/home/sophie/visionaid/isaac_ros_ws/install/ros2_benchmark_interfaces/lib:/home/sophie/visionaid/isaac_ros_ws/install/isaac_ros_common/lib:${LD_LIBRARY_PATH} PATH=/home/sophie/visionaid/isaac_ros_ws/install/isaac_ros_common/bin:${PATH} PYTHONPATH=/home/sophie/visionaid/isaac_ros_ws/install/isaac_ros_moveit_benchmark/local/lib/python3.10/dist-packages:/home/sophie/visionaid/isaac_ros_ws/install/ros2_benchmark/local/lib/python3.10/dist-packages:/home/sophie/visionaid/isaac_ros_ws/install/ros2_benchmark_interfaces/local/lib/python3.10/dist-packages:/home/sophie/visionaid/isaac_ros_ws/install/isaac_ros_common/local/lib/python3.10/dist-packages:${PYTHONPATH} /usr/bin/cmake --build /home/sophie/visionaid/isaac_ros_ws/build/isaac_ros_franka_cumotion_benchmark -- -j22 -l22
[1.068s] Invoking command in '/home/sophie/visionaid/isaac_ros_ws/build/isaac_ros_franka_cumotion_benchmark': AMENT_PREFIX_PATH=/home/sophie/visionaid/isaac_ros_ws/install/isaac_ros_moveit_benchmark:/home/sophie/visionaid/isaac_ros_ws/install/ros2_benchmark:/home/sophie/visionaid/isaac_ros_ws/install/ros2_benchmark_interfaces:/home/sophie/visionaid/isaac_ros_ws/install/isaac_ros_common:${AMENT_PREFIX_PATH} CMAKE_PREFIX_PATH=/home/sophie/visionaid/isaac_ros_ws/install/isaac_ros_moveit_benchmark:/home/sophie/visionaid/isaac_ros_ws/install/ros2_benchmark:/home/sophie/visionaid/isaac_ros_ws/install/ros2_benchmark_interfaces:/home/sophie/visionaid/isaac_ros_ws/install/isaac_ros_common:/opt/ros/humble LD_LIBRARY_PATH=/home/sophie/visionaid/isaac_ros_ws/install/ros2_benchmark/lib:/home/sophie/visionaid/isaac_ros_ws/install/ros2_benchmark_interfaces/lib:/home/sophie/visionaid/isaac_ros_ws/install/isaac_ros_common/lib:${LD_LIBRARY_PATH} PATH=/home/sophie/visionaid/isaac_ros_ws/install/isaac_ros_common/bin:${PATH} PYTHONPATH=/home/sophie/visionaid/isaac_ros_ws/install/isaac_ros_moveit_benchmark/local/lib/python3.10/dist-packages:/home/sophie/visionaid/isaac_ros_ws/install/ros2_benchmark/local/lib/python3.10/dist-packages:/home/sophie/visionaid/isaac_ros_ws/install/ros2_benchmark_interfaces/local/lib/python3.10/dist-packages:/home/sophie/visionaid/isaac_ros_ws/install/isaac_ros_common/local/lib/python3.10/dist-packages:${PYTHONPATH} /usr/bin/cmake --install /home/sophie/visionaid/isaac_ros_ws/build/isaac_ros_franka_cumotion_benchmark
[1.073s] -- Install configuration: "Release"
[1.073s] -- Execute custom install script
[1.073s] -- Symlinking: /home/sophie/visionaid/isaac_ros_ws/install/isaac_ros_franka_cumotion_benchmark/share/isaac_ros_franka_cumotion_benchmark/environment/pythonpath.sh
[1.079s] -- Symlinking: /home/sophie/visionaid/isaac_ros_ws/install/isaac_ros_franka_cumotion_benchmark/share/isaac_ros_franka_cumotion_benchmark/environment/pythonpath.dsv
[1.086s] -- Symlinking: /home/sophie/visionaid/isaac_ros_ws/install/isaac_ros_franka_cumotion_benchmark/local/lib/python3.10/dist-packages/isaac_ros_franka_cumotion_benchmark-3.2.5-py3.10.egg-info/PKG-INFO
[1.091s] -- Symlinking: /home/sophie/visionaid/isaac_ros_ws/install/isaac_ros_franka_cumotion_benchmark/local/lib/python3.10/dist-packages/isaac_ros_franka_cumotion_benchmark-3.2.5-py3.10.egg-info/SOURCES.txt
[1.098s] -- Symlinking: /home/sophie/visionaid/isaac_ros_ws/install/isaac_ros_franka_cumotion_benchmark/local/lib/python3.10/dist-packages/isaac_ros_franka_cumotion_benchmark-3.2.5-py3.10.egg-info/dependency_links.txt
[1.105s] -- Symlinking: /home/sophie/visionaid/isaac_ros_ws/install/isaac_ros_franka_cumotion_benchmark/local/lib/python3.10/dist-packages/isaac_ros_franka_cumotion_benchmark-3.2.5-py3.10.egg-info/top_level.txt
[1.110s] -- Symlinking: /home/sophie/visionaid/isaac_ros_ws/install/isaac_ros_franka_cumotion_benchmark/local/lib/python3.10/dist-packages/isaac_ros_franka_cumotion_benchmark/__init__.py
[1.117s] -- Symlinking: /home/sophie/visionaid/isaac_ros_ws/install/isaac_ros_franka_cumotion_benchmark/share/isaac_ros_franka_cumotion_benchmark/franka_cumotion_benchmark_scripts/franka_cumotion_easy.py
[1.122s] -- Symlinking: /home/sophie/visionaid/isaac_ros_ws/install/isaac_ros_franka_cumotion_benchmark/share/isaac_ros_franka_cumotion_benchmark/franka_cumotion_benchmark_scripts/franka_cumotion_hard.py
[1.128s] -- Symlinking: /home/sophie/visionaid/isaac_ros_ws/install/isaac_ros_franka_cumotion_benchmark/share/isaac_ros_franka_cumotion_benchmark/franka_cumotion_benchmark_scripts/franka_cumotion_mbm.py
[1.132s] -- Symlinking: /home/sophie/visionaid/isaac_ros_ws/install/isaac_ros_franka_cumotion_benchmark/share/isaac_ros_franka_cumotion_benchmark/franka_cumotion_benchmark_scripts/franka_cumotion_medium.py
[1.139s] -- Symlinking: /home/sophie/visionaid/isaac_ros_ws/install/isaac_ros_franka_cumotion_benchmark/share/ament_index/resource_index/package_run_dependencies/isaac_ros_franka_cumotion_benchmark
[1.145s] -- Symlinking: /home/sophie/visionaid/isaac_ros_ws/install/isaac_ros_franka_cumotion_benchmark/share/ament_index/resource_index/parent_prefix_path/isaac_ros_franka_cumotion_benchmark
[1.151s] -- Symlinking: /home/sophie/visionaid/isaac_ros_ws/install/isaac_ros_franka_cumotion_benchmark/share/isaac_ros_franka_cumotion_benchmark/environment/ament_prefix_path.sh
[1.157s] -- Symlinking: /home/sophie/visionaid/isaac_ros_ws/install/isaac_ros_franka_cumotion_benchmark/share/isaac_ros_franka_cumotion_benchmark/environment/ament_prefix_path.dsv
[1.163s] -- Symlinking: /home/sophie/visionaid/isaac_ros_ws/install/isaac_ros_franka_cumotion_benchmark/share/isaac_ros_franka_cumotion_benchmark/environment/path.sh
[1.169s] -- Symlinking: /home/sophie/visionaid/isaac_ros_ws/install/isaac_ros_franka_cumotion_benchmark/share/isaac_ros_franka_cumotion_benchmark/environment/path.dsv
[1.177s] -- Symlinking: /home/sophie/visionaid/isaac_ros_ws/install/isaac_ros_franka_cumotion_benchmark/share/isaac_ros_franka_cumotion_benchmark/local_setup.bash
[1.182s] -- Symlinking: /home/sophie/visionaid/isaac_ros_ws/install/isaac_ros_franka_cumotion_benchmark/share/isaac_ros_franka_cumotion_benchmark/local_setup.sh
[1.188s] -- Symlinking: /home/sophie/visionaid/isaac_ros_ws/install/isaac_ros_franka_cumotion_benchmark/share/isaac_ros_franka_cumotion_benchmark/local_setup.zsh
[1.193s] -- Symlinking: /home/sophie/visionaid/isaac_ros_ws/install/isaac_ros_franka_cumotion_benchmark/share/isaac_ros_franka_cumotion_benchmark/local_setup.dsv
[1.200s] -- Symlinking: /home/sophie/visionaid/isaac_ros_ws/install/isaac_ros_franka_cumotion_benchmark/share/isaac_ros_franka_cumotion_benchmark/package.dsv
[1.207s] -- Symlinking: /home/sophie/visionaid/isaac_ros_ws/install/isaac_ros_franka_cumotion_benchmark/share/ament_index/resource_index/packages/isaac_ros_franka_cumotion_benchmark
[1.212s] -- Symlinking: /home/sophie/visionaid/isaac_ros_ws/install/isaac_ros_franka_cumotion_benchmark/share/isaac_ros_franka_cumotion_benchmark/cmake/ament_cmake_export_dependencies-extras.cmake
[1.219s] -- Symlinking: /home/sophie/visionaid/isaac_ros_ws/install/isaac_ros_franka_cumotion_benchmark/share/isaac_ros_franka_cumotion_benchmark/cmake/isaac_ros_franka_cumotion_benchmarkConfig.cmake
[1.223s] -- Symlinking: /home/sophie/visionaid/isaac_ros_ws/install/isaac_ros_franka_cumotion_benchmark/share/isaac_ros_franka_cumotion_benchmark/cmake/isaac_ros_franka_cumotion_benchmarkConfig-version.cmake
[1.227s] -- Symlinking: /home/sophie/visionaid/isaac_ros_ws/install/isaac_ros_franka_cumotion_benchmark/share/isaac_ros_franka_cumotion_benchmark/package.xml
[1.253s] Listing '/home/sophie/visionaid/isaac_ros_ws/install/isaac_ros_franka_cumotion_benchmark/local/lib/python3.10/dist-packages/isaac_ros_franka_cumotion_benchmark'...
[1.253s] Compiling '/home/sophie/visionaid/isaac_ros_ws/install/isaac_ros_franka_cumotion_benchmark/local/lib/python3.10/dist-packages/isaac_ros_franka_cumotion_benchmark/__init__.py'...
[1.258s] Invoked command in '/home/sophie/visionaid/isaac_ros_ws/build/isaac_ros_franka_cumotion_benchmark' returned '0': AMENT_PREFIX_PATH=/home/sophie/visionaid/isaac_ros_ws/install/isaac_ros_moveit_benchmark:/home/sophie/visionaid/isaac_ros_ws/install/ros2_benchmark:/home/sophie/visionaid/isaac_ros_ws/install/ros2_benchmark_interfaces:/home/sophie/visionaid/isaac_ros_ws/install/isaac_ros_common:${AMENT_PREFIX_PATH} CMAKE_PREFIX_PATH=/home/sophie/visionaid/isaac_ros_ws/install/isaac_ros_moveit_benchmark:/home/sophie/visionaid/isaac_ros_ws/install/ros2_benchmark:/home/sophie/visionaid/isaac_ros_ws/install/ros2_benchmark_interfaces:/home/sophie/visionaid/isaac_ros_ws/install/isaac_ros_common:/opt/ros/humble LD_LIBRARY_PATH=/home/sophie/visionaid/isaac_ros_ws/install/ros2_benchmark/lib:/home/sophie/visionaid/isaac_ros_ws/install/ros2_benchmark_interfaces/lib:/home/sophie/visionaid/isaac_ros_ws/install/isaac_ros_common/lib:${LD_LIBRARY_PATH} PATH=/home/sophie/visionaid/isaac_ros_ws/install/isaac_ros_common/bin:${PATH} PYTHONPATH=/home/sophie/visionaid/isaac_ros_ws/install/isaac_ros_moveit_benchmark/local/lib/python3.10/dist-packages:/home/sophie/visionaid/isaac_ros_ws/install/ros2_benchmark/local/lib/python3.10/dist-packages:/home/sophie/visionaid/isaac_ros_ws/install/ros2_benchmark_interfaces/local/lib/python3.10/dist-packages:/home/sophie/visionaid/isaac_ros_ws/install/isaac_ros_common/local/lib/python3.10/dist-packages:${PYTHONPATH} /usr/bin/cmake --install /home/sophie/visionaid/isaac_ros_ws/build/isaac_ros_franka_cumotion_benchmark
