[0.015s] Invoking command in '/home/sophie/visionaid/isaac_ros_ws/build/gxf_isaac_rectify': AMENT_PREFIX_PATH=/home/sophie/visionaid/isaac_ros_ws/install/gxf_isaac_messages:/home/sophie/visionaid/isaac_ros_ws/install/gxf_isaac_gems:/home/sophie/visionaid/isaac_ros_ws/install/isaac_ros_gxf:/home/sophie/visionaid/isaac_ros_ws/install/isaac_ros_common:${AMENT_PREFIX_PATH} CMAKE_PREFIX_PATH=/home/sophie/visionaid/isaac_ros_ws/install/gxf_isaac_messages:/home/sophie/visionaid/isaac_ros_ws/install/gxf_isaac_gems:/home/sophie/visionaid/isaac_ros_ws/install/isaac_ros_gxf:/home/sophie/visionaid/isaac_ros_ws/install/isaac_ros_common:/opt/ros/humble LD_LIBRARY_PATH=/home/sophie/visionaid/isaac_ros_ws/install/gxf_isaac_messages/lib:/home/sophie/visionaid/isaac_ros_ws/install/gxf_isaac_gems/lib:/home/sophie/visionaid/isaac_ros_ws/install/isaac_ros_gxf/lib:/home/sophie/visionaid/isaac_ros_ws/install/isaac_ros_common/lib:${LD_LIBRARY_PATH} PATH=/home/sophie/visionaid/isaac_ros_ws/install/isaac_ros_common/bin:${PATH} PYTHONPATH=/home/sophie/visionaid/isaac_ros_ws/install/isaac_ros_common/local/lib/python3.10/dist-packages:${PYTHONPATH} /usr/bin/cmake /home/sophie/visionaid/isaac_ros_ws/src/isaac_ros_image_pipeline/isaac_ros_gxf_extensions/gxf_isaac_rectify -DCMAKE_BUILD_TYPE=Release -DBUILD_TESTING=OFF -DCMAKE_CUDA_ARCHITECTURES=89 -DAMENT_CMAKE_SYMLINK_INSTALL=1 -DCMAKE_INSTALL_PREFIX=/home/sophie/visionaid/isaac_ros_ws/install/gxf_isaac_rectify
[0.056s] -- The C compiler identification is GNU 11.4.0
[0.091s] -- The CXX compiler identification is GNU 11.4.0
[0.096s] -- Detecting C compiler ABI info
[0.148s] -- Detecting C compiler ABI info - done
[0.155s] -- Check for working C compiler: /usr/bin/cc - skipped
[0.155s] -- Detecting C compile features
[0.156s] -- Detecting C compile features - done
[0.158s] -- Detecting CXX compiler ABI info
[0.219s] -- Detecting CXX compiler ABI info - done
[0.227s] -- Check for working CXX compiler: /usr/bin/c++ - skipped
[0.228s] -- Detecting CXX compile features
[0.228s] -- Detecting CXX compile features - done
[0.229s] -- Found ament_cmake_auto: 1.3.11 (/opt/ros/humble/share/ament_cmake_auto/cmake)
[0.335s] -- Found Python3: /usr/bin/python3 (found version "3.10.12") found components: Interpreter 
[0.372s] -- Override CMake install command with custom implementation using symlinks instead of copying resources
[0.423s] -- Loading isaac_ros_common extras
[0.423s] -- CMAKE_BUILD_TYPE: Release
[0.437s] -- Looking for pthread.h
[0.488s] -- Looking for pthread.h - found
[0.488s] -- Performing Test CMAKE_HAVE_LIBC_PTHREAD
[0.545s] -- Performing Test CMAKE_HAVE_LIBC_PTHREAD - Success
[0.546s] -- Found Threads: TRUE  
[0.551s] -- Found CUDA: /usr/local/cuda-12.8 (found version "12.8") 
[0.551s] -- CUDA architectures: 89
[0.551s] -- Loading isaac_ros_common extras (modules)
[0.569s] -- Found rosidl_generator_c: 3.1.6 (/opt/ros/humble/share/rosidl_generator_c/cmake)
[0.572s] -- Found rosidl_adapter: 3.1.6 (/opt/ros/humble/share/rosidl_adapter/cmake)
[0.576s] -- Found rosidl_generator_cpp: 3.1.6 (/opt/ros/humble/share/rosidl_generator_cpp/cmake)
[0.582s] -- Using all available rosidl_typesupport_c: rosidl_typesupport_fastrtps_c;rosidl_typesupport_introspection_c
[0.591s] -- Using all available rosidl_typesupport_cpp: rosidl_typesupport_fastrtps_cpp;rosidl_typesupport_introspection_cpp
[0.613s] -- Found rmw_implementation_cmake: 6.1.2 (/opt/ros/humble/share/rmw_implementation_cmake/cmake)
[0.615s] -- Found rmw_fastrtps_cpp: 6.2.7 (/opt/ros/humble/share/rmw_fastrtps_cpp/cmake)
[0.686s] -- Found OpenSSL: /usr/lib/x86_64-linux-gnu/libcrypto.so (found version "3.0.2")  
[0.705s] -- Found FastRTPS: /opt/ros/humble/include  
[0.726s] -- Using RMW implementation 'rmw_fastrtps_cpp' as default
[0.761s] -- Loading isaac_ros_gxf extras
[0.770s] -- Found OpenCV: /usr (found version "4.5.4") 
[0.819s] -- Configuring done
[0.831s] -- Generating done
[0.834s] -- Build files have been written to: /home/sophie/visionaid/isaac_ros_ws/build/gxf_isaac_rectify
[0.842s] Invoked command in '/home/sophie/visionaid/isaac_ros_ws/build/gxf_isaac_rectify' returned '0': AMENT_PREFIX_PATH=/home/sophie/visionaid/isaac_ros_ws/install/gxf_isaac_messages:/home/sophie/visionaid/isaac_ros_ws/install/gxf_isaac_gems:/home/sophie/visionaid/isaac_ros_ws/install/isaac_ros_gxf:/home/sophie/visionaid/isaac_ros_ws/install/isaac_ros_common:${AMENT_PREFIX_PATH} CMAKE_PREFIX_PATH=/home/sophie/visionaid/isaac_ros_ws/install/gxf_isaac_messages:/home/sophie/visionaid/isaac_ros_ws/install/gxf_isaac_gems:/home/sophie/visionaid/isaac_ros_ws/install/isaac_ros_gxf:/home/sophie/visionaid/isaac_ros_ws/install/isaac_ros_common:/opt/ros/humble LD_LIBRARY_PATH=/home/sophie/visionaid/isaac_ros_ws/install/gxf_isaac_messages/lib:/home/sophie/visionaid/isaac_ros_ws/install/gxf_isaac_gems/lib:/home/sophie/visionaid/isaac_ros_ws/install/isaac_ros_gxf/lib:/home/sophie/visionaid/isaac_ros_ws/install/isaac_ros_common/lib:${LD_LIBRARY_PATH} PATH=/home/sophie/visionaid/isaac_ros_ws/install/isaac_ros_common/bin:${PATH} PYTHONPATH=/home/sophie/visionaid/isaac_ros_ws/install/isaac_ros_common/local/lib/python3.10/dist-packages:${PYTHONPATH} /usr/bin/cmake /home/sophie/visionaid/isaac_ros_ws/src/isaac_ros_image_pipeline/isaac_ros_gxf_extensions/gxf_isaac_rectify -DCMAKE_BUILD_TYPE=Release -DBUILD_TESTING=OFF -DCMAKE_CUDA_ARCHITECTURES=89 -DAMENT_CMAKE_SYMLINK_INSTALL=1 -DCMAKE_INSTALL_PREFIX=/home/sophie/visionaid/isaac_ros_ws/install/gxf_isaac_rectify
[0.844s] Invoking command in '/home/sophie/visionaid/isaac_ros_ws/build/gxf_isaac_rectify': AMENT_PREFIX_PATH=/home/sophie/visionaid/isaac_ros_ws/install/gxf_isaac_messages:/home/sophie/visionaid/isaac_ros_ws/install/gxf_isaac_gems:/home/sophie/visionaid/isaac_ros_ws/install/isaac_ros_gxf:/home/sophie/visionaid/isaac_ros_ws/install/isaac_ros_common:${AMENT_PREFIX_PATH} CMAKE_PREFIX_PATH=/home/sophie/visionaid/isaac_ros_ws/install/gxf_isaac_messages:/home/sophie/visionaid/isaac_ros_ws/install/gxf_isaac_gems:/home/sophie/visionaid/isaac_ros_ws/install/isaac_ros_gxf:/home/sophie/visionaid/isaac_ros_ws/install/isaac_ros_common:/opt/ros/humble LD_LIBRARY_PATH=/home/sophie/visionaid/isaac_ros_ws/install/gxf_isaac_messages/lib:/home/sophie/visionaid/isaac_ros_ws/install/gxf_isaac_gems/lib:/home/sophie/visionaid/isaac_ros_ws/install/isaac_ros_gxf/lib:/home/sophie/visionaid/isaac_ros_ws/install/isaac_ros_common/lib:${LD_LIBRARY_PATH} PATH=/home/sophie/visionaid/isaac_ros_ws/install/isaac_ros_common/bin:${PATH} PYTHONPATH=/home/sophie/visionaid/isaac_ros_ws/install/isaac_ros_common/local/lib/python3.10/dist-packages:${PYTHONPATH} /usr/bin/cmake --build /home/sophie/visionaid/isaac_ros_ws/build/gxf_isaac_rectify -- -j22 -l22
[0.888s] [ 12%] [32mBuilding CXX object CMakeFiles/gxf_isaac_rectify.dir/gxf/extensions/rectify/components/stereo_extrinsics_normalizer.cpp.o[0m
[0.888s] [ 25%] [32mBuilding CXX object CMakeFiles/gxf_isaac_rectify.dir/gxf/extensions/rectify/utils/camera_utils.cpp.o[0m
[0.888s] [ 37%] [32mBuilding CXX object CMakeFiles/gxf_isaac_rectify.dir/gxf/extensions/rectify/rectify.cpp.o[0m
[0.888s] [ 62%] [32mBuilding CXX object CMakeFiles/gxf_isaac_rectify.dir/gxf/extensions/rectify/components/undistort_params_generator.cpp.o[0m
[0.888s] [ 62%] [32mBuilding CXX object CMakeFiles/gxf_isaac_rectify.dir/gxf/extensions/rectify/components/rectify_params_generator.cpp.o[0m
[0.889s] [ 75%] [34m[1mGenerating version information as YAML[0m
[0.889s] [ 87%] [32mBuilding CXX object CMakeFiles/gxf_isaac_rectify.dir/gxf/extensions/rectify/utils/utils.cpp.o[0m
[0.946s] [ 87%] Built target generate_version_info_target_gxf_isaac_rectify
[3.962s] [100%] [32m[1mLinking CXX shared library libgxf_isaac_rectify.so[0m
[4.112s] [100%] Built target gxf_isaac_rectify
[4.121s] Invoked command in '/home/sophie/visionaid/isaac_ros_ws/build/gxf_isaac_rectify' returned '0': AMENT_PREFIX_PATH=/home/sophie/visionaid/isaac_ros_ws/install/gxf_isaac_messages:/home/sophie/visionaid/isaac_ros_ws/install/gxf_isaac_gems:/home/sophie/visionaid/isaac_ros_ws/install/isaac_ros_gxf:/home/sophie/visionaid/isaac_ros_ws/install/isaac_ros_common:${AMENT_PREFIX_PATH} CMAKE_PREFIX_PATH=/home/sophie/visionaid/isaac_ros_ws/install/gxf_isaac_messages:/home/sophie/visionaid/isaac_ros_ws/install/gxf_isaac_gems:/home/sophie/visionaid/isaac_ros_ws/install/isaac_ros_gxf:/home/sophie/visionaid/isaac_ros_ws/install/isaac_ros_common:/opt/ros/humble LD_LIBRARY_PATH=/home/sophie/visionaid/isaac_ros_ws/install/gxf_isaac_messages/lib:/home/sophie/visionaid/isaac_ros_ws/install/gxf_isaac_gems/lib:/home/sophie/visionaid/isaac_ros_ws/install/isaac_ros_gxf/lib:/home/sophie/visionaid/isaac_ros_ws/install/isaac_ros_common/lib:${LD_LIBRARY_PATH} PATH=/home/sophie/visionaid/isaac_ros_ws/install/isaac_ros_common/bin:${PATH} PYTHONPATH=/home/sophie/visionaid/isaac_ros_ws/install/isaac_ros_common/local/lib/python3.10/dist-packages:${PYTHONPATH} /usr/bin/cmake --build /home/sophie/visionaid/isaac_ros_ws/build/gxf_isaac_rectify -- -j22 -l22
[4.122s] Invoking command in '/home/sophie/visionaid/isaac_ros_ws/build/gxf_isaac_rectify': AMENT_PREFIX_PATH=/home/sophie/visionaid/isaac_ros_ws/install/gxf_isaac_messages:/home/sophie/visionaid/isaac_ros_ws/install/gxf_isaac_gems:/home/sophie/visionaid/isaac_ros_ws/install/isaac_ros_gxf:/home/sophie/visionaid/isaac_ros_ws/install/isaac_ros_common:${AMENT_PREFIX_PATH} CMAKE_PREFIX_PATH=/home/sophie/visionaid/isaac_ros_ws/install/gxf_isaac_messages:/home/sophie/visionaid/isaac_ros_ws/install/gxf_isaac_gems:/home/sophie/visionaid/isaac_ros_ws/install/isaac_ros_gxf:/home/sophie/visionaid/isaac_ros_ws/install/isaac_ros_common:/opt/ros/humble LD_LIBRARY_PATH=/home/sophie/visionaid/isaac_ros_ws/install/gxf_isaac_messages/lib:/home/sophie/visionaid/isaac_ros_ws/install/gxf_isaac_gems/lib:/home/sophie/visionaid/isaac_ros_ws/install/isaac_ros_gxf/lib:/home/sophie/visionaid/isaac_ros_ws/install/isaac_ros_common/lib:${LD_LIBRARY_PATH} PATH=/home/sophie/visionaid/isaac_ros_ws/install/isaac_ros_common/bin:${PATH} PYTHONPATH=/home/sophie/visionaid/isaac_ros_ws/install/isaac_ros_common/local/lib/python3.10/dist-packages:${PYTHONPATH} /usr/bin/cmake --install /home/sophie/visionaid/isaac_ros_ws/build/gxf_isaac_rectify
[4.128s] -- Install configuration: "Release"
[4.128s] -- Execute custom install script
[4.128s] -- Symlinking: /home/sophie/visionaid/isaac_ros_ws/install/gxf_isaac_rectify/share/gxf_isaac_rectify/gxf/lib/libgxf_isaac_rectify.so
[4.135s] -- Symlinking: /home/sophie/visionaid/isaac_ros_ws/install/gxf_isaac_rectify/share/gxf_isaac_rectify/version_info.yaml
[4.142s] -- Symlinking: /home/sophie/visionaid/isaac_ros_ws/install/gxf_isaac_rectify/share/gxf_isaac_rectify/environment/library_path.sh
[4.148s] -- Symlinking: /home/sophie/visionaid/isaac_ros_ws/install/gxf_isaac_rectify/share/gxf_isaac_rectify/environment/library_path.dsv
[4.152s] -- Symlinking: /home/sophie/visionaid/isaac_ros_ws/install/gxf_isaac_rectify/lib/libgxf_isaac_rectify.so
[4.159s] -- Symlinking: /home/sophie/visionaid/isaac_ros_ws/install/gxf_isaac_rectify/share/ament_index/resource_index/package_run_dependencies/gxf_isaac_rectify
[4.165s] -- Symlinking: /home/sophie/visionaid/isaac_ros_ws/install/gxf_isaac_rectify/share/ament_index/resource_index/parent_prefix_path/gxf_isaac_rectify
[4.170s] -- Symlinking: /home/sophie/visionaid/isaac_ros_ws/install/gxf_isaac_rectify/share/gxf_isaac_rectify/environment/ament_prefix_path.sh
[4.178s] -- Symlinking: /home/sophie/visionaid/isaac_ros_ws/install/gxf_isaac_rectify/share/gxf_isaac_rectify/environment/ament_prefix_path.dsv
[4.183s] -- Symlinking: /home/sophie/visionaid/isaac_ros_ws/install/gxf_isaac_rectify/share/gxf_isaac_rectify/environment/path.sh
[4.189s] -- Symlinking: /home/sophie/visionaid/isaac_ros_ws/install/gxf_isaac_rectify/share/gxf_isaac_rectify/environment/path.dsv
[4.195s] -- Symlinking: /home/sophie/visionaid/isaac_ros_ws/install/gxf_isaac_rectify/share/gxf_isaac_rectify/local_setup.bash
[4.199s] -- Symlinking: /home/sophie/visionaid/isaac_ros_ws/install/gxf_isaac_rectify/share/gxf_isaac_rectify/local_setup.sh
[4.206s] -- Symlinking: /home/sophie/visionaid/isaac_ros_ws/install/gxf_isaac_rectify/share/gxf_isaac_rectify/local_setup.zsh
[4.211s] -- Symlinking: /home/sophie/visionaid/isaac_ros_ws/install/gxf_isaac_rectify/share/gxf_isaac_rectify/local_setup.dsv
[4.217s] -- Symlinking: /home/sophie/visionaid/isaac_ros_ws/install/gxf_isaac_rectify/share/gxf_isaac_rectify/package.dsv
[4.222s] -- Symlinking: /home/sophie/visionaid/isaac_ros_ws/install/gxf_isaac_rectify/share/ament_index/resource_index/packages/gxf_isaac_rectify
[4.227s] -- Symlinking: /home/sophie/visionaid/isaac_ros_ws/install/gxf_isaac_rectify/share/gxf_isaac_rectify/cmake/ament_cmake_export_dependencies-extras.cmake
[4.234s] -- Symlinking: /home/sophie/visionaid/isaac_ros_ws/install/gxf_isaac_rectify/share/gxf_isaac_rectify/cmake/ament_cmake_export_libraries-extras.cmake
[4.239s] -- Symlinking: /home/sophie/visionaid/isaac_ros_ws/install/gxf_isaac_rectify/share/gxf_isaac_rectify/cmake/gxf_isaac_rectifyConfig.cmake
[4.244s] -- Symlinking: /home/sophie/visionaid/isaac_ros_ws/install/gxf_isaac_rectify/share/gxf_isaac_rectify/cmake/gxf_isaac_rectifyConfig-version.cmake
[4.248s] -- Symlinking: /home/sophie/visionaid/isaac_ros_ws/install/gxf_isaac_rectify/share/gxf_isaac_rectify/package.xml
[4.256s] Invoked command in '/home/sophie/visionaid/isaac_ros_ws/build/gxf_isaac_rectify' returned '0': AMENT_PREFIX_PATH=/home/sophie/visionaid/isaac_ros_ws/install/gxf_isaac_messages:/home/sophie/visionaid/isaac_ros_ws/install/gxf_isaac_gems:/home/sophie/visionaid/isaac_ros_ws/install/isaac_ros_gxf:/home/sophie/visionaid/isaac_ros_ws/install/isaac_ros_common:${AMENT_PREFIX_PATH} CMAKE_PREFIX_PATH=/home/sophie/visionaid/isaac_ros_ws/install/gxf_isaac_messages:/home/sophie/visionaid/isaac_ros_ws/install/gxf_isaac_gems:/home/sophie/visionaid/isaac_ros_ws/install/isaac_ros_gxf:/home/sophie/visionaid/isaac_ros_ws/install/isaac_ros_common:/opt/ros/humble LD_LIBRARY_PATH=/home/sophie/visionaid/isaac_ros_ws/install/gxf_isaac_messages/lib:/home/sophie/visionaid/isaac_ros_ws/install/gxf_isaac_gems/lib:/home/sophie/visionaid/isaac_ros_ws/install/isaac_ros_gxf/lib:/home/sophie/visionaid/isaac_ros_ws/install/isaac_ros_common/lib:${LD_LIBRARY_PATH} PATH=/home/sophie/visionaid/isaac_ros_ws/install/isaac_ros_common/bin:${PATH} PYTHONPATH=/home/sophie/visionaid/isaac_ros_ws/install/isaac_ros_common/local/lib/python3.10/dist-packages:${PYTHONPATH} /usr/bin/cmake --install /home/sophie/visionaid/isaac_ros_ws/build/gxf_isaac_rectify
