-- Found ament_cmake_auto: 1.3.11 (/opt/ros/humble/share/ament_cmake_auto/cmake)
-- Override CMake install command with custom implementation using symlinks instead of copying resources
-- Loading isaac_ros_common extras
-- CMAKE_BUILD_TYPE: Release
-- CUDA architectures: 89
-- Loading isaac_ros_common extras (modules)
-- Found rosidl_generator_c: 3.1.6 (/opt/ros/humble/share/rosidl_generator_c/cmake)
-- Found rosidl_adapter: 3.1.6 (/opt/ros/humble/share/rosidl_adapter/cmake)
-- Found rosidl_generator_cpp: 3.1.6 (/opt/ros/humble/share/rosidl_generator_cpp/cmake)
-- Using all available rosidl_typesupport_c: rosidl_typesupport_fastrtps_c;rosidl_typesupport_introspection_c
-- Using all available rosidl_typesupport_cpp: rosidl_typesupport_fastrtps_cpp;rosidl_typesupport_introspection_cpp
-- Found rmw_implementation_cmake: 6.1.2 (/opt/ros/humble/share/rmw_implementation_cmake/cmake)
-- Found rmw_fastrtps_cpp: 6.2.7 (/opt/ros/humble/share/rmw_fastrtps_cpp/cmake)
-- Using RMW implementation 'rmw_fastrtps_cpp' as default
-- Loading isaac_ros_gxf extras
-- Configuring done
-- Generating done
-- Build files have been written to: /home/sophie/visionaid/isaac_ros_ws/build/gxf_isaac_image_flip
[35m[1mConsolidate compiler generated dependencies of target gxf_isaac_image_flip[0m
[ 25%] Built target generate_version_info_target_gxf_isaac_image_flip
[100%] Built target gxf_isaac_image_flip
-- Install configuration: "Release"
-- Execute custom install script
-- Up-to-date symlink: /home/sophie/visionaid/isaac_ros_ws/install/gxf_isaac_image_flip/share/gxf_isaac_image_flip/gxf/lib/libgxf_isaac_image_flip.so
-- Up-to-date symlink: /home/sophie/visionaid/isaac_ros_ws/install/gxf_isaac_image_flip/share/gxf_isaac_image_flip/version_info.yaml
-- Up-to-date symlink: /home/sophie/visionaid/isaac_ros_ws/install/gxf_isaac_image_flip/share/gxf_isaac_image_flip/environment/library_path.sh
-- Up-to-date symlink: /home/sophie/visionaid/isaac_ros_ws/install/gxf_isaac_image_flip/share/gxf_isaac_image_flip/environment/library_path.dsv
-- Up-to-date symlink: /home/sophie/visionaid/isaac_ros_ws/install/gxf_isaac_image_flip/lib/libgxf_isaac_image_flip.so
-- Up-to-date symlink: /home/sophie/visionaid/isaac_ros_ws/install/gxf_isaac_image_flip/share/ament_index/resource_index/package_run_dependencies/gxf_isaac_image_flip
-- Up-to-date symlink: /home/sophie/visionaid/isaac_ros_ws/install/gxf_isaac_image_flip/share/ament_index/resource_index/parent_prefix_path/gxf_isaac_image_flip
-- Up-to-date symlink: /home/sophie/visionaid/isaac_ros_ws/install/gxf_isaac_image_flip/share/gxf_isaac_image_flip/environment/ament_prefix_path.sh
-- Up-to-date symlink: /home/sophie/visionaid/isaac_ros_ws/install/gxf_isaac_image_flip/share/gxf_isaac_image_flip/environment/ament_prefix_path.dsv
-- Up-to-date symlink: /home/sophie/visionaid/isaac_ros_ws/install/gxf_isaac_image_flip/share/gxf_isaac_image_flip/environment/path.sh
-- Up-to-date symlink: /home/sophie/visionaid/isaac_ros_ws/install/gxf_isaac_image_flip/share/gxf_isaac_image_flip/environment/path.dsv
-- Up-to-date symlink: /home/sophie/visionaid/isaac_ros_ws/install/gxf_isaac_image_flip/share/gxf_isaac_image_flip/local_setup.bash
-- Up-to-date symlink: /home/sophie/visionaid/isaac_ros_ws/install/gxf_isaac_image_flip/share/gxf_isaac_image_flip/local_setup.sh
-- Up-to-date symlink: /home/sophie/visionaid/isaac_ros_ws/install/gxf_isaac_image_flip/share/gxf_isaac_image_flip/local_setup.zsh
-- Up-to-date symlink: /home/sophie/visionaid/isaac_ros_ws/install/gxf_isaac_image_flip/share/gxf_isaac_image_flip/local_setup.dsv
-- Symlinking: /home/sophie/visionaid/isaac_ros_ws/install/gxf_isaac_image_flip/share/gxf_isaac_image_flip/package.dsv
-- Up-to-date symlink: /home/sophie/visionaid/isaac_ros_ws/install/gxf_isaac_image_flip/share/ament_index/resource_index/packages/gxf_isaac_image_flip
-- Up-to-date symlink: /home/sophie/visionaid/isaac_ros_ws/install/gxf_isaac_image_flip/share/gxf_isaac_image_flip/cmake/ament_cmake_export_dependencies-extras.cmake
-- Up-to-date symlink: /home/sophie/visionaid/isaac_ros_ws/install/gxf_isaac_image_flip/share/gxf_isaac_image_flip/cmake/ament_cmake_export_libraries-extras.cmake
-- Up-to-date symlink: /home/sophie/visionaid/isaac_ros_ws/install/gxf_isaac_image_flip/share/gxf_isaac_image_flip/cmake/gxf_isaac_image_flipConfig.cmake
-- Up-to-date symlink: /home/sophie/visionaid/isaac_ros_ws/install/gxf_isaac_image_flip/share/gxf_isaac_image_flip/cmake/gxf_isaac_image_flipConfig-version.cmake
-- Up-to-date symlink: /home/sophie/visionaid/isaac_ros_ws/install/gxf_isaac_image_flip/share/gxf_isaac_image_flip/package.xml
