[0.006s] Invoking command in '/home/sophie/visionaid/isaac_ros_ws/build/isaac_ros_r2b_galileo': AMENT_PREFIX_PATH=/home/sophie/visionaid/isaac_ros_ws/install/isaac_ros_common:${AMENT_PREFIX_PATH} CMAKE_PREFIX_PATH=/home/sophie/visionaid/isaac_ros_ws/install/isaac_ros_common:/opt/ros/humble LD_LIBRARY_PATH=/home/sophie/visionaid/isaac_ros_ws/install/isaac_ros_common/lib:${LD_LIBRARY_PATH} PATH=/home/sophie/visionaid/isaac_ros_ws/install/isaac_ros_common/bin:${PATH} PYTHONPATH=/home/sophie/visionaid/isaac_ros_ws/install/isaac_ros_common/local/lib/python3.10/dist-packages:${PYTHONPATH} /usr/bin/cmake /home/sophie/visionaid/isaac_ros_ws/src/isaac_ros_common/isaac_ros_r2b_galileo -DCMAKE_BUILD_TYPE=Release -DBUILD_TESTING=OFF -DCMAKE_CUDA_ARCHITECTURES=89 -DAMENT_CMAKE_SYMLINK_INSTALL=1 -DCMAKE_INSTALL_PREFIX=/home/sophie/visionaid/isaac_ros_ws/install/isaac_ros_r2b_galileo
[0.044s] -- The C compiler identification is GNU 11.4.0
[0.080s] -- The CXX compiler identification is GNU 11.4.0
[0.085s] -- Detecting C compiler ABI info
[0.139s] -- Detecting C compiler ABI info - done
[0.146s] -- Check for working C compiler: /usr/bin/cc - skipped
[0.146s] -- Detecting C compile features
[0.146s] -- Detecting C compile features - done
[0.148s] -- Detecting CXX compiler ABI info
[0.205s] -- Detecting CXX compiler ABI info - done
[0.210s] -- Check for working CXX compiler: /usr/bin/c++ - skipped
[0.210s] -- Detecting CXX compile features
[0.211s] -- Detecting CXX compile features - done
[0.211s] -- Found ament_cmake_auto: 1.3.11 (/opt/ros/humble/share/ament_cmake_auto/cmake)
[0.310s] -- Found Python3: /usr/bin/python3 (found version "3.10.12") found components: Interpreter 
[0.347s] -- Override CMake install command with custom implementation using symlinks instead of copying resources
[0.401s] -- Loading isaac_ros_common extras
[0.401s] -- CMAKE_BUILD_TYPE: Release
[0.416s] -- Looking for pthread.h
[0.471s] -- Looking for pthread.h - found
[0.471s] -- Performing Test CMAKE_HAVE_LIBC_PTHREAD
[0.532s] -- Performing Test CMAKE_HAVE_LIBC_PTHREAD - Success
[0.532s] -- Found Threads: TRUE  
[0.539s] -- Found CUDA: /usr/local/cuda-12.8 (found version "12.8") 
[0.540s] -- CUDA architectures: 89
[0.540s] -- Loading isaac_ros_common extras (modules)
[0.559s] -- Found rosidl_generator_c: 3.1.6 (/opt/ros/humble/share/rosidl_generator_c/cmake)
[0.561s] -- Found rosidl_adapter: 3.1.6 (/opt/ros/humble/share/rosidl_adapter/cmake)
[0.566s] -- Found rosidl_generator_cpp: 3.1.6 (/opt/ros/humble/share/rosidl_generator_cpp/cmake)
[0.572s] -- Using all available rosidl_typesupport_c: rosidl_typesupport_fastrtps_c;rosidl_typesupport_introspection_c
[0.581s] -- Using all available rosidl_typesupport_cpp: rosidl_typesupport_fastrtps_cpp;rosidl_typesupport_introspection_cpp
[0.607s] -- Found rmw_implementation_cmake: 6.1.2 (/opt/ros/humble/share/rmw_implementation_cmake/cmake)
[0.608s] -- Found rmw_fastrtps_cpp: 6.2.7 (/opt/ros/humble/share/rmw_fastrtps_cpp/cmake)
[0.669s] -- Found OpenSSL: /usr/lib/x86_64-linux-gnu/libcrypto.so (found version "3.0.2")  
[0.684s] -- Found FastRTPS: /opt/ros/humble/include  
[0.709s] -- Using RMW implementation 'rmw_fastrtps_cpp' as default
[54.199s] -- Configuring done
[54.202s] -- Generating done
[54.203s] -- Build files have been written to: /home/sophie/visionaid/isaac_ros_ws/build/isaac_ros_r2b_galileo
[54.210s] Invoked command in '/home/sophie/visionaid/isaac_ros_ws/build/isaac_ros_r2b_galileo' returned '0': AMENT_PREFIX_PATH=/home/sophie/visionaid/isaac_ros_ws/install/isaac_ros_common:${AMENT_PREFIX_PATH} CMAKE_PREFIX_PATH=/home/sophie/visionaid/isaac_ros_ws/install/isaac_ros_common:/opt/ros/humble LD_LIBRARY_PATH=/home/sophie/visionaid/isaac_ros_ws/install/isaac_ros_common/lib:${LD_LIBRARY_PATH} PATH=/home/sophie/visionaid/isaac_ros_ws/install/isaac_ros_common/bin:${PATH} PYTHONPATH=/home/sophie/visionaid/isaac_ros_ws/install/isaac_ros_common/local/lib/python3.10/dist-packages:${PYTHONPATH} /usr/bin/cmake /home/sophie/visionaid/isaac_ros_ws/src/isaac_ros_common/isaac_ros_r2b_galileo -DCMAKE_BUILD_TYPE=Release -DBUILD_TESTING=OFF -DCMAKE_CUDA_ARCHITECTURES=89 -DAMENT_CMAKE_SYMLINK_INSTALL=1 -DCMAKE_INSTALL_PREFIX=/home/sophie/visionaid/isaac_ros_ws/install/isaac_ros_r2b_galileo
[54.211s] Invoking command in '/home/sophie/visionaid/isaac_ros_ws/build/isaac_ros_r2b_galileo': AMENT_PREFIX_PATH=/home/sophie/visionaid/isaac_ros_ws/install/isaac_ros_common:${AMENT_PREFIX_PATH} CMAKE_PREFIX_PATH=/home/sophie/visionaid/isaac_ros_ws/install/isaac_ros_common:/opt/ros/humble LD_LIBRARY_PATH=/home/sophie/visionaid/isaac_ros_ws/install/isaac_ros_common/lib:${LD_LIBRARY_PATH} PATH=/home/sophie/visionaid/isaac_ros_ws/install/isaac_ros_common/bin:${PATH} PYTHONPATH=/home/sophie/visionaid/isaac_ros_ws/install/isaac_ros_common/local/lib/python3.10/dist-packages:${PYTHONPATH} /usr/bin/cmake --build /home/sophie/visionaid/isaac_ros_ws/build/isaac_ros_r2b_galileo -- -j22 -l22
[54.255s] [100%] [34m[1mGenerating version information as YAML[0m
[54.303s] [100%] Built target generate_version_info_target_isaac_ros_r2b_galileo
[54.313s] Invoked command in '/home/sophie/visionaid/isaac_ros_ws/build/isaac_ros_r2b_galileo' returned '0': AMENT_PREFIX_PATH=/home/sophie/visionaid/isaac_ros_ws/install/isaac_ros_common:${AMENT_PREFIX_PATH} CMAKE_PREFIX_PATH=/home/sophie/visionaid/isaac_ros_ws/install/isaac_ros_common:/opt/ros/humble LD_LIBRARY_PATH=/home/sophie/visionaid/isaac_ros_ws/install/isaac_ros_common/lib:${LD_LIBRARY_PATH} PATH=/home/sophie/visionaid/isaac_ros_ws/install/isaac_ros_common/bin:${PATH} PYTHONPATH=/home/sophie/visionaid/isaac_ros_ws/install/isaac_ros_common/local/lib/python3.10/dist-packages:${PYTHONPATH} /usr/bin/cmake --build /home/sophie/visionaid/isaac_ros_ws/build/isaac_ros_r2b_galileo -- -j22 -l22
[54.315s] Invoking command in '/home/sophie/visionaid/isaac_ros_ws/build/isaac_ros_r2b_galileo': AMENT_PREFIX_PATH=/home/sophie/visionaid/isaac_ros_ws/install/isaac_ros_common:${AMENT_PREFIX_PATH} CMAKE_PREFIX_PATH=/home/sophie/visionaid/isaac_ros_ws/install/isaac_ros_common:/opt/ros/humble LD_LIBRARY_PATH=/home/sophie/visionaid/isaac_ros_ws/install/isaac_ros_common/lib:${LD_LIBRARY_PATH} PATH=/home/sophie/visionaid/isaac_ros_ws/install/isaac_ros_common/bin:${PATH} PYTHONPATH=/home/sophie/visionaid/isaac_ros_ws/install/isaac_ros_common/local/lib/python3.10/dist-packages:${PYTHONPATH} /usr/bin/cmake --install /home/sophie/visionaid/isaac_ros_ws/build/isaac_ros_r2b_galileo
[54.321s] -- Install configuration: "Release"
[54.322s] -- Execute custom install script
[54.322s] -- Symlinking: /home/sophie/visionaid/isaac_ros_ws/install/isaac_ros_r2b_galileo/share/isaac_ros_r2b_galileo/version_info.yaml
[54.329s] -- Symlinking: /home/sophie/visionaid/isaac_ros_ws/install/isaac_ros_r2b_galileo/share/isaac_ros_r2b_galileo/data/r2b_galileo/metadata.yaml
[54.335s] -- Symlinking: /home/sophie/visionaid/isaac_ros_ws/install/isaac_ros_r2b_galileo/share/isaac_ros_r2b_galileo/data/r2b_galileo/r2b_galileo_0.mcap
[54.342s] -- Symlinking: /home/sophie/visionaid/isaac_ros_ws/install/isaac_ros_r2b_galileo/share/ament_index/resource_index/package_run_dependencies/isaac_ros_r2b_galileo
[54.349s] -- Symlinking: /home/sophie/visionaid/isaac_ros_ws/install/isaac_ros_r2b_galileo/share/ament_index/resource_index/parent_prefix_path/isaac_ros_r2b_galileo
[54.354s] -- Symlinking: /home/sophie/visionaid/isaac_ros_ws/install/isaac_ros_r2b_galileo/share/isaac_ros_r2b_galileo/environment/ament_prefix_path.sh
[54.360s] -- Symlinking: /home/sophie/visionaid/isaac_ros_ws/install/isaac_ros_r2b_galileo/share/isaac_ros_r2b_galileo/environment/ament_prefix_path.dsv
[54.365s] -- Symlinking: /home/sophie/visionaid/isaac_ros_ws/install/isaac_ros_r2b_galileo/share/isaac_ros_r2b_galileo/environment/path.sh
[54.372s] -- Symlinking: /home/sophie/visionaid/isaac_ros_ws/install/isaac_ros_r2b_galileo/share/isaac_ros_r2b_galileo/environment/path.dsv
[54.377s] -- Symlinking: /home/sophie/visionaid/isaac_ros_ws/install/isaac_ros_r2b_galileo/share/isaac_ros_r2b_galileo/local_setup.bash
[54.384s] -- Symlinking: /home/sophie/visionaid/isaac_ros_ws/install/isaac_ros_r2b_galileo/share/isaac_ros_r2b_galileo/local_setup.sh
[54.390s] -- Symlinking: /home/sophie/visionaid/isaac_ros_ws/install/isaac_ros_r2b_galileo/share/isaac_ros_r2b_galileo/local_setup.zsh
[54.397s] -- Symlinking: /home/sophie/visionaid/isaac_ros_ws/install/isaac_ros_r2b_galileo/share/isaac_ros_r2b_galileo/local_setup.dsv
[54.403s] -- Symlinking: /home/sophie/visionaid/isaac_ros_ws/install/isaac_ros_r2b_galileo/share/isaac_ros_r2b_galileo/package.dsv
[54.411s] -- Symlinking: /home/sophie/visionaid/isaac_ros_ws/install/isaac_ros_r2b_galileo/share/ament_index/resource_index/packages/isaac_ros_r2b_galileo
[54.419s] -- Symlinking: /home/sophie/visionaid/isaac_ros_ws/install/isaac_ros_r2b_galileo/share/isaac_ros_r2b_galileo/cmake/isaac_ros_r2b_galileoConfig.cmake
[54.425s] -- Symlinking: /home/sophie/visionaid/isaac_ros_ws/install/isaac_ros_r2b_galileo/share/isaac_ros_r2b_galileo/cmake/isaac_ros_r2b_galileoConfig-version.cmake
[54.433s] -- Symlinking: /home/sophie/visionaid/isaac_ros_ws/install/isaac_ros_r2b_galileo/share/isaac_ros_r2b_galileo/package.xml
[54.442s] Invoked command in '/home/sophie/visionaid/isaac_ros_ws/build/isaac_ros_r2b_galileo' returned '0': AMENT_PREFIX_PATH=/home/sophie/visionaid/isaac_ros_ws/install/isaac_ros_common:${AMENT_PREFIX_PATH} CMAKE_PREFIX_PATH=/home/sophie/visionaid/isaac_ros_ws/install/isaac_ros_common:/opt/ros/humble LD_LIBRARY_PATH=/home/sophie/visionaid/isaac_ros_ws/install/isaac_ros_common/lib:${LD_LIBRARY_PATH} PATH=/home/sophie/visionaid/isaac_ros_ws/install/isaac_ros_common/bin:${PATH} PYTHONPATH=/home/sophie/visionaid/isaac_ros_ws/install/isaac_ros_common/local/lib/python3.10/dist-packages:${PYTHONPATH} /usr/bin/cmake --install /home/sophie/visionaid/isaac_ros_ws/build/isaac_ros_r2b_galileo
