[0.086s] Invoking command in '/home/kanye/Documents/visionaid/build/ur5_gripper_moveit_config': CMAKE_PREFIX_PATH=${CMAKE_PREFIX_PATH}:/home/kanye/Documents/visionaid/isaac_ros_ws/install/yolov8_bdd100k_detection:/home/kanye/Documents/visionaid/isaac_ros_ws/install/vlm_scene_understanding:/home/kanye/Documents/visionaid/isaac_ros_ws/install/traffic_crossing_assistant:/home/kanye/Documents/visionaid/isaac_ros_ws/install/scene_description_system:/home/kanye/Documents/visionaid/isaac_ros_ws/install/isaac_ros_test:/home/kanye/Documents/visionaid/isaac_ros_ws/install/isaac_ros_pynitros:/home/kanye/Documents/visionaid/isaac_ros_ws/install/isaac_ros_rosbag_utils:/home/kanye/Documents/visionaid/isaac_ros_ws/install/isaac_ros_launch_utils:/home/kanye/Documents/visionaid/isaac_ros_ws/install/isaac_common_py:/home/kanye/Documents/visionaid/isaac_ros_ws/install/gps_navigation_system:/home/kanye/Documents/visionaid/isaac_ros_ws/install/camera_bridge:/home/kanye/Documents/visionaid/isaac_ros_ws/install/assistive_navigation_core:/opt/ros/humble /usr/bin/cmake --build /home/kanye/Documents/visionaid/build/ur5_gripper_moveit_config -- -j28 -l28
[1.222s] -- Found ament_cmake: 1.3.11 (/opt/ros/humble/share/ament_cmake/cmake)
[1.222s] -- Configuring done
[1.222s] -- Generating done
[1.223s] -- Build files have been written to: /home/kanye/Documents/visionaid/build/ur5_gripper_moveit_config
[1.321s] Invoked command in '/home/kanye/Documents/visionaid/build/ur5_gripper_moveit_config' returned '0': CMAKE_PREFIX_PATH=${CMAKE_PREFIX_PATH}:/home/kanye/Documents/visionaid/isaac_ros_ws/install/yolov8_bdd100k_detection:/home/kanye/Documents/visionaid/isaac_ros_ws/install/vlm_scene_understanding:/home/kanye/Documents/visionaid/isaac_ros_ws/install/traffic_crossing_assistant:/home/kanye/Documents/visionaid/isaac_ros_ws/install/scene_description_system:/home/kanye/Documents/visionaid/isaac_ros_ws/install/isaac_ros_test:/home/kanye/Documents/visionaid/isaac_ros_ws/install/isaac_ros_pynitros:/home/kanye/Documents/visionaid/isaac_ros_ws/install/isaac_ros_rosbag_utils:/home/kanye/Documents/visionaid/isaac_ros_ws/install/isaac_ros_launch_utils:/home/kanye/Documents/visionaid/isaac_ros_ws/install/isaac_common_py:/home/kanye/Documents/visionaid/isaac_ros_ws/install/gps_navigation_system:/home/kanye/Documents/visionaid/isaac_ros_ws/install/camera_bridge:/home/kanye/Documents/visionaid/isaac_ros_ws/install/assistive_navigation_core:/opt/ros/humble /usr/bin/cmake --build /home/kanye/Documents/visionaid/build/ur5_gripper_moveit_config -- -j28 -l28
[1.353s] Invoking command in '/home/kanye/Documents/visionaid/build/ur5_gripper_moveit_config': CMAKE_PREFIX_PATH=${CMAKE_PREFIX_PATH}:/home/kanye/Documents/visionaid/isaac_ros_ws/install/yolov8_bdd100k_detection:/home/kanye/Documents/visionaid/isaac_ros_ws/install/vlm_scene_understanding:/home/kanye/Documents/visionaid/isaac_ros_ws/install/traffic_crossing_assistant:/home/kanye/Documents/visionaid/isaac_ros_ws/install/scene_description_system:/home/kanye/Documents/visionaid/isaac_ros_ws/install/isaac_ros_test:/home/kanye/Documents/visionaid/isaac_ros_ws/install/isaac_ros_pynitros:/home/kanye/Documents/visionaid/isaac_ros_ws/install/isaac_ros_rosbag_utils:/home/kanye/Documents/visionaid/isaac_ros_ws/install/isaac_ros_launch_utils:/home/kanye/Documents/visionaid/isaac_ros_ws/install/isaac_common_py:/home/kanye/Documents/visionaid/isaac_ros_ws/install/gps_navigation_system:/home/kanye/Documents/visionaid/isaac_ros_ws/install/camera_bridge:/home/kanye/Documents/visionaid/isaac_ros_ws/install/assistive_navigation_core:/opt/ros/humble /usr/bin/cmake --install /home/kanye/Documents/visionaid/build/ur5_gripper_moveit_config
[1.830s] -- Install configuration: ""
[1.830s] -- Up-to-date: /home/kanye/Documents/visionaid/install/ur5_gripper_moveit_config/share/ament_index/resource_index/package_run_dependencies/ur5_gripper_moveit_config
[1.830s] -- Installing: /home/kanye/Documents/visionaid/install/ur5_gripper_moveit_config/share/ament_index/resource_index/parent_prefix_path/ur5_gripper_moveit_config
[1.830s] -- Installing: /home/kanye/Documents/visionaid/install/ur5_gripper_moveit_config/share/ur5_gripper_moveit_config/environment/ament_prefix_path.sh
[1.832s] -- Installing: /home/kanye/Documents/visionaid/install/ur5_gripper_moveit_config/share/ur5_gripper_moveit_config/environment/ament_prefix_path.dsv
[1.832s] -- Installing: /home/kanye/Documents/visionaid/install/ur5_gripper_moveit_config/share/ur5_gripper_moveit_config/environment/path.sh
[1.832s] -- Installing: /home/kanye/Documents/visionaid/install/ur5_gripper_moveit_config/share/ur5_gripper_moveit_config/environment/path.dsv
[1.832s] -- Up-to-date: /home/kanye/Documents/visionaid/install/ur5_gripper_moveit_config/share/ur5_gripper_moveit_config/local_setup.bash
[1.832s] -- Up-to-date: /home/kanye/Documents/visionaid/install/ur5_gripper_moveit_config/share/ur5_gripper_moveit_config/local_setup.sh
[1.832s] -- Up-to-date: /home/kanye/Documents/visionaid/install/ur5_gripper_moveit_config/share/ur5_gripper_moveit_config/local_setup.zsh
[1.832s] -- Installing: /home/kanye/Documents/visionaid/install/ur5_gripper_moveit_config/share/ur5_gripper_moveit_config/local_setup.dsv
[1.832s] -- Installing: /home/kanye/Documents/visionaid/install/ur5_gripper_moveit_config/share/ur5_gripper_moveit_config/package.dsv
[1.832s] -- Up-to-date: /home/kanye/Documents/visionaid/install/ur5_gripper_moveit_config/share/ament_index/resource_index/packages/ur5_gripper_moveit_config
[1.832s] -- Up-to-date: /home/kanye/Documents/visionaid/install/ur5_gripper_moveit_config/share/ur5_gripper_moveit_config/cmake/ur5_gripper_moveit_configConfig.cmake
[1.833s] -- Up-to-date: /home/kanye/Documents/visionaid/install/ur5_gripper_moveit_config/share/ur5_gripper_moveit_config/cmake/ur5_gripper_moveit_configConfig-version.cmake
[1.833s] -- Installing: /home/kanye/Documents/visionaid/install/ur5_gripper_moveit_config/share/ur5_gripper_moveit_config/package.xml
[1.833s] -- Up-to-date: /home/kanye/Documents/visionaid/install/ur5_gripper_moveit_config/share/ur5_gripper_moveit_config/launch
[1.833s] -- Installing: /home/kanye/Documents/visionaid/install/ur5_gripper_moveit_config/share/ur5_gripper_moveit_config/launch/rsp.launch.py
[1.833s] -- Installing: /home/kanye/Documents/visionaid/install/ur5_gripper_moveit_config/share/ur5_gripper_moveit_config/launch/move_group.launch.py
[1.833s] -- Installing: /home/kanye/Documents/visionaid/install/ur5_gripper_moveit_config/share/ur5_gripper_moveit_config/launch/setup_assistant.launch.py
[1.833s] -- Installing: /home/kanye/Documents/visionaid/install/ur5_gripper_moveit_config/share/ur5_gripper_moveit_config/launch/static_virtual_joint_tfs.launch.py
[1.833s] -- Installing: /home/kanye/Documents/visionaid/install/ur5_gripper_moveit_config/share/ur5_gripper_moveit_config/launch/demo.launch.py
[1.833s] -- Installing: /home/kanye/Documents/visionaid/install/ur5_gripper_moveit_config/share/ur5_gripper_moveit_config/launch/spawn_controllers.launch.py
[1.833s] -- Installing: /home/kanye/Documents/visionaid/install/ur5_gripper_moveit_config/share/ur5_gripper_moveit_config/launch/warehouse_db.launch.py
[1.833s] -- Installing: /home/kanye/Documents/visionaid/install/ur5_gripper_moveit_config/share/ur5_gripper_moveit_config/launch/moveit_rviz.launch.py
[1.833s] -- Up-to-date: /home/kanye/Documents/visionaid/install/ur5_gripper_moveit_config/share/ur5_gripper_moveit_config/config
[1.833s] -- Installing: /home/kanye/Documents/visionaid/install/ur5_gripper_moveit_config/share/ur5_gripper_moveit_config/config/moveit.rviz
[1.833s] -- Installing: /home/kanye/Documents/visionaid/install/ur5_gripper_moveit_config/share/ur5_gripper_moveit_config/config/isaac_ros_cumotion_planning.yaml
[1.833s] -- Installing: /home/kanye/Documents/visionaid/install/ur5_gripper_moveit_config/share/ur5_gripper_moveit_config/config/moveit_controllers.yaml
[1.833s] -- Installing: /home/kanye/Documents/visionaid/install/ur5_gripper_moveit_config/share/ur5_gripper_moveit_config/config/ros2_controllers.yaml
[1.834s] -- Installing: /home/kanye/Documents/visionaid/install/ur5_gripper_moveit_config/share/ur5_gripper_moveit_config/config/ompl_planning.yaml
[1.834s] -- Installing: /home/kanye/Documents/visionaid/install/ur5_gripper_moveit_config/share/ur5_gripper_moveit_config/config/chomp_planning.yaml
[1.834s] -- Installing: /home/kanye/Documents/visionaid/install/ur5_gripper_moveit_config/share/ur5_gripper_moveit_config/config/ur5_robotiq_85.srdf
[1.834s] -- Installing: /home/kanye/Documents/visionaid/install/ur5_gripper_moveit_config/share/ur5_gripper_moveit_config/config/pilz_cartesian_limits.yaml
[1.834s] -- Installing: /home/kanye/Documents/visionaid/install/ur5_gripper_moveit_config/share/ur5_gripper_moveit_config/config/joint_limits.yaml
[1.834s] -- Installing: /home/kanye/Documents/visionaid/install/ur5_gripper_moveit_config/share/ur5_gripper_moveit_config/config/ur5_robotiq_85.urdf.xacro
[1.834s] -- Installing: /home/kanye/Documents/visionaid/install/ur5_gripper_moveit_config/share/ur5_gripper_moveit_config/config/kinematics.yaml
[1.834s] -- Installing: /home/kanye/Documents/visionaid/install/ur5_gripper_moveit_config/share/ur5_gripper_moveit_config/config/ur5_robotiq_85.ros2_control.xacro
[1.834s] -- Installing: /home/kanye/Documents/visionaid/install/ur5_gripper_moveit_config/share/ur5_gripper_moveit_config/config/initial_positions.yaml
[1.834s] -- Installing: /home/kanye/Documents/visionaid/install/ur5_gripper_moveit_config/share/ur5_gripper_moveit_config/config/ur5_robotiq_85.xrdf
[1.834s] -- Installing: /home/kanye/Documents/visionaid/install/ur5_gripper_moveit_config/share/ur5_gripper_moveit_config/.setup_assistant
[1.902s] Invoked command in '/home/kanye/Documents/visionaid/build/ur5_gripper_moveit_config' returned '0': CMAKE_PREFIX_PATH=${CMAKE_PREFIX_PATH}:/home/kanye/Documents/visionaid/isaac_ros_ws/install/yolov8_bdd100k_detection:/home/kanye/Documents/visionaid/isaac_ros_ws/install/vlm_scene_understanding:/home/kanye/Documents/visionaid/isaac_ros_ws/install/traffic_crossing_assistant:/home/kanye/Documents/visionaid/isaac_ros_ws/install/scene_description_system:/home/kanye/Documents/visionaid/isaac_ros_ws/install/isaac_ros_test:/home/kanye/Documents/visionaid/isaac_ros_ws/install/isaac_ros_pynitros:/home/kanye/Documents/visionaid/isaac_ros_ws/install/isaac_ros_rosbag_utils:/home/kanye/Documents/visionaid/isaac_ros_ws/install/isaac_ros_launch_utils:/home/kanye/Documents/visionaid/isaac_ros_ws/install/isaac_common_py:/home/kanye/Documents/visionaid/isaac_ros_ws/install/gps_navigation_system:/home/kanye/Documents/visionaid/isaac_ros_ws/install/camera_bridge:/home/kanye/Documents/visionaid/isaac_ros_ws/install/assistive_navigation_core:/opt/ros/humble /usr/bin/cmake --install /home/kanye/Documents/visionaid/build/ur5_gripper_moveit_config
