[0.486s] Invoking command in '/home/kanye/Documents/visionaid/build/my_robot_localization': CMAKE_PREFIX_PATH=${CMAKE_PREFIX_PATH}:/home/kanye/Documents/visionaid/isaac_ros_ws/install/yolov8_bdd100k_detection:/home/kanye/Documents/visionaid/isaac_ros_ws/install/vlm_scene_understanding:/home/kanye/Documents/visionaid/isaac_ros_ws/install/traffic_crossing_assistant:/home/kanye/Documents/visionaid/isaac_ros_ws/install/scene_description_system:/home/kanye/Documents/visionaid/isaac_ros_ws/install/isaac_ros_test:/home/kanye/Documents/visionaid/isaac_ros_ws/install/isaac_ros_pynitros:/home/kanye/Documents/visionaid/isaac_ros_ws/install/isaac_ros_rosbag_utils:/home/kanye/Documents/visionaid/isaac_ros_ws/install/isaac_ros_launch_utils:/home/kanye/Documents/visionaid/isaac_ros_ws/install/isaac_common_py:/home/kanye/Documents/visionaid/isaac_ros_ws/install/gps_navigation_system:/home/kanye/Documents/visionaid/isaac_ros_ws/install/camera_bridge:/home/kanye/Documents/visionaid/isaac_ros_ws/install/assistive_navigation_core:/opt/ros/humble /usr/bin/cmake --build /home/kanye/Documents/visionaid/build/my_robot_localization -- -j28 -l28
[1.214s] -- Found ament_cmake: 1.3.11 (/opt/ros/humble/share/ament_cmake/cmake)
[1.214s] -- Found ament_lint_auto: 0.12.12 (/opt/ros/humble/share/ament_lint_auto/cmake)
[1.214s] -- Added test 'flake8' to check Python code syntax and style conventions
[1.215s] -- Added test 'lint_cmake' to check CMake code style
[1.215s] -- Added test 'pep257' to check Python code against some of the docstring style conventions in PEP 257
[1.215s] -- Added test 'xmllint' to check XML markup files
[1.215s] -- Configuring done
[1.215s] -- Generating done
[1.215s] -- Build files have been written to: /home/kanye/Documents/visionaid/build/my_robot_localization
[1.776s] Invoked command in '/home/kanye/Documents/visionaid/build/my_robot_localization' returned '0': CMAKE_PREFIX_PATH=${CMAKE_PREFIX_PATH}:/home/kanye/Documents/visionaid/isaac_ros_ws/install/yolov8_bdd100k_detection:/home/kanye/Documents/visionaid/isaac_ros_ws/install/vlm_scene_understanding:/home/kanye/Documents/visionaid/isaac_ros_ws/install/traffic_crossing_assistant:/home/kanye/Documents/visionaid/isaac_ros_ws/install/scene_description_system:/home/kanye/Documents/visionaid/isaac_ros_ws/install/isaac_ros_test:/home/kanye/Documents/visionaid/isaac_ros_ws/install/isaac_ros_pynitros:/home/kanye/Documents/visionaid/isaac_ros_ws/install/isaac_ros_rosbag_utils:/home/kanye/Documents/visionaid/isaac_ros_ws/install/isaac_ros_launch_utils:/home/kanye/Documents/visionaid/isaac_ros_ws/install/isaac_common_py:/home/kanye/Documents/visionaid/isaac_ros_ws/install/gps_navigation_system:/home/kanye/Documents/visionaid/isaac_ros_ws/install/camera_bridge:/home/kanye/Documents/visionaid/isaac_ros_ws/install/assistive_navigation_core:/opt/ros/humble /usr/bin/cmake --build /home/kanye/Documents/visionaid/build/my_robot_localization -- -j28 -l28
[1.782s] Invoking command in '/home/kanye/Documents/visionaid/build/my_robot_localization': CMAKE_PREFIX_PATH=${CMAKE_PREFIX_PATH}:/home/kanye/Documents/visionaid/isaac_ros_ws/install/yolov8_bdd100k_detection:/home/kanye/Documents/visionaid/isaac_ros_ws/install/vlm_scene_understanding:/home/kanye/Documents/visionaid/isaac_ros_ws/install/traffic_crossing_assistant:/home/kanye/Documents/visionaid/isaac_ros_ws/install/scene_description_system:/home/kanye/Documents/visionaid/isaac_ros_ws/install/isaac_ros_test:/home/kanye/Documents/visionaid/isaac_ros_ws/install/isaac_ros_pynitros:/home/kanye/Documents/visionaid/isaac_ros_ws/install/isaac_ros_rosbag_utils:/home/kanye/Documents/visionaid/isaac_ros_ws/install/isaac_ros_launch_utils:/home/kanye/Documents/visionaid/isaac_ros_ws/install/isaac_common_py:/home/kanye/Documents/visionaid/isaac_ros_ws/install/gps_navigation_system:/home/kanye/Documents/visionaid/isaac_ros_ws/install/camera_bridge:/home/kanye/Documents/visionaid/isaac_ros_ws/install/assistive_navigation_core:/opt/ros/humble /usr/bin/cmake --install /home/kanye/Documents/visionaid/build/my_robot_localization
[1.843s] -- Install configuration: ""
[1.843s] -- Up-to-date: /home/kanye/Documents/visionaid/install/my_robot_localization/share/my_robot_localization/launch
[1.850s] -- Installing: /home/kanye/Documents/visionaid/install/my_robot_localization/share/my_robot_localization/launch/ekf_gps_imu.launch.py
[1.854s] -- Installing: /home/kanye/Documents/visionaid/install/my_robot_localization/share/my_robot_localization/launch/stero_odom.launch.py
[1.854s] -- Installing: /home/kanye/Documents/visionaid/install/my_robot_localization/share/my_robot_localization/launch/rs_camera_launch.py
[1.854s] -- Installing: /home/kanye/Documents/visionaid/install/my_robot_localization/share/my_robot_localization/launch/imu_filter.launch.py
[1.854s] -- Installing: /home/kanye/Documents/visionaid/install/my_robot_localization/share/my_robot_localization/launch/rs_imu_pub.launch.py
[1.854s] -- Installing: /home/kanye/Documents/visionaid/install/my_robot_localization/share/my_robot_localization/launch/rtabmap_stereo.launch.py
[1.854s] -- Installing: /home/kanye/Documents/visionaid/install/my_robot_localization/lib/my_robot_localization/imu_pub.py
[1.855s] -- Installing: /home/kanye/Documents/visionaid/install/my_robot_localization/share/ament_index/resource_index/package_run_dependencies/my_robot_localization
[1.855s] -- Installing: /home/kanye/Documents/visionaid/install/my_robot_localization/share/ament_index/resource_index/parent_prefix_path/my_robot_localization
[1.855s] -- Installing: /home/kanye/Documents/visionaid/install/my_robot_localization/share/my_robot_localization/environment/ament_prefix_path.sh
[1.855s] -- Installing: /home/kanye/Documents/visionaid/install/my_robot_localization/share/my_robot_localization/environment/ament_prefix_path.dsv
[1.855s] -- Installing: /home/kanye/Documents/visionaid/install/my_robot_localization/share/my_robot_localization/environment/path.sh
[1.855s] -- Installing: /home/kanye/Documents/visionaid/install/my_robot_localization/share/my_robot_localization/environment/path.dsv
[1.855s] -- Up-to-date: /home/kanye/Documents/visionaid/install/my_robot_localization/share/my_robot_localization/local_setup.bash
[1.855s] -- Up-to-date: /home/kanye/Documents/visionaid/install/my_robot_localization/share/my_robot_localization/local_setup.sh
[1.855s] -- Up-to-date: /home/kanye/Documents/visionaid/install/my_robot_localization/share/my_robot_localization/local_setup.zsh
[1.855s] -- Installing: /home/kanye/Documents/visionaid/install/my_robot_localization/share/my_robot_localization/local_setup.dsv
[1.855s] -- Installing: /home/kanye/Documents/visionaid/install/my_robot_localization/share/my_robot_localization/package.dsv
[1.865s] -- Up-to-date: /home/kanye/Documents/visionaid/install/my_robot_localization/share/ament_index/resource_index/packages/my_robot_localization
[1.865s] -- Up-to-date: /home/kanye/Documents/visionaid/install/my_robot_localization/share/my_robot_localization/cmake/my_robot_localizationConfig.cmake
[1.866s] -- Up-to-date: /home/kanye/Documents/visionaid/install/my_robot_localization/share/my_robot_localization/cmake/my_robot_localizationConfig-version.cmake
[1.866s] -- Installing: /home/kanye/Documents/visionaid/install/my_robot_localization/share/my_robot_localization/package.xml
[1.923s] Invoked command in '/home/kanye/Documents/visionaid/build/my_robot_localization' returned '0': CMAKE_PREFIX_PATH=${CMAKE_PREFIX_PATH}:/home/kanye/Documents/visionaid/isaac_ros_ws/install/yolov8_bdd100k_detection:/home/kanye/Documents/visionaid/isaac_ros_ws/install/vlm_scene_understanding:/home/kanye/Documents/visionaid/isaac_ros_ws/install/traffic_crossing_assistant:/home/kanye/Documents/visionaid/isaac_ros_ws/install/scene_description_system:/home/kanye/Documents/visionaid/isaac_ros_ws/install/isaac_ros_test:/home/kanye/Documents/visionaid/isaac_ros_ws/install/isaac_ros_pynitros:/home/kanye/Documents/visionaid/isaac_ros_ws/install/isaac_ros_rosbag_utils:/home/kanye/Documents/visionaid/isaac_ros_ws/install/isaac_ros_launch_utils:/home/kanye/Documents/visionaid/isaac_ros_ws/install/isaac_common_py:/home/kanye/Documents/visionaid/isaac_ros_ws/install/gps_navigation_system:/home/kanye/Documents/visionaid/isaac_ros_ws/install/camera_bridge:/home/kanye/Documents/visionaid/isaac_ros_ws/install/assistive_navigation_core:/opt/ros/humble /usr/bin/cmake --install /home/kanye/Documents/visionaid/build/my_robot_localization
