[0.069s] Invoking command in '/home/kanye/Documents/visionaid/build/sm_random': /usr/bin/cmake /home/kanye/Documents/visionaid/calibration/camera/kalibr/Schweizer-Messer/sm_random -DCATKIN_INSTALL_INTO_PREFIX_ROOT=0 -DCMAKE_INSTALL_PREFIX=/home/kanye/Documents/visionaid/install/sm_random
[1.479s] -- Configuring incomplete, errors occurred!
[1.479s] See also "/home/kanye/Documents/visionaid/build/sm_random/CMakeFiles/CMakeOutput.log".
[1.479s] [31mCMake Error at CMakeLists.txt:4 (find_package):
[1.479s]   By not providing "Findcatkin.cmake" in CMAKE_MODULE_PATH this project has
[1.479s]   asked CMake to find a package configuration file provided by "catkin", but
[1.480s]   CMake did not find one.
[1.480s] 
[1.480s]   Could not find a package configuration file provided by "catkin" with any
[1.480s]   of the following names:
[1.480s] 
[1.480s]     catkinConfig.cmake
[1.480s]     catkin-config.cmake
[1.480s] 
[1.481s]   Add the installation prefix of "catkin" to CMAKE_PREFIX_PATH or set
[1.481s]   "catkin_DIR" to a directory containing one of the above files.  If "catkin"
[1.481s]   provides a separate development package or SDK, be sure it has been
[1.481s]   installed.
[1.481s] 
[1.481s] [0m
[1.551s] Invoked command in '/home/kanye/Documents/visionaid/build/sm_random' returned '1': /usr/bin/cmake /home/kanye/Documents/visionaid/calibration/camera/kalibr/Schweizer-Messer/sm_random -DCATKIN_INSTALL_INTO_PREFIX_ROOT=0 -DCMAKE_INSTALL_PREFIX=/home/kanye/Documents/visionaid/install/sm_random
