[0.597s] Invoking command in '/home/sophie/visionaid-1/build/traffic_crossing_assistant': AMENT_PREFIX_PATH=/home/sophie/visionaid-1/install/yolov8_detection:${AMENT_PREFIX_PATH} PYTHONPATH=/home/sophie/visionaid-1/build/traffic_crossing_assistant/prefix_override:/usr/lib/python3/dist-packages/colcon_core/task/python/colcon_distutils_commands:/home/sophie/visionaid-1/install/traffic_crossing_assistant/lib/python3.10/site-packages:/home/sophie/visionaid-1/install/yolov8_detection/lib/python3.10/site-packages:${PYTHONPATH} /usr/bin/python3 -W ignore:setup.py install is deprecated -W ignore:easy_install command is deprecated setup.py develop --editable --build-directory /home/sophie/visionaid-1/build/traffic_crossing_assistant/build --no-deps symlink_data --force
[0.822s] running develop
[0.960s] running egg_info
[0.968s] writing traffic_crossing_assistant.egg-info/PKG-INFO
[0.968s] writing dependency_links to traffic_crossing_assistant.egg-info/dependency_links.txt
[0.968s] writing entry points to traffic_crossing_assistant.egg-info/entry_points.txt
[0.968s] writing requirements to traffic_crossing_assistant.egg-info/requires.txt
[0.968s] writing top-level names to traffic_crossing_assistant.egg-info/top_level.txt
[0.985s] reading manifest file 'traffic_crossing_assistant.egg-info/SOURCES.txt'
[0.987s] writing manifest file 'traffic_crossing_assistant.egg-info/SOURCES.txt'
[1.017s] running build_ext
[1.017s] Creating /home/sophie/visionaid-1/install/traffic_crossing_assistant/lib/python3.10/site-packages/traffic-crossing-assistant.egg-link (link to .)
[1.018s] Installing analyze_experiments script to /home/sophie/visionaid-1/install/traffic_crossing_assistant/lib/traffic_crossing_assistant
[1.018s] Installing audio_feedback_system script to /home/sophie/visionaid-1/install/traffic_crossing_assistant/lib/traffic_crossing_assistant
[1.018s] Installing crosswalk_analyzer script to /home/sophie/visionaid-1/install/traffic_crossing_assistant/lib/traffic_crossing_assistant
[1.018s] Installing decision_engine script to /home/sophie/visionaid-1/install/traffic_crossing_assistant/lib/traffic_crossing_assistant
[1.018s] Installing ego_motion_compensator script to /home/sophie/visionaid-1/install/traffic_crossing_assistant/lib/traffic_crossing_assistant
[1.019s] Installing enhanced_audio_system script to /home/sophie/visionaid-1/install/traffic_crossing_assistant/lib/traffic_crossing_assistant
[1.019s] Installing experiment_recorder script to /home/sophie/visionaid-1/install/traffic_crossing_assistant/lib/traffic_crossing_assistant
[1.020s] Installing multimodal_safety_coordinator script to /home/sophie/visionaid-1/install/traffic_crossing_assistant/lib/traffic_crossing_assistant
[1.020s] Installing simple_3d_analyzer script to /home/sophie/visionaid-1/install/traffic_crossing_assistant/lib/traffic_crossing_assistant
[1.020s] Installing test_complete_system script to /home/sophie/visionaid-1/install/traffic_crossing_assistant/lib/traffic_crossing_assistant
[1.020s] Installing test_enhanced_3d_system script to /home/sophie/visionaid-1/install/traffic_crossing_assistant/lib/traffic_crossing_assistant
[1.020s] Installing test_vlm_integration script to /home/sophie/visionaid-1/install/traffic_crossing_assistant/lib/traffic_crossing_assistant
[1.020s] Installing traffic_light_analyzer script to /home/sophie/visionaid-1/install/traffic_crossing_assistant/lib/traffic_crossing_assistant
[1.020s] Installing validate_system script to /home/sophie/visionaid-1/install/traffic_crossing_assistant/lib/traffic_crossing_assistant
[1.020s] Installing vehicle_movement_analyzer script to /home/sophie/visionaid-1/install/traffic_crossing_assistant/lib/traffic_crossing_assistant
[1.020s] 
[1.020s] Installed /home/sophie/visionaid-1/build/traffic_crossing_assistant
[1.021s] running symlink_data
[1.021s] symbolically linking /home/sophie/visionaid-1/build/traffic_crossing_assistant/resource/traffic_crossing_assistant -> /home/sophie/visionaid-1/install/traffic_crossing_assistant/share/ament_index/resource_index/packages
[1.021s] symbolically linking /home/sophie/visionaid-1/build/traffic_crossing_assistant/package.xml -> /home/sophie/visionaid-1/install/traffic_crossing_assistant/share/traffic_crossing_assistant
[1.021s] symbolically linking /home/sophie/visionaid-1/build/traffic_crossing_assistant/config/taiwan_safety_config.yaml -> /home/sophie/visionaid-1/install/traffic_crossing_assistant/share/traffic_crossing_assistant/config
[1.021s] symbolically linking /home/sophie/visionaid-1/build/traffic_crossing_assistant/config/audio_config.yaml -> /home/sophie/visionaid-1/install/traffic_crossing_assistant/share/traffic_crossing_assistant/config
[1.021s] symbolically linking /home/sophie/visionaid-1/build/traffic_crossing_assistant/launch/multimodal_complete_system.launch.py -> /home/sophie/visionaid-1/install/traffic_crossing_assistant/share/traffic_crossing_assistant/launch
[1.021s] error: [Errno 2] No such file or directory: '/home/sophie/visionaid-1/install/traffic_crossing_assistant/share/traffic_crossing_assistant/launch/experiment_record_and_system.launch.py'
[1.081s] Invoked command in '/home/sophie/visionaid-1/build/traffic_crossing_assistant' returned '1': AMENT_PREFIX_PATH=/home/sophie/visionaid-1/install/yolov8_detection:${AMENT_PREFIX_PATH} PYTHONPATH=/home/sophie/visionaid-1/build/traffic_crossing_assistant/prefix_override:/usr/lib/python3/dist-packages/colcon_core/task/python/colcon_distutils_commands:/home/sophie/visionaid-1/install/traffic_crossing_assistant/lib/python3.10/site-packages:/home/sophie/visionaid-1/install/yolov8_detection/lib/python3.10/site-packages:${PYTHONPATH} /usr/bin/python3 -W ignore:setup.py install is deprecated -W ignore:easy_install command is deprecated setup.py develop --editable --build-directory /home/sophie/visionaid-1/build/traffic_crossing_assistant/build --no-deps symlink_data --force
