[0.084s] Invoking command in '/home/kanye/Documents/visionaid/build/isaac_ros_common': CMAKE_PREFIX_PATH=${CMAKE_PREFIX_PATH}:/opt/ros/humble /usr/bin/cmake /home/kanye/Documents/visionaid/isaac_ros_ws/src/isaac_ros_common/isaac_ros_common -DCMAKE_INSTALL_PREFIX=/home/kanye/Documents/visionaid/install/isaac_ros_common
[1.166s] -- The C compiler identification is GNU 11.4.0
[1.166s] -- The CXX compiler identification is GNU 11.4.0
[1.166s] -- Detecting C compiler ABI info
[1.166s] -- Detecting C compiler ABI info - done
[1.166s] -- Check for working C compiler: /usr/bin/cc - skipped
[1.166s] -- Detecting C compile features
[1.166s] -- Detecting C compile features - done
[1.166s] -- Detecting CXX compiler ABI info
[1.166s] -- Detecting CXX compiler ABI info - done
[1.166s] -- Check for working CXX compiler: /usr/bin/c++ - skipped
[1.166s] -- Detecting CXX compile features
[1.166s] -- Detecting CXX compile features - done
[1.166s] -- Found ament_cmake_auto: 1.3.11 (/opt/ros/humble/share/ament_cmake_auto/cmake)
[1.166s] -- Found Python3: /usr/bin/python3 (found version "3.10.12") found components: Interpreter 
[1.166s] -- Found rosidl_generator_c: 3.1.6 (/opt/ros/humble/share/rosidl_generator_c/cmake)
[1.166s] -- Found rosidl_adapter: 3.1.6 (/opt/ros/humble/share/rosidl_adapter/cmake)
[1.166s] -- Found rosidl_generator_cpp: 3.1.6 (/opt/ros/humble/share/rosidl_generator_cpp/cmake)
[1.166s] -- Using all available rosidl_typesupport_c: rosidl_typesupport_fastrtps_c;rosidl_typesupport_introspection_c
[1.166s] -- Using all available rosidl_typesupport_cpp: rosidl_typesupport_fastrtps_cpp;rosidl_typesupport_introspection_cpp
[1.166s] -- Found rmw_implementation_cmake: 6.1.2 (/opt/ros/humble/share/rmw_implementation_cmake/cmake)
[1.166s] -- Found rmw_fastrtps_cpp: 6.2.7 (/opt/ros/humble/share/rmw_fastrtps_cpp/cmake)
[1.167s] -- Found OpenSSL: /usr/lib/x86_64-linux-gnu/libcrypto.so (found version "3.0.2")  
[1.167s] -- Found FastRTPS: /opt/ros/humble/include  
[1.167s] -- Using RMW implementation 'rmw_fastrtps_cpp' as default
[1.167s] -- Looking for pthread.h
[1.167s] -- Looking for pthread.h - found
[1.167s] -- Performing Test CMAKE_HAVE_LIBC_PTHREAD
[1.167s] -- Performing Test CMAKE_HAVE_LIBC_PTHREAD - Success
[1.167s] -- Found Threads: TRUE  
[1.167s] -- Loading isaac_ros_common extras
[1.167s] -- CMAKE_BUILD_TYPE: Release
[1.167s] -- Found CUDA: /usr/local/cuda-12.8 (found version "12.8") 
[1.167s] -- CUDA architectures: 89;86;80;75;70
[1.167s] -- Found ament_lint_auto: 0.12.12 (/opt/ros/humble/share/ament_lint_auto/cmake)
[1.208s] -- Added test 'cppcheck' to perform static code analysis on C / C++ code
[1.208s] -- Configured cppcheck include dirs: /home/kanye/Documents/visionaid/isaac_ros_ws/src/isaac_ros_common/isaac_ros_common/include
[1.208s] -- Configured cppcheck exclude dirs and/or files: 
[1.210s] -- Added test 'cpplint' to check C / C++ code against the Google style
[1.210s] -- Configured cpplint exclude dirs and/or files: 
[1.210s] -- Added test 'flake8' to check Python code syntax and style conventions
[1.211s] -- Added test 'lint_cmake' to check CMake code style
[1.212s] -- Added test 'pep257' to check Python code against some of the docstring style conventions in PEP 257
[1.215s] -- Added test 'uncrustify' to check C / C++ code style
[1.215s] -- Configured uncrustify additional arguments: 
[1.215s] -- Added test 'xmllint' to check XML markup files
[1.219s] -- Configuring done
[1.229s] -- Generating done
[1.233s] -- Build files have been written to: /home/kanye/Documents/visionaid/build/isaac_ros_common
