[0.008s] Invoking command in '/home/kanye/Documents/visionaid/ros2_ws/build/my_robot_localization': CMAKE_PREFIX_PATH=${CMAKE_PREFIX_PATH}:/opt/ros/humble /usr/bin/cmake /home/kanye/Documents/visionaid/ros2_ws/src/my_robot_localization -DCMAKE_INSTALL_PREFIX=/home/kanye/Documents/visionaid/ros2_ws/install/my_robot_localization
[0.050s] -- The C compiler identification is GNU 11.4.0
[0.109s] -- The CXX compiler identification is GNU 11.4.0
[0.118s] -- Detecting C compiler ABI info
[0.179s] -- Detecting C compiler ABI info - done
[0.184s] -- Check for working C compiler: /usr/bin/cc - skipped
[0.184s] -- Detecting C compile features
[0.184s] -- Detecting C compile features - done
[0.187s] -- Detecting CXX compiler ABI info
[0.262s] -- Detecting CXX compiler ABI info - done
[0.267s] -- Check for working CXX compiler: /usr/bin/c++ - skipped
[0.267s] -- Detecting CXX compile features
[0.267s] -- Detecting CXX compile features - done
[0.269s] -- Found ament_cmake: 1.3.11 (/opt/ros/humble/share/ament_cmake/cmake)
[0.383s] -- Found Python3: /usr/bin/python3 (found version "3.10.12") found components: Interpreter 
[0.448s] -- Found ament_lint_auto: 0.12.12 (/opt/ros/humble/share/ament_lint_auto/cmake)
[0.500s] -- Added test 'lint_cmake' to check CMake code style
[0.501s] -- Added test 'xmllint' to check XML markup files
[0.502s] -- Configuring done
[0.503s] -- Generating done
[0.504s] -- Build files have been written to: /home/kanye/Documents/visionaid/ros2_ws/build/my_robot_localization
[0.508s] Invoked command in '/home/kanye/Documents/visionaid/ros2_ws/build/my_robot_localization' returned '0': CMAKE_PREFIX_PATH=${CMAKE_PREFIX_PATH}:/opt/ros/humble /usr/bin/cmake /home/kanye/Documents/visionaid/ros2_ws/src/my_robot_localization -DCMAKE_INSTALL_PREFIX=/home/kanye/Documents/visionaid/ros2_ws/install/my_robot_localization
[0.509s] Invoking command in '/home/kanye/Documents/visionaid/ros2_ws/build/my_robot_localization': CMAKE_PREFIX_PATH=${CMAKE_PREFIX_PATH}:/opt/ros/humble /usr/bin/cmake --build /home/kanye/Documents/visionaid/ros2_ws/build/my_robot_localization -- -j28 -l28
[0.537s] Invoked command in '/home/kanye/Documents/visionaid/ros2_ws/build/my_robot_localization' returned '0': CMAKE_PREFIX_PATH=${CMAKE_PREFIX_PATH}:/opt/ros/humble /usr/bin/cmake --build /home/kanye/Documents/visionaid/ros2_ws/build/my_robot_localization -- -j28 -l28
[0.547s] Invoking command in '/home/kanye/Documents/visionaid/ros2_ws/build/my_robot_localization': CMAKE_PREFIX_PATH=${CMAKE_PREFIX_PATH}:/opt/ros/humble /usr/bin/cmake --install /home/kanye/Documents/visionaid/ros2_ws/build/my_robot_localization
[0.554s] -- Install configuration: ""
[0.554s] -- Installing: /home/kanye/Documents/visionaid/ros2_ws/install/my_robot_localization/share/ament_index/resource_index/package_run_dependencies/my_robot_localization
[0.554s] -- Installing: /home/kanye/Documents/visionaid/ros2_ws/install/my_robot_localization/share/ament_index/resource_index/parent_prefix_path/my_robot_localization
[0.555s] -- Installing: /home/kanye/Documents/visionaid/ros2_ws/install/my_robot_localization/share/my_robot_localization/environment/ament_prefix_path.sh
[0.555s] -- Installing: /home/kanye/Documents/visionaid/ros2_ws/install/my_robot_localization/share/my_robot_localization/environment/ament_prefix_path.dsv
[0.555s] -- Installing: /home/kanye/Documents/visionaid/ros2_ws/install/my_robot_localization/share/my_robot_localization/environment/path.sh
[0.555s] -- Installing: /home/kanye/Documents/visionaid/ros2_ws/install/my_robot_localization/share/my_robot_localization/environment/path.dsv
[0.555s] -- Installing: /home/kanye/Documents/visionaid/ros2_ws/install/my_robot_localization/share/my_robot_localization/local_setup.bash
[0.555s] -- Installing: /home/kanye/Documents/visionaid/ros2_ws/install/my_robot_localization/share/my_robot_localization/local_setup.sh
[0.555s] -- Installing: /home/kanye/Documents/visionaid/ros2_ws/install/my_robot_localization/share/my_robot_localization/local_setup.zsh
[0.555s] -- Installing: /home/kanye/Documents/visionaid/ros2_ws/install/my_robot_localization/share/my_robot_localization/local_setup.dsv
[0.555s] -- Installing: /home/kanye/Documents/visionaid/ros2_ws/install/my_robot_localization/share/my_robot_localization/package.dsv
[0.555s] -- Installing: /home/kanye/Documents/visionaid/ros2_ws/install/my_robot_localization/share/ament_index/resource_index/packages/my_robot_localization
[0.555s] -- Installing: /home/kanye/Documents/visionaid/ros2_ws/install/my_robot_localization/share/my_robot_localization/cmake/my_robot_localizationConfig.cmake
[0.555s] -- Installing: /home/kanye/Documents/visionaid/ros2_ws/install/my_robot_localization/share/my_robot_localization/cmake/my_robot_localizationConfig-version.cmake
[0.555s] -- Installing: /home/kanye/Documents/visionaid/ros2_ws/install/my_robot_localization/share/my_robot_localization/package.xml
[0.557s] Invoked command in '/home/kanye/Documents/visionaid/ros2_ws/build/my_robot_localization' returned '0': CMAKE_PREFIX_PATH=${CMAKE_PREFIX_PATH}:/opt/ros/humble /usr/bin/cmake --install /home/kanye/Documents/visionaid/ros2_ws/build/my_robot_localization
