[0.018s] Invoking command in '/home/sophie/visionaid/isaac_ros_ws/build/isaac_ros_ur5_ompl_benchmark': AMENT_PREFIX_PATH=/home/sophie/visionaid/isaac_ros_ws/install/isaac_ros_moveit_benchmark:/home/sophie/visionaid/isaac_ros_ws/install/ros2_benchmark:/home/sophie/visionaid/isaac_ros_ws/install/ros2_benchmark_interfaces:/home/sophie/visionaid/isaac_ros_ws/install/ur5_robotiq_85_description:/home/sophie/visionaid/isaac_ros_ws/install/ur5_gripper_moveit_config:/home/sophie/visionaid/isaac_ros_ws/install/isaac_ros_common:${AMENT_PREFIX_PATH} CMAKE_PREFIX_PATH=/home/sophie/visionaid/isaac_ros_ws/install/isaac_ros_moveit_benchmark:/home/sophie/visionaid/isaac_ros_ws/install/ros2_benchmark:/home/sophie/visionaid/isaac_ros_ws/install/ros2_benchmark_interfaces:/home/sophie/visionaid/isaac_ros_ws/install/ur5_robotiq_85_description:/home/sophie/visionaid/isaac_ros_ws/install/ur5_gripper_moveit_config:/home/sophie/visionaid/isaac_ros_ws/install/isaac_ros_common:/opt/ros/humble LD_LIBRARY_PATH=/home/sophie/visionaid/isaac_ros_ws/install/ros2_benchmark/lib:/home/sophie/visionaid/isaac_ros_ws/install/ros2_benchmark_interfaces/lib:/home/sophie/visionaid/isaac_ros_ws/install/isaac_ros_common/lib:${LD_LIBRARY_PATH} PATH=/home/sophie/visionaid/isaac_ros_ws/install/isaac_ros_common/bin:${PATH} PYTHONPATH=/home/sophie/visionaid/isaac_ros_ws/install/isaac_ros_moveit_benchmark/local/lib/python3.10/dist-packages:/home/sophie/visionaid/isaac_ros_ws/install/ros2_benchmark/local/lib/python3.10/dist-packages:/home/sophie/visionaid/isaac_ros_ws/install/ros2_benchmark_interfaces/local/lib/python3.10/dist-packages:/home/sophie/visionaid/isaac_ros_ws/install/isaac_ros_common/local/lib/python3.10/dist-packages:${PYTHONPATH} /usr/bin/cmake /home/sophie/visionaid/isaac_ros_ws/src/isaac_ros_benchmark/benchmarks/isaac_ros_moveit_benchmark/isaac_ros_moveit_robot_benchmark/ur5/isaac_ros_ur5_ompl_benchmark -DCMAKE_BUILD_TYPE=Release -DBUILD_TESTING=OFF -DCMAKE_CUDA_ARCHITECTURES=89 -DAMENT_CMAKE_SYMLINK_INSTALL=1 -DCMAKE_INSTALL_PREFIX=/home/sophie/visionaid/isaac_ros_ws/install/isaac_ros_ur5_ompl_benchmark
[0.060s] -- The C compiler identification is GNU 11.4.0
[0.101s] -- The CXX compiler identification is GNU 11.4.0
[0.106s] -- Detecting C compiler ABI info
[0.155s] -- Detecting C compiler ABI info - done
[0.159s] -- Check for working C compiler: /usr/bin/cc - skipped
[0.160s] -- Detecting C compile features
[0.160s] -- Detecting C compile features - done
[0.161s] -- Detecting CXX compiler ABI info
[0.218s] -- Detecting CXX compiler ABI info - done
[0.226s] -- Check for working CXX compiler: /usr/bin/c++ - skipped
[0.226s] -- Detecting CXX compile features
[0.226s] -- Detecting CXX compile features - done
[0.227s] -- Found ament_cmake_auto: 1.3.11 (/opt/ros/humble/share/ament_cmake_auto/cmake)
[0.325s] -- Found Python3: /usr/bin/python3 (found version "3.10.12") found components: Interpreter 
[0.360s] -- Override CMake install command with custom implementation using symlinks instead of copying resources
[0.433s] -- Found rosidl_generator_c: 3.1.6 (/opt/ros/humble/share/rosidl_generator_c/cmake)
[0.436s] -- Found rosidl_adapter: 3.1.6 (/opt/ros/humble/share/rosidl_adapter/cmake)
[0.440s] -- Found rosidl_generator_cpp: 3.1.6 (/opt/ros/humble/share/rosidl_generator_cpp/cmake)
[0.446s] -- Using all available rosidl_typesupport_c: rosidl_typesupport_fastrtps_c;rosidl_typesupport_introspection_c
[0.454s] -- Using all available rosidl_typesupport_cpp: rosidl_typesupport_fastrtps_cpp;rosidl_typesupport_introspection_cpp
[0.478s] -- Found rmw_implementation_cmake: 6.1.2 (/opt/ros/humble/share/rmw_implementation_cmake/cmake)
[0.479s] -- Found rmw_fastrtps_cpp: 6.2.7 (/opt/ros/humble/share/rmw_fastrtps_cpp/cmake)
[0.545s] -- Found OpenSSL: /usr/lib/x86_64-linux-gnu/libcrypto.so (found version "3.0.2")  
[0.561s] -- Found FastRTPS: /opt/ros/humble/include  
[0.582s] -- Using RMW implementation 'rmw_fastrtps_cpp' as default
[0.586s] -- Looking for pthread.h
[0.645s] -- Looking for pthread.h - found
[0.645s] -- Performing Test CMAKE_HAVE_LIBC_PTHREAD
[0.703s] -- Performing Test CMAKE_HAVE_LIBC_PTHREAD - Success
[0.703s] -- Found Threads: TRUE  
[0.815s] -- Configuring done
[0.819s] -- Generating done
[0.820s] -- Build files have been written to: /home/sophie/visionaid/isaac_ros_ws/build/isaac_ros_ur5_ompl_benchmark
[0.828s] Invoked command in '/home/sophie/visionaid/isaac_ros_ws/build/isaac_ros_ur5_ompl_benchmark' returned '0': AMENT_PREFIX_PATH=/home/sophie/visionaid/isaac_ros_ws/install/isaac_ros_moveit_benchmark:/home/sophie/visionaid/isaac_ros_ws/install/ros2_benchmark:/home/sophie/visionaid/isaac_ros_ws/install/ros2_benchmark_interfaces:/home/sophie/visionaid/isaac_ros_ws/install/ur5_robotiq_85_description:/home/sophie/visionaid/isaac_ros_ws/install/ur5_gripper_moveit_config:/home/sophie/visionaid/isaac_ros_ws/install/isaac_ros_common:${AMENT_PREFIX_PATH} CMAKE_PREFIX_PATH=/home/sophie/visionaid/isaac_ros_ws/install/isaac_ros_moveit_benchmark:/home/sophie/visionaid/isaac_ros_ws/install/ros2_benchmark:/home/sophie/visionaid/isaac_ros_ws/install/ros2_benchmark_interfaces:/home/sophie/visionaid/isaac_ros_ws/install/ur5_robotiq_85_description:/home/sophie/visionaid/isaac_ros_ws/install/ur5_gripper_moveit_config:/home/sophie/visionaid/isaac_ros_ws/install/isaac_ros_common:/opt/ros/humble LD_LIBRARY_PATH=/home/sophie/visionaid/isaac_ros_ws/install/ros2_benchmark/lib:/home/sophie/visionaid/isaac_ros_ws/install/ros2_benchmark_interfaces/lib:/home/sophie/visionaid/isaac_ros_ws/install/isaac_ros_common/lib:${LD_LIBRARY_PATH} PATH=/home/sophie/visionaid/isaac_ros_ws/install/isaac_ros_common/bin:${PATH} PYTHONPATH=/home/sophie/visionaid/isaac_ros_ws/install/isaac_ros_moveit_benchmark/local/lib/python3.10/dist-packages:/home/sophie/visionaid/isaac_ros_ws/install/ros2_benchmark/local/lib/python3.10/dist-packages:/home/sophie/visionaid/isaac_ros_ws/install/ros2_benchmark_interfaces/local/lib/python3.10/dist-packages:/home/sophie/visionaid/isaac_ros_ws/install/isaac_ros_common/local/lib/python3.10/dist-packages:${PYTHONPATH} /usr/bin/cmake /home/sophie/visionaid/isaac_ros_ws/src/isaac_ros_benchmark/benchmarks/isaac_ros_moveit_benchmark/isaac_ros_moveit_robot_benchmark/ur5/isaac_ros_ur5_ompl_benchmark -DCMAKE_BUILD_TYPE=Release -DBUILD_TESTING=OFF -DCMAKE_CUDA_ARCHITECTURES=89 -DAMENT_CMAKE_SYMLINK_INSTALL=1 -DCMAKE_INSTALL_PREFIX=/home/sophie/visionaid/isaac_ros_ws/install/isaac_ros_ur5_ompl_benchmark
[0.832s] Invoking command in '/home/sophie/visionaid/isaac_ros_ws/build/isaac_ros_ur5_ompl_benchmark': AMENT_PREFIX_PATH=/home/sophie/visionaid/isaac_ros_ws/install/isaac_ros_moveit_benchmark:/home/sophie/visionaid/isaac_ros_ws/install/ros2_benchmark:/home/sophie/visionaid/isaac_ros_ws/install/ros2_benchmark_interfaces:/home/sophie/visionaid/isaac_ros_ws/install/ur5_robotiq_85_description:/home/sophie/visionaid/isaac_ros_ws/install/ur5_gripper_moveit_config:/home/sophie/visionaid/isaac_ros_ws/install/isaac_ros_common:${AMENT_PREFIX_PATH} CMAKE_PREFIX_PATH=/home/sophie/visionaid/isaac_ros_ws/install/isaac_ros_moveit_benchmark:/home/sophie/visionaid/isaac_ros_ws/install/ros2_benchmark:/home/sophie/visionaid/isaac_ros_ws/install/ros2_benchmark_interfaces:/home/sophie/visionaid/isaac_ros_ws/install/ur5_robotiq_85_description:/home/sophie/visionaid/isaac_ros_ws/install/ur5_gripper_moveit_config:/home/sophie/visionaid/isaac_ros_ws/install/isaac_ros_common:/opt/ros/humble LD_LIBRARY_PATH=/home/sophie/visionaid/isaac_ros_ws/install/ros2_benchmark/lib:/home/sophie/visionaid/isaac_ros_ws/install/ros2_benchmark_interfaces/lib:/home/sophie/visionaid/isaac_ros_ws/install/isaac_ros_common/lib:${LD_LIBRARY_PATH} PATH=/home/sophie/visionaid/isaac_ros_ws/install/isaac_ros_common/bin:${PATH} PYTHONPATH=/home/sophie/visionaid/isaac_ros_ws/install/isaac_ros_moveit_benchmark/local/lib/python3.10/dist-packages:/home/sophie/visionaid/isaac_ros_ws/install/ros2_benchmark/local/lib/python3.10/dist-packages:/home/sophie/visionaid/isaac_ros_ws/install/ros2_benchmark_interfaces/local/lib/python3.10/dist-packages:/home/sophie/visionaid/isaac_ros_ws/install/isaac_ros_common/local/lib/python3.10/dist-packages:${PYTHONPATH} /usr/bin/cmake --build /home/sophie/visionaid/isaac_ros_ws/build/isaac_ros_ur5_ompl_benchmark -- -j22 -l22
[0.878s] Built target ament_cmake_python_symlink_isaac_ros_ur5_ompl_benchmark
[0.999s] running egg_info
[0.999s] creating isaac_ros_ur5_ompl_benchmark.egg-info
[0.999s] writing isaac_ros_ur5_ompl_benchmark.egg-info/PKG-INFO
[0.999s] writing dependency_links to isaac_ros_ur5_ompl_benchmark.egg-info/dependency_links.txt
[0.999s] writing top-level names to isaac_ros_ur5_ompl_benchmark.egg-info/top_level.txt
[0.999s] writing manifest file 'isaac_ros_ur5_ompl_benchmark.egg-info/SOURCES.txt'
[1.000s] reading manifest file 'isaac_ros_ur5_ompl_benchmark.egg-info/SOURCES.txt'
[1.000s] writing manifest file 'isaac_ros_ur5_ompl_benchmark.egg-info/SOURCES.txt'
[1.018s] Built target ament_cmake_python_build_isaac_ros_ur5_ompl_benchmark_egg
[1.030s] Invoked command in '/home/sophie/visionaid/isaac_ros_ws/build/isaac_ros_ur5_ompl_benchmark' returned '0': AMENT_PREFIX_PATH=/home/sophie/visionaid/isaac_ros_ws/install/isaac_ros_moveit_benchmark:/home/sophie/visionaid/isaac_ros_ws/install/ros2_benchmark:/home/sophie/visionaid/isaac_ros_ws/install/ros2_benchmark_interfaces:/home/sophie/visionaid/isaac_ros_ws/install/ur5_robotiq_85_description:/home/sophie/visionaid/isaac_ros_ws/install/ur5_gripper_moveit_config:/home/sophie/visionaid/isaac_ros_ws/install/isaac_ros_common:${AMENT_PREFIX_PATH} CMAKE_PREFIX_PATH=/home/sophie/visionaid/isaac_ros_ws/install/isaac_ros_moveit_benchmark:/home/sophie/visionaid/isaac_ros_ws/install/ros2_benchmark:/home/sophie/visionaid/isaac_ros_ws/install/ros2_benchmark_interfaces:/home/sophie/visionaid/isaac_ros_ws/install/ur5_robotiq_85_description:/home/sophie/visionaid/isaac_ros_ws/install/ur5_gripper_moveit_config:/home/sophie/visionaid/isaac_ros_ws/install/isaac_ros_common:/opt/ros/humble LD_LIBRARY_PATH=/home/sophie/visionaid/isaac_ros_ws/install/ros2_benchmark/lib:/home/sophie/visionaid/isaac_ros_ws/install/ros2_benchmark_interfaces/lib:/home/sophie/visionaid/isaac_ros_ws/install/isaac_ros_common/lib:${LD_LIBRARY_PATH} PATH=/home/sophie/visionaid/isaac_ros_ws/install/isaac_ros_common/bin:${PATH} PYTHONPATH=/home/sophie/visionaid/isaac_ros_ws/install/isaac_ros_moveit_benchmark/local/lib/python3.10/dist-packages:/home/sophie/visionaid/isaac_ros_ws/install/ros2_benchmark/local/lib/python3.10/dist-packages:/home/sophie/visionaid/isaac_ros_ws/install/ros2_benchmark_interfaces/local/lib/python3.10/dist-packages:/home/sophie/visionaid/isaac_ros_ws/install/isaac_ros_common/local/lib/python3.10/dist-packages:${PYTHONPATH} /usr/bin/cmake --build /home/sophie/visionaid/isaac_ros_ws/build/isaac_ros_ur5_ompl_benchmark -- -j22 -l22
[1.031s] Invoking command in '/home/sophie/visionaid/isaac_ros_ws/build/isaac_ros_ur5_ompl_benchmark': AMENT_PREFIX_PATH=/home/sophie/visionaid/isaac_ros_ws/install/isaac_ros_moveit_benchmark:/home/sophie/visionaid/isaac_ros_ws/install/ros2_benchmark:/home/sophie/visionaid/isaac_ros_ws/install/ros2_benchmark_interfaces:/home/sophie/visionaid/isaac_ros_ws/install/ur5_robotiq_85_description:/home/sophie/visionaid/isaac_ros_ws/install/ur5_gripper_moveit_config:/home/sophie/visionaid/isaac_ros_ws/install/isaac_ros_common:${AMENT_PREFIX_PATH} CMAKE_PREFIX_PATH=/home/sophie/visionaid/isaac_ros_ws/install/isaac_ros_moveit_benchmark:/home/sophie/visionaid/isaac_ros_ws/install/ros2_benchmark:/home/sophie/visionaid/isaac_ros_ws/install/ros2_benchmark_interfaces:/home/sophie/visionaid/isaac_ros_ws/install/ur5_robotiq_85_description:/home/sophie/visionaid/isaac_ros_ws/install/ur5_gripper_moveit_config:/home/sophie/visionaid/isaac_ros_ws/install/isaac_ros_common:/opt/ros/humble LD_LIBRARY_PATH=/home/sophie/visionaid/isaac_ros_ws/install/ros2_benchmark/lib:/home/sophie/visionaid/isaac_ros_ws/install/ros2_benchmark_interfaces/lib:/home/sophie/visionaid/isaac_ros_ws/install/isaac_ros_common/lib:${LD_LIBRARY_PATH} PATH=/home/sophie/visionaid/isaac_ros_ws/install/isaac_ros_common/bin:${PATH} PYTHONPATH=/home/sophie/visionaid/isaac_ros_ws/install/isaac_ros_moveit_benchmark/local/lib/python3.10/dist-packages:/home/sophie/visionaid/isaac_ros_ws/install/ros2_benchmark/local/lib/python3.10/dist-packages:/home/sophie/visionaid/isaac_ros_ws/install/ros2_benchmark_interfaces/local/lib/python3.10/dist-packages:/home/sophie/visionaid/isaac_ros_ws/install/isaac_ros_common/local/lib/python3.10/dist-packages:${PYTHONPATH} /usr/bin/cmake --install /home/sophie/visionaid/isaac_ros_ws/build/isaac_ros_ur5_ompl_benchmark
[1.039s] -- Install configuration: "Release"
[1.040s] -- Execute custom install script
[1.040s] -- Symlinking: /home/sophie/visionaid/isaac_ros_ws/install/isaac_ros_ur5_ompl_benchmark/share/isaac_ros_ur5_ompl_benchmark/environment/pythonpath.sh
[1.047s] -- Symlinking: /home/sophie/visionaid/isaac_ros_ws/install/isaac_ros_ur5_ompl_benchmark/share/isaac_ros_ur5_ompl_benchmark/environment/pythonpath.dsv
[1.054s] -- Symlinking: /home/sophie/visionaid/isaac_ros_ws/install/isaac_ros_ur5_ompl_benchmark/local/lib/python3.10/dist-packages/isaac_ros_ur5_ompl_benchmark-3.2.6-py3.10.egg-info/PKG-INFO
[1.061s] -- Symlinking: /home/sophie/visionaid/isaac_ros_ws/install/isaac_ros_ur5_ompl_benchmark/local/lib/python3.10/dist-packages/isaac_ros_ur5_ompl_benchmark-3.2.6-py3.10.egg-info/SOURCES.txt
[1.067s] -- Symlinking: /home/sophie/visionaid/isaac_ros_ws/install/isaac_ros_ur5_ompl_benchmark/local/lib/python3.10/dist-packages/isaac_ros_ur5_ompl_benchmark-3.2.6-py3.10.egg-info/dependency_links.txt
[1.072s] -- Symlinking: /home/sophie/visionaid/isaac_ros_ws/install/isaac_ros_ur5_ompl_benchmark/local/lib/python3.10/dist-packages/isaac_ros_ur5_ompl_benchmark-3.2.6-py3.10.egg-info/top_level.txt
[1.076s] -- Symlinking: /home/sophie/visionaid/isaac_ros_ws/install/isaac_ros_ur5_ompl_benchmark/local/lib/python3.10/dist-packages/isaac_ros_ur5_ompl_benchmark/__init__.py
[1.081s] -- Symlinking: /home/sophie/visionaid/isaac_ros_ws/install/isaac_ros_ur5_ompl_benchmark/share/isaac_ros_ur5_ompl_benchmark/ur5_ompl_benchmark_scripts/ur5_ompl_mbm.py
[1.086s] -- Symlinking: /home/sophie/visionaid/isaac_ros_ws/install/isaac_ros_ur5_ompl_benchmark/share/ament_index/resource_index/package_run_dependencies/isaac_ros_ur5_ompl_benchmark
[1.090s] -- Symlinking: /home/sophie/visionaid/isaac_ros_ws/install/isaac_ros_ur5_ompl_benchmark/share/ament_index/resource_index/parent_prefix_path/isaac_ros_ur5_ompl_benchmark
[1.096s] -- Symlinking: /home/sophie/visionaid/isaac_ros_ws/install/isaac_ros_ur5_ompl_benchmark/share/isaac_ros_ur5_ompl_benchmark/environment/ament_prefix_path.sh
[1.102s] -- Symlinking: /home/sophie/visionaid/isaac_ros_ws/install/isaac_ros_ur5_ompl_benchmark/share/isaac_ros_ur5_ompl_benchmark/environment/ament_prefix_path.dsv
[1.109s] -- Symlinking: /home/sophie/visionaid/isaac_ros_ws/install/isaac_ros_ur5_ompl_benchmark/share/isaac_ros_ur5_ompl_benchmark/environment/path.sh
[1.113s] -- Symlinking: /home/sophie/visionaid/isaac_ros_ws/install/isaac_ros_ur5_ompl_benchmark/share/isaac_ros_ur5_ompl_benchmark/environment/path.dsv
[1.118s] -- Symlinking: /home/sophie/visionaid/isaac_ros_ws/install/isaac_ros_ur5_ompl_benchmark/share/isaac_ros_ur5_ompl_benchmark/local_setup.bash
[1.123s] -- Symlinking: /home/sophie/visionaid/isaac_ros_ws/install/isaac_ros_ur5_ompl_benchmark/share/isaac_ros_ur5_ompl_benchmark/local_setup.sh
[1.128s] -- Symlinking: /home/sophie/visionaid/isaac_ros_ws/install/isaac_ros_ur5_ompl_benchmark/share/isaac_ros_ur5_ompl_benchmark/local_setup.zsh
[1.133s] -- Symlinking: /home/sophie/visionaid/isaac_ros_ws/install/isaac_ros_ur5_ompl_benchmark/share/isaac_ros_ur5_ompl_benchmark/local_setup.dsv
[1.139s] -- Symlinking: /home/sophie/visionaid/isaac_ros_ws/install/isaac_ros_ur5_ompl_benchmark/share/isaac_ros_ur5_ompl_benchmark/package.dsv
[1.143s] -- Symlinking: /home/sophie/visionaid/isaac_ros_ws/install/isaac_ros_ur5_ompl_benchmark/share/ament_index/resource_index/packages/isaac_ros_ur5_ompl_benchmark
[1.150s] -- Symlinking: /home/sophie/visionaid/isaac_ros_ws/install/isaac_ros_ur5_ompl_benchmark/share/isaac_ros_ur5_ompl_benchmark/cmake/ament_cmake_export_dependencies-extras.cmake
[1.156s] -- Symlinking: /home/sophie/visionaid/isaac_ros_ws/install/isaac_ros_ur5_ompl_benchmark/share/isaac_ros_ur5_ompl_benchmark/cmake/isaac_ros_ur5_ompl_benchmarkConfig.cmake
[1.163s] -- Symlinking: /home/sophie/visionaid/isaac_ros_ws/install/isaac_ros_ur5_ompl_benchmark/share/isaac_ros_ur5_ompl_benchmark/cmake/isaac_ros_ur5_ompl_benchmarkConfig-version.cmake
[1.170s] -- Symlinking: /home/sophie/visionaid/isaac_ros_ws/install/isaac_ros_ur5_ompl_benchmark/share/isaac_ros_ur5_ompl_benchmark/package.xml
[1.197s] Listing '/home/sophie/visionaid/isaac_ros_ws/install/isaac_ros_ur5_ompl_benchmark/local/lib/python3.10/dist-packages/isaac_ros_ur5_ompl_benchmark'...
[1.197s] Compiling '/home/sophie/visionaid/isaac_ros_ws/install/isaac_ros_ur5_ompl_benchmark/local/lib/python3.10/dist-packages/isaac_ros_ur5_ompl_benchmark/__init__.py'...
[1.202s] Invoked command in '/home/sophie/visionaid/isaac_ros_ws/build/isaac_ros_ur5_ompl_benchmark' returned '0': AMENT_PREFIX_PATH=/home/sophie/visionaid/isaac_ros_ws/install/isaac_ros_moveit_benchmark:/home/sophie/visionaid/isaac_ros_ws/install/ros2_benchmark:/home/sophie/visionaid/isaac_ros_ws/install/ros2_benchmark_interfaces:/home/sophie/visionaid/isaac_ros_ws/install/ur5_robotiq_85_description:/home/sophie/visionaid/isaac_ros_ws/install/ur5_gripper_moveit_config:/home/sophie/visionaid/isaac_ros_ws/install/isaac_ros_common:${AMENT_PREFIX_PATH} CMAKE_PREFIX_PATH=/home/sophie/visionaid/isaac_ros_ws/install/isaac_ros_moveit_benchmark:/home/sophie/visionaid/isaac_ros_ws/install/ros2_benchmark:/home/sophie/visionaid/isaac_ros_ws/install/ros2_benchmark_interfaces:/home/sophie/visionaid/isaac_ros_ws/install/ur5_robotiq_85_description:/home/sophie/visionaid/isaac_ros_ws/install/ur5_gripper_moveit_config:/home/sophie/visionaid/isaac_ros_ws/install/isaac_ros_common:/opt/ros/humble LD_LIBRARY_PATH=/home/sophie/visionaid/isaac_ros_ws/install/ros2_benchmark/lib:/home/sophie/visionaid/isaac_ros_ws/install/ros2_benchmark_interfaces/lib:/home/sophie/visionaid/isaac_ros_ws/install/isaac_ros_common/lib:${LD_LIBRARY_PATH} PATH=/home/sophie/visionaid/isaac_ros_ws/install/isaac_ros_common/bin:${PATH} PYTHONPATH=/home/sophie/visionaid/isaac_ros_ws/install/isaac_ros_moveit_benchmark/local/lib/python3.10/dist-packages:/home/sophie/visionaid/isaac_ros_ws/install/ros2_benchmark/local/lib/python3.10/dist-packages:/home/sophie/visionaid/isaac_ros_ws/install/ros2_benchmark_interfaces/local/lib/python3.10/dist-packages:/home/sophie/visionaid/isaac_ros_ws/install/isaac_ros_common/local/lib/python3.10/dist-packages:${PYTHONPATH} /usr/bin/cmake --install /home/sophie/visionaid/isaac_ros_ws/build/isaac_ros_ur5_ompl_benchmark
