[0.015s] Invoking command in '/home/sophie/visionaid/isaac_ros_ws/build/gxf_isaac_depth_image_proc': AMENT_PREFIX_PATH=/home/sophie/visionaid/isaac_ros_ws/install/gxf_isaac_messages:/home/sophie/visionaid/isaac_ros_ws/install/gxf_isaac_ros_messages:/home/sophie/visionaid/isaac_ros_ws/install/gxf_isaac_gems:/home/sophie/visionaid/isaac_ros_ws/install/isaac_ros_gxf:/home/sophie/visionaid/isaac_ros_ws/install/isaac_ros_common:${AMENT_PREFIX_PATH} CMAKE_PREFIX_PATH=/home/sophie/visionaid/isaac_ros_ws/install/gxf_isaac_messages:/home/sophie/visionaid/isaac_ros_ws/install/gxf_isaac_ros_messages:/home/sophie/visionaid/isaac_ros_ws/install/gxf_isaac_gems:/home/sophie/visionaid/isaac_ros_ws/install/isaac_ros_gxf:/home/sophie/visionaid/isaac_ros_ws/install/isaac_ros_common:/opt/ros/humble LD_LIBRARY_PATH=/home/sophie/visionaid/isaac_ros_ws/install/gxf_isaac_messages/lib:/home/sophie/visionaid/isaac_ros_ws/install/gxf_isaac_ros_messages/lib:/home/sophie/visionaid/isaac_ros_ws/install/gxf_isaac_gems/lib:/home/sophie/visionaid/isaac_ros_ws/install/isaac_ros_gxf/lib:/home/sophie/visionaid/isaac_ros_ws/install/isaac_ros_common/lib:${LD_LIBRARY_PATH} PATH=/home/sophie/visionaid/isaac_ros_ws/install/isaac_ros_common/bin:${PATH} PYTHONPATH=/home/sophie/visionaid/isaac_ros_ws/install/isaac_ros_common/local/lib/python3.10/dist-packages:${PYTHONPATH} /usr/bin/cmake /home/sophie/visionaid/isaac_ros_ws/src/isaac_ros_image_pipeline/isaac_ros_gxf_extensions/gxf_isaac_depth_image_proc -DCMAKE_BUILD_TYPE=Release -DBUILD_TESTING=OFF -DCMAKE_CUDA_ARCHITECTURES=89 -DAMENT_CMAKE_SYMLINK_INSTALL=1 -DCMAKE_INSTALL_PREFIX=/home/sophie/visionaid/isaac_ros_ws/install/gxf_isaac_depth_image_proc
[0.059s] -- The C compiler identification is GNU 11.4.0
[0.098s] -- The CXX compiler identification is GNU 11.4.0
[0.727s] -- The CUDA compiler identification is NVIDIA 12.8.61
[0.731s] -- Detecting C compiler ABI info
[0.784s] -- Detecting C compiler ABI info - done
[0.791s] -- Check for working C compiler: /usr/bin/cc - skipped
[0.791s] -- Detecting C compile features
[0.791s] -- Detecting C compile features - done
[0.793s] -- Detecting CXX compiler ABI info
[0.851s] -- Detecting CXX compiler ABI info - done
[0.858s] -- Check for working CXX compiler: /usr/bin/c++ - skipped
[0.858s] -- Detecting CXX compile features
[0.858s] -- Detecting CXX compile features - done
[0.860s] -- Detecting CUDA compiler ABI info
[1.455s] -- Detecting CUDA compiler ABI info - done
[1.473s] -- Check for working CUDA compiler: /usr/local/cuda-12.8/bin/nvcc - skipped
[1.473s] -- Detecting CUDA compile features
[1.473s] -- Detecting CUDA compile features - done
[1.475s] -- Found ament_cmake_auto: 1.3.11 (/opt/ros/humble/share/ament_cmake_auto/cmake)
[1.566s] -- Found Python3: /usr/bin/python3 (found version "3.10.12") found components: Interpreter 
[1.604s] -- Override CMake install command with custom implementation using symlinks instead of copying resources
[1.653s] -- Loading isaac_ros_common extras
[1.653s] -- CMAKE_BUILD_TYPE: Release
[1.668s] -- Looking for pthread.h
[1.721s] -- Looking for pthread.h - found
[1.721s] -- Performing Test CMAKE_HAVE_LIBC_PTHREAD
[1.770s] -- Performing Test CMAKE_HAVE_LIBC_PTHREAD - Success
[1.770s] -- Found Threads: TRUE  
[1.776s] -- Found CUDA: /usr/local/cuda-12.8 (found version "12.8") 
[1.776s] -- CUDA architectures: 89
[1.776s] -- Loading isaac_ros_common extras (modules)
[1.795s] -- Found rosidl_generator_c: 3.1.6 (/opt/ros/humble/share/rosidl_generator_c/cmake)
[1.798s] -- Found rosidl_adapter: 3.1.6 (/opt/ros/humble/share/rosidl_adapter/cmake)
[1.802s] -- Found rosidl_generator_cpp: 3.1.6 (/opt/ros/humble/share/rosidl_generator_cpp/cmake)
[1.808s] -- Using all available rosidl_typesupport_c: rosidl_typesupport_fastrtps_c;rosidl_typesupport_introspection_c
[1.816s] -- Using all available rosidl_typesupport_cpp: rosidl_typesupport_fastrtps_cpp;rosidl_typesupport_introspection_cpp
[1.840s] -- Found rmw_implementation_cmake: 6.1.2 (/opt/ros/humble/share/rmw_implementation_cmake/cmake)
[1.841s] -- Found rmw_fastrtps_cpp: 6.2.7 (/opt/ros/humble/share/rmw_fastrtps_cpp/cmake)
[1.900s] -- Found OpenSSL: /usr/lib/x86_64-linux-gnu/libcrypto.so (found version "3.0.2")  
[1.915s] -- Found FastRTPS: /opt/ros/humble/include  
[1.939s] -- Using RMW implementation 'rmw_fastrtps_cpp' as default
[1.974s] -- Loading isaac_ros_gxf extras
[1.980s] -- Found CUDAToolkit: /usr/local/cuda-12.8/include (found version "12.8.61") 
[2.040s] -- Configuring done
[2.049s] -- Generating done
[2.051s] -- Build files have been written to: /home/sophie/visionaid/isaac_ros_ws/build/gxf_isaac_depth_image_proc
[2.059s] Invoked command in '/home/sophie/visionaid/isaac_ros_ws/build/gxf_isaac_depth_image_proc' returned '0': AMENT_PREFIX_PATH=/home/sophie/visionaid/isaac_ros_ws/install/gxf_isaac_messages:/home/sophie/visionaid/isaac_ros_ws/install/gxf_isaac_ros_messages:/home/sophie/visionaid/isaac_ros_ws/install/gxf_isaac_gems:/home/sophie/visionaid/isaac_ros_ws/install/isaac_ros_gxf:/home/sophie/visionaid/isaac_ros_ws/install/isaac_ros_common:${AMENT_PREFIX_PATH} CMAKE_PREFIX_PATH=/home/sophie/visionaid/isaac_ros_ws/install/gxf_isaac_messages:/home/sophie/visionaid/isaac_ros_ws/install/gxf_isaac_ros_messages:/home/sophie/visionaid/isaac_ros_ws/install/gxf_isaac_gems:/home/sophie/visionaid/isaac_ros_ws/install/isaac_ros_gxf:/home/sophie/visionaid/isaac_ros_ws/install/isaac_ros_common:/opt/ros/humble LD_LIBRARY_PATH=/home/sophie/visionaid/isaac_ros_ws/install/gxf_isaac_messages/lib:/home/sophie/visionaid/isaac_ros_ws/install/gxf_isaac_ros_messages/lib:/home/sophie/visionaid/isaac_ros_ws/install/gxf_isaac_gems/lib:/home/sophie/visionaid/isaac_ros_ws/install/isaac_ros_gxf/lib:/home/sophie/visionaid/isaac_ros_ws/install/isaac_ros_common/lib:${LD_LIBRARY_PATH} PATH=/home/sophie/visionaid/isaac_ros_ws/install/isaac_ros_common/bin:${PATH} PYTHONPATH=/home/sophie/visionaid/isaac_ros_ws/install/isaac_ros_common/local/lib/python3.10/dist-packages:${PYTHONPATH} /usr/bin/cmake /home/sophie/visionaid/isaac_ros_ws/src/isaac_ros_image_pipeline/isaac_ros_gxf_extensions/gxf_isaac_depth_image_proc -DCMAKE_BUILD_TYPE=Release -DBUILD_TESTING=OFF -DCMAKE_CUDA_ARCHITECTURES=89 -DAMENT_CMAKE_SYMLINK_INSTALL=1 -DCMAKE_INSTALL_PREFIX=/home/sophie/visionaid/isaac_ros_ws/install/gxf_isaac_depth_image_proc
[2.061s] Invoking command in '/home/sophie/visionaid/isaac_ros_ws/build/gxf_isaac_depth_image_proc': AMENT_PREFIX_PATH=/home/sophie/visionaid/isaac_ros_ws/install/gxf_isaac_messages:/home/sophie/visionaid/isaac_ros_ws/install/gxf_isaac_ros_messages:/home/sophie/visionaid/isaac_ros_ws/install/gxf_isaac_gems:/home/sophie/visionaid/isaac_ros_ws/install/isaac_ros_gxf:/home/sophie/visionaid/isaac_ros_ws/install/isaac_ros_common:${AMENT_PREFIX_PATH} CMAKE_PREFIX_PATH=/home/sophie/visionaid/isaac_ros_ws/install/gxf_isaac_messages:/home/sophie/visionaid/isaac_ros_ws/install/gxf_isaac_ros_messages:/home/sophie/visionaid/isaac_ros_ws/install/gxf_isaac_gems:/home/sophie/visionaid/isaac_ros_ws/install/isaac_ros_gxf:/home/sophie/visionaid/isaac_ros_ws/install/isaac_ros_common:/opt/ros/humble LD_LIBRARY_PATH=/home/sophie/visionaid/isaac_ros_ws/install/gxf_isaac_messages/lib:/home/sophie/visionaid/isaac_ros_ws/install/gxf_isaac_ros_messages/lib:/home/sophie/visionaid/isaac_ros_ws/install/gxf_isaac_gems/lib:/home/sophie/visionaid/isaac_ros_ws/install/isaac_ros_gxf/lib:/home/sophie/visionaid/isaac_ros_ws/install/isaac_ros_common/lib:${LD_LIBRARY_PATH} PATH=/home/sophie/visionaid/isaac_ros_ws/install/isaac_ros_common/bin:${PATH} PYTHONPATH=/home/sophie/visionaid/isaac_ros_ws/install/isaac_ros_common/local/lib/python3.10/dist-packages:${PYTHONPATH} /usr/bin/cmake --build /home/sophie/visionaid/isaac_ros_ws/build/gxf_isaac_depth_image_proc -- -j22 -l22
[2.099s] [ 33%] [32mBuilding CXX object CMakeFiles/gxf_isaac_depth_image_proc.dir/gxf/extensions/depth_image_proc/depth_to_point_cloud.cpp.o[0m
[2.099s] [ 33%] [34m[1mGenerating version information as YAML[0m
[2.100s] [ 50%] [32mBuilding CXX object CMakeFiles/gxf_isaac_depth_image_proc.dir/gxf/extensions/depth_image_proc/depth_image_proc_extension.cpp.o[0m
[2.100s] [ 66%] [32mBuilding CUDA object CMakeFiles/gxf_isaac_depth_image_proc.dir/gxf/extensions/depth_image_proc/depth_to_point_cloud_cuda.cu.hpp.o[0m
[2.100s] [ 83%] [32mBuilding CUDA object CMakeFiles/gxf_isaac_depth_image_proc.dir/gxf/extensions/depth_image_proc/depth_to_point_cloud_cuda.cu.cpp.o[0m
[2.148s] [ 83%] Built target generate_version_info_target_gxf_isaac_depth_image_proc
[6.522s] [100%] [32m[1mLinking CXX shared library libgxf_isaac_depth_image_proc.so[0m
[6.633s] [100%] Built target gxf_isaac_depth_image_proc
[6.644s] Invoked command in '/home/sophie/visionaid/isaac_ros_ws/build/gxf_isaac_depth_image_proc' returned '0': AMENT_PREFIX_PATH=/home/sophie/visionaid/isaac_ros_ws/install/gxf_isaac_messages:/home/sophie/visionaid/isaac_ros_ws/install/gxf_isaac_ros_messages:/home/sophie/visionaid/isaac_ros_ws/install/gxf_isaac_gems:/home/sophie/visionaid/isaac_ros_ws/install/isaac_ros_gxf:/home/sophie/visionaid/isaac_ros_ws/install/isaac_ros_common:${AMENT_PREFIX_PATH} CMAKE_PREFIX_PATH=/home/sophie/visionaid/isaac_ros_ws/install/gxf_isaac_messages:/home/sophie/visionaid/isaac_ros_ws/install/gxf_isaac_ros_messages:/home/sophie/visionaid/isaac_ros_ws/install/gxf_isaac_gems:/home/sophie/visionaid/isaac_ros_ws/install/isaac_ros_gxf:/home/sophie/visionaid/isaac_ros_ws/install/isaac_ros_common:/opt/ros/humble LD_LIBRARY_PATH=/home/sophie/visionaid/isaac_ros_ws/install/gxf_isaac_messages/lib:/home/sophie/visionaid/isaac_ros_ws/install/gxf_isaac_ros_messages/lib:/home/sophie/visionaid/isaac_ros_ws/install/gxf_isaac_gems/lib:/home/sophie/visionaid/isaac_ros_ws/install/isaac_ros_gxf/lib:/home/sophie/visionaid/isaac_ros_ws/install/isaac_ros_common/lib:${LD_LIBRARY_PATH} PATH=/home/sophie/visionaid/isaac_ros_ws/install/isaac_ros_common/bin:${PATH} PYTHONPATH=/home/sophie/visionaid/isaac_ros_ws/install/isaac_ros_common/local/lib/python3.10/dist-packages:${PYTHONPATH} /usr/bin/cmake --build /home/sophie/visionaid/isaac_ros_ws/build/gxf_isaac_depth_image_proc -- -j22 -l22
[6.645s] Invoking command in '/home/sophie/visionaid/isaac_ros_ws/build/gxf_isaac_depth_image_proc': AMENT_PREFIX_PATH=/home/sophie/visionaid/isaac_ros_ws/install/gxf_isaac_messages:/home/sophie/visionaid/isaac_ros_ws/install/gxf_isaac_ros_messages:/home/sophie/visionaid/isaac_ros_ws/install/gxf_isaac_gems:/home/sophie/visionaid/isaac_ros_ws/install/isaac_ros_gxf:/home/sophie/visionaid/isaac_ros_ws/install/isaac_ros_common:${AMENT_PREFIX_PATH} CMAKE_PREFIX_PATH=/home/sophie/visionaid/isaac_ros_ws/install/gxf_isaac_messages:/home/sophie/visionaid/isaac_ros_ws/install/gxf_isaac_ros_messages:/home/sophie/visionaid/isaac_ros_ws/install/gxf_isaac_gems:/home/sophie/visionaid/isaac_ros_ws/install/isaac_ros_gxf:/home/sophie/visionaid/isaac_ros_ws/install/isaac_ros_common:/opt/ros/humble LD_LIBRARY_PATH=/home/sophie/visionaid/isaac_ros_ws/install/gxf_isaac_messages/lib:/home/sophie/visionaid/isaac_ros_ws/install/gxf_isaac_ros_messages/lib:/home/sophie/visionaid/isaac_ros_ws/install/gxf_isaac_gems/lib:/home/sophie/visionaid/isaac_ros_ws/install/isaac_ros_gxf/lib:/home/sophie/visionaid/isaac_ros_ws/install/isaac_ros_common/lib:${LD_LIBRARY_PATH} PATH=/home/sophie/visionaid/isaac_ros_ws/install/isaac_ros_common/bin:${PATH} PYTHONPATH=/home/sophie/visionaid/isaac_ros_ws/install/isaac_ros_common/local/lib/python3.10/dist-packages:${PYTHONPATH} /usr/bin/cmake --install /home/sophie/visionaid/isaac_ros_ws/build/gxf_isaac_depth_image_proc
[6.650s] -- Install configuration: "Release"
[6.650s] -- Execute custom install script
[6.650s] -- Symlinking: /home/sophie/visionaid/isaac_ros_ws/install/gxf_isaac_depth_image_proc/share/gxf_isaac_depth_image_proc/gxf/lib/libgxf_isaac_depth_image_proc.so
[6.655s] -- Symlinking: /home/sophie/visionaid/isaac_ros_ws/install/gxf_isaac_depth_image_proc/share/gxf_isaac_depth_image_proc/version_info.yaml
[6.661s] -- Symlinking: /home/sophie/visionaid/isaac_ros_ws/install/gxf_isaac_depth_image_proc/share/gxf_isaac_depth_image_proc/environment/library_path.sh
[6.667s] -- Symlinking: /home/sophie/visionaid/isaac_ros_ws/install/gxf_isaac_depth_image_proc/share/gxf_isaac_depth_image_proc/environment/library_path.dsv
[6.674s] -- Symlinking: /home/sophie/visionaid/isaac_ros_ws/install/gxf_isaac_depth_image_proc/lib/libgxf_isaac_depth_image_proc.so
[6.679s] -- Symlinking: /home/sophie/visionaid/isaac_ros_ws/install/gxf_isaac_depth_image_proc/share/ament_index/resource_index/package_run_dependencies/gxf_isaac_depth_image_proc
[6.686s] -- Symlinking: /home/sophie/visionaid/isaac_ros_ws/install/gxf_isaac_depth_image_proc/share/ament_index/resource_index/parent_prefix_path/gxf_isaac_depth_image_proc
[6.693s] -- Symlinking: /home/sophie/visionaid/isaac_ros_ws/install/gxf_isaac_depth_image_proc/share/gxf_isaac_depth_image_proc/environment/ament_prefix_path.sh
[6.700s] -- Symlinking: /home/sophie/visionaid/isaac_ros_ws/install/gxf_isaac_depth_image_proc/share/gxf_isaac_depth_image_proc/environment/ament_prefix_path.dsv
[6.707s] -- Symlinking: /home/sophie/visionaid/isaac_ros_ws/install/gxf_isaac_depth_image_proc/share/gxf_isaac_depth_image_proc/environment/path.sh
[6.713s] -- Symlinking: /home/sophie/visionaid/isaac_ros_ws/install/gxf_isaac_depth_image_proc/share/gxf_isaac_depth_image_proc/environment/path.dsv
[6.719s] -- Symlinking: /home/sophie/visionaid/isaac_ros_ws/install/gxf_isaac_depth_image_proc/share/gxf_isaac_depth_image_proc/local_setup.bash
[6.726s] -- Symlinking: /home/sophie/visionaid/isaac_ros_ws/install/gxf_isaac_depth_image_proc/share/gxf_isaac_depth_image_proc/local_setup.sh
[6.731s] -- Symlinking: /home/sophie/visionaid/isaac_ros_ws/install/gxf_isaac_depth_image_proc/share/gxf_isaac_depth_image_proc/local_setup.zsh
[6.736s] -- Symlinking: /home/sophie/visionaid/isaac_ros_ws/install/gxf_isaac_depth_image_proc/share/gxf_isaac_depth_image_proc/local_setup.dsv
[6.742s] -- Symlinking: /home/sophie/visionaid/isaac_ros_ws/install/gxf_isaac_depth_image_proc/share/gxf_isaac_depth_image_proc/package.dsv
[6.748s] -- Symlinking: /home/sophie/visionaid/isaac_ros_ws/install/gxf_isaac_depth_image_proc/share/ament_index/resource_index/packages/gxf_isaac_depth_image_proc
[6.754s] -- Symlinking: /home/sophie/visionaid/isaac_ros_ws/install/gxf_isaac_depth_image_proc/share/gxf_isaac_depth_image_proc/cmake/ament_cmake_export_dependencies-extras.cmake
[6.761s] -- Symlinking: /home/sophie/visionaid/isaac_ros_ws/install/gxf_isaac_depth_image_proc/share/gxf_isaac_depth_image_proc/cmake/ament_cmake_export_libraries-extras.cmake
[6.766s] -- Symlinking: /home/sophie/visionaid/isaac_ros_ws/install/gxf_isaac_depth_image_proc/share/gxf_isaac_depth_image_proc/cmake/gxf_isaac_depth_image_procConfig.cmake
[6.771s] -- Symlinking: /home/sophie/visionaid/isaac_ros_ws/install/gxf_isaac_depth_image_proc/share/gxf_isaac_depth_image_proc/cmake/gxf_isaac_depth_image_procConfig-version.cmake
[6.777s] -- Symlinking: /home/sophie/visionaid/isaac_ros_ws/install/gxf_isaac_depth_image_proc/share/gxf_isaac_depth_image_proc/package.xml
[6.787s] Invoked command in '/home/sophie/visionaid/isaac_ros_ws/build/gxf_isaac_depth_image_proc' returned '0': AMENT_PREFIX_PATH=/home/sophie/visionaid/isaac_ros_ws/install/gxf_isaac_messages:/home/sophie/visionaid/isaac_ros_ws/install/gxf_isaac_ros_messages:/home/sophie/visionaid/isaac_ros_ws/install/gxf_isaac_gems:/home/sophie/visionaid/isaac_ros_ws/install/isaac_ros_gxf:/home/sophie/visionaid/isaac_ros_ws/install/isaac_ros_common:${AMENT_PREFIX_PATH} CMAKE_PREFIX_PATH=/home/sophie/visionaid/isaac_ros_ws/install/gxf_isaac_messages:/home/sophie/visionaid/isaac_ros_ws/install/gxf_isaac_ros_messages:/home/sophie/visionaid/isaac_ros_ws/install/gxf_isaac_gems:/home/sophie/visionaid/isaac_ros_ws/install/isaac_ros_gxf:/home/sophie/visionaid/isaac_ros_ws/install/isaac_ros_common:/opt/ros/humble LD_LIBRARY_PATH=/home/sophie/visionaid/isaac_ros_ws/install/gxf_isaac_messages/lib:/home/sophie/visionaid/isaac_ros_ws/install/gxf_isaac_ros_messages/lib:/home/sophie/visionaid/isaac_ros_ws/install/gxf_isaac_gems/lib:/home/sophie/visionaid/isaac_ros_ws/install/isaac_ros_gxf/lib:/home/sophie/visionaid/isaac_ros_ws/install/isaac_ros_common/lib:${LD_LIBRARY_PATH} PATH=/home/sophie/visionaid/isaac_ros_ws/install/isaac_ros_common/bin:${PATH} PYTHONPATH=/home/sophie/visionaid/isaac_ros_ws/install/isaac_ros_common/local/lib/python3.10/dist-packages:${PYTHONPATH} /usr/bin/cmake --install /home/sophie/visionaid/isaac_ros_ws/build/gxf_isaac_depth_image_proc
