[0.009s] Invoking command in '/home/sophie/visionaid/isaac_ros_ws/build/gxf_isaac_image_flip': AMENT_PREFIX_PATH=/home/sophie/visionaid/isaac_ros_ws/install/isaac_ros_gxf:/home/sophie/visionaid/isaac_ros_ws/install/isaac_ros_common:${AMENT_PREFIX_PATH} CMAKE_PREFIX_PATH=/home/sophie/visionaid/isaac_ros_ws/install/isaac_ros_gxf:/home/sophie/visionaid/isaac_ros_ws/install/isaac_ros_common:/opt/ros/humble LD_LIBRARY_PATH=/home/sophie/visionaid/isaac_ros_ws/install/isaac_ros_gxf/lib:/home/sophie/visionaid/isaac_ros_ws/install/isaac_ros_common/lib:${LD_LIBRARY_PATH} PATH=/home/sophie/visionaid/isaac_ros_ws/install/isaac_ros_common/bin:${PATH} PYTHONPATH=/home/sophie/visionaid/isaac_ros_ws/install/isaac_ros_common/local/lib/python3.10/dist-packages:${PYTHONPATH} /usr/bin/cmake /home/sophie/visionaid/isaac_ros_ws/src/isaac_ros_image_pipeline/isaac_ros_gxf_extensions/gxf_isaac_image_flip -DCMAKE_BUILD_TYPE=Release -DBUILD_TESTING=OFF -DCMAKE_CUDA_ARCHITECTURES=89 -DAMENT_CMAKE_SYMLINK_INSTALL=1 -DCMAKE_INSTALL_PREFIX=/home/sophie/visionaid/isaac_ros_ws/install/gxf_isaac_image_flip
[0.047s] -- The C compiler identification is GNU 11.4.0
[0.083s] -- The CXX compiler identification is GNU 11.4.0
[0.087s] -- Detecting C compiler ABI info
[0.137s] -- Detecting C compiler ABI info - done
[0.144s] -- Check for working C compiler: /usr/bin/cc - skipped
[0.144s] -- Detecting C compile features
[0.144s] -- Detecting C compile features - done
[0.146s] -- Detecting CXX compiler ABI info
[0.207s] -- Detecting CXX compiler ABI info - done
[0.214s] -- Check for working CXX compiler: /usr/bin/c++ - skipped
[0.214s] -- Detecting CXX compile features
[0.215s] -- Detecting CXX compile features - done
[0.216s] -- Found ament_cmake_auto: 1.3.11 (/opt/ros/humble/share/ament_cmake_auto/cmake)
[0.321s] -- Found Python3: /usr/bin/python3 (found version "3.10.12") found components: Interpreter 
[0.360s] -- Override CMake install command with custom implementation using symlinks instead of copying resources
[0.410s] -- Loading isaac_ros_common extras
[0.410s] -- CMAKE_BUILD_TYPE: Release
[0.424s] -- Looking for pthread.h
[0.478s] -- Looking for pthread.h - found
[0.478s] -- Performing Test CMAKE_HAVE_LIBC_PTHREAD
[0.537s] -- Performing Test CMAKE_HAVE_LIBC_PTHREAD - Success
[0.538s] -- Found Threads: TRUE  
[0.545s] -- Found CUDA: /usr/local/cuda-12.8 (found version "12.8") 
[0.546s] -- CUDA architectures: 89
[0.546s] -- Loading isaac_ros_common extras (modules)
[0.565s] -- Found rosidl_generator_c: 3.1.6 (/opt/ros/humble/share/rosidl_generator_c/cmake)
[0.568s] -- Found rosidl_adapter: 3.1.6 (/opt/ros/humble/share/rosidl_adapter/cmake)
[0.572s] -- Found rosidl_generator_cpp: 3.1.6 (/opt/ros/humble/share/rosidl_generator_cpp/cmake)
[0.579s] -- Using all available rosidl_typesupport_c: rosidl_typesupport_fastrtps_c;rosidl_typesupport_introspection_c
[0.588s] -- Using all available rosidl_typesupport_cpp: rosidl_typesupport_fastrtps_cpp;rosidl_typesupport_introspection_cpp
[0.614s] -- Found rmw_implementation_cmake: 6.1.2 (/opt/ros/humble/share/rmw_implementation_cmake/cmake)
[0.616s] -- Found rmw_fastrtps_cpp: 6.2.7 (/opt/ros/humble/share/rmw_fastrtps_cpp/cmake)
[0.675s] -- Found OpenSSL: /usr/lib/x86_64-linux-gnu/libcrypto.so (found version "3.0.2")  
[0.690s] -- Found FastRTPS: /opt/ros/humble/include  
[0.715s] -- Using RMW implementation 'rmw_fastrtps_cpp' as default
[0.751s] -- Loading isaac_ros_gxf extras
[0.795s] -- Configuring done
[0.803s] -- Generating done
[0.806s] -- Build files have been written to: /home/sophie/visionaid/isaac_ros_ws/build/gxf_isaac_image_flip
[0.814s] Invoked command in '/home/sophie/visionaid/isaac_ros_ws/build/gxf_isaac_image_flip' returned '0': AMENT_PREFIX_PATH=/home/sophie/visionaid/isaac_ros_ws/install/isaac_ros_gxf:/home/sophie/visionaid/isaac_ros_ws/install/isaac_ros_common:${AMENT_PREFIX_PATH} CMAKE_PREFIX_PATH=/home/sophie/visionaid/isaac_ros_ws/install/isaac_ros_gxf:/home/sophie/visionaid/isaac_ros_ws/install/isaac_ros_common:/opt/ros/humble LD_LIBRARY_PATH=/home/sophie/visionaid/isaac_ros_ws/install/isaac_ros_gxf/lib:/home/sophie/visionaid/isaac_ros_ws/install/isaac_ros_common/lib:${LD_LIBRARY_PATH} PATH=/home/sophie/visionaid/isaac_ros_ws/install/isaac_ros_common/bin:${PATH} PYTHONPATH=/home/sophie/visionaid/isaac_ros_ws/install/isaac_ros_common/local/lib/python3.10/dist-packages:${PYTHONPATH} /usr/bin/cmake /home/sophie/visionaid/isaac_ros_ws/src/isaac_ros_image_pipeline/isaac_ros_gxf_extensions/gxf_isaac_image_flip -DCMAKE_BUILD_TYPE=Release -DBUILD_TESTING=OFF -DCMAKE_CUDA_ARCHITECTURES=89 -DAMENT_CMAKE_SYMLINK_INSTALL=1 -DCMAKE_INSTALL_PREFIX=/home/sophie/visionaid/isaac_ros_ws/install/gxf_isaac_image_flip
[0.817s] Invoking command in '/home/sophie/visionaid/isaac_ros_ws/build/gxf_isaac_image_flip': AMENT_PREFIX_PATH=/home/sophie/visionaid/isaac_ros_ws/install/isaac_ros_gxf:/home/sophie/visionaid/isaac_ros_ws/install/isaac_ros_common:${AMENT_PREFIX_PATH} CMAKE_PREFIX_PATH=/home/sophie/visionaid/isaac_ros_ws/install/isaac_ros_gxf:/home/sophie/visionaid/isaac_ros_ws/install/isaac_ros_common:/opt/ros/humble LD_LIBRARY_PATH=/home/sophie/visionaid/isaac_ros_ws/install/isaac_ros_gxf/lib:/home/sophie/visionaid/isaac_ros_ws/install/isaac_ros_common/lib:${LD_LIBRARY_PATH} PATH=/home/sophie/visionaid/isaac_ros_ws/install/isaac_ros_common/bin:${PATH} PYTHONPATH=/home/sophie/visionaid/isaac_ros_ws/install/isaac_ros_common/local/lib/python3.10/dist-packages:${PYTHONPATH} /usr/bin/cmake --build /home/sophie/visionaid/isaac_ros_ws/build/gxf_isaac_image_flip -- -j22 -l22
[0.854s] [ 25%] [32mBuilding CXX object CMakeFiles/gxf_isaac_image_flip.dir/gxf/image_flip_extension.cpp.o[0m
[0.855s] [ 75%] [32mBuilding CXX object CMakeFiles/gxf_isaac_image_flip.dir/gxf/image_flip.cpp.o[0m
[0.855s] [ 75%] [34m[1mGenerating version information as YAML[0m
[0.911s] [ 75%] Built target generate_version_info_target_gxf_isaac_image_flip
[3.559s] [100%] [32m[1mLinking CXX shared library libgxf_isaac_image_flip.so[0m
[3.649s] [100%] Built target gxf_isaac_image_flip
[3.660s] Invoked command in '/home/sophie/visionaid/isaac_ros_ws/build/gxf_isaac_image_flip' returned '0': AMENT_PREFIX_PATH=/home/sophie/visionaid/isaac_ros_ws/install/isaac_ros_gxf:/home/sophie/visionaid/isaac_ros_ws/install/isaac_ros_common:${AMENT_PREFIX_PATH} CMAKE_PREFIX_PATH=/home/sophie/visionaid/isaac_ros_ws/install/isaac_ros_gxf:/home/sophie/visionaid/isaac_ros_ws/install/isaac_ros_common:/opt/ros/humble LD_LIBRARY_PATH=/home/sophie/visionaid/isaac_ros_ws/install/isaac_ros_gxf/lib:/home/sophie/visionaid/isaac_ros_ws/install/isaac_ros_common/lib:${LD_LIBRARY_PATH} PATH=/home/sophie/visionaid/isaac_ros_ws/install/isaac_ros_common/bin:${PATH} PYTHONPATH=/home/sophie/visionaid/isaac_ros_ws/install/isaac_ros_common/local/lib/python3.10/dist-packages:${PYTHONPATH} /usr/bin/cmake --build /home/sophie/visionaid/isaac_ros_ws/build/gxf_isaac_image_flip -- -j22 -l22
[3.662s] Invoking command in '/home/sophie/visionaid/isaac_ros_ws/build/gxf_isaac_image_flip': AMENT_PREFIX_PATH=/home/sophie/visionaid/isaac_ros_ws/install/isaac_ros_gxf:/home/sophie/visionaid/isaac_ros_ws/install/isaac_ros_common:${AMENT_PREFIX_PATH} CMAKE_PREFIX_PATH=/home/sophie/visionaid/isaac_ros_ws/install/isaac_ros_gxf:/home/sophie/visionaid/isaac_ros_ws/install/isaac_ros_common:/opt/ros/humble LD_LIBRARY_PATH=/home/sophie/visionaid/isaac_ros_ws/install/isaac_ros_gxf/lib:/home/sophie/visionaid/isaac_ros_ws/install/isaac_ros_common/lib:${LD_LIBRARY_PATH} PATH=/home/sophie/visionaid/isaac_ros_ws/install/isaac_ros_common/bin:${PATH} PYTHONPATH=/home/sophie/visionaid/isaac_ros_ws/install/isaac_ros_common/local/lib/python3.10/dist-packages:${PYTHONPATH} /usr/bin/cmake --install /home/sophie/visionaid/isaac_ros_ws/build/gxf_isaac_image_flip
[3.669s] -- Install configuration: "Release"
[3.669s] -- Execute custom install script
[3.670s] -- Symlinking: /home/sophie/visionaid/isaac_ros_ws/install/gxf_isaac_image_flip/share/gxf_isaac_image_flip/gxf/lib/libgxf_isaac_image_flip.so
[3.675s] -- Symlinking: /home/sophie/visionaid/isaac_ros_ws/install/gxf_isaac_image_flip/share/gxf_isaac_image_flip/version_info.yaml
[3.682s] -- Symlinking: /home/sophie/visionaid/isaac_ros_ws/install/gxf_isaac_image_flip/share/gxf_isaac_image_flip/environment/library_path.sh
[3.688s] -- Symlinking: /home/sophie/visionaid/isaac_ros_ws/install/gxf_isaac_image_flip/share/gxf_isaac_image_flip/environment/library_path.dsv
[3.693s] -- Symlinking: /home/sophie/visionaid/isaac_ros_ws/install/gxf_isaac_image_flip/lib/libgxf_isaac_image_flip.so
[3.701s] -- Symlinking: /home/sophie/visionaid/isaac_ros_ws/install/gxf_isaac_image_flip/share/ament_index/resource_index/package_run_dependencies/gxf_isaac_image_flip
[3.709s] -- Symlinking: /home/sophie/visionaid/isaac_ros_ws/install/gxf_isaac_image_flip/share/ament_index/resource_index/parent_prefix_path/gxf_isaac_image_flip
[3.714s] -- Symlinking: /home/sophie/visionaid/isaac_ros_ws/install/gxf_isaac_image_flip/share/gxf_isaac_image_flip/environment/ament_prefix_path.sh
[3.719s] -- Symlinking: /home/sophie/visionaid/isaac_ros_ws/install/gxf_isaac_image_flip/share/gxf_isaac_image_flip/environment/ament_prefix_path.dsv
[3.726s] -- Symlinking: /home/sophie/visionaid/isaac_ros_ws/install/gxf_isaac_image_flip/share/gxf_isaac_image_flip/environment/path.sh
[3.734s] -- Symlinking: /home/sophie/visionaid/isaac_ros_ws/install/gxf_isaac_image_flip/share/gxf_isaac_image_flip/environment/path.dsv
[3.740s] -- Symlinking: /home/sophie/visionaid/isaac_ros_ws/install/gxf_isaac_image_flip/share/gxf_isaac_image_flip/local_setup.bash
[3.745s] -- Symlinking: /home/sophie/visionaid/isaac_ros_ws/install/gxf_isaac_image_flip/share/gxf_isaac_image_flip/local_setup.sh
[3.753s] -- Symlinking: /home/sophie/visionaid/isaac_ros_ws/install/gxf_isaac_image_flip/share/gxf_isaac_image_flip/local_setup.zsh
[3.758s] -- Symlinking: /home/sophie/visionaid/isaac_ros_ws/install/gxf_isaac_image_flip/share/gxf_isaac_image_flip/local_setup.dsv
[3.763s] -- Symlinking: /home/sophie/visionaid/isaac_ros_ws/install/gxf_isaac_image_flip/share/gxf_isaac_image_flip/package.dsv
[3.768s] -- Symlinking: /home/sophie/visionaid/isaac_ros_ws/install/gxf_isaac_image_flip/share/ament_index/resource_index/packages/gxf_isaac_image_flip
[3.773s] -- Symlinking: /home/sophie/visionaid/isaac_ros_ws/install/gxf_isaac_image_flip/share/gxf_isaac_image_flip/cmake/ament_cmake_export_dependencies-extras.cmake
[3.780s] -- Symlinking: /home/sophie/visionaid/isaac_ros_ws/install/gxf_isaac_image_flip/share/gxf_isaac_image_flip/cmake/ament_cmake_export_libraries-extras.cmake
[3.788s] -- Symlinking: /home/sophie/visionaid/isaac_ros_ws/install/gxf_isaac_image_flip/share/gxf_isaac_image_flip/cmake/gxf_isaac_image_flipConfig.cmake
[3.793s] -- Symlinking: /home/sophie/visionaid/isaac_ros_ws/install/gxf_isaac_image_flip/share/gxf_isaac_image_flip/cmake/gxf_isaac_image_flipConfig-version.cmake
[3.801s] -- Symlinking: /home/sophie/visionaid/isaac_ros_ws/install/gxf_isaac_image_flip/share/gxf_isaac_image_flip/package.xml
[3.810s] Invoked command in '/home/sophie/visionaid/isaac_ros_ws/build/gxf_isaac_image_flip' returned '0': AMENT_PREFIX_PATH=/home/sophie/visionaid/isaac_ros_ws/install/isaac_ros_gxf:/home/sophie/visionaid/isaac_ros_ws/install/isaac_ros_common:${AMENT_PREFIX_PATH} CMAKE_PREFIX_PATH=/home/sophie/visionaid/isaac_ros_ws/install/isaac_ros_gxf:/home/sophie/visionaid/isaac_ros_ws/install/isaac_ros_common:/opt/ros/humble LD_LIBRARY_PATH=/home/sophie/visionaid/isaac_ros_ws/install/isaac_ros_gxf/lib:/home/sophie/visionaid/isaac_ros_ws/install/isaac_ros_common/lib:${LD_LIBRARY_PATH} PATH=/home/sophie/visionaid/isaac_ros_ws/install/isaac_ros_common/bin:${PATH} PYTHONPATH=/home/sophie/visionaid/isaac_ros_ws/install/isaac_ros_common/local/lib/python3.10/dist-packages:${PYTHONPATH} /usr/bin/cmake --install /home/sophie/visionaid/isaac_ros_ws/build/gxf_isaac_image_flip
