-- CMAKE_BUILD_TYPE: Release
-- Found ament_cmake_auto: 1.3.11 (/opt/ros/humble/share/ament_cmake_auto/cmake)
-- Override CMake install command with custom implementation using symlinks instead of copying resources
-- Using all available rosidl_typesupport_c: rosidl_typesupport_fastrtps_c;rosidl_typesupport_introspection_c
-- Found rosidl_adapter: 3.1.6 (/opt/ros/humble/share/rosidl_adapter/cmake)
-- Using all available rosidl_typesupport_cpp: rosidl_typesupport_fastrtps_cpp;rosidl_typesupport_introspection_cpp
-- Loading isaac_ros_common extras
-- CMAKE_BUILD_TYPE: Release
-- CUDA architectures: 89
-- Loading isaac_ros_common extras (modules)
-- Found rmw_implementation_cmake: 6.1.2 (/opt/ros/humble/share/rmw_implementation_cmake/cmake)
-- Found rmw_fastrtps_cpp: 6.2.7 (/opt/ros/humble/share/rmw_fastrtps_cpp/cmake)
-- Using RMW implementation 'rmw_fastrtps_cpp' as default
-- Found ament_cmake_ros: 0.10.0 (/opt/ros/humble/share/ament_cmake_ros/cmake)
-- Using all available rosidl_typesupport_c: rosidl_typesupport_fastrtps_c;rosidl_typesupport_introspection_c
-- Using all available rosidl_typesupport_cpp: rosidl_typesupport_fastrtps_cpp;rosidl_typesupport_introspection_cpp
-- Found python_cmake_module: 0.10.0 (/opt/ros/humble/share/python_cmake_module/cmake)
-- Using PYTHON_EXECUTABLE: /usr/bin/python3
-- Using PYTHON_INCLUDE_DIRS: /usr/include/python3.10
-- Using PYTHON_LIBRARIES: /usr/lib/x86_64-linux-gnu/libpython3.10.so
-- Configuring done
-- Generating done
-- Build files have been written to: /home/sophie/visionaid/isaac_ros_ws/build/ros2_benchmark_interfaces
[35m[1mConsolidate compiler generated dependencies of target ros2_benchmark_interfaces__rosidl_generator_c[0m
[  1%] Built target ros2_benchmark_interfaces__cpp
[ 13%] Built target ros2_benchmark_interfaces__rosidl_generator_c
[ 13%] Built target ament_cmake_python_symlink_ros2_benchmark_interfaces
[ 13%] Built target generate_version_info_target_ros2_benchmark_interfaces
[35m[1mConsolidate compiler generated dependencies of target ros2_benchmark_interfaces__rosidl_typesupport_fastrtps_c[0m
[35m[1mConsolidate compiler generated dependencies of target ros2_benchmark_interfaces__rosidl_typesupport_cpp[0m
[35m[1mConsolidate compiler generated dependencies of target ros2_benchmark_interfaces__rosidl_typesupport_introspection_cpp[0m
[35m[1mConsolidate compiler generated dependencies of target ros2_benchmark_interfaces__rosidl_typesupport_introspection_c[0m
[35m[1mConsolidate compiler generated dependencies of target ros2_benchmark_interfaces__rosidl_typesupport_fastrtps_cpp[0m
[35m[1mConsolidate compiler generated dependencies of target ros2_benchmark_interfaces__rosidl_typesupport_c[0m
[ 25%] Built target ros2_benchmark_interfaces__rosidl_typesupport_cpp
[ 36%] Built target ros2_benchmark_interfaces__rosidl_typesupport_introspection_c
[ 47%] Built target ros2_benchmark_interfaces__rosidl_typesupport_c
[ 58%] Built target ros2_benchmark_interfaces__rosidl_typesupport_fastrtps_c
[ 70%] Built target ros2_benchmark_interfaces__rosidl_typesupport_introspection_cpp
[ 82%] Built target ros2_benchmark_interfaces__rosidl_typesupport_fastrtps_cpp
[ 82%] Built target ros2_benchmark_interfaces
[ 83%] Built target ros2_benchmark_interfaces__py
[35m[1mConsolidate compiler generated dependencies of target ros2_benchmark_interfaces__rosidl_generator_py[0m
[ 94%] Built target ros2_benchmark_interfaces__rosidl_generator_py
[35m[1mConsolidate compiler generated dependencies of target ros2_benchmark_interfaces__rosidl_typesupport_introspection_c__pyext[0m
[35m[1mConsolidate compiler generated dependencies of target ros2_benchmark_interfaces__rosidl_typesupport_fastrtps_c__pyext[0m
running egg_info
writing ros2_benchmark_interfaces.egg-info/PKG-INFO
writing dependency_links to ros2_benchmark_interfaces.egg-info/dependency_links.txt
writing top-level names to ros2_benchmark_interfaces.egg-info/top_level.txt
reading manifest file 'ros2_benchmark_interfaces.egg-info/SOURCES.txt'
writing manifest file 'ros2_benchmark_interfaces.egg-info/SOURCES.txt'
[35m[1mConsolidate compiler generated dependencies of target ros2_benchmark_interfaces__rosidl_typesupport_c__pyext[0m
[ 96%] Built target ros2_benchmark_interfaces__rosidl_typesupport_introspection_c__pyext
[ 96%] Built target ament_cmake_python_build_ros2_benchmark_interfaces_egg
[ 98%] Built target ros2_benchmark_interfaces__rosidl_typesupport_c__pyext
[100%] Built target ros2_benchmark_interfaces__rosidl_typesupport_fastrtps_c__pyext
-- Install configuration: "Release"
-- Execute custom install script
-- Up-to-date symlink: /home/sophie/visionaid/isaac_ros_ws/install/ros2_benchmark_interfaces/share/ament_index/resource_index/rosidl_interfaces/ros2_benchmark_interfaces
-- Up-to-date symlink: /home/sophie/visionaid/isaac_ros_ws/install/ros2_benchmark_interfaces/include/ros2_benchmark_interfaces/ros2_benchmark_interfaces/msg/detail/timestamped_message_array__functions.h
-- Up-to-date symlink: /home/sophie/visionaid/isaac_ros_ws/install/ros2_benchmark_interfaces/include/ros2_benchmark_interfaces/ros2_benchmark_interfaces/msg/detail/timestamped_message_array__struct.h
-- Up-to-date symlink: /home/sophie/visionaid/isaac_ros_ws/install/ros2_benchmark_interfaces/include/ros2_benchmark_interfaces/ros2_benchmark_interfaces/msg/detail/timestamped_message_array__type_support.h
-- Up-to-date symlink: /home/sophie/visionaid/isaac_ros_ws/install/ros2_benchmark_interfaces/include/ros2_benchmark_interfaces/ros2_benchmark_interfaces/msg/detail/topic_message_count__functions.h
-- Up-to-date symlink: /home/sophie/visionaid/isaac_ros_ws/install/ros2_benchmark_interfaces/include/ros2_benchmark_interfaces/ros2_benchmark_interfaces/msg/detail/topic_message_count__struct.h
-- Up-to-date symlink: /home/sophie/visionaid/isaac_ros_ws/install/ros2_benchmark_interfaces/include/ros2_benchmark_interfaces/ros2_benchmark_interfaces/msg/detail/topic_message_count__type_support.h
-- Up-to-date symlink: /home/sophie/visionaid/isaac_ros_ws/install/ros2_benchmark_interfaces/include/ros2_benchmark_interfaces/ros2_benchmark_interfaces/msg/detail/topic_message_timestamp_array__functions.h
-- Up-to-date symlink: /home/sophie/visionaid/isaac_ros_ws/install/ros2_benchmark_interfaces/include/ros2_benchmark_interfaces/ros2_benchmark_interfaces/msg/detail/topic_message_timestamp_array__struct.h
-- Up-to-date symlink: /home/sophie/visionaid/isaac_ros_ws/install/ros2_benchmark_interfaces/include/ros2_benchmark_interfaces/ros2_benchmark_interfaces/msg/detail/topic_message_timestamp_array__type_support.h
-- Up-to-date symlink: /home/sophie/visionaid/isaac_ros_ws/install/ros2_benchmark_interfaces/include/ros2_benchmark_interfaces/ros2_benchmark_interfaces/msg/rosidl_generator_c__visibility_control.h
-- Up-to-date symlink: /home/sophie/visionaid/isaac_ros_ws/install/ros2_benchmark_interfaces/include/ros2_benchmark_interfaces/ros2_benchmark_interfaces/msg/timestamped_message_array.h
-- Up-to-date symlink: /home/sophie/visionaid/isaac_ros_ws/install/ros2_benchmark_interfaces/include/ros2_benchmark_interfaces/ros2_benchmark_interfaces/msg/topic_message_count.h
-- Up-to-date symlink: /home/sophie/visionaid/isaac_ros_ws/install/ros2_benchmark_interfaces/include/ros2_benchmark_interfaces/ros2_benchmark_interfaces/msg/topic_message_timestamp_array.h
-- Up-to-date symlink: /home/sophie/visionaid/isaac_ros_ws/install/ros2_benchmark_interfaces/include/ros2_benchmark_interfaces/ros2_benchmark_interfaces/srv/detail/get_topic_message_timestamps__functions.h
-- Up-to-date symlink: /home/sophie/visionaid/isaac_ros_ws/install/ros2_benchmark_interfaces/include/ros2_benchmark_interfaces/ros2_benchmark_interfaces/srv/detail/get_topic_message_timestamps__struct.h
-- Up-to-date symlink: /home/sophie/visionaid/isaac_ros_ws/install/ros2_benchmark_interfaces/include/ros2_benchmark_interfaces/ros2_benchmark_interfaces/srv/detail/get_topic_message_timestamps__type_support.h
-- Up-to-date symlink: /home/sophie/visionaid/isaac_ros_ws/install/ros2_benchmark_interfaces/include/ros2_benchmark_interfaces/ros2_benchmark_interfaces/srv/detail/play_messages__functions.h
-- Up-to-date symlink: /home/sophie/visionaid/isaac_ros_ws/install/ros2_benchmark_interfaces/include/ros2_benchmark_interfaces/ros2_benchmark_interfaces/srv/detail/play_messages__struct.h
-- Up-to-date symlink: /home/sophie/visionaid/isaac_ros_ws/install/ros2_benchmark_interfaces/include/ros2_benchmark_interfaces/ros2_benchmark_interfaces/srv/detail/play_messages__type_support.h
-- Up-to-date symlink: /home/sophie/visionaid/isaac_ros_ws/install/ros2_benchmark_interfaces/include/ros2_benchmark_interfaces/ros2_benchmark_interfaces/srv/detail/set_data__functions.h
-- Up-to-date symlink: /home/sophie/visionaid/isaac_ros_ws/install/ros2_benchmark_interfaces/include/ros2_benchmark_interfaces/ros2_benchmark_interfaces/srv/detail/set_data__struct.h
-- Up-to-date symlink: /home/sophie/visionaid/isaac_ros_ws/install/ros2_benchmark_interfaces/include/ros2_benchmark_interfaces/ros2_benchmark_interfaces/srv/detail/set_data__type_support.h
-- Up-to-date symlink: /home/sophie/visionaid/isaac_ros_ws/install/ros2_benchmark_interfaces/include/ros2_benchmark_interfaces/ros2_benchmark_interfaces/srv/detail/start_loading__functions.h
-- Up-to-date symlink: /home/sophie/visionaid/isaac_ros_ws/install/ros2_benchmark_interfaces/include/ros2_benchmark_interfaces/ros2_benchmark_interfaces/srv/detail/start_loading__struct.h
-- Up-to-date symlink: /home/sophie/visionaid/isaac_ros_ws/install/ros2_benchmark_interfaces/include/ros2_benchmark_interfaces/ros2_benchmark_interfaces/srv/detail/start_loading__type_support.h
-- Up-to-date symlink: /home/sophie/visionaid/isaac_ros_ws/install/ros2_benchmark_interfaces/include/ros2_benchmark_interfaces/ros2_benchmark_interfaces/srv/detail/start_monitoring__functions.h
-- Up-to-date symlink: /home/sophie/visionaid/isaac_ros_ws/install/ros2_benchmark_interfaces/include/ros2_benchmark_interfaces/ros2_benchmark_interfaces/srv/detail/start_monitoring__struct.h
-- Up-to-date symlink: /home/sophie/visionaid/isaac_ros_ws/install/ros2_benchmark_interfaces/include/ros2_benchmark_interfaces/ros2_benchmark_interfaces/srv/detail/start_monitoring__type_support.h
-- Up-to-date symlink: /home/sophie/visionaid/isaac_ros_ws/install/ros2_benchmark_interfaces/include/ros2_benchmark_interfaces/ros2_benchmark_interfaces/srv/detail/start_recording__functions.h
-- Up-to-date symlink: /home/sophie/visionaid/isaac_ros_ws/install/ros2_benchmark_interfaces/include/ros2_benchmark_interfaces/ros2_benchmark_interfaces/srv/detail/start_recording__struct.h
-- Up-to-date symlink: /home/sophie/visionaid/isaac_ros_ws/install/ros2_benchmark_interfaces/include/ros2_benchmark_interfaces/ros2_benchmark_interfaces/srv/detail/start_recording__type_support.h
-- Up-to-date symlink: /home/sophie/visionaid/isaac_ros_ws/install/ros2_benchmark_interfaces/include/ros2_benchmark_interfaces/ros2_benchmark_interfaces/srv/detail/stop_loading__functions.h
-- Up-to-date symlink: /home/sophie/visionaid/isaac_ros_ws/install/ros2_benchmark_interfaces/include/ros2_benchmark_interfaces/ros2_benchmark_interfaces/srv/detail/stop_loading__struct.h
-- Up-to-date symlink: /home/sophie/visionaid/isaac_ros_ws/install/ros2_benchmark_interfaces/include/ros2_benchmark_interfaces/ros2_benchmark_interfaces/srv/detail/stop_loading__type_support.h
-- Up-to-date symlink: /home/sophie/visionaid/isaac_ros_ws/install/ros2_benchmark_interfaces/include/ros2_benchmark_interfaces/ros2_benchmark_interfaces/srv/detail/stop_monitoring__functions.h
-- Up-to-date symlink: /home/sophie/visionaid/isaac_ros_ws/install/ros2_benchmark_interfaces/include/ros2_benchmark_interfaces/ros2_benchmark_interfaces/srv/detail/stop_monitoring__struct.h
-- Up-to-date symlink: /home/sophie/visionaid/isaac_ros_ws/install/ros2_benchmark_interfaces/include/ros2_benchmark_interfaces/ros2_benchmark_interfaces/srv/detail/stop_monitoring__type_support.h
-- Up-to-date symlink: /home/sophie/visionaid/isaac_ros_ws/install/ros2_benchmark_interfaces/include/ros2_benchmark_interfaces/ros2_benchmark_interfaces/srv/detail/stop_recording__functions.h
-- Up-to-date symlink: /home/sophie/visionaid/isaac_ros_ws/install/ros2_benchmark_interfaces/include/ros2_benchmark_interfaces/ros2_benchmark_interfaces/srv/detail/stop_recording__struct.h
-- Up-to-date symlink: /home/sophie/visionaid/isaac_ros_ws/install/ros2_benchmark_interfaces/include/ros2_benchmark_interfaces/ros2_benchmark_interfaces/srv/detail/stop_recording__type_support.h
-- Up-to-date symlink: /home/sophie/visionaid/isaac_ros_ws/install/ros2_benchmark_interfaces/include/ros2_benchmark_interfaces/ros2_benchmark_interfaces/srv/get_topic_message_timestamps.h
-- Up-to-date symlink: /home/sophie/visionaid/isaac_ros_ws/install/ros2_benchmark_interfaces/include/ros2_benchmark_interfaces/ros2_benchmark_interfaces/srv/play_messages.h
-- Up-to-date symlink: /home/sophie/visionaid/isaac_ros_ws/install/ros2_benchmark_interfaces/include/ros2_benchmark_interfaces/ros2_benchmark_interfaces/srv/set_data.h
-- Up-to-date symlink: /home/sophie/visionaid/isaac_ros_ws/install/ros2_benchmark_interfaces/include/ros2_benchmark_interfaces/ros2_benchmark_interfaces/srv/start_loading.h
-- Up-to-date symlink: /home/sophie/visionaid/isaac_ros_ws/install/ros2_benchmark_interfaces/include/ros2_benchmark_interfaces/ros2_benchmark_interfaces/srv/start_monitoring.h
-- Up-to-date symlink: /home/sophie/visionaid/isaac_ros_ws/install/ros2_benchmark_interfaces/include/ros2_benchmark_interfaces/ros2_benchmark_interfaces/srv/start_recording.h
-- Up-to-date symlink: /home/sophie/visionaid/isaac_ros_ws/install/ros2_benchmark_interfaces/include/ros2_benchmark_interfaces/ros2_benchmark_interfaces/srv/stop_loading.h
-- Up-to-date symlink: /home/sophie/visionaid/isaac_ros_ws/install/ros2_benchmark_interfaces/include/ros2_benchmark_interfaces/ros2_benchmark_interfaces/srv/stop_monitoring.h
-- Up-to-date symlink: /home/sophie/visionaid/isaac_ros_ws/install/ros2_benchmark_interfaces/include/ros2_benchmark_interfaces/ros2_benchmark_interfaces/srv/stop_recording.h
-- Up-to-date symlink: /home/sophie/visionaid/isaac_ros_ws/install/ros2_benchmark_interfaces/share/ros2_benchmark_interfaces/environment/library_path.sh
-- Up-to-date symlink: /home/sophie/visionaid/isaac_ros_ws/install/ros2_benchmark_interfaces/share/ros2_benchmark_interfaces/environment/library_path.dsv
-- Up-to-date symlink: /home/sophie/visionaid/isaac_ros_ws/install/ros2_benchmark_interfaces/include/ros2_benchmark_interfaces/ros2_benchmark_interfaces/msg/detail/timestamped_message_array__rosidl_typesupport_fastrtps_c.h
-- Up-to-date symlink: /home/sophie/visionaid/isaac_ros_ws/install/ros2_benchmark_interfaces/include/ros2_benchmark_interfaces/ros2_benchmark_interfaces/msg/detail/topic_message_count__rosidl_typesupport_fastrtps_c.h
-- Up-to-date symlink: /home/sophie/visionaid/isaac_ros_ws/install/ros2_benchmark_interfaces/include/ros2_benchmark_interfaces/ros2_benchmark_interfaces/msg/detail/topic_message_timestamp_array__rosidl_typesupport_fastrtps_c.h
-- Up-to-date symlink: /home/sophie/visionaid/isaac_ros_ws/install/ros2_benchmark_interfaces/include/ros2_benchmark_interfaces/ros2_benchmark_interfaces/msg/rosidl_typesupport_fastrtps_c__visibility_control.h
-- Up-to-date symlink: /home/sophie/visionaid/isaac_ros_ws/install/ros2_benchmark_interfaces/include/ros2_benchmark_interfaces/ros2_benchmark_interfaces/srv/detail/get_topic_message_timestamps__rosidl_typesupport_fastrtps_c.h
-- Up-to-date symlink: /home/sophie/visionaid/isaac_ros_ws/install/ros2_benchmark_interfaces/include/ros2_benchmark_interfaces/ros2_benchmark_interfaces/srv/detail/play_messages__rosidl_typesupport_fastrtps_c.h
-- Up-to-date symlink: /home/sophie/visionaid/isaac_ros_ws/install/ros2_benchmark_interfaces/include/ros2_benchmark_interfaces/ros2_benchmark_interfaces/srv/detail/set_data__rosidl_typesupport_fastrtps_c.h
-- Up-to-date symlink: /home/sophie/visionaid/isaac_ros_ws/install/ros2_benchmark_interfaces/include/ros2_benchmark_interfaces/ros2_benchmark_interfaces/srv/detail/start_loading__rosidl_typesupport_fastrtps_c.h
-- Up-to-date symlink: /home/sophie/visionaid/isaac_ros_ws/install/ros2_benchmark_interfaces/include/ros2_benchmark_interfaces/ros2_benchmark_interfaces/srv/detail/start_monitoring__rosidl_typesupport_fastrtps_c.h
-- Up-to-date symlink: /home/sophie/visionaid/isaac_ros_ws/install/ros2_benchmark_interfaces/include/ros2_benchmark_interfaces/ros2_benchmark_interfaces/srv/detail/start_recording__rosidl_typesupport_fastrtps_c.h
-- Up-to-date symlink: /home/sophie/visionaid/isaac_ros_ws/install/ros2_benchmark_interfaces/include/ros2_benchmark_interfaces/ros2_benchmark_interfaces/srv/detail/stop_loading__rosidl_typesupport_fastrtps_c.h
-- Up-to-date symlink: /home/sophie/visionaid/isaac_ros_ws/install/ros2_benchmark_interfaces/include/ros2_benchmark_interfaces/ros2_benchmark_interfaces/srv/detail/stop_monitoring__rosidl_typesupport_fastrtps_c.h
-- Up-to-date symlink: /home/sophie/visionaid/isaac_ros_ws/install/ros2_benchmark_interfaces/include/ros2_benchmark_interfaces/ros2_benchmark_interfaces/srv/detail/stop_recording__rosidl_typesupport_fastrtps_c.h
-- Up-to-date symlink: /home/sophie/visionaid/isaac_ros_ws/install/ros2_benchmark_interfaces/include/ros2_benchmark_interfaces/ros2_benchmark_interfaces/msg/detail/timestamped_message_array__rosidl_typesupport_introspection_c.h
-- Up-to-date symlink: /home/sophie/visionaid/isaac_ros_ws/install/ros2_benchmark_interfaces/include/ros2_benchmark_interfaces/ros2_benchmark_interfaces/msg/detail/topic_message_count__rosidl_typesupport_introspection_c.h
-- Up-to-date symlink: /home/sophie/visionaid/isaac_ros_ws/install/ros2_benchmark_interfaces/include/ros2_benchmark_interfaces/ros2_benchmark_interfaces/msg/detail/topic_message_timestamp_array__rosidl_typesupport_introspection_c.h
-- Up-to-date symlink: /home/sophie/visionaid/isaac_ros_ws/install/ros2_benchmark_interfaces/include/ros2_benchmark_interfaces/ros2_benchmark_interfaces/msg/rosidl_typesupport_introspection_c__visibility_control.h
-- Up-to-date symlink: /home/sophie/visionaid/isaac_ros_ws/install/ros2_benchmark_interfaces/include/ros2_benchmark_interfaces/ros2_benchmark_interfaces/srv/detail/get_topic_message_timestamps__rosidl_typesupport_introspection_c.h
-- Up-to-date symlink: /home/sophie/visionaid/isaac_ros_ws/install/ros2_benchmark_interfaces/include/ros2_benchmark_interfaces/ros2_benchmark_interfaces/srv/detail/play_messages__rosidl_typesupport_introspection_c.h
-- Up-to-date symlink: /home/sophie/visionaid/isaac_ros_ws/install/ros2_benchmark_interfaces/include/ros2_benchmark_interfaces/ros2_benchmark_interfaces/srv/detail/set_data__rosidl_typesupport_introspection_c.h
-- Up-to-date symlink: /home/sophie/visionaid/isaac_ros_ws/install/ros2_benchmark_interfaces/include/ros2_benchmark_interfaces/ros2_benchmark_interfaces/srv/detail/start_loading__rosidl_typesupport_introspection_c.h
-- Up-to-date symlink: /home/sophie/visionaid/isaac_ros_ws/install/ros2_benchmark_interfaces/include/ros2_benchmark_interfaces/ros2_benchmark_interfaces/srv/detail/start_monitoring__rosidl_typesupport_introspection_c.h
-- Up-to-date symlink: /home/sophie/visionaid/isaac_ros_ws/install/ros2_benchmark_interfaces/include/ros2_benchmark_interfaces/ros2_benchmark_interfaces/srv/detail/start_recording__rosidl_typesupport_introspection_c.h
-- Up-to-date symlink: /home/sophie/visionaid/isaac_ros_ws/install/ros2_benchmark_interfaces/include/ros2_benchmark_interfaces/ros2_benchmark_interfaces/srv/detail/stop_loading__rosidl_typesupport_introspection_c.h
-- Up-to-date symlink: /home/sophie/visionaid/isaac_ros_ws/install/ros2_benchmark_interfaces/include/ros2_benchmark_interfaces/ros2_benchmark_interfaces/srv/detail/stop_monitoring__rosidl_typesupport_introspection_c.h
-- Up-to-date symlink: /home/sophie/visionaid/isaac_ros_ws/install/ros2_benchmark_interfaces/include/ros2_benchmark_interfaces/ros2_benchmark_interfaces/srv/detail/stop_recording__rosidl_typesupport_introspection_c.h
-- Up-to-date symlink: /home/sophie/visionaid/isaac_ros_ws/install/ros2_benchmark_interfaces/include/ros2_benchmark_interfaces/ros2_benchmark_interfaces/msg/detail/timestamped_message_array__builder.hpp
-- Up-to-date symlink: /home/sophie/visionaid/isaac_ros_ws/install/ros2_benchmark_interfaces/include/ros2_benchmark_interfaces/ros2_benchmark_interfaces/msg/detail/timestamped_message_array__struct.hpp
-- Up-to-date symlink: /home/sophie/visionaid/isaac_ros_ws/install/ros2_benchmark_interfaces/include/ros2_benchmark_interfaces/ros2_benchmark_interfaces/msg/detail/timestamped_message_array__traits.hpp
-- Up-to-date symlink: /home/sophie/visionaid/isaac_ros_ws/install/ros2_benchmark_interfaces/include/ros2_benchmark_interfaces/ros2_benchmark_interfaces/msg/detail/timestamped_message_array__type_support.hpp
-- Up-to-date symlink: /home/sophie/visionaid/isaac_ros_ws/install/ros2_benchmark_interfaces/include/ros2_benchmark_interfaces/ros2_benchmark_interfaces/msg/detail/topic_message_count__builder.hpp
-- Up-to-date symlink: /home/sophie/visionaid/isaac_ros_ws/install/ros2_benchmark_interfaces/include/ros2_benchmark_interfaces/ros2_benchmark_interfaces/msg/detail/topic_message_count__struct.hpp
-- Up-to-date symlink: /home/sophie/visionaid/isaac_ros_ws/install/ros2_benchmark_interfaces/include/ros2_benchmark_interfaces/ros2_benchmark_interfaces/msg/detail/topic_message_count__traits.hpp
-- Up-to-date symlink: /home/sophie/visionaid/isaac_ros_ws/install/ros2_benchmark_interfaces/include/ros2_benchmark_interfaces/ros2_benchmark_interfaces/msg/detail/topic_message_count__type_support.hpp
-- Up-to-date symlink: /home/sophie/visionaid/isaac_ros_ws/install/ros2_benchmark_interfaces/include/ros2_benchmark_interfaces/ros2_benchmark_interfaces/msg/detail/topic_message_timestamp_array__builder.hpp
-- Up-to-date symlink: /home/sophie/visionaid/isaac_ros_ws/install/ros2_benchmark_interfaces/include/ros2_benchmark_interfaces/ros2_benchmark_interfaces/msg/detail/topic_message_timestamp_array__struct.hpp
-- Up-to-date symlink: /home/sophie/visionaid/isaac_ros_ws/install/ros2_benchmark_interfaces/include/ros2_benchmark_interfaces/ros2_benchmark_interfaces/msg/detail/topic_message_timestamp_array__traits.hpp
-- Up-to-date symlink: /home/sophie/visionaid/isaac_ros_ws/install/ros2_benchmark_interfaces/include/ros2_benchmark_interfaces/ros2_benchmark_interfaces/msg/detail/topic_message_timestamp_array__type_support.hpp
-- Up-to-date symlink: /home/sophie/visionaid/isaac_ros_ws/install/ros2_benchmark_interfaces/include/ros2_benchmark_interfaces/ros2_benchmark_interfaces/msg/rosidl_generator_cpp__visibility_control.hpp
-- Up-to-date symlink: /home/sophie/visionaid/isaac_ros_ws/install/ros2_benchmark_interfaces/include/ros2_benchmark_interfaces/ros2_benchmark_interfaces/msg/timestamped_message_array.hpp
-- Up-to-date symlink: /home/sophie/visionaid/isaac_ros_ws/install/ros2_benchmark_interfaces/include/ros2_benchmark_interfaces/ros2_benchmark_interfaces/msg/topic_message_count.hpp
-- Up-to-date symlink: /home/sophie/visionaid/isaac_ros_ws/install/ros2_benchmark_interfaces/include/ros2_benchmark_interfaces/ros2_benchmark_interfaces/msg/topic_message_timestamp_array.hpp
-- Up-to-date symlink: /home/sophie/visionaid/isaac_ros_ws/install/ros2_benchmark_interfaces/include/ros2_benchmark_interfaces/ros2_benchmark_interfaces/srv/detail/get_topic_message_timestamps__builder.hpp
-- Up-to-date symlink: /home/sophie/visionaid/isaac_ros_ws/install/ros2_benchmark_interfaces/include/ros2_benchmark_interfaces/ros2_benchmark_interfaces/srv/detail/get_topic_message_timestamps__struct.hpp
-- Up-to-date symlink: /home/sophie/visionaid/isaac_ros_ws/install/ros2_benchmark_interfaces/include/ros2_benchmark_interfaces/ros2_benchmark_interfaces/srv/detail/get_topic_message_timestamps__traits.hpp
-- Up-to-date symlink: /home/sophie/visionaid/isaac_ros_ws/install/ros2_benchmark_interfaces/include/ros2_benchmark_interfaces/ros2_benchmark_interfaces/srv/detail/get_topic_message_timestamps__type_support.hpp
-- Up-to-date symlink: /home/sophie/visionaid/isaac_ros_ws/install/ros2_benchmark_interfaces/include/ros2_benchmark_interfaces/ros2_benchmark_interfaces/srv/detail/play_messages__builder.hpp
-- Up-to-date symlink: /home/sophie/visionaid/isaac_ros_ws/install/ros2_benchmark_interfaces/include/ros2_benchmark_interfaces/ros2_benchmark_interfaces/srv/detail/play_messages__struct.hpp
-- Up-to-date symlink: /home/sophie/visionaid/isaac_ros_ws/install/ros2_benchmark_interfaces/include/ros2_benchmark_interfaces/ros2_benchmark_interfaces/srv/detail/play_messages__traits.hpp
-- Up-to-date symlink: /home/sophie/visionaid/isaac_ros_ws/install/ros2_benchmark_interfaces/include/ros2_benchmark_interfaces/ros2_benchmark_interfaces/srv/detail/play_messages__type_support.hpp
-- Up-to-date symlink: /home/sophie/visionaid/isaac_ros_ws/install/ros2_benchmark_interfaces/include/ros2_benchmark_interfaces/ros2_benchmark_interfaces/srv/detail/set_data__builder.hpp
-- Up-to-date symlink: /home/sophie/visionaid/isaac_ros_ws/install/ros2_benchmark_interfaces/include/ros2_benchmark_interfaces/ros2_benchmark_interfaces/srv/detail/set_data__struct.hpp
-- Up-to-date symlink: /home/sophie/visionaid/isaac_ros_ws/install/ros2_benchmark_interfaces/include/ros2_benchmark_interfaces/ros2_benchmark_interfaces/srv/detail/set_data__traits.hpp
-- Up-to-date symlink: /home/sophie/visionaid/isaac_ros_ws/install/ros2_benchmark_interfaces/include/ros2_benchmark_interfaces/ros2_benchmark_interfaces/srv/detail/set_data__type_support.hpp
-- Up-to-date symlink: /home/sophie/visionaid/isaac_ros_ws/install/ros2_benchmark_interfaces/include/ros2_benchmark_interfaces/ros2_benchmark_interfaces/srv/detail/start_loading__builder.hpp
-- Up-to-date symlink: /home/sophie/visionaid/isaac_ros_ws/install/ros2_benchmark_interfaces/include/ros2_benchmark_interfaces/ros2_benchmark_interfaces/srv/detail/start_loading__struct.hpp
-- Up-to-date symlink: /home/sophie/visionaid/isaac_ros_ws/install/ros2_benchmark_interfaces/include/ros2_benchmark_interfaces/ros2_benchmark_interfaces/srv/detail/start_loading__traits.hpp
-- Up-to-date symlink: /home/sophie/visionaid/isaac_ros_ws/install/ros2_benchmark_interfaces/include/ros2_benchmark_interfaces/ros2_benchmark_interfaces/srv/detail/start_loading__type_support.hpp
-- Up-to-date symlink: /home/sophie/visionaid/isaac_ros_ws/install/ros2_benchmark_interfaces/include/ros2_benchmark_interfaces/ros2_benchmark_interfaces/srv/detail/start_monitoring__builder.hpp
-- Up-to-date symlink: /home/sophie/visionaid/isaac_ros_ws/install/ros2_benchmark_interfaces/include/ros2_benchmark_interfaces/ros2_benchmark_interfaces/srv/detail/start_monitoring__struct.hpp
-- Up-to-date symlink: /home/sophie/visionaid/isaac_ros_ws/install/ros2_benchmark_interfaces/include/ros2_benchmark_interfaces/ros2_benchmark_interfaces/srv/detail/start_monitoring__traits.hpp
-- Up-to-date symlink: /home/sophie/visionaid/isaac_ros_ws/install/ros2_benchmark_interfaces/include/ros2_benchmark_interfaces/ros2_benchmark_interfaces/srv/detail/start_monitoring__type_support.hpp
-- Up-to-date symlink: /home/sophie/visionaid/isaac_ros_ws/install/ros2_benchmark_interfaces/include/ros2_benchmark_interfaces/ros2_benchmark_interfaces/srv/detail/start_recording__builder.hpp
-- Up-to-date symlink: /home/sophie/visionaid/isaac_ros_ws/install/ros2_benchmark_interfaces/include/ros2_benchmark_interfaces/ros2_benchmark_interfaces/srv/detail/start_recording__struct.hpp
-- Up-to-date symlink: /home/sophie/visionaid/isaac_ros_ws/install/ros2_benchmark_interfaces/include/ros2_benchmark_interfaces/ros2_benchmark_interfaces/srv/detail/start_recording__traits.hpp
-- Up-to-date symlink: /home/sophie/visionaid/isaac_ros_ws/install/ros2_benchmark_interfaces/include/ros2_benchmark_interfaces/ros2_benchmark_interfaces/srv/detail/start_recording__type_support.hpp
-- Up-to-date symlink: /home/sophie/visionaid/isaac_ros_ws/install/ros2_benchmark_interfaces/include/ros2_benchmark_interfaces/ros2_benchmark_interfaces/srv/detail/stop_loading__builder.hpp
-- Up-to-date symlink: /home/sophie/visionaid/isaac_ros_ws/install/ros2_benchmark_interfaces/include/ros2_benchmark_interfaces/ros2_benchmark_interfaces/srv/detail/stop_loading__struct.hpp
-- Up-to-date symlink: /home/sophie/visionaid/isaac_ros_ws/install/ros2_benchmark_interfaces/include/ros2_benchmark_interfaces/ros2_benchmark_interfaces/srv/detail/stop_loading__traits.hpp
-- Up-to-date symlink: /home/sophie/visionaid/isaac_ros_ws/install/ros2_benchmark_interfaces/include/ros2_benchmark_interfaces/ros2_benchmark_interfaces/srv/detail/stop_loading__type_support.hpp
-- Up-to-date symlink: /home/sophie/visionaid/isaac_ros_ws/install/ros2_benchmark_interfaces/include/ros2_benchmark_interfaces/ros2_benchmark_interfaces/srv/detail/stop_monitoring__builder.hpp
-- Up-to-date symlink: /home/sophie/visionaid/isaac_ros_ws/install/ros2_benchmark_interfaces/include/ros2_benchmark_interfaces/ros2_benchmark_interfaces/srv/detail/stop_monitoring__struct.hpp
-- Up-to-date symlink: /home/sophie/visionaid/isaac_ros_ws/install/ros2_benchmark_interfaces/include/ros2_benchmark_interfaces/ros2_benchmark_interfaces/srv/detail/stop_monitoring__traits.hpp
-- Up-to-date symlink: /home/sophie/visionaid/isaac_ros_ws/install/ros2_benchmark_interfaces/include/ros2_benchmark_interfaces/ros2_benchmark_interfaces/srv/detail/stop_monitoring__type_support.hpp
-- Up-to-date symlink: /home/sophie/visionaid/isaac_ros_ws/install/ros2_benchmark_interfaces/include/ros2_benchmark_interfaces/ros2_benchmark_interfaces/srv/detail/stop_recording__builder.hpp
-- Up-to-date symlink: /home/sophie/visionaid/isaac_ros_ws/install/ros2_benchmark_interfaces/include/ros2_benchmark_interfaces/ros2_benchmark_interfaces/srv/detail/stop_recording__struct.hpp
-- Up-to-date symlink: /home/sophie/visionaid/isaac_ros_ws/install/ros2_benchmark_interfaces/include/ros2_benchmark_interfaces/ros2_benchmark_interfaces/srv/detail/stop_recording__traits.hpp
-- Up-to-date symlink: /home/sophie/visionaid/isaac_ros_ws/install/ros2_benchmark_interfaces/include/ros2_benchmark_interfaces/ros2_benchmark_interfaces/srv/detail/stop_recording__type_support.hpp
-- Up-to-date symlink: /home/sophie/visionaid/isaac_ros_ws/install/ros2_benchmark_interfaces/include/ros2_benchmark_interfaces/ros2_benchmark_interfaces/srv/get_topic_message_timestamps.hpp
-- Up-to-date symlink: /home/sophie/visionaid/isaac_ros_ws/install/ros2_benchmark_interfaces/include/ros2_benchmark_interfaces/ros2_benchmark_interfaces/srv/play_messages.hpp
-- Up-to-date symlink: /home/sophie/visionaid/isaac_ros_ws/install/ros2_benchmark_interfaces/include/ros2_benchmark_interfaces/ros2_benchmark_interfaces/srv/set_data.hpp
-- Up-to-date symlink: /home/sophie/visionaid/isaac_ros_ws/install/ros2_benchmark_interfaces/include/ros2_benchmark_interfaces/ros2_benchmark_interfaces/srv/start_loading.hpp
-- Up-to-date symlink: /home/sophie/visionaid/isaac_ros_ws/install/ros2_benchmark_interfaces/include/ros2_benchmark_interfaces/ros2_benchmark_interfaces/srv/start_monitoring.hpp
-- Up-to-date symlink: /home/sophie/visionaid/isaac_ros_ws/install/ros2_benchmark_interfaces/include/ros2_benchmark_interfaces/ros2_benchmark_interfaces/srv/start_recording.hpp
-- Up-to-date symlink: /home/sophie/visionaid/isaac_ros_ws/install/ros2_benchmark_interfaces/include/ros2_benchmark_interfaces/ros2_benchmark_interfaces/srv/stop_loading.hpp
-- Up-to-date symlink: /home/sophie/visionaid/isaac_ros_ws/install/ros2_benchmark_interfaces/include/ros2_benchmark_interfaces/ros2_benchmark_interfaces/srv/stop_monitoring.hpp
-- Up-to-date symlink: /home/sophie/visionaid/isaac_ros_ws/install/ros2_benchmark_interfaces/include/ros2_benchmark_interfaces/ros2_benchmark_interfaces/srv/stop_recording.hpp
-- Up-to-date symlink: /home/sophie/visionaid/isaac_ros_ws/install/ros2_benchmark_interfaces/include/ros2_benchmark_interfaces/ros2_benchmark_interfaces/msg/detail/timestamped_message_array__rosidl_typesupport_fastrtps_cpp.hpp
-- Up-to-date symlink: /home/sophie/visionaid/isaac_ros_ws/install/ros2_benchmark_interfaces/include/ros2_benchmark_interfaces/ros2_benchmark_interfaces/msg/detail/topic_message_count__rosidl_typesupport_fastrtps_cpp.hpp
-- Up-to-date symlink: /home/sophie/visionaid/isaac_ros_ws/install/ros2_benchmark_interfaces/include/ros2_benchmark_interfaces/ros2_benchmark_interfaces/msg/detail/topic_message_timestamp_array__rosidl_typesupport_fastrtps_cpp.hpp
-- Up-to-date symlink: /home/sophie/visionaid/isaac_ros_ws/install/ros2_benchmark_interfaces/include/ros2_benchmark_interfaces/ros2_benchmark_interfaces/msg/rosidl_typesupport_fastrtps_cpp__visibility_control.h
-- Up-to-date symlink: /home/sophie/visionaid/isaac_ros_ws/install/ros2_benchmark_interfaces/include/ros2_benchmark_interfaces/ros2_benchmark_interfaces/srv/detail/get_topic_message_timestamps__rosidl_typesupport_fastrtps_cpp.hpp
-- Up-to-date symlink: /home/sophie/visionaid/isaac_ros_ws/install/ros2_benchmark_interfaces/include/ros2_benchmark_interfaces/ros2_benchmark_interfaces/srv/detail/play_messages__rosidl_typesupport_fastrtps_cpp.hpp
-- Up-to-date symlink: /home/sophie/visionaid/isaac_ros_ws/install/ros2_benchmark_interfaces/include/ros2_benchmark_interfaces/ros2_benchmark_interfaces/srv/detail/set_data__rosidl_typesupport_fastrtps_cpp.hpp
-- Up-to-date symlink: /home/sophie/visionaid/isaac_ros_ws/install/ros2_benchmark_interfaces/include/ros2_benchmark_interfaces/ros2_benchmark_interfaces/srv/detail/start_loading__rosidl_typesupport_fastrtps_cpp.hpp
-- Up-to-date symlink: /home/sophie/visionaid/isaac_ros_ws/install/ros2_benchmark_interfaces/include/ros2_benchmark_interfaces/ros2_benchmark_interfaces/srv/detail/start_monitoring__rosidl_typesupport_fastrtps_cpp.hpp
-- Up-to-date symlink: /home/sophie/visionaid/isaac_ros_ws/install/ros2_benchmark_interfaces/include/ros2_benchmark_interfaces/ros2_benchmark_interfaces/srv/detail/start_recording__rosidl_typesupport_fastrtps_cpp.hpp
-- Up-to-date symlink: /home/sophie/visionaid/isaac_ros_ws/install/ros2_benchmark_interfaces/include/ros2_benchmark_interfaces/ros2_benchmark_interfaces/srv/detail/stop_loading__rosidl_typesupport_fastrtps_cpp.hpp
-- Up-to-date symlink: /home/sophie/visionaid/isaac_ros_ws/install/ros2_benchmark_interfaces/include/ros2_benchmark_interfaces/ros2_benchmark_interfaces/srv/detail/stop_monitoring__rosidl_typesupport_fastrtps_cpp.hpp
-- Up-to-date symlink: /home/sophie/visionaid/isaac_ros_ws/install/ros2_benchmark_interfaces/include/ros2_benchmark_interfaces/ros2_benchmark_interfaces/srv/detail/stop_recording__rosidl_typesupport_fastrtps_cpp.hpp
-- Up-to-date symlink: /home/sophie/visionaid/isaac_ros_ws/install/ros2_benchmark_interfaces/include/ros2_benchmark_interfaces/ros2_benchmark_interfaces/msg/detail/timestamped_message_array__rosidl_typesupport_introspection_cpp.hpp
-- Up-to-date symlink: /home/sophie/visionaid/isaac_ros_ws/install/ros2_benchmark_interfaces/include/ros2_benchmark_interfaces/ros2_benchmark_interfaces/msg/detail/topic_message_count__rosidl_typesupport_introspection_cpp.hpp
-- Up-to-date symlink: /home/sophie/visionaid/isaac_ros_ws/install/ros2_benchmark_interfaces/include/ros2_benchmark_interfaces/ros2_benchmark_interfaces/msg/detail/topic_message_timestamp_array__rosidl_typesupport_introspection_cpp.hpp
-- Up-to-date symlink: /home/sophie/visionaid/isaac_ros_ws/install/ros2_benchmark_interfaces/include/ros2_benchmark_interfaces/ros2_benchmark_interfaces/srv/detail/get_topic_message_timestamps__rosidl_typesupport_introspection_cpp.hpp
-- Up-to-date symlink: /home/sophie/visionaid/isaac_ros_ws/install/ros2_benchmark_interfaces/include/ros2_benchmark_interfaces/ros2_benchmark_interfaces/srv/detail/play_messages__rosidl_typesupport_introspection_cpp.hpp
-- Up-to-date symlink: /home/sophie/visionaid/isaac_ros_ws/install/ros2_benchmark_interfaces/include/ros2_benchmark_interfaces/ros2_benchmark_interfaces/srv/detail/set_data__rosidl_typesupport_introspection_cpp.hpp
-- Up-to-date symlink: /home/sophie/visionaid/isaac_ros_ws/install/ros2_benchmark_interfaces/include/ros2_benchmark_interfaces/ros2_benchmark_interfaces/srv/detail/start_loading__rosidl_typesupport_introspection_cpp.hpp
-- Up-to-date symlink: /home/sophie/visionaid/isaac_ros_ws/install/ros2_benchmark_interfaces/include/ros2_benchmark_interfaces/ros2_benchmark_interfaces/srv/detail/start_monitoring__rosidl_typesupport_introspection_cpp.hpp
-- Up-to-date symlink: /home/sophie/visionaid/isaac_ros_ws/install/ros2_benchmark_interfaces/include/ros2_benchmark_interfaces/ros2_benchmark_interfaces/srv/detail/start_recording__rosidl_typesupport_introspection_cpp.hpp
-- Up-to-date symlink: /home/sophie/visionaid/isaac_ros_ws/install/ros2_benchmark_interfaces/include/ros2_benchmark_interfaces/ros2_benchmark_interfaces/srv/detail/stop_loading__rosidl_typesupport_introspection_cpp.hpp
-- Up-to-date symlink: /home/sophie/visionaid/isaac_ros_ws/install/ros2_benchmark_interfaces/include/ros2_benchmark_interfaces/ros2_benchmark_interfaces/srv/detail/stop_monitoring__rosidl_typesupport_introspection_cpp.hpp
-- Up-to-date symlink: /home/sophie/visionaid/isaac_ros_ws/install/ros2_benchmark_interfaces/include/ros2_benchmark_interfaces/ros2_benchmark_interfaces/srv/detail/stop_recording__rosidl_typesupport_introspection_cpp.hpp
-- Up-to-date symlink: /home/sophie/visionaid/isaac_ros_ws/install/ros2_benchmark_interfaces/share/ros2_benchmark_interfaces/environment/pythonpath.sh
-- Up-to-date symlink: /home/sophie/visionaid/isaac_ros_ws/install/ros2_benchmark_interfaces/share/ros2_benchmark_interfaces/environment/pythonpath.dsv
-- Up-to-date symlink: /home/sophie/visionaid/isaac_ros_ws/install/ros2_benchmark_interfaces/local/lib/python3.10/dist-packages/ros2_benchmark_interfaces-3.2.5-py3.10.egg-info/PKG-INFO
-- Up-to-date symlink: /home/sophie/visionaid/isaac_ros_ws/install/ros2_benchmark_interfaces/local/lib/python3.10/dist-packages/ros2_benchmark_interfaces-3.2.5-py3.10.egg-info/SOURCES.txt
-- Up-to-date symlink: /home/sophie/visionaid/isaac_ros_ws/install/ros2_benchmark_interfaces/local/lib/python3.10/dist-packages/ros2_benchmark_interfaces-3.2.5-py3.10.egg-info/dependency_links.txt
-- Up-to-date symlink: /home/sophie/visionaid/isaac_ros_ws/install/ros2_benchmark_interfaces/local/lib/python3.10/dist-packages/ros2_benchmark_interfaces-3.2.5-py3.10.egg-info/top_level.txt
-- Up-to-date symlink: /home/sophie/visionaid/isaac_ros_ws/install/ros2_benchmark_interfaces/local/lib/python3.10/dist-packages/ros2_benchmark_interfaces/__init__.py
-- Up-to-date symlink: /home/sophie/visionaid/isaac_ros_ws/install/ros2_benchmark_interfaces/local/lib/python3.10/dist-packages/ros2_benchmark_interfaces/_ros2_benchmark_interfaces_s.ep.rosidl_typesupport_c.c
-- Up-to-date symlink: /home/sophie/visionaid/isaac_ros_ws/install/ros2_benchmark_interfaces/local/lib/python3.10/dist-packages/ros2_benchmark_interfaces/_ros2_benchmark_interfaces_s.ep.rosidl_typesupport_fastrtps_c.c
-- Up-to-date symlink: /home/sophie/visionaid/isaac_ros_ws/install/ros2_benchmark_interfaces/local/lib/python3.10/dist-packages/ros2_benchmark_interfaces/_ros2_benchmark_interfaces_s.ep.rosidl_typesupport_introspection_c.c
-- Up-to-date symlink: /home/sophie/visionaid/isaac_ros_ws/install/ros2_benchmark_interfaces/local/lib/python3.10/dist-packages/ros2_benchmark_interfaces/libros2_benchmark_interfaces__rosidl_generator_py.so
-- Up-to-date symlink: /home/sophie/visionaid/isaac_ros_ws/install/ros2_benchmark_interfaces/local/lib/python3.10/dist-packages/ros2_benchmark_interfaces/msg/__init__.py
-- Up-to-date symlink: /home/sophie/visionaid/isaac_ros_ws/install/ros2_benchmark_interfaces/local/lib/python3.10/dist-packages/ros2_benchmark_interfaces/msg/_timestamped_message_array.py
-- Up-to-date symlink: /home/sophie/visionaid/isaac_ros_ws/install/ros2_benchmark_interfaces/local/lib/python3.10/dist-packages/ros2_benchmark_interfaces/msg/_timestamped_message_array_s.c
-- Up-to-date symlink: /home/sophie/visionaid/isaac_ros_ws/install/ros2_benchmark_interfaces/local/lib/python3.10/dist-packages/ros2_benchmark_interfaces/msg/_topic_message_count.py
-- Up-to-date symlink: /home/sophie/visionaid/isaac_ros_ws/install/ros2_benchmark_interfaces/local/lib/python3.10/dist-packages/ros2_benchmark_interfaces/msg/_topic_message_count_s.c
-- Up-to-date symlink: /home/sophie/visionaid/isaac_ros_ws/install/ros2_benchmark_interfaces/local/lib/python3.10/dist-packages/ros2_benchmark_interfaces/msg/_topic_message_timestamp_array.py
-- Up-to-date symlink: /home/sophie/visionaid/isaac_ros_ws/install/ros2_benchmark_interfaces/local/lib/python3.10/dist-packages/ros2_benchmark_interfaces/msg/_topic_message_timestamp_array_s.c
-- Up-to-date symlink: /home/sophie/visionaid/isaac_ros_ws/install/ros2_benchmark_interfaces/local/lib/python3.10/dist-packages/ros2_benchmark_interfaces/ros2_benchmark_interfaces_s__rosidl_typesupport_c.cpython-310-x86_64-linux-gnu.so
-- Up-to-date symlink: /home/sophie/visionaid/isaac_ros_ws/install/ros2_benchmark_interfaces/local/lib/python3.10/dist-packages/ros2_benchmark_interfaces/ros2_benchmark_interfaces_s__rosidl_typesupport_fastrtps_c.cpython-310-x86_64-linux-gnu.so
-- Up-to-date symlink: /home/sophie/visionaid/isaac_ros_ws/install/ros2_benchmark_interfaces/local/lib/python3.10/dist-packages/ros2_benchmark_interfaces/ros2_benchmark_interfaces_s__rosidl_typesupport_introspection_c.cpython-310-x86_64-linux-gnu.so
-- Up-to-date symlink: /home/sophie/visionaid/isaac_ros_ws/install/ros2_benchmark_interfaces/local/lib/python3.10/dist-packages/ros2_benchmark_interfaces/srv/__init__.py
-- Up-to-date symlink: /home/sophie/visionaid/isaac_ros_ws/install/ros2_benchmark_interfaces/local/lib/python3.10/dist-packages/ros2_benchmark_interfaces/srv/_get_topic_message_timestamps.py
-- Up-to-date symlink: /home/sophie/visionaid/isaac_ros_ws/install/ros2_benchmark_interfaces/local/lib/python3.10/dist-packages/ros2_benchmark_interfaces/srv/_get_topic_message_timestamps_s.c
-- Up-to-date symlink: /home/sophie/visionaid/isaac_ros_ws/install/ros2_benchmark_interfaces/local/lib/python3.10/dist-packages/ros2_benchmark_interfaces/srv/_play_messages.py
-- Up-to-date symlink: /home/sophie/visionaid/isaac_ros_ws/install/ros2_benchmark_interfaces/local/lib/python3.10/dist-packages/ros2_benchmark_interfaces/srv/_play_messages_s.c
-- Up-to-date symlink: /home/sophie/visionaid/isaac_ros_ws/install/ros2_benchmark_interfaces/local/lib/python3.10/dist-packages/ros2_benchmark_interfaces/srv/_set_data.py
-- Up-to-date symlink: /home/sophie/visionaid/isaac_ros_ws/install/ros2_benchmark_interfaces/local/lib/python3.10/dist-packages/ros2_benchmark_interfaces/srv/_set_data_s.c
-- Up-to-date symlink: /home/sophie/visionaid/isaac_ros_ws/install/ros2_benchmark_interfaces/local/lib/python3.10/dist-packages/ros2_benchmark_interfaces/srv/_start_loading.py
-- Up-to-date symlink: /home/sophie/visionaid/isaac_ros_ws/install/ros2_benchmark_interfaces/local/lib/python3.10/dist-packages/ros2_benchmark_interfaces/srv/_start_loading_s.c
-- Up-to-date symlink: /home/sophie/visionaid/isaac_ros_ws/install/ros2_benchmark_interfaces/local/lib/python3.10/dist-packages/ros2_benchmark_interfaces/srv/_start_monitoring.py
-- Up-to-date symlink: /home/sophie/visionaid/isaac_ros_ws/install/ros2_benchmark_interfaces/local/lib/python3.10/dist-packages/ros2_benchmark_interfaces/srv/_start_monitoring_s.c
-- Up-to-date symlink: /home/sophie/visionaid/isaac_ros_ws/install/ros2_benchmark_interfaces/local/lib/python3.10/dist-packages/ros2_benchmark_interfaces/srv/_start_recording.py
-- Up-to-date symlink: /home/sophie/visionaid/isaac_ros_ws/install/ros2_benchmark_interfaces/local/lib/python3.10/dist-packages/ros2_benchmark_interfaces/srv/_start_recording_s.c
-- Up-to-date symlink: /home/sophie/visionaid/isaac_ros_ws/install/ros2_benchmark_interfaces/local/lib/python3.10/dist-packages/ros2_benchmark_interfaces/srv/_stop_loading.py
-- Up-to-date symlink: /home/sophie/visionaid/isaac_ros_ws/install/ros2_benchmark_interfaces/local/lib/python3.10/dist-packages/ros2_benchmark_interfaces/srv/_stop_loading_s.c
-- Up-to-date symlink: /home/sophie/visionaid/isaac_ros_ws/install/ros2_benchmark_interfaces/local/lib/python3.10/dist-packages/ros2_benchmark_interfaces/srv/_stop_monitoring.py
-- Up-to-date symlink: /home/sophie/visionaid/isaac_ros_ws/install/ros2_benchmark_interfaces/local/lib/python3.10/dist-packages/ros2_benchmark_interfaces/srv/_stop_monitoring_s.c
-- Up-to-date symlink: /home/sophie/visionaid/isaac_ros_ws/install/ros2_benchmark_interfaces/local/lib/python3.10/dist-packages/ros2_benchmark_interfaces/srv/_stop_recording.py
-- Up-to-date symlink: /home/sophie/visionaid/isaac_ros_ws/install/ros2_benchmark_interfaces/local/lib/python3.10/dist-packages/ros2_benchmark_interfaces/srv/_stop_recording_s.c
-- Up-to-date symlink: /home/sophie/visionaid/isaac_ros_ws/install/ros2_benchmark_interfaces/local/lib/python3.10/dist-packages/ros2_benchmark_interfaces/ros2_benchmark_interfaces_s__rosidl_typesupport_fastrtps_c.cpython-310-x86_64-linux-gnu.so
-- Up-to-date symlink: /home/sophie/visionaid/isaac_ros_ws/install/ros2_benchmark_interfaces/local/lib/python3.10/dist-packages/ros2_benchmark_interfaces/ros2_benchmark_interfaces_s__rosidl_typesupport_introspection_c.cpython-310-x86_64-linux-gnu.so
-- Up-to-date symlink: /home/sophie/visionaid/isaac_ros_ws/install/ros2_benchmark_interfaces/local/lib/python3.10/dist-packages/ros2_benchmark_interfaces/ros2_benchmark_interfaces_s__rosidl_typesupport_c.cpython-310-x86_64-linux-gnu.so
-- Up-to-date symlink: /home/sophie/visionaid/isaac_ros_ws/install/ros2_benchmark_interfaces/share/ros2_benchmark_interfaces/msg/TimestampedMessageArray.idl
-- Up-to-date symlink: /home/sophie/visionaid/isaac_ros_ws/install/ros2_benchmark_interfaces/share/ros2_benchmark_interfaces/msg/TopicMessageCount.idl
-- Up-to-date symlink: /home/sophie/visionaid/isaac_ros_ws/install/ros2_benchmark_interfaces/share/ros2_benchmark_interfaces/msg/TopicMessageTimestampArray.idl
-- Up-to-date symlink: /home/sophie/visionaid/isaac_ros_ws/install/ros2_benchmark_interfaces/share/ros2_benchmark_interfaces/srv/GetTopicMessageTimestamps.idl
-- Up-to-date symlink: /home/sophie/visionaid/isaac_ros_ws/install/ros2_benchmark_interfaces/share/ros2_benchmark_interfaces/srv/PlayMessages.idl
-- Up-to-date symlink: /home/sophie/visionaid/isaac_ros_ws/install/ros2_benchmark_interfaces/share/ros2_benchmark_interfaces/srv/SetData.idl
-- Up-to-date symlink: /home/sophie/visionaid/isaac_ros_ws/install/ros2_benchmark_interfaces/share/ros2_benchmark_interfaces/srv/StartLoading.idl
-- Up-to-date symlink: /home/sophie/visionaid/isaac_ros_ws/install/ros2_benchmark_interfaces/share/ros2_benchmark_interfaces/srv/StartMonitoring.idl
-- Up-to-date symlink: /home/sophie/visionaid/isaac_ros_ws/install/ros2_benchmark_interfaces/share/ros2_benchmark_interfaces/srv/StopMonitoring.idl
-- Up-to-date symlink: /home/sophie/visionaid/isaac_ros_ws/install/ros2_benchmark_interfaces/share/ros2_benchmark_interfaces/srv/StartRecording.idl
-- Up-to-date symlink: /home/sophie/visionaid/isaac_ros_ws/install/ros2_benchmark_interfaces/share/ros2_benchmark_interfaces/srv/StopLoading.idl
-- Up-to-date symlink: /home/sophie/visionaid/isaac_ros_ws/install/ros2_benchmark_interfaces/share/ros2_benchmark_interfaces/srv/StopRecording.idl
-- Up-to-date symlink: /home/sophie/visionaid/isaac_ros_ws/install/ros2_benchmark_interfaces/share/ros2_benchmark_interfaces/msg/TimestampedMessageArray.msg
-- Up-to-date symlink: /home/sophie/visionaid/isaac_ros_ws/install/ros2_benchmark_interfaces/share/ros2_benchmark_interfaces/msg/TopicMessageCount.msg
-- Up-to-date symlink: /home/sophie/visionaid/isaac_ros_ws/install/ros2_benchmark_interfaces/share/ros2_benchmark_interfaces/msg/TopicMessageTimestampArray.msg
-- Up-to-date symlink: /home/sophie/visionaid/isaac_ros_ws/install/ros2_benchmark_interfaces/share/ros2_benchmark_interfaces/srv/GetTopicMessageTimestamps.srv
-- Up-to-date symlink: /home/sophie/visionaid/isaac_ros_ws/install/ros2_benchmark_interfaces/share/ros2_benchmark_interfaces/srv/GetTopicMessageTimestamps_Request.msg
-- Up-to-date symlink: /home/sophie/visionaid/isaac_ros_ws/install/ros2_benchmark_interfaces/share/ros2_benchmark_interfaces/srv/GetTopicMessageTimestamps_Response.msg
-- Up-to-date symlink: /home/sophie/visionaid/isaac_ros_ws/install/ros2_benchmark_interfaces/share/ros2_benchmark_interfaces/srv/PlayMessages.srv
-- Up-to-date symlink: /home/sophie/visionaid/isaac_ros_ws/install/ros2_benchmark_interfaces/share/ros2_benchmark_interfaces/srv/PlayMessages_Request.msg
-- Up-to-date symlink: /home/sophie/visionaid/isaac_ros_ws/install/ros2_benchmark_interfaces/share/ros2_benchmark_interfaces/srv/PlayMessages_Response.msg
-- Up-to-date symlink: /home/sophie/visionaid/isaac_ros_ws/install/ros2_benchmark_interfaces/share/ros2_benchmark_interfaces/srv/SetData.srv
-- Up-to-date symlink: /home/sophie/visionaid/isaac_ros_ws/install/ros2_benchmark_interfaces/share/ros2_benchmark_interfaces/srv/SetData_Request.msg
-- Up-to-date symlink: /home/sophie/visionaid/isaac_ros_ws/install/ros2_benchmark_interfaces/share/ros2_benchmark_interfaces/srv/SetData_Response.msg
-- Up-to-date symlink: /home/sophie/visionaid/isaac_ros_ws/install/ros2_benchmark_interfaces/share/ros2_benchmark_interfaces/srv/StartLoading.srv
-- Up-to-date symlink: /home/sophie/visionaid/isaac_ros_ws/install/ros2_benchmark_interfaces/share/ros2_benchmark_interfaces/srv/StartLoading_Request.msg
-- Up-to-date symlink: /home/sophie/visionaid/isaac_ros_ws/install/ros2_benchmark_interfaces/share/ros2_benchmark_interfaces/srv/StartLoading_Response.msg
-- Up-to-date symlink: /home/sophie/visionaid/isaac_ros_ws/install/ros2_benchmark_interfaces/share/ros2_benchmark_interfaces/srv/StartMonitoring.srv
-- Up-to-date symlink: /home/sophie/visionaid/isaac_ros_ws/install/ros2_benchmark_interfaces/share/ros2_benchmark_interfaces/srv/StartMonitoring_Request.msg
-- Up-to-date symlink: /home/sophie/visionaid/isaac_ros_ws/install/ros2_benchmark_interfaces/share/ros2_benchmark_interfaces/srv/StartMonitoring_Response.msg
-- Up-to-date symlink: /home/sophie/visionaid/isaac_ros_ws/install/ros2_benchmark_interfaces/share/ros2_benchmark_interfaces/srv/StopMonitoring.srv
-- Up-to-date symlink: /home/sophie/visionaid/isaac_ros_ws/install/ros2_benchmark_interfaces/share/ros2_benchmark_interfaces/srv/StopMonitoring_Request.msg
-- Up-to-date symlink: /home/sophie/visionaid/isaac_ros_ws/install/ros2_benchmark_interfaces/share/ros2_benchmark_interfaces/srv/StopMonitoring_Response.msg
-- Up-to-date symlink: /home/sophie/visionaid/isaac_ros_ws/install/ros2_benchmark_interfaces/share/ros2_benchmark_interfaces/srv/StartRecording.srv
-- Up-to-date symlink: /home/sophie/visionaid/isaac_ros_ws/install/ros2_benchmark_interfaces/share/ros2_benchmark_interfaces/srv/StartRecording_Request.msg
-- Up-to-date symlink: /home/sophie/visionaid/isaac_ros_ws/install/ros2_benchmark_interfaces/share/ros2_benchmark_interfaces/srv/StartRecording_Response.msg
-- Up-to-date symlink: /home/sophie/visionaid/isaac_ros_ws/install/ros2_benchmark_interfaces/share/ros2_benchmark_interfaces/srv/StopLoading.srv
-- Up-to-date symlink: /home/sophie/visionaid/isaac_ros_ws/install/ros2_benchmark_interfaces/share/ros2_benchmark_interfaces/srv/StopLoading_Request.msg
-- Up-to-date symlink: /home/sophie/visionaid/isaac_ros_ws/install/ros2_benchmark_interfaces/share/ros2_benchmark_interfaces/srv/StopLoading_Response.msg
-- Up-to-date symlink: /home/sophie/visionaid/isaac_ros_ws/install/ros2_benchmark_interfaces/share/ros2_benchmark_interfaces/srv/StopRecording.srv
-- Up-to-date symlink: /home/sophie/visionaid/isaac_ros_ws/install/ros2_benchmark_interfaces/share/ros2_benchmark_interfaces/srv/StopRecording_Request.msg
-- Up-to-date symlink: /home/sophie/visionaid/isaac_ros_ws/install/ros2_benchmark_interfaces/share/ros2_benchmark_interfaces/srv/StopRecording_Response.msg
-- Up-to-date symlink: /home/sophie/visionaid/isaac_ros_ws/install/ros2_benchmark_interfaces/share/ros2_benchmark_interfaces/version_info.yaml
-- Up-to-date symlink: /home/sophie/visionaid/isaac_ros_ws/install/ros2_benchmark_interfaces/share/ament_index/resource_index/package_run_dependencies/ros2_benchmark_interfaces
-- Up-to-date symlink: /home/sophie/visionaid/isaac_ros_ws/install/ros2_benchmark_interfaces/share/ament_index/resource_index/parent_prefix_path/ros2_benchmark_interfaces
-- Up-to-date symlink: /home/sophie/visionaid/isaac_ros_ws/install/ros2_benchmark_interfaces/share/ros2_benchmark_interfaces/environment/ament_prefix_path.sh
-- Up-to-date symlink: /home/sophie/visionaid/isaac_ros_ws/install/ros2_benchmark_interfaces/share/ros2_benchmark_interfaces/environment/ament_prefix_path.dsv
-- Up-to-date symlink: /home/sophie/visionaid/isaac_ros_ws/install/ros2_benchmark_interfaces/share/ros2_benchmark_interfaces/environment/path.sh
-- Up-to-date symlink: /home/sophie/visionaid/isaac_ros_ws/install/ros2_benchmark_interfaces/share/ros2_benchmark_interfaces/environment/path.dsv
-- Up-to-date symlink: /home/sophie/visionaid/isaac_ros_ws/install/ros2_benchmark_interfaces/share/ros2_benchmark_interfaces/local_setup.bash
-- Up-to-date symlink: /home/sophie/visionaid/isaac_ros_ws/install/ros2_benchmark_interfaces/share/ros2_benchmark_interfaces/local_setup.sh
-- Up-to-date symlink: /home/sophie/visionaid/isaac_ros_ws/install/ros2_benchmark_interfaces/share/ros2_benchmark_interfaces/local_setup.zsh
-- Up-to-date symlink: /home/sophie/visionaid/isaac_ros_ws/install/ros2_benchmark_interfaces/share/ros2_benchmark_interfaces/local_setup.dsv
-- Symlinking: /home/sophie/visionaid/isaac_ros_ws/install/ros2_benchmark_interfaces/share/ros2_benchmark_interfaces/package.dsv
-- Up-to-date symlink: /home/sophie/visionaid/isaac_ros_ws/install/ros2_benchmark_interfaces/share/ament_index/resource_index/packages/ros2_benchmark_interfaces
-- Up-to-date symlink: /home/sophie/visionaid/isaac_ros_ws/install/ros2_benchmark_interfaces/share/ros2_benchmark_interfaces/cmake/rosidl_cmake-extras.cmake
-- Up-to-date symlink: /home/sophie/visionaid/isaac_ros_ws/install/ros2_benchmark_interfaces/share/ros2_benchmark_interfaces/cmake/ament_cmake_export_include_directories-extras.cmake
-- Up-to-date symlink: /home/sophie/visionaid/isaac_ros_ws/install/ros2_benchmark_interfaces/share/ros2_benchmark_interfaces/cmake/ament_cmake_export_libraries-extras.cmake
-- Up-to-date symlink: /home/sophie/visionaid/isaac_ros_ws/install/ros2_benchmark_interfaces/share/ros2_benchmark_interfaces/cmake/ament_cmake_export_targets-extras.cmake
-- Up-to-date symlink: /home/sophie/visionaid/isaac_ros_ws/install/ros2_benchmark_interfaces/share/ros2_benchmark_interfaces/cmake/rosidl_cmake_export_typesupport_targets-extras.cmake
-- Up-to-date symlink: /home/sophie/visionaid/isaac_ros_ws/install/ros2_benchmark_interfaces/share/ros2_benchmark_interfaces/cmake/ament_cmake_export_dependencies-extras.cmake
-- Up-to-date symlink: /home/sophie/visionaid/isaac_ros_ws/install/ros2_benchmark_interfaces/share/ros2_benchmark_interfaces/cmake/rosidl_cmake_export_typesupport_libraries-extras.cmake
-- Up-to-date symlink: /home/sophie/visionaid/isaac_ros_ws/install/ros2_benchmark_interfaces/share/ros2_benchmark_interfaces/cmake/ros2_benchmark_interfacesConfig.cmake
-- Up-to-date symlink: /home/sophie/visionaid/isaac_ros_ws/install/ros2_benchmark_interfaces/share/ros2_benchmark_interfaces/cmake/ros2_benchmark_interfacesConfig-version.cmake
-- Up-to-date symlink: /home/sophie/visionaid/isaac_ros_ws/install/ros2_benchmark_interfaces/share/ros2_benchmark_interfaces/package.xml
-- Up-to-date: /home/sophie/visionaid/isaac_ros_ws/install/ros2_benchmark_interfaces/lib/libros2_benchmark_interfaces__rosidl_generator_c.so
-- Up-to-date: /home/sophie/visionaid/isaac_ros_ws/install/ros2_benchmark_interfaces/lib/libros2_benchmark_interfaces__rosidl_typesupport_fastrtps_c.so
-- Up-to-date: /home/sophie/visionaid/isaac_ros_ws/install/ros2_benchmark_interfaces/lib/libros2_benchmark_interfaces__rosidl_typesupport_introspection_c.so
-- Up-to-date: /home/sophie/visionaid/isaac_ros_ws/install/ros2_benchmark_interfaces/lib/libros2_benchmark_interfaces__rosidl_typesupport_c.so
-- Up-to-date: /home/sophie/visionaid/isaac_ros_ws/install/ros2_benchmark_interfaces/lib/libros2_benchmark_interfaces__rosidl_typesupport_fastrtps_cpp.so
-- Up-to-date: /home/sophie/visionaid/isaac_ros_ws/install/ros2_benchmark_interfaces/lib/libros2_benchmark_interfaces__rosidl_typesupport_introspection_cpp.so
-- Up-to-date: /home/sophie/visionaid/isaac_ros_ws/install/ros2_benchmark_interfaces/lib/libros2_benchmark_interfaces__rosidl_typesupport_cpp.so
Listing '/home/sophie/visionaid/isaac_ros_ws/install/ros2_benchmark_interfaces/local/lib/python3.10/dist-packages/ros2_benchmark_interfaces'...
Compiling '/home/sophie/visionaid/isaac_ros_ws/install/ros2_benchmark_interfaces/local/lib/python3.10/dist-packages/ros2_benchmark_interfaces/__init__.py'...
Listing '/home/sophie/visionaid/isaac_ros_ws/install/ros2_benchmark_interfaces/local/lib/python3.10/dist-packages/ros2_benchmark_interfaces/msg'...
Listing '/home/sophie/visionaid/isaac_ros_ws/install/ros2_benchmark_interfaces/local/lib/python3.10/dist-packages/ros2_benchmark_interfaces/srv'...
-- Up-to-date: /home/sophie/visionaid/isaac_ros_ws/install/ros2_benchmark_interfaces/lib/libros2_benchmark_interfaces__rosidl_generator_py.so
-- Up-to-date: /home/sophie/visionaid/isaac_ros_ws/install/ros2_benchmark_interfaces/share/ros2_benchmark_interfaces/cmake/export_ros2_benchmark_interfaces__rosidl_generator_cExport.cmake
-- Up-to-date: /home/sophie/visionaid/isaac_ros_ws/install/ros2_benchmark_interfaces/share/ros2_benchmark_interfaces/cmake/export_ros2_benchmark_interfaces__rosidl_generator_cExport-release.cmake
-- Up-to-date: /home/sophie/visionaid/isaac_ros_ws/install/ros2_benchmark_interfaces/share/ros2_benchmark_interfaces/cmake/export_ros2_benchmark_interfaces__rosidl_typesupport_fastrtps_cExport.cmake
-- Up-to-date: /home/sophie/visionaid/isaac_ros_ws/install/ros2_benchmark_interfaces/share/ros2_benchmark_interfaces/cmake/export_ros2_benchmark_interfaces__rosidl_typesupport_fastrtps_cExport-release.cmake
-- Up-to-date: /home/sophie/visionaid/isaac_ros_ws/install/ros2_benchmark_interfaces/share/ros2_benchmark_interfaces/cmake/ros2_benchmark_interfaces__rosidl_typesupport_introspection_cExport.cmake
-- Up-to-date: /home/sophie/visionaid/isaac_ros_ws/install/ros2_benchmark_interfaces/share/ros2_benchmark_interfaces/cmake/ros2_benchmark_interfaces__rosidl_typesupport_introspection_cExport-release.cmake
-- Up-to-date: /home/sophie/visionaid/isaac_ros_ws/install/ros2_benchmark_interfaces/share/ros2_benchmark_interfaces/cmake/ros2_benchmark_interfaces__rosidl_typesupport_cExport.cmake
-- Up-to-date: /home/sophie/visionaid/isaac_ros_ws/install/ros2_benchmark_interfaces/share/ros2_benchmark_interfaces/cmake/ros2_benchmark_interfaces__rosidl_typesupport_cExport-release.cmake
-- Up-to-date: /home/sophie/visionaid/isaac_ros_ws/install/ros2_benchmark_interfaces/share/ros2_benchmark_interfaces/cmake/export_ros2_benchmark_interfaces__rosidl_generator_cppExport.cmake
-- Up-to-date: /home/sophie/visionaid/isaac_ros_ws/install/ros2_benchmark_interfaces/share/ros2_benchmark_interfaces/cmake/export_ros2_benchmark_interfaces__rosidl_typesupport_fastrtps_cppExport.cmake
-- Up-to-date: /home/sophie/visionaid/isaac_ros_ws/install/ros2_benchmark_interfaces/share/ros2_benchmark_interfaces/cmake/export_ros2_benchmark_interfaces__rosidl_typesupport_fastrtps_cppExport-release.cmake
-- Up-to-date: /home/sophie/visionaid/isaac_ros_ws/install/ros2_benchmark_interfaces/share/ros2_benchmark_interfaces/cmake/ros2_benchmark_interfaces__rosidl_typesupport_introspection_cppExport.cmake
-- Up-to-date: /home/sophie/visionaid/isaac_ros_ws/install/ros2_benchmark_interfaces/share/ros2_benchmark_interfaces/cmake/ros2_benchmark_interfaces__rosidl_typesupport_introspection_cppExport-release.cmake
-- Up-to-date: /home/sophie/visionaid/isaac_ros_ws/install/ros2_benchmark_interfaces/share/ros2_benchmark_interfaces/cmake/ros2_benchmark_interfaces__rosidl_typesupport_cppExport.cmake
-- Up-to-date: /home/sophie/visionaid/isaac_ros_ws/install/ros2_benchmark_interfaces/share/ros2_benchmark_interfaces/cmake/ros2_benchmark_interfaces__rosidl_typesupport_cppExport-release.cmake
-- Up-to-date: /home/sophie/visionaid/isaac_ros_ws/install/ros2_benchmark_interfaces/share/ros2_benchmark_interfaces/cmake/export_ros2_benchmark_interfaces__rosidl_generator_pyExport.cmake
-- Up-to-date: /home/sophie/visionaid/isaac_ros_ws/install/ros2_benchmark_interfaces/share/ros2_benchmark_interfaces/cmake/export_ros2_benchmark_interfaces__rosidl_generator_pyExport-release.cmake
