[0.008s] Invoking command in '/home/kanye/Documents/visionaid/ros2_ws/build/my_robot_localization': CMAKE_PREFIX_PATH=${CMAKE_PREFIX_PATH}:/opt/ros/humble /usr/bin/cmake --build /home/kanye/Documents/visionaid/ros2_ws/build/my_robot_localization -- -j28 -l28
[0.031s] -- Found ament_cmake: 1.3.11 (/opt/ros/humble/share/ament_cmake/cmake)
[0.147s] -- Found ament_lint_auto: 0.12.12 (/opt/ros/humble/share/ament_lint_auto/cmake)
[0.214s] -- Added test 'flake8' to check Python code syntax and style conventions
[0.214s] -- Added test 'lint_cmake' to check CMake code style
[0.215s] -- Added test 'pep257' to check Python code against some of the docstring style conventions in PEP 257
[0.216s] -- Added test 'xmllint' to check XML markup files
[0.217s] -- Configuring done
[0.220s] -- Generating done
[0.221s] -- Build files have been written to: /home/kanye/Documents/visionaid/ros2_ws/build/my_robot_localization
[0.239s] Invoked command in '/home/kanye/Documents/visionaid/ros2_ws/build/my_robot_localization' returned '0': CMAKE_PREFIX_PATH=${CMAKE_PREFIX_PATH}:/opt/ros/humble /usr/bin/cmake --build /home/kanye/Documents/visionaid/ros2_ws/build/my_robot_localization -- -j28 -l28
[0.248s] Invoking command in '/home/kanye/Documents/visionaid/ros2_ws/build/my_robot_localization': CMAKE_PREFIX_PATH=${CMAKE_PREFIX_PATH}:/opt/ros/humble /usr/bin/cmake --install /home/kanye/Documents/visionaid/ros2_ws/build/my_robot_localization
[0.257s] -- Install configuration: ""
[0.257s] -- Up-to-date: /home/kanye/Documents/visionaid/ros2_ws/install/my_robot_localization/share/my_robot_localization/launch
[0.257s] -- Up-to-date: /home/kanye/Documents/visionaid/ros2_ws/install/my_robot_localization/share/my_robot_localization/launch/ekf_gps_imu.launch.py
[0.258s] -- Up-to-date: /home/kanye/Documents/visionaid/ros2_ws/install/my_robot_localization/share/my_robot_localization/launch/stero_odom.launch.py
[0.258s] -- Up-to-date: /home/kanye/Documents/visionaid/ros2_ws/install/my_robot_localization/share/my_robot_localization/launch/rs_camera_launch.py
[0.258s] -- Up-to-date: /home/kanye/Documents/visionaid/ros2_ws/install/my_robot_localization/share/my_robot_localization/launch/imu_filter.launch.py
[0.258s] -- Up-to-date: /home/kanye/Documents/visionaid/ros2_ws/install/my_robot_localization/share/my_robot_localization/launch/rs_imu_pub.launch.py
[0.258s] -- Up-to-date: /home/kanye/Documents/visionaid/ros2_ws/install/my_robot_localization/share/my_robot_localization/launch/rtabmap_stereo.launch.py
[0.258s] -- Up-to-date: /home/kanye/Documents/visionaid/ros2_ws/install/my_robot_localization/lib/my_robot_localization/imu_pub.py
[0.259s] -- Installing: /home/kanye/Documents/visionaid/ros2_ws/install/my_robot_localization/share/ament_index/resource_index/package_run_dependencies/my_robot_localization
[0.259s] -- Up-to-date: /home/kanye/Documents/visionaid/ros2_ws/install/my_robot_localization/share/ament_index/resource_index/parent_prefix_path/my_robot_localization
[0.259s] -- Up-to-date: /home/kanye/Documents/visionaid/ros2_ws/install/my_robot_localization/share/my_robot_localization/environment/ament_prefix_path.sh
[0.259s] -- Installing: /home/kanye/Documents/visionaid/ros2_ws/install/my_robot_localization/share/my_robot_localization/environment/ament_prefix_path.dsv
[0.259s] -- Up-to-date: /home/kanye/Documents/visionaid/ros2_ws/install/my_robot_localization/share/my_robot_localization/environment/path.sh
[0.259s] -- Installing: /home/kanye/Documents/visionaid/ros2_ws/install/my_robot_localization/share/my_robot_localization/environment/path.dsv
[0.259s] -- Up-to-date: /home/kanye/Documents/visionaid/ros2_ws/install/my_robot_localization/share/my_robot_localization/local_setup.bash
[0.259s] -- Up-to-date: /home/kanye/Documents/visionaid/ros2_ws/install/my_robot_localization/share/my_robot_localization/local_setup.sh
[0.259s] -- Up-to-date: /home/kanye/Documents/visionaid/ros2_ws/install/my_robot_localization/share/my_robot_localization/local_setup.zsh
[0.259s] -- Installing: /home/kanye/Documents/visionaid/ros2_ws/install/my_robot_localization/share/my_robot_localization/local_setup.dsv
[0.259s] -- Installing: /home/kanye/Documents/visionaid/ros2_ws/install/my_robot_localization/share/my_robot_localization/package.dsv
[0.259s] -- Up-to-date: /home/kanye/Documents/visionaid/ros2_ws/install/my_robot_localization/share/ament_index/resource_index/packages/my_robot_localization
[0.259s] -- Up-to-date: /home/kanye/Documents/visionaid/ros2_ws/install/my_robot_localization/share/my_robot_localization/cmake/my_robot_localizationConfig.cmake
[0.259s] -- Up-to-date: /home/kanye/Documents/visionaid/ros2_ws/install/my_robot_localization/share/my_robot_localization/cmake/my_robot_localizationConfig-version.cmake
[0.260s] -- Installing: /home/kanye/Documents/visionaid/ros2_ws/install/my_robot_localization/share/my_robot_localization/package.xml
[0.261s] Invoked command in '/home/kanye/Documents/visionaid/ros2_ws/build/my_robot_localization' returned '0': CMAKE_PREFIX_PATH=${CMAKE_PREFIX_PATH}:/opt/ros/humble /usr/bin/cmake --install /home/kanye/Documents/visionaid/ros2_ws/build/my_robot_localization
