running egg_info
creating ../../../build/yolov8_detection/yolov8_detection.egg-info
writing ../../../build/yolov8_detection/yolov8_detection.egg-info/PKG-INFO
writing dependency_links to ../../../build/yolov8_detection/yolov8_detection.egg-info/dependency_links.txt
writing entry points to ../../../build/yolov8_detection/yolov8_detection.egg-info/entry_points.txt
writing requirements to ../../../build/yolov8_detection/yolov8_detection.egg-info/requires.txt
writing top-level names to ../../../build/yolov8_detection/yolov8_detection.egg-info/top_level.txt
writing manifest file '../../../build/yolov8_detection/yolov8_detection.egg-info/SOURCES.txt'
reading manifest file '../../../build/yolov8_detection/yolov8_detection.egg-info/SOURCES.txt'
writing manifest file '../../../build/yolov8_detection/yolov8_detection.egg-info/SOURCES.txt'
running build
running build_py
creating /home/sophie/visionaid-1/build/yolov8_detection/build
creating /home/sophie/visionaid-1/build/yolov8_detection/build/lib
creating /home/sophie/visionaid-1/build/yolov8_detection/build/lib/yolov8_detection
copying yolov8_detection/yolov8_camera_node.py -> /home/sophie/visionaid-1/build/yolov8_detection/build/lib/yolov8_detection
copying yolov8_detection/__init__.py -> /home/sophie/visionaid-1/build/yolov8_detection/build/lib/yolov8_detection
running install
running install_lib
creating /home/sophie/visionaid-1/install/yolov8_detection/lib/python3.10/site-packages/yolov8_detection
copying /home/sophie/visionaid-1/build/yolov8_detection/build/lib/yolov8_detection/yolov8_camera_node.py -> /home/sophie/visionaid-1/install/yolov8_detection/lib/python3.10/site-packages/yolov8_detection
copying /home/sophie/visionaid-1/build/yolov8_detection/build/lib/yolov8_detection/__init__.py -> /home/sophie/visionaid-1/install/yolov8_detection/lib/python3.10/site-packages/yolov8_detection
byte-compiling /home/sophie/visionaid-1/install/yolov8_detection/lib/python3.10/site-packages/yolov8_detection/yolov8_camera_node.py to yolov8_camera_node.cpython-310.pyc
Sorry: IndentationError: expected an indented block after 'if' statement on line 425 (yolov8_camera_node.py, line 427)
byte-compiling /home/sophie/visionaid-1/install/yolov8_detection/lib/python3.10/site-packages/yolov8_detection/__init__.py to __init__.cpython-310.pyc
running install_data
creating /home/sophie/visionaid-1/install/yolov8_detection/share/ament_index
creating /home/sophie/visionaid-1/install/yolov8_detection/share/ament_index/resource_index
creating /home/sophie/visionaid-1/install/yolov8_detection/share/ament_index/resource_index/packages
copying resource/yolov8_detection -> /home/sophie/visionaid-1/install/yolov8_detection/share/ament_index/resource_index/packages
copying package.xml -> /home/sophie/visionaid-1/install/yolov8_detection/share/yolov8_detection
creating /home/sophie/visionaid-1/install/yolov8_detection/share/yolov8_detection/launch
copying launch/yolov8_realsense.launch.py -> /home/sophie/visionaid-1/install/yolov8_detection/share/yolov8_detection/launch
creating /home/sophie/visionaid-1/install/yolov8_detection/share/yolov8_detection/config
copying config/camera_params.yaml -> /home/sophie/visionaid-1/install/yolov8_detection/share/yolov8_detection/config
copying config/detection_params.yaml -> /home/sophie/visionaid-1/install/yolov8_detection/share/yolov8_detection/config
copying config/yolov8_config.yaml -> /home/sophie/visionaid-1/install/yolov8_detection/share/yolov8_detection/config
running install_egg_info
Copying ../../../build/yolov8_detection/yolov8_detection.egg-info to /home/sophie/visionaid-1/install/yolov8_detection/lib/python3.10/site-packages/yolov8_detection-0.0.0-py3.10.egg-info
running install_scripts
Installing detection_processor script to /home/sophie/visionaid-1/install/yolov8_detection/lib/yolov8_detection
Installing yolov8_camera_node script to /home/sophie/visionaid-1/install/yolov8_detection/lib/yolov8_detection
writing list of installed files to '/home/sophie/visionaid-1/build/yolov8_detection/install.log'
