[0.494s] Invoking command in '/home/kanye/Documents/visionaid/build/my_robot_localization': CMAKE_PREFIX_PATH=${CMAKE_PREFIX_PATH}:/opt/ros/humble /usr/bin/cmake /home/kanye/Documents/visionaid/ros2_ws/src/my_robot_localization -DCMAKE_INSTALL_PREFIX=/home/kanye/Documents/visionaid/install/my_robot_localization
[1.134s] -- The C compiler identification is GNU 11.4.0
[1.134s] -- The CXX compiler identification is GNU 11.4.0
[1.134s] -- Detecting C compiler ABI info
[1.134s] -- Detecting C compiler ABI info - done
[1.134s] -- Check for working C compiler: /usr/bin/cc - skipped
[1.134s] -- Detecting C compile features
[1.134s] -- Detecting C compile features - done
[1.134s] -- Detecting CXX compiler ABI info
[1.134s] -- Detecting CXX compiler ABI info - done
[1.134s] -- Check for working CXX compiler: /usr/bin/c++ - skipped
[1.134s] -- Detecting CXX compile features
[1.134s] -- Detecting CXX compile features - done
[1.134s] -- Found ament_cmake: 1.3.11 (/opt/ros/humble/share/ament_cmake/cmake)
[1.134s] -- Found Python3: /usr/bin/python3 (found version "3.10.12") found components: Interpreter 
[1.134s] -- Found ament_lint_auto: 0.12.12 (/opt/ros/humble/share/ament_lint_auto/cmake)
[1.134s] -- Added test 'flake8' to check Python code syntax and style conventions
[1.134s] -- Added test 'lint_cmake' to check CMake code style
[1.134s] -- Added test 'pep257' to check Python code against some of the docstring style conventions in PEP 257
[1.134s] -- Added test 'xmllint' to check XML markup files
[1.134s] -- Configuring done
[1.134s] -- Generating done
[1.134s] -- Build files have been written to: /home/kanye/Documents/visionaid/build/my_robot_localization
[1.150s] Invoked command in '/home/kanye/Documents/visionaid/build/my_robot_localization' returned '0': CMAKE_PREFIX_PATH=${CMAKE_PREFIX_PATH}:/opt/ros/humble /usr/bin/cmake /home/kanye/Documents/visionaid/ros2_ws/src/my_robot_localization -DCMAKE_INSTALL_PREFIX=/home/kanye/Documents/visionaid/install/my_robot_localization
[1.151s] Invoking command in '/home/kanye/Documents/visionaid/build/my_robot_localization': CMAKE_PREFIX_PATH=${CMAKE_PREFIX_PATH}:/opt/ros/humble /usr/bin/cmake --build /home/kanye/Documents/visionaid/build/my_robot_localization -- -j28 -l28
