[0.007s] Invoking command in '/home/sophie/visionaid/isaac_ros_ws/build/isaac_ros_pointcloud_interfaces': AMENT_PREFIX_PATH=/home/sophie/visionaid/isaac_ros_ws/install/isaac_ros_common:${AMENT_PREFIX_PATH} CMAKE_PREFIX_PATH=/home/sophie/visionaid/isaac_ros_ws/install/isaac_ros_common:/opt/ros/humble LD_LIBRARY_PATH=/home/sophie/visionaid/isaac_ros_ws/install/isaac_ros_common/lib:${LD_LIBRARY_PATH} PATH=/home/sophie/visionaid/isaac_ros_ws/install/isaac_ros_common/bin:${PATH} PYTHONPATH=/home/sophie/visionaid/isaac_ros_ws/install/isaac_ros_common/local/lib/python3.10/dist-packages:${PYTHONPATH} /usr/bin/cmake /home/sophie/visionaid/isaac_ros_ws/src/isaac_ros_common/isaac_ros_pointcloud_interfaces -DCMAKE_BUILD_TYPE=Release -DBUILD_TESTING=OFF -DCMAKE_CUDA_ARCHITECTURES=89 -DAMENT_CMAKE_SYMLINK_INSTALL=1 -DCMAKE_INSTALL_PREFIX=/home/sophie/visionaid/isaac_ros_ws/install/isaac_ros_pointcloud_interfaces
[0.048s] -- The C compiler identification is GNU 11.4.0
[0.085s] -- The CXX compiler identification is GNU 11.4.0
[0.091s] -- Detecting C compiler ABI info
[0.148s] -- Detecting C compiler ABI info - done
[0.154s] -- Check for working C compiler: /usr/bin/cc - skipped
[0.155s] -- Detecting C compile features
[0.155s] -- Detecting C compile features - done
[0.157s] -- Detecting CXX compiler ABI info
[0.221s] -- Detecting CXX compiler ABI info - done
[0.226s] -- Check for working CXX compiler: /usr/bin/c++ - skipped
[0.226s] -- Detecting CXX compile features
[0.226s] -- Detecting CXX compile features - done
[0.227s] -- Found ament_cmake_auto: 1.3.11 (/opt/ros/humble/share/ament_cmake_auto/cmake)
[0.325s] -- Found Python3: /usr/bin/python3 (found version "3.10.12") found components: Interpreter 
[0.362s] -- Override CMake install command with custom implementation using symlinks instead of copying resources
[0.413s] -- Using all available rosidl_typesupport_c: rosidl_typesupport_fastrtps_c;rosidl_typesupport_introspection_c
[0.416s] -- Found rosidl_adapter: 3.1.6 (/opt/ros/humble/share/rosidl_adapter/cmake)
[0.437s] -- Using all available rosidl_typesupport_cpp: rosidl_typesupport_fastrtps_cpp;rosidl_typesupport_introspection_cpp
[0.453s] -- Loading isaac_ros_common extras
[0.453s] -- CMAKE_BUILD_TYPE: Release
[0.468s] -- Looking for pthread.h
[0.521s] -- Looking for pthread.h - found
[0.521s] -- Performing Test CMAKE_HAVE_LIBC_PTHREAD
[0.572s] -- Performing Test CMAKE_HAVE_LIBC_PTHREAD - Success
[0.572s] -- Found Threads: TRUE  
[0.575s] -- Found CUDA: /usr/local/cuda-12.8 (found version "12.8") 
[0.575s] -- CUDA architectures: 89
[0.575s] -- Loading isaac_ros_common extras (modules)
[0.604s] -- Found rmw_implementation_cmake: 6.1.2 (/opt/ros/humble/share/rmw_implementation_cmake/cmake)
[0.605s] -- Found rmw_fastrtps_cpp: 6.2.7 (/opt/ros/humble/share/rmw_fastrtps_cpp/cmake)
[0.663s] -- Found OpenSSL: /usr/lib/x86_64-linux-gnu/libcrypto.so (found version "3.0.2")  
[0.678s] -- Found FastRTPS: /opt/ros/humble/include  
[0.702s] -- Using RMW implementation 'rmw_fastrtps_cpp' as default
[0.862s] -- Found ament_cmake_ros: 0.10.0 (/opt/ros/humble/share/ament_cmake_ros/cmake)
[0.999s] -- Using all available rosidl_typesupport_c: rosidl_typesupport_fastrtps_c;rosidl_typesupport_introspection_c
[1.168s] -- Using all available rosidl_typesupport_cpp: rosidl_typesupport_fastrtps_cpp;rosidl_typesupport_introspection_cpp
[1.184s] -- Found PythonInterp: /usr/bin/python3 (found suitable version "3.10.12", minimum required is "3.6") 
[1.185s] -- Found python_cmake_module: 0.10.0 (/opt/ros/humble/share/python_cmake_module/cmake)
[1.201s] -- Found PythonLibs: /usr/lib/x86_64-linux-gnu/libpython3.10.so (found suitable version "3.10.12", minimum required is "3.5") 
[1.201s] -- Using PYTHON_EXECUTABLE: /usr/bin/python3
[1.201s] -- Using PYTHON_INCLUDE_DIRS: /usr/include/python3.10
[1.201s] -- Using PYTHON_LIBRARIES: /usr/lib/x86_64-linux-gnu/libpython3.10.so
[1.215s] -- Found PythonExtra: .so  
[1.294s] -- Configuring done
[1.312s] -- Generating done
[1.319s] -- Build files have been written to: /home/sophie/visionaid/isaac_ros_ws/build/isaac_ros_pointcloud_interfaces
[1.328s] Invoked command in '/home/sophie/visionaid/isaac_ros_ws/build/isaac_ros_pointcloud_interfaces' returned '0': AMENT_PREFIX_PATH=/home/sophie/visionaid/isaac_ros_ws/install/isaac_ros_common:${AMENT_PREFIX_PATH} CMAKE_PREFIX_PATH=/home/sophie/visionaid/isaac_ros_ws/install/isaac_ros_common:/opt/ros/humble LD_LIBRARY_PATH=/home/sophie/visionaid/isaac_ros_ws/install/isaac_ros_common/lib:${LD_LIBRARY_PATH} PATH=/home/sophie/visionaid/isaac_ros_ws/install/isaac_ros_common/bin:${PATH} PYTHONPATH=/home/sophie/visionaid/isaac_ros_ws/install/isaac_ros_common/local/lib/python3.10/dist-packages:${PYTHONPATH} /usr/bin/cmake /home/sophie/visionaid/isaac_ros_ws/src/isaac_ros_common/isaac_ros_pointcloud_interfaces -DCMAKE_BUILD_TYPE=Release -DBUILD_TESTING=OFF -DCMAKE_CUDA_ARCHITECTURES=89 -DAMENT_CMAKE_SYMLINK_INSTALL=1 -DCMAKE_INSTALL_PREFIX=/home/sophie/visionaid/isaac_ros_ws/install/isaac_ros_pointcloud_interfaces
[1.330s] Invoking command in '/home/sophie/visionaid/isaac_ros_ws/build/isaac_ros_pointcloud_interfaces': AMENT_PREFIX_PATH=/home/sophie/visionaid/isaac_ros_ws/install/isaac_ros_common:${AMENT_PREFIX_PATH} CMAKE_PREFIX_PATH=/home/sophie/visionaid/isaac_ros_ws/install/isaac_ros_common:/opt/ros/humble LD_LIBRARY_PATH=/home/sophie/visionaid/isaac_ros_ws/install/isaac_ros_common/lib:${LD_LIBRARY_PATH} PATH=/home/sophie/visionaid/isaac_ros_ws/install/isaac_ros_common/bin:${PATH} PYTHONPATH=/home/sophie/visionaid/isaac_ros_ws/install/isaac_ros_common/local/lib/python3.10/dist-packages:${PYTHONPATH} /usr/bin/cmake --build /home/sophie/visionaid/isaac_ros_ws/build/isaac_ros_pointcloud_interfaces -- -j22 -l22
[1.364s] [  3%] [34m[1mGenerating C code for ROS interfaces[0m
[1.369s] [  6%] [34m[1mGenerating version information as YAML[0m
[1.371s] [  9%] [34m[1mGenerating C++ code for ROS interfaces[0m
[1.378s] [  9%] Built target ament_cmake_python_symlink_isaac_ros_pointcloud_interfaces
[1.420s] [  9%] Built target generate_version_info_target_isaac_ros_pointcloud_interfaces
[1.512s] running egg_info
[1.512s] creating isaac_ros_pointcloud_interfaces.egg-info
[1.512s] writing isaac_ros_pointcloud_interfaces.egg-info/PKG-INFO
[1.512s] writing dependency_links to isaac_ros_pointcloud_interfaces.egg-info/dependency_links.txt
[1.512s] writing top-level names to isaac_ros_pointcloud_interfaces.egg-info/top_level.txt
[1.512s] writing manifest file 'isaac_ros_pointcloud_interfaces.egg-info/SOURCES.txt'
[1.513s] reading manifest file 'isaac_ros_pointcloud_interfaces.egg-info/SOURCES.txt'
[1.514s] writing manifest file 'isaac_ros_pointcloud_interfaces.egg-info/SOURCES.txt'
[1.534s] [  9%] Built target ament_cmake_python_build_isaac_ros_pointcloud_interfaces_egg
[1.571s] [  9%] Built target isaac_ros_pointcloud_interfaces__cpp
[1.577s] [ 12%] [34m[1mGenerating C++ type support for eProsima Fast-RTPS[0m
[1.579s] [ 15%] [34m[1mGenerating C++ introspection for ROS interfaces[0m
[1.580s] [ 18%] [34m[1mGenerating C++ type support dispatch for ROS interfaces[0m
[1.592s] [ 21%] [32mBuilding C object CMakeFiles/isaac_ros_pointcloud_interfaces__rosidl_generator_c.dir/rosidl_generator_c/isaac_ros_pointcloud_interfaces/msg/detail/flat_scan__functions.c.o[0m
[1.655s] [ 25%] [32m[1mLinking C shared library libisaac_ros_pointcloud_interfaces__rosidl_generator_c.so[0m
[1.680s] [ 25%] Built target isaac_ros_pointcloud_interfaces__rosidl_generator_c
[1.688s] [ 28%] [34m[1mGenerating C type support for eProsima Fast-RTPS[0m
[1.689s] [ 34%] [34m[1mGenerating C introspection for ROS interfaces[0m
[1.689s] [ 34%] [34m[1mGenerating C type support dispatch for ROS interfaces[0m
[1.784s] [ 37%] [32mBuilding CXX object CMakeFiles/isaac_ros_pointcloud_interfaces__rosidl_typesupport_cpp.dir/rosidl_typesupport_cpp/isaac_ros_pointcloud_interfaces/msg/flat_scan__type_support.cpp.o[0m
[1.784s] [ 40%] [32mBuilding CXX object CMakeFiles/isaac_ros_pointcloud_interfaces__rosidl_typesupport_fastrtps_cpp.dir/rosidl_typesupport_fastrtps_cpp/isaac_ros_pointcloud_interfaces/msg/detail/dds_fastrtps/flat_scan__type_support.cpp.o[0m
[1.791s] [ 43%] [32mBuilding CXX object CMakeFiles/isaac_ros_pointcloud_interfaces__rosidl_typesupport_introspection_cpp.dir/rosidl_typesupport_introspection_cpp/isaac_ros_pointcloud_interfaces/msg/detail/flat_scan__type_support.cpp.o[0m
[1.899s] [ 46%] [32mBuilding CXX object CMakeFiles/isaac_ros_pointcloud_interfaces__rosidl_typesupport_c.dir/rosidl_typesupport_c/isaac_ros_pointcloud_interfaces/msg/flat_scan__type_support.cpp.o[0m
[1.910s] [ 50%] [32mBuilding C object CMakeFiles/isaac_ros_pointcloud_interfaces__rosidl_typesupport_introspection_c.dir/rosidl_typesupport_introspection_c/isaac_ros_pointcloud_interfaces/msg/detail/flat_scan__type_support.c.o[0m
[1.924s] [ 53%] [32m[1mLinking CXX shared library libisaac_ros_pointcloud_interfaces__rosidl_typesupport_c.so[0m
[1.934s] [ 56%] [32m[1mLinking CXX shared library libisaac_ros_pointcloud_interfaces__rosidl_typesupport_cpp.so[0m
[1.949s] [ 59%] [32m[1mLinking C shared library libisaac_ros_pointcloud_interfaces__rosidl_typesupport_introspection_c.so[0m
[1.951s] [ 59%] Built target isaac_ros_pointcloud_interfaces__rosidl_typesupport_c
[1.966s] [ 59%] Built target isaac_ros_pointcloud_interfaces__rosidl_typesupport_cpp
[1.971s] [ 59%] Built target isaac_ros_pointcloud_interfaces__rosidl_typesupport_introspection_c
[1.982s] [ 62%] [32mBuilding CXX object CMakeFiles/isaac_ros_pointcloud_interfaces__rosidl_typesupport_fastrtps_c.dir/rosidl_typesupport_fastrtps_c/isaac_ros_pointcloud_interfaces/msg/detail/flat_scan__type_support_c.cpp.o[0m
[2.063s] [ 65%] [32m[1mLinking CXX shared library libisaac_ros_pointcloud_interfaces__rosidl_typesupport_introspection_cpp.so[0m
[2.065s] [ 68%] [32m[1mLinking CXX shared library libisaac_ros_pointcloud_interfaces__rosidl_typesupport_fastrtps_cpp.so[0m
[2.116s] [ 68%] Built target isaac_ros_pointcloud_interfaces__rosidl_typesupport_introspection_cpp
[2.116s] [ 68%] Built target isaac_ros_pointcloud_interfaces__rosidl_typesupport_fastrtps_cpp
[2.181s] [ 71%] [32m[1mLinking CXX shared library libisaac_ros_pointcloud_interfaces__rosidl_typesupport_fastrtps_c.so[0m
[2.230s] [ 71%] Built target isaac_ros_pointcloud_interfaces__rosidl_typesupport_fastrtps_c
[2.250s] [ 71%] Built target isaac_ros_pointcloud_interfaces
[2.266s] [ 75%] [34m[1mGenerating Python code for ROS interfaces[0m
[2.552s] [ 75%] Built target isaac_ros_pointcloud_interfaces__py
[2.570s] [ 78%] [32mBuilding C object CMakeFiles/isaac_ros_pointcloud_interfaces__rosidl_generator_py.dir/rosidl_generator_py/isaac_ros_pointcloud_interfaces/msg/_flat_scan_s.c.o[0m
[2.682s] [ 81%] [32m[1mLinking C shared library rosidl_generator_py/isaac_ros_pointcloud_interfaces/libisaac_ros_pointcloud_interfaces__rosidl_generator_py.so[0m
[2.714s] [ 81%] Built target isaac_ros_pointcloud_interfaces__rosidl_generator_py
[2.729s] [ 84%] [32mBuilding C object CMakeFiles/isaac_ros_pointcloud_interfaces__rosidl_typesupport_c__pyext.dir/rosidl_generator_py/isaac_ros_pointcloud_interfaces/_isaac_ros_pointcloud_interfaces_s.ep.rosidl_typesupport_c.c.o[0m
[2.730s] [ 87%] [32mBuilding C object CMakeFiles/isaac_ros_pointcloud_interfaces__rosidl_typesupport_fastrtps_c__pyext.dir/rosidl_generator_py/isaac_ros_pointcloud_interfaces/_isaac_ros_pointcloud_interfaces_s.ep.rosidl_typesupport_fastrtps_c.c.o[0m
[2.730s] [ 90%] [32mBuilding C object CMakeFiles/isaac_ros_pointcloud_interfaces__rosidl_typesupport_introspection_c__pyext.dir/rosidl_generator_py/isaac_ros_pointcloud_interfaces/_isaac_ros_pointcloud_interfaces_s.ep.rosidl_typesupport_introspection_c.c.o[0m
[2.798s] [100%] [32m[1mLinking C shared library rosidl_generator_py/isaac_ros_pointcloud_interfaces/isaac_ros_pointcloud_interfaces_s__rosidl_typesupport_fastrtps_c.cpython-310-x86_64-linux-gnu.so[0m
[2.798s] [100%] [32m[1mLinking C shared library rosidl_generator_py/isaac_ros_pointcloud_interfaces/isaac_ros_pointcloud_interfaces_s__rosidl_typesupport_introspection_c.cpython-310-x86_64-linux-gnu.so[0m
[2.798s] [100%] [32m[1mLinking C shared library rosidl_generator_py/isaac_ros_pointcloud_interfaces/isaac_ros_pointcloud_interfaces_s__rosidl_typesupport_c.cpython-310-x86_64-linux-gnu.so[0m
[2.822s] [100%] Built target isaac_ros_pointcloud_interfaces__rosidl_typesupport_fastrtps_c__pyext
[2.822s] [100%] Built target isaac_ros_pointcloud_interfaces__rosidl_typesupport_introspection_c__pyext
[2.824s] [100%] Built target isaac_ros_pointcloud_interfaces__rosidl_typesupport_c__pyext
[2.833s] Invoked command in '/home/sophie/visionaid/isaac_ros_ws/build/isaac_ros_pointcloud_interfaces' returned '0': AMENT_PREFIX_PATH=/home/sophie/visionaid/isaac_ros_ws/install/isaac_ros_common:${AMENT_PREFIX_PATH} CMAKE_PREFIX_PATH=/home/sophie/visionaid/isaac_ros_ws/install/isaac_ros_common:/opt/ros/humble LD_LIBRARY_PATH=/home/sophie/visionaid/isaac_ros_ws/install/isaac_ros_common/lib:${LD_LIBRARY_PATH} PATH=/home/sophie/visionaid/isaac_ros_ws/install/isaac_ros_common/bin:${PATH} PYTHONPATH=/home/sophie/visionaid/isaac_ros_ws/install/isaac_ros_common/local/lib/python3.10/dist-packages:${PYTHONPATH} /usr/bin/cmake --build /home/sophie/visionaid/isaac_ros_ws/build/isaac_ros_pointcloud_interfaces -- -j22 -l22
[2.834s] Invoking command in '/home/sophie/visionaid/isaac_ros_ws/build/isaac_ros_pointcloud_interfaces': AMENT_PREFIX_PATH=/home/sophie/visionaid/isaac_ros_ws/install/isaac_ros_common:${AMENT_PREFIX_PATH} CMAKE_PREFIX_PATH=/home/sophie/visionaid/isaac_ros_ws/install/isaac_ros_common:/opt/ros/humble LD_LIBRARY_PATH=/home/sophie/visionaid/isaac_ros_ws/install/isaac_ros_common/lib:${LD_LIBRARY_PATH} PATH=/home/sophie/visionaid/isaac_ros_ws/install/isaac_ros_common/bin:${PATH} PYTHONPATH=/home/sophie/visionaid/isaac_ros_ws/install/isaac_ros_common/local/lib/python3.10/dist-packages:${PYTHONPATH} /usr/bin/cmake --install /home/sophie/visionaid/isaac_ros_ws/build/isaac_ros_pointcloud_interfaces
[2.840s] -- Install configuration: "Release"
[2.841s] -- Execute custom install script
[2.841s] -- Symlinking: /home/sophie/visionaid/isaac_ros_ws/install/isaac_ros_pointcloud_interfaces/share/ament_index/resource_index/rosidl_interfaces/isaac_ros_pointcloud_interfaces
[2.848s] -- Symlinking: /home/sophie/visionaid/isaac_ros_ws/install/isaac_ros_pointcloud_interfaces/include/isaac_ros_pointcloud_interfaces/isaac_ros_pointcloud_interfaces/msg/detail/flat_scan__functions.h
[2.854s] -- Symlinking: /home/sophie/visionaid/isaac_ros_ws/install/isaac_ros_pointcloud_interfaces/include/isaac_ros_pointcloud_interfaces/isaac_ros_pointcloud_interfaces/msg/detail/flat_scan__struct.h
[2.860s] -- Symlinking: /home/sophie/visionaid/isaac_ros_ws/install/isaac_ros_pointcloud_interfaces/include/isaac_ros_pointcloud_interfaces/isaac_ros_pointcloud_interfaces/msg/detail/flat_scan__type_support.h
[2.867s] -- Symlinking: /home/sophie/visionaid/isaac_ros_ws/install/isaac_ros_pointcloud_interfaces/include/isaac_ros_pointcloud_interfaces/isaac_ros_pointcloud_interfaces/msg/flat_scan.h
[2.873s] -- Symlinking: /home/sophie/visionaid/isaac_ros_ws/install/isaac_ros_pointcloud_interfaces/include/isaac_ros_pointcloud_interfaces/isaac_ros_pointcloud_interfaces/msg/rosidl_generator_c__visibility_control.h
[2.881s] -- Symlinking: /home/sophie/visionaid/isaac_ros_ws/install/isaac_ros_pointcloud_interfaces/share/isaac_ros_pointcloud_interfaces/environment/library_path.sh
[2.886s] -- Symlinking: /home/sophie/visionaid/isaac_ros_ws/install/isaac_ros_pointcloud_interfaces/share/isaac_ros_pointcloud_interfaces/environment/library_path.dsv
[2.893s] -- Symlinking: /home/sophie/visionaid/isaac_ros_ws/install/isaac_ros_pointcloud_interfaces/include/isaac_ros_pointcloud_interfaces/isaac_ros_pointcloud_interfaces/msg/detail/flat_scan__rosidl_typesupport_fastrtps_c.h
[2.901s] -- Symlinking: /home/sophie/visionaid/isaac_ros_ws/install/isaac_ros_pointcloud_interfaces/include/isaac_ros_pointcloud_interfaces/isaac_ros_pointcloud_interfaces/msg/rosidl_typesupport_fastrtps_c__visibility_control.h
[2.909s] -- Symlinking: /home/sophie/visionaid/isaac_ros_ws/install/isaac_ros_pointcloud_interfaces/include/isaac_ros_pointcloud_interfaces/isaac_ros_pointcloud_interfaces/msg/detail/flat_scan__rosidl_typesupport_introspection_c.h
[2.916s] -- Symlinking: /home/sophie/visionaid/isaac_ros_ws/install/isaac_ros_pointcloud_interfaces/include/isaac_ros_pointcloud_interfaces/isaac_ros_pointcloud_interfaces/msg/rosidl_typesupport_introspection_c__visibility_control.h
[2.922s] -- Symlinking: /home/sophie/visionaid/isaac_ros_ws/install/isaac_ros_pointcloud_interfaces/include/isaac_ros_pointcloud_interfaces/isaac_ros_pointcloud_interfaces/msg/detail/flat_scan__builder.hpp
[2.928s] -- Symlinking: /home/sophie/visionaid/isaac_ros_ws/install/isaac_ros_pointcloud_interfaces/include/isaac_ros_pointcloud_interfaces/isaac_ros_pointcloud_interfaces/msg/detail/flat_scan__struct.hpp
[2.933s] -- Symlinking: /home/sophie/visionaid/isaac_ros_ws/install/isaac_ros_pointcloud_interfaces/include/isaac_ros_pointcloud_interfaces/isaac_ros_pointcloud_interfaces/msg/detail/flat_scan__traits.hpp
[2.940s] -- Symlinking: /home/sophie/visionaid/isaac_ros_ws/install/isaac_ros_pointcloud_interfaces/include/isaac_ros_pointcloud_interfaces/isaac_ros_pointcloud_interfaces/msg/detail/flat_scan__type_support.hpp
[2.945s] -- Symlinking: /home/sophie/visionaid/isaac_ros_ws/install/isaac_ros_pointcloud_interfaces/include/isaac_ros_pointcloud_interfaces/isaac_ros_pointcloud_interfaces/msg/flat_scan.hpp
[2.951s] -- Symlinking: /home/sophie/visionaid/isaac_ros_ws/install/isaac_ros_pointcloud_interfaces/include/isaac_ros_pointcloud_interfaces/isaac_ros_pointcloud_interfaces/msg/rosidl_generator_cpp__visibility_control.hpp
[2.958s] -- Symlinking: /home/sophie/visionaid/isaac_ros_ws/install/isaac_ros_pointcloud_interfaces/include/isaac_ros_pointcloud_interfaces/isaac_ros_pointcloud_interfaces/msg/detail/flat_scan__rosidl_typesupport_fastrtps_cpp.hpp
[2.966s] -- Symlinking: /home/sophie/visionaid/isaac_ros_ws/install/isaac_ros_pointcloud_interfaces/include/isaac_ros_pointcloud_interfaces/isaac_ros_pointcloud_interfaces/msg/rosidl_typesupport_fastrtps_cpp__visibility_control.h
[2.972s] -- Symlinking: /home/sophie/visionaid/isaac_ros_ws/install/isaac_ros_pointcloud_interfaces/include/isaac_ros_pointcloud_interfaces/isaac_ros_pointcloud_interfaces/msg/detail/flat_scan__rosidl_typesupport_introspection_cpp.hpp
[2.979s] -- Symlinking: /home/sophie/visionaid/isaac_ros_ws/install/isaac_ros_pointcloud_interfaces/share/isaac_ros_pointcloud_interfaces/environment/pythonpath.sh
[2.985s] -- Symlinking: /home/sophie/visionaid/isaac_ros_ws/install/isaac_ros_pointcloud_interfaces/share/isaac_ros_pointcloud_interfaces/environment/pythonpath.dsv
[2.991s] -- Symlinking: /home/sophie/visionaid/isaac_ros_ws/install/isaac_ros_pointcloud_interfaces/local/lib/python3.10/dist-packages/isaac_ros_pointcloud_interfaces-3.2.5-py3.10.egg-info/PKG-INFO
[2.997s] -- Symlinking: /home/sophie/visionaid/isaac_ros_ws/install/isaac_ros_pointcloud_interfaces/local/lib/python3.10/dist-packages/isaac_ros_pointcloud_interfaces-3.2.5-py3.10.egg-info/SOURCES.txt
[3.003s] -- Symlinking: /home/sophie/visionaid/isaac_ros_ws/install/isaac_ros_pointcloud_interfaces/local/lib/python3.10/dist-packages/isaac_ros_pointcloud_interfaces-3.2.5-py3.10.egg-info/dependency_links.txt
[3.009s] -- Symlinking: /home/sophie/visionaid/isaac_ros_ws/install/isaac_ros_pointcloud_interfaces/local/lib/python3.10/dist-packages/isaac_ros_pointcloud_interfaces-3.2.5-py3.10.egg-info/top_level.txt
[3.017s] -- Symlinking: /home/sophie/visionaid/isaac_ros_ws/install/isaac_ros_pointcloud_interfaces/local/lib/python3.10/dist-packages/isaac_ros_pointcloud_interfaces/__init__.py
[3.022s] -- Symlinking: /home/sophie/visionaid/isaac_ros_ws/install/isaac_ros_pointcloud_interfaces/local/lib/python3.10/dist-packages/isaac_ros_pointcloud_interfaces/_isaac_ros_pointcloud_interfaces_s.ep.rosidl_typesupport_c.c
[3.031s] -- Symlinking: /home/sophie/visionaid/isaac_ros_ws/install/isaac_ros_pointcloud_interfaces/local/lib/python3.10/dist-packages/isaac_ros_pointcloud_interfaces/_isaac_ros_pointcloud_interfaces_s.ep.rosidl_typesupport_fastrtps_c.c
[3.037s] -- Symlinking: /home/sophie/visionaid/isaac_ros_ws/install/isaac_ros_pointcloud_interfaces/local/lib/python3.10/dist-packages/isaac_ros_pointcloud_interfaces/_isaac_ros_pointcloud_interfaces_s.ep.rosidl_typesupport_introspection_c.c
[3.042s] -- Symlinking: /home/sophie/visionaid/isaac_ros_ws/install/isaac_ros_pointcloud_interfaces/local/lib/python3.10/dist-packages/isaac_ros_pointcloud_interfaces/isaac_ros_pointcloud_interfaces_s__rosidl_typesupport_c.cpython-310-x86_64-linux-gnu.so
[3.048s] -- Symlinking: /home/sophie/visionaid/isaac_ros_ws/install/isaac_ros_pointcloud_interfaces/local/lib/python3.10/dist-packages/isaac_ros_pointcloud_interfaces/isaac_ros_pointcloud_interfaces_s__rosidl_typesupport_fastrtps_c.cpython-310-x86_64-linux-gnu.so
[3.055s] -- Symlinking: /home/sophie/visionaid/isaac_ros_ws/install/isaac_ros_pointcloud_interfaces/local/lib/python3.10/dist-packages/isaac_ros_pointcloud_interfaces/isaac_ros_pointcloud_interfaces_s__rosidl_typesupport_introspection_c.cpython-310-x86_64-linux-gnu.so
[3.061s] -- Symlinking: /home/sophie/visionaid/isaac_ros_ws/install/isaac_ros_pointcloud_interfaces/local/lib/python3.10/dist-packages/isaac_ros_pointcloud_interfaces/libisaac_ros_pointcloud_interfaces__rosidl_generator_py.so
[3.068s] -- Symlinking: /home/sophie/visionaid/isaac_ros_ws/install/isaac_ros_pointcloud_interfaces/local/lib/python3.10/dist-packages/isaac_ros_pointcloud_interfaces/msg/__init__.py
[3.075s] -- Symlinking: /home/sophie/visionaid/isaac_ros_ws/install/isaac_ros_pointcloud_interfaces/local/lib/python3.10/dist-packages/isaac_ros_pointcloud_interfaces/msg/_flat_scan.py
[3.080s] -- Symlinking: /home/sophie/visionaid/isaac_ros_ws/install/isaac_ros_pointcloud_interfaces/local/lib/python3.10/dist-packages/isaac_ros_pointcloud_interfaces/msg/_flat_scan_s.c
[3.087s] -- Up-to-date symlink: /home/sophie/visionaid/isaac_ros_ws/install/isaac_ros_pointcloud_interfaces/local/lib/python3.10/dist-packages/isaac_ros_pointcloud_interfaces/isaac_ros_pointcloud_interfaces_s__rosidl_typesupport_fastrtps_c.cpython-310-x86_64-linux-gnu.so
[3.087s] -- Up-to-date symlink: /home/sophie/visionaid/isaac_ros_ws/install/isaac_ros_pointcloud_interfaces/local/lib/python3.10/dist-packages/isaac_ros_pointcloud_interfaces/isaac_ros_pointcloud_interfaces_s__rosidl_typesupport_introspection_c.cpython-310-x86_64-linux-gnu.so
[3.087s] -- Up-to-date symlink: /home/sophie/visionaid/isaac_ros_ws/install/isaac_ros_pointcloud_interfaces/local/lib/python3.10/dist-packages/isaac_ros_pointcloud_interfaces/isaac_ros_pointcloud_interfaces_s__rosidl_typesupport_c.cpython-310-x86_64-linux-gnu.so
[3.087s] -- Symlinking: /home/sophie/visionaid/isaac_ros_ws/install/isaac_ros_pointcloud_interfaces/share/isaac_ros_pointcloud_interfaces/msg/FlatScan.idl
[3.094s] -- Symlinking: /home/sophie/visionaid/isaac_ros_ws/install/isaac_ros_pointcloud_interfaces/share/isaac_ros_pointcloud_interfaces/msg/FlatScan.msg
[3.100s] -- Symlinking: /home/sophie/visionaid/isaac_ros_ws/install/isaac_ros_pointcloud_interfaces/share/isaac_ros_pointcloud_interfaces/version_info.yaml
[3.106s] -- Symlinking: /home/sophie/visionaid/isaac_ros_ws/install/isaac_ros_pointcloud_interfaces/share/ament_index/resource_index/package_run_dependencies/isaac_ros_pointcloud_interfaces
[3.112s] -- Symlinking: /home/sophie/visionaid/isaac_ros_ws/install/isaac_ros_pointcloud_interfaces/share/ament_index/resource_index/parent_prefix_path/isaac_ros_pointcloud_interfaces
[3.119s] -- Symlinking: /home/sophie/visionaid/isaac_ros_ws/install/isaac_ros_pointcloud_interfaces/share/isaac_ros_pointcloud_interfaces/environment/ament_prefix_path.sh
[3.125s] -- Symlinking: /home/sophie/visionaid/isaac_ros_ws/install/isaac_ros_pointcloud_interfaces/share/isaac_ros_pointcloud_interfaces/environment/ament_prefix_path.dsv
[3.132s] -- Symlinking: /home/sophie/visionaid/isaac_ros_ws/install/isaac_ros_pointcloud_interfaces/share/isaac_ros_pointcloud_interfaces/environment/path.sh
[3.139s] -- Symlinking: /home/sophie/visionaid/isaac_ros_ws/install/isaac_ros_pointcloud_interfaces/share/isaac_ros_pointcloud_interfaces/environment/path.dsv
[3.146s] -- Symlinking: /home/sophie/visionaid/isaac_ros_ws/install/isaac_ros_pointcloud_interfaces/share/isaac_ros_pointcloud_interfaces/local_setup.bash
[3.155s] -- Symlinking: /home/sophie/visionaid/isaac_ros_ws/install/isaac_ros_pointcloud_interfaces/share/isaac_ros_pointcloud_interfaces/local_setup.sh
[3.161s] -- Symlinking: /home/sophie/visionaid/isaac_ros_ws/install/isaac_ros_pointcloud_interfaces/share/isaac_ros_pointcloud_interfaces/local_setup.zsh
[3.166s] -- Symlinking: /home/sophie/visionaid/isaac_ros_ws/install/isaac_ros_pointcloud_interfaces/share/isaac_ros_pointcloud_interfaces/local_setup.dsv
[3.174s] -- Symlinking: /home/sophie/visionaid/isaac_ros_ws/install/isaac_ros_pointcloud_interfaces/share/isaac_ros_pointcloud_interfaces/package.dsv
[3.179s] -- Symlinking: /home/sophie/visionaid/isaac_ros_ws/install/isaac_ros_pointcloud_interfaces/share/ament_index/resource_index/packages/isaac_ros_pointcloud_interfaces
[3.185s] -- Symlinking: /home/sophie/visionaid/isaac_ros_ws/install/isaac_ros_pointcloud_interfaces/share/isaac_ros_pointcloud_interfaces/cmake/rosidl_cmake-extras.cmake
[3.190s] -- Symlinking: /home/sophie/visionaid/isaac_ros_ws/install/isaac_ros_pointcloud_interfaces/share/isaac_ros_pointcloud_interfaces/cmake/ament_cmake_export_dependencies-extras.cmake
[3.197s] -- Symlinking: /home/sophie/visionaid/isaac_ros_ws/install/isaac_ros_pointcloud_interfaces/share/isaac_ros_pointcloud_interfaces/cmake/ament_cmake_export_include_directories-extras.cmake
[3.204s] -- Symlinking: /home/sophie/visionaid/isaac_ros_ws/install/isaac_ros_pointcloud_interfaces/share/isaac_ros_pointcloud_interfaces/cmake/ament_cmake_export_libraries-extras.cmake
[3.210s] -- Symlinking: /home/sophie/visionaid/isaac_ros_ws/install/isaac_ros_pointcloud_interfaces/share/isaac_ros_pointcloud_interfaces/cmake/ament_cmake_export_targets-extras.cmake
[3.216s] -- Symlinking: /home/sophie/visionaid/isaac_ros_ws/install/isaac_ros_pointcloud_interfaces/share/isaac_ros_pointcloud_interfaces/cmake/rosidl_cmake_export_typesupport_targets-extras.cmake
[3.225s] -- Symlinking: /home/sophie/visionaid/isaac_ros_ws/install/isaac_ros_pointcloud_interfaces/share/isaac_ros_pointcloud_interfaces/cmake/rosidl_cmake_export_typesupport_libraries-extras.cmake
[3.230s] -- Symlinking: /home/sophie/visionaid/isaac_ros_ws/install/isaac_ros_pointcloud_interfaces/share/isaac_ros_pointcloud_interfaces/cmake/isaac_ros_pointcloud_interfacesConfig.cmake
[3.236s] -- Symlinking: /home/sophie/visionaid/isaac_ros_ws/install/isaac_ros_pointcloud_interfaces/share/isaac_ros_pointcloud_interfaces/cmake/isaac_ros_pointcloud_interfacesConfig-version.cmake
[3.242s] -- Symlinking: /home/sophie/visionaid/isaac_ros_ws/install/isaac_ros_pointcloud_interfaces/share/isaac_ros_pointcloud_interfaces/package.xml
[3.249s] -- Installing: /home/sophie/visionaid/isaac_ros_ws/install/isaac_ros_pointcloud_interfaces/lib/libisaac_ros_pointcloud_interfaces__rosidl_generator_c.so
[3.249s] -- Set runtime path of "/home/sophie/visionaid/isaac_ros_ws/install/isaac_ros_pointcloud_interfaces/lib/libisaac_ros_pointcloud_interfaces__rosidl_generator_c.so" to ""
[3.249s] -- Installing: /home/sophie/visionaid/isaac_ros_ws/install/isaac_ros_pointcloud_interfaces/lib/libisaac_ros_pointcloud_interfaces__rosidl_typesupport_fastrtps_c.so
[3.249s] -- Set runtime path of "/home/sophie/visionaid/isaac_ros_ws/install/isaac_ros_pointcloud_interfaces/lib/libisaac_ros_pointcloud_interfaces__rosidl_typesupport_fastrtps_c.so" to ""
[3.250s] -- Installing: /home/sophie/visionaid/isaac_ros_ws/install/isaac_ros_pointcloud_interfaces/lib/libisaac_ros_pointcloud_interfaces__rosidl_typesupport_introspection_c.so
[3.250s] -- Set runtime path of "/home/sophie/visionaid/isaac_ros_ws/install/isaac_ros_pointcloud_interfaces/lib/libisaac_ros_pointcloud_interfaces__rosidl_typesupport_introspection_c.so" to ""
[3.250s] -- Installing: /home/sophie/visionaid/isaac_ros_ws/install/isaac_ros_pointcloud_interfaces/lib/libisaac_ros_pointcloud_interfaces__rosidl_typesupport_c.so
[3.250s] -- Set runtime path of "/home/sophie/visionaid/isaac_ros_ws/install/isaac_ros_pointcloud_interfaces/lib/libisaac_ros_pointcloud_interfaces__rosidl_typesupport_c.so" to ""
[3.250s] -- Installing: /home/sophie/visionaid/isaac_ros_ws/install/isaac_ros_pointcloud_interfaces/lib/libisaac_ros_pointcloud_interfaces__rosidl_typesupport_fastrtps_cpp.so
[3.250s] -- Set runtime path of "/home/sophie/visionaid/isaac_ros_ws/install/isaac_ros_pointcloud_interfaces/lib/libisaac_ros_pointcloud_interfaces__rosidl_typesupport_fastrtps_cpp.so" to ""
[3.250s] -- Installing: /home/sophie/visionaid/isaac_ros_ws/install/isaac_ros_pointcloud_interfaces/lib/libisaac_ros_pointcloud_interfaces__rosidl_typesupport_introspection_cpp.so
[3.251s] -- Set runtime path of "/home/sophie/visionaid/isaac_ros_ws/install/isaac_ros_pointcloud_interfaces/lib/libisaac_ros_pointcloud_interfaces__rosidl_typesupport_introspection_cpp.so" to ""
[3.251s] -- Installing: /home/sophie/visionaid/isaac_ros_ws/install/isaac_ros_pointcloud_interfaces/lib/libisaac_ros_pointcloud_interfaces__rosidl_typesupport_cpp.so
[3.251s] -- Set runtime path of "/home/sophie/visionaid/isaac_ros_ws/install/isaac_ros_pointcloud_interfaces/lib/libisaac_ros_pointcloud_interfaces__rosidl_typesupport_cpp.so" to ""
[3.272s] Listing '/home/sophie/visionaid/isaac_ros_ws/install/isaac_ros_pointcloud_interfaces/local/lib/python3.10/dist-packages/isaac_ros_pointcloud_interfaces'...
[3.272s] Compiling '/home/sophie/visionaid/isaac_ros_ws/install/isaac_ros_pointcloud_interfaces/local/lib/python3.10/dist-packages/isaac_ros_pointcloud_interfaces/__init__.py'...
[3.272s] Listing '/home/sophie/visionaid/isaac_ros_ws/install/isaac_ros_pointcloud_interfaces/local/lib/python3.10/dist-packages/isaac_ros_pointcloud_interfaces/msg'...
[3.272s] Compiling '/home/sophie/visionaid/isaac_ros_ws/install/isaac_ros_pointcloud_interfaces/local/lib/python3.10/dist-packages/isaac_ros_pointcloud_interfaces/msg/__init__.py'...
[3.272s] Compiling '/home/sophie/visionaid/isaac_ros_ws/install/isaac_ros_pointcloud_interfaces/local/lib/python3.10/dist-packages/isaac_ros_pointcloud_interfaces/msg/_flat_scan.py'...
[3.275s] -- Installing: /home/sophie/visionaid/isaac_ros_ws/install/isaac_ros_pointcloud_interfaces/lib/libisaac_ros_pointcloud_interfaces__rosidl_generator_py.so
[3.275s] -- Set runtime path of "/home/sophie/visionaid/isaac_ros_ws/install/isaac_ros_pointcloud_interfaces/lib/libisaac_ros_pointcloud_interfaces__rosidl_generator_py.so" to ""
[3.275s] -- Installing: /home/sophie/visionaid/isaac_ros_ws/install/isaac_ros_pointcloud_interfaces/share/isaac_ros_pointcloud_interfaces/cmake/export_isaac_ros_pointcloud_interfaces__rosidl_generator_cExport.cmake
[3.275s] -- Installing: /home/sophie/visionaid/isaac_ros_ws/install/isaac_ros_pointcloud_interfaces/share/isaac_ros_pointcloud_interfaces/cmake/export_isaac_ros_pointcloud_interfaces__rosidl_generator_cExport-release.cmake
[3.275s] -- Installing: /home/sophie/visionaid/isaac_ros_ws/install/isaac_ros_pointcloud_interfaces/share/isaac_ros_pointcloud_interfaces/cmake/export_isaac_ros_pointcloud_interfaces__rosidl_typesupport_fastrtps_cExport.cmake
[3.275s] -- Installing: /home/sophie/visionaid/isaac_ros_ws/install/isaac_ros_pointcloud_interfaces/share/isaac_ros_pointcloud_interfaces/cmake/export_isaac_ros_pointcloud_interfaces__rosidl_typesupport_fastrtps_cExport-release.cmake
[3.275s] -- Installing: /home/sophie/visionaid/isaac_ros_ws/install/isaac_ros_pointcloud_interfaces/share/isaac_ros_pointcloud_interfaces/cmake/isaac_ros_pointcloud_interfaces__rosidl_typesupport_introspection_cExport.cmake
[3.275s] -- Installing: /home/sophie/visionaid/isaac_ros_ws/install/isaac_ros_pointcloud_interfaces/share/isaac_ros_pointcloud_interfaces/cmake/isaac_ros_pointcloud_interfaces__rosidl_typesupport_introspection_cExport-release.cmake
[3.275s] -- Installing: /home/sophie/visionaid/isaac_ros_ws/install/isaac_ros_pointcloud_interfaces/share/isaac_ros_pointcloud_interfaces/cmake/isaac_ros_pointcloud_interfaces__rosidl_typesupport_cExport.cmake
[3.275s] -- Installing: /home/sophie/visionaid/isaac_ros_ws/install/isaac_ros_pointcloud_interfaces/share/isaac_ros_pointcloud_interfaces/cmake/isaac_ros_pointcloud_interfaces__rosidl_typesupport_cExport-release.cmake
[3.276s] -- Installing: /home/sophie/visionaid/isaac_ros_ws/install/isaac_ros_pointcloud_interfaces/share/isaac_ros_pointcloud_interfaces/cmake/export_isaac_ros_pointcloud_interfaces__rosidl_generator_cppExport.cmake
[3.276s] -- Installing: /home/sophie/visionaid/isaac_ros_ws/install/isaac_ros_pointcloud_interfaces/share/isaac_ros_pointcloud_interfaces/cmake/export_isaac_ros_pointcloud_interfaces__rosidl_typesupport_fastrtps_cppExport.cmake
[3.276s] -- Installing: /home/sophie/visionaid/isaac_ros_ws/install/isaac_ros_pointcloud_interfaces/share/isaac_ros_pointcloud_interfaces/cmake/export_isaac_ros_pointcloud_interfaces__rosidl_typesupport_fastrtps_cppExport-release.cmake
[3.276s] -- Installing: /home/sophie/visionaid/isaac_ros_ws/install/isaac_ros_pointcloud_interfaces/share/isaac_ros_pointcloud_interfaces/cmake/isaac_ros_pointcloud_interfaces__rosidl_typesupport_introspection_cppExport.cmake
[3.276s] -- Installing: /home/sophie/visionaid/isaac_ros_ws/install/isaac_ros_pointcloud_interfaces/share/isaac_ros_pointcloud_interfaces/cmake/isaac_ros_pointcloud_interfaces__rosidl_typesupport_introspection_cppExport-release.cmake
[3.276s] -- Installing: /home/sophie/visionaid/isaac_ros_ws/install/isaac_ros_pointcloud_interfaces/share/isaac_ros_pointcloud_interfaces/cmake/isaac_ros_pointcloud_interfaces__rosidl_typesupport_cppExport.cmake
[3.276s] -- Installing: /home/sophie/visionaid/isaac_ros_ws/install/isaac_ros_pointcloud_interfaces/share/isaac_ros_pointcloud_interfaces/cmake/isaac_ros_pointcloud_interfaces__rosidl_typesupport_cppExport-release.cmake
[3.276s] -- Installing: /home/sophie/visionaid/isaac_ros_ws/install/isaac_ros_pointcloud_interfaces/share/isaac_ros_pointcloud_interfaces/cmake/export_isaac_ros_pointcloud_interfaces__rosidl_generator_pyExport.cmake
[3.276s] -- Installing: /home/sophie/visionaid/isaac_ros_ws/install/isaac_ros_pointcloud_interfaces/share/isaac_ros_pointcloud_interfaces/cmake/export_isaac_ros_pointcloud_interfaces__rosidl_generator_pyExport-release.cmake
[3.278s] Invoked command in '/home/sophie/visionaid/isaac_ros_ws/build/isaac_ros_pointcloud_interfaces' returned '0': AMENT_PREFIX_PATH=/home/sophie/visionaid/isaac_ros_ws/install/isaac_ros_common:${AMENT_PREFIX_PATH} CMAKE_PREFIX_PATH=/home/sophie/visionaid/isaac_ros_ws/install/isaac_ros_common:/opt/ros/humble LD_LIBRARY_PATH=/home/sophie/visionaid/isaac_ros_ws/install/isaac_ros_common/lib:${LD_LIBRARY_PATH} PATH=/home/sophie/visionaid/isaac_ros_ws/install/isaac_ros_common/bin:${PATH} PYTHONPATH=/home/sophie/visionaid/isaac_ros_ws/install/isaac_ros_common/local/lib/python3.10/dist-packages:${PYTHONPATH} /usr/bin/cmake --install /home/sophie/visionaid/isaac_ros_ws/build/isaac_ros_pointcloud_interfaces
