[0.008s] Invoking command in '/home/kanye/Documents/visionaid/microros_ws/build/builtin_interfaces': CMAKE_PREFIX_PATH=${CMAKE_PREFIX_PATH}:/opt/ros/humble /usr/bin/cmake /home/kanye/Documents/visionaid/microros_ws/src/ros2/rcl_interfaces/builtin_interfaces -DUAGENT_BUILD_EXECUTABLE=OFF -DUAGENT_P2P_PROFILE=OFF --no-warn-unused-cli -DCMAKE_INSTALL_PREFIX=/home/kanye/Documents/visionaid/microros_ws/install/builtin_interfaces
[0.014s] Not searching for unused variables given on the command line.
[0.057s] -- The C compiler identification is GNU 11.4.0
[0.113s] -- The CXX compiler identification is GNU 11.4.0
[0.118s] -- Detecting C compiler ABI info
[0.171s] -- Detecting C compiler ABI info - done
[0.179s] -- Check for working C compiler: /usr/bin/cc - skipped
[0.179s] -- Detecting C compile features
[0.180s] -- Detecting C compile features - done
[0.183s] -- Detecting CXX compiler ABI info
[0.250s] -- Detecting CXX compiler ABI info - done
[0.256s] -- Check for working CXX compiler: /usr/bin/c++ - skipped
[0.256s] -- Detecting CXX compile features
[0.257s] -- Detecting CXX compile features - done
[0.258s] -- Found ament_cmake: 1.3.11 (/opt/ros/humble/share/ament_cmake/cmake)
[0.380s] -- Found Python3: /usr/bin/python3 (found version "3.10.12") found components: Interpreter 
[0.435s] -- Found rosidl_default_generators: 1.2.0 (/opt/ros/humble/share/rosidl_default_generators/cmake)
[0.437s] -- Using all available rosidl_typesupport_c: rosidl_typesupport_fastrtps_c;rosidl_typesupport_introspection_c
[0.444s] -- Found rosidl_adapter: 3.1.6 (/opt/ros/humble/share/rosidl_adapter/cmake)
[0.475s] -- Using all available rosidl_typesupport_cpp: rosidl_typesupport_fastrtps_cpp;rosidl_typesupport_introspection_cpp
[0.683s] -- Found ament_cmake_cppcheck: 0.12.12 (/opt/ros/humble/share/ament_cmake_cppcheck/cmake)
[0.684s] -- Found ament_cmake_cpplint: 0.12.12 (/opt/ros/humble/share/ament_cmake_cpplint/cmake)
[0.686s] -- Found ament_cmake_uncrustify: 0.12.12 (/opt/ros/humble/share/ament_cmake_uncrustify/cmake)
[0.687s] -- Found ament_cmake_ros: 0.10.0 (/opt/ros/humble/share/ament_cmake_ros/cmake)
[0.842s] -- Using all available rosidl_typesupport_c: rosidl_typesupport_fastrtps_c;rosidl_typesupport_introspection_c
[1.019s] -- Using all available rosidl_typesupport_cpp: rosidl_typesupport_fastrtps_cpp;rosidl_typesupport_introspection_cpp
[1.039s] -- Found PythonInterp: /usr/bin/python3 (found suitable version "3.10.12", minimum required is "3.6") 
[1.040s] -- Found python_cmake_module: 0.10.0 (/opt/ros/humble/share/python_cmake_module/cmake)
[1.062s] -- Found PythonLibs: /usr/lib/x86_64-linux-gnu/libpython3.10.so (found suitable version "3.10.12", minimum required is "3.5") 
[1.062s] -- Using PYTHON_EXECUTABLE: /usr/bin/python3
[1.062s] -- Using PYTHON_INCLUDE_DIRS: /usr/include/python3.10
[1.062s] -- Using PYTHON_LIBRARIES: /usr/lib/x86_64-linux-gnu/libpython3.10.so
[1.079s] -- Found PythonExtra: .so  
[1.111s] -- Found ament_cmake_flake8: 0.12.12 (/opt/ros/humble/share/ament_cmake_flake8/cmake)
[1.112s] -- Found ament_cmake_pep257: 0.12.12 (/opt/ros/humble/share/ament_cmake_pep257/cmake)
[1.118s] -- Configuring done
[1.140s] -- Generating done
[1.146s] -- Build files have been written to: /home/kanye/Documents/visionaid/microros_ws/build/builtin_interfaces
[1.152s] Invoked command in '/home/kanye/Documents/visionaid/microros_ws/build/builtin_interfaces' returned '0': CMAKE_PREFIX_PATH=${CMAKE_PREFIX_PATH}:/opt/ros/humble /usr/bin/cmake /home/kanye/Documents/visionaid/microros_ws/src/ros2/rcl_interfaces/builtin_interfaces -DUAGENT_BUILD_EXECUTABLE=OFF -DUAGENT_P2P_PROFILE=OFF --no-warn-unused-cli -DCMAKE_INSTALL_PREFIX=/home/kanye/Documents/visionaid/microros_ws/install/builtin_interfaces
[1.152s] Invoking command in '/home/kanye/Documents/visionaid/microros_ws/build/builtin_interfaces': CMAKE_PREFIX_PATH=${CMAKE_PREFIX_PATH}:/opt/ros/humble /usr/bin/cmake --build /home/kanye/Documents/visionaid/microros_ws/build/builtin_interfaces -- -j28 -l28
[1.183s] [  2%] [34m[1mGenerating C code for ROS interfaces[0m
[1.188s] [  5%] [34m[1mGenerating C++ code for ROS interfaces[0m
[1.195s] [  5%] Built target ament_cmake_python_copy_builtin_interfaces
[1.349s] running egg_info
[1.350s] creating builtin_interfaces.egg-info
[1.350s] writing builtin_interfaces.egg-info/PKG-INFO
[1.350s] writing dependency_links to builtin_interfaces.egg-info/dependency_links.txt
[1.350s] writing top-level names to builtin_interfaces.egg-info/top_level.txt
[1.350s] writing manifest file 'builtin_interfaces.egg-info/SOURCES.txt'
[1.352s] reading manifest file 'builtin_interfaces.egg-info/SOURCES.txt'
[1.352s] writing manifest file 'builtin_interfaces.egg-info/SOURCES.txt'
[1.370s] [  5%] Built target ament_cmake_python_build_builtin_interfaces_egg
[1.406s] [  5%] Built target builtin_interfaces__cpp
[1.413s] [  7%] [34m[1mGenerating C++ type support for eProsima Fast-RTPS[0m
[1.413s] [ 10%] [34m[1mGenerating C++ introspection for ROS interfaces[0m
[1.414s] [ 12%] [34m[1mGenerating C++ type support dispatch for ROS interfaces[0m
[1.445s] [ 17%] [32mBuilding C object CMakeFiles/builtin_interfaces__rosidl_generator_c.dir/rosidl_generator_c/builtin_interfaces/msg/detail/duration__functions.c.o[0m
[1.445s] [ 17%] [32mBuilding C object CMakeFiles/builtin_interfaces__rosidl_generator_c.dir/rosidl_generator_c/builtin_interfaces/msg/detail/time__functions.c.o[0m
[1.484s] [ 20%] [32m[1mLinking C shared library libbuiltin_interfaces__rosidl_generator_c.so[0m
[1.514s] [ 20%] Built target builtin_interfaces__rosidl_generator_c
[1.522s] [ 23%] [34m[1mGenerating C type support for eProsima Fast-RTPS[0m
[1.522s] [ 25%] [34m[1mGenerating C type support dispatch for ROS interfaces[0m
[1.523s] [ 28%] [34m[1mGenerating C introspection for ROS interfaces[0m
[1.617s] [ 30%] [32mBuilding CXX object CMakeFiles/builtin_interfaces__rosidl_typesupport_introspection_cpp.dir/rosidl_typesupport_introspection_cpp/builtin_interfaces/msg/detail/duration__type_support.cpp.o[0m
[1.617s] [ 33%] [32mBuilding CXX object CMakeFiles/builtin_interfaces__rosidl_typesupport_introspection_cpp.dir/rosidl_typesupport_introspection_cpp/builtin_interfaces/msg/detail/time__type_support.cpp.o[0m
[1.619s] [ 35%] [32mBuilding CXX object CMakeFiles/builtin_interfaces__rosidl_typesupport_fastrtps_cpp.dir/rosidl_typesupport_fastrtps_cpp/builtin_interfaces/msg/detail/dds_fastrtps/duration__type_support.cpp.o[0m
[1.620s] [ 38%] [32mBuilding CXX object CMakeFiles/builtin_interfaces__rosidl_typesupport_fastrtps_cpp.dir/rosidl_typesupport_fastrtps_cpp/builtin_interfaces/msg/detail/dds_fastrtps/time__type_support.cpp.o[0m
[1.623s] [ 41%] [32mBuilding CXX object CMakeFiles/builtin_interfaces__rosidl_typesupport_cpp.dir/rosidl_typesupport_cpp/builtin_interfaces/msg/time__type_support.cpp.o[0m
[1.625s] [ 43%] [32mBuilding CXX object CMakeFiles/builtin_interfaces__rosidl_typesupport_cpp.dir/rosidl_typesupport_cpp/builtin_interfaces/msg/duration__type_support.cpp.o[0m
[1.719s] [ 46%] [32mBuilding CXX object CMakeFiles/builtin_interfaces__rosidl_typesupport_c.dir/rosidl_typesupport_c/builtin_interfaces/msg/duration__type_support.cpp.o[0m
[1.720s] [ 48%] [32mBuilding CXX object CMakeFiles/builtin_interfaces__rosidl_typesupport_c.dir/rosidl_typesupport_c/builtin_interfaces/msg/time__type_support.cpp.o[0m
[1.748s] [ 51%] [32m[1mLinking CXX shared library libbuiltin_interfaces__rosidl_typesupport_c.so[0m
[1.781s] [ 53%] [32mBuilding CXX object CMakeFiles/builtin_interfaces__rosidl_typesupport_fastrtps_c.dir/rosidl_typesupport_fastrtps_c/builtin_interfaces/msg/detail/time__type_support_c.cpp.o[0m
[1.781s] [ 56%] [32mBuilding CXX object CMakeFiles/builtin_interfaces__rosidl_typesupport_fastrtps_c.dir/rosidl_typesupport_fastrtps_c/builtin_interfaces/msg/detail/duration__type_support_c.cpp.o[0m
[1.786s] [ 56%] Built target builtin_interfaces__rosidl_typesupport_c
[1.842s] [ 61%] [32mBuilding C object CMakeFiles/builtin_interfaces__rosidl_typesupport_introspection_c.dir/rosidl_typesupport_introspection_c/builtin_interfaces/msg/detail/time__type_support.c.o[0m
[1.843s] [ 61%] [32mBuilding C object CMakeFiles/builtin_interfaces__rosidl_typesupport_introspection_c.dir/rosidl_typesupport_introspection_c/builtin_interfaces/msg/detail/duration__type_support.c.o[0m
[1.868s] [ 64%] [32m[1mLinking C shared library libbuiltin_interfaces__rosidl_typesupport_introspection_c.so[0m
[1.877s] [ 66%] [32m[1mLinking CXX shared library libbuiltin_interfaces__rosidl_typesupport_cpp.so[0m
[1.886s] [ 66%] Built target builtin_interfaces__rosidl_typesupport_introspection_c
[1.908s] [ 66%] Built target builtin_interfaces__rosidl_typesupport_cpp
[1.994s] [ 69%] [32m[1mLinking CXX shared library libbuiltin_interfaces__rosidl_typesupport_introspection_cpp.so[0m
[2.002s] [ 71%] [32m[1mLinking CXX shared library libbuiltin_interfaces__rosidl_typesupport_fastrtps_cpp.so[0m
[2.010s] [ 74%] [32m[1mLinking CXX shared library libbuiltin_interfaces__rosidl_typesupport_fastrtps_c.so[0m
[2.026s] [ 74%] Built target builtin_interfaces__rosidl_typesupport_introspection_cpp
[2.057s] [ 74%] Built target builtin_interfaces__rosidl_typesupport_fastrtps_cpp
[2.060s] [ 74%] Built target builtin_interfaces__rosidl_typesupport_fastrtps_c
[2.076s] [ 74%] Built target builtin_interfaces
[2.090s] [ 76%] [34m[1mGenerating Python code for ROS interfaces[0m
[2.441s] [ 76%] Built target builtin_interfaces__py
[2.456s] [ 79%] [32mBuilding C object CMakeFiles/builtin_interfaces__rosidl_generator_py.dir/rosidl_generator_py/builtin_interfaces/msg/_duration_s.c.o[0m
[2.457s] [ 82%] [32mBuilding C object CMakeFiles/builtin_interfaces__rosidl_generator_py.dir/rosidl_generator_py/builtin_interfaces/msg/_time_s.c.o[0m
[2.532s] [ 84%] [32m[1mLinking C shared library rosidl_generator_py/builtin_interfaces/libbuiltin_interfaces__rosidl_generator_py.so[0m
[2.568s] [ 84%] Built target builtin_interfaces__rosidl_generator_py
[2.584s] [ 87%] [32mBuilding C object CMakeFiles/builtin_interfaces__rosidl_typesupport_fastrtps_c__pyext.dir/rosidl_generator_py/builtin_interfaces/_builtin_interfaces_s.ep.rosidl_typesupport_fastrtps_c.c.o[0m
[2.584s] [ 89%] [32mBuilding C object CMakeFiles/builtin_interfaces__rosidl_typesupport_c__pyext.dir/rosidl_generator_py/builtin_interfaces/_builtin_interfaces_s.ep.rosidl_typesupport_c.c.o[0m
[2.585s] [ 92%] [32mBuilding C object CMakeFiles/builtin_interfaces__rosidl_typesupport_introspection_c__pyext.dir/rosidl_generator_py/builtin_interfaces/_builtin_interfaces_s.ep.rosidl_typesupport_introspection_c.c.o[0m
[2.644s] [ 94%] [32m[1mLinking C shared library rosidl_generator_py/builtin_interfaces/builtin_interfaces_s__rosidl_typesupport_fastrtps_c.cpython-310-x86_64-linux-gnu.so[0m
[2.652s] [ 97%] [32m[1mLinking C shared library rosidl_generator_py/builtin_interfaces/builtin_interfaces_s__rosidl_typesupport_introspection_c.cpython-310-x86_64-linux-gnu.so[0m
[2.667s] [100%] [32m[1mLinking C shared library rosidl_generator_py/builtin_interfaces/builtin_interfaces_s__rosidl_typesupport_c.cpython-310-x86_64-linux-gnu.so[0m
[2.674s] [100%] Built target builtin_interfaces__rosidl_typesupport_fastrtps_c__pyext
[2.676s] [100%] Built target builtin_interfaces__rosidl_typesupport_introspection_c__pyext
[2.692s] [100%] Built target builtin_interfaces__rosidl_typesupport_c__pyext
[2.702s] Invoked command in '/home/kanye/Documents/visionaid/microros_ws/build/builtin_interfaces' returned '0': CMAKE_PREFIX_PATH=${CMAKE_PREFIX_PATH}:/opt/ros/humble /usr/bin/cmake --build /home/kanye/Documents/visionaid/microros_ws/build/builtin_interfaces -- -j28 -l28
[2.710s] Invoking command in '/home/kanye/Documents/visionaid/microros_ws/build/builtin_interfaces': CMAKE_PREFIX_PATH=${CMAKE_PREFIX_PATH}:/opt/ros/humble /usr/bin/cmake --install /home/kanye/Documents/visionaid/microros_ws/build/builtin_interfaces
[2.717s] -- Install configuration: ""
[2.717s] -- Installing: /home/kanye/Documents/visionaid/microros_ws/install/builtin_interfaces/share/ament_index/resource_index/rosidl_interfaces/builtin_interfaces
[2.717s] -- Installing: /home/kanye/Documents/visionaid/microros_ws/install/builtin_interfaces/include/builtin_interfaces/builtin_interfaces
[2.717s] -- Installing: /home/kanye/Documents/visionaid/microros_ws/install/builtin_interfaces/include/builtin_interfaces/builtin_interfaces/msg
[2.717s] -- Installing: /home/kanye/Documents/visionaid/microros_ws/install/builtin_interfaces/include/builtin_interfaces/builtin_interfaces/msg/rosidl_generator_c__visibility_control.h
[2.717s] -- Installing: /home/kanye/Documents/visionaid/microros_ws/install/builtin_interfaces/include/builtin_interfaces/builtin_interfaces/msg/detail
[2.717s] -- Installing: /home/kanye/Documents/visionaid/microros_ws/install/builtin_interfaces/include/builtin_interfaces/builtin_interfaces/msg/detail/time__functions.c
[2.717s] -- Installing: /home/kanye/Documents/visionaid/microros_ws/install/builtin_interfaces/include/builtin_interfaces/builtin_interfaces/msg/detail/duration__type_support.h
[2.717s] -- Installing: /home/kanye/Documents/visionaid/microros_ws/install/builtin_interfaces/include/builtin_interfaces/builtin_interfaces/msg/detail/duration__struct.h
[2.717s] -- Installing: /home/kanye/Documents/visionaid/microros_ws/install/builtin_interfaces/include/builtin_interfaces/builtin_interfaces/msg/detail/duration__functions.h
[2.717s] -- Installing: /home/kanye/Documents/visionaid/microros_ws/install/builtin_interfaces/include/builtin_interfaces/builtin_interfaces/msg/detail/time__type_support.h
[2.717s] -- Installing: /home/kanye/Documents/visionaid/microros_ws/install/builtin_interfaces/include/builtin_interfaces/builtin_interfaces/msg/detail/time__struct.h
[2.717s] -- Installing: /home/kanye/Documents/visionaid/microros_ws/install/builtin_interfaces/include/builtin_interfaces/builtin_interfaces/msg/detail/time__functions.h
[2.718s] -- Installing: /home/kanye/Documents/visionaid/microros_ws/install/builtin_interfaces/include/builtin_interfaces/builtin_interfaces/msg/detail/duration__functions.c
[2.718s] -- Installing: /home/kanye/Documents/visionaid/microros_ws/install/builtin_interfaces/include/builtin_interfaces/builtin_interfaces/msg/duration.h
[2.718s] -- Installing: /home/kanye/Documents/visionaid/microros_ws/install/builtin_interfaces/include/builtin_interfaces/builtin_interfaces/msg/time.h
[2.718s] -- Installing: /home/kanye/Documents/visionaid/microros_ws/install/builtin_interfaces/share/builtin_interfaces/environment/library_path.sh
[2.718s] -- Installing: /home/kanye/Documents/visionaid/microros_ws/install/builtin_interfaces/share/builtin_interfaces/environment/library_path.dsv
[2.718s] -- Installing: /home/kanye/Documents/visionaid/microros_ws/install/builtin_interfaces/lib/libbuiltin_interfaces__rosidl_generator_c.so
[2.718s] -- Set runtime path of "/home/kanye/Documents/visionaid/microros_ws/install/builtin_interfaces/lib/libbuiltin_interfaces__rosidl_generator_c.so" to ""
[2.718s] -- Up-to-date: /home/kanye/Documents/visionaid/microros_ws/install/builtin_interfaces/include/builtin_interfaces/builtin_interfaces
[2.718s] -- Up-to-date: /home/kanye/Documents/visionaid/microros_ws/install/builtin_interfaces/include/builtin_interfaces/builtin_interfaces/msg
[2.718s] -- Installing: /home/kanye/Documents/visionaid/microros_ws/install/builtin_interfaces/include/builtin_interfaces/builtin_interfaces/msg/rosidl_typesupport_fastrtps_c__visibility_control.h
[2.718s] -- Up-to-date: /home/kanye/Documents/visionaid/microros_ws/install/builtin_interfaces/include/builtin_interfaces/builtin_interfaces/msg/detail
[2.718s] -- Installing: /home/kanye/Documents/visionaid/microros_ws/install/builtin_interfaces/include/builtin_interfaces/builtin_interfaces/msg/detail/time__rosidl_typesupport_fastrtps_c.h
[2.718s] -- Installing: /home/kanye/Documents/visionaid/microros_ws/install/builtin_interfaces/include/builtin_interfaces/builtin_interfaces/msg/detail/duration__rosidl_typesupport_fastrtps_c.h
[2.718s] -- Installing: /home/kanye/Documents/visionaid/microros_ws/install/builtin_interfaces/lib/libbuiltin_interfaces__rosidl_typesupport_fastrtps_c.so
[2.718s] -- Set runtime path of "/home/kanye/Documents/visionaid/microros_ws/install/builtin_interfaces/lib/libbuiltin_interfaces__rosidl_typesupport_fastrtps_c.so" to ""
[2.718s] -- Up-to-date: /home/kanye/Documents/visionaid/microros_ws/install/builtin_interfaces/include/builtin_interfaces/builtin_interfaces
[2.718s] -- Up-to-date: /home/kanye/Documents/visionaid/microros_ws/install/builtin_interfaces/include/builtin_interfaces/builtin_interfaces/msg
[2.718s] -- Installing: /home/kanye/Documents/visionaid/microros_ws/install/builtin_interfaces/include/builtin_interfaces/builtin_interfaces/msg/rosidl_typesupport_introspection_c__visibility_control.h
[2.718s] -- Up-to-date: /home/kanye/Documents/visionaid/microros_ws/install/builtin_interfaces/include/builtin_interfaces/builtin_interfaces/msg/detail
[2.718s] -- Installing: /home/kanye/Documents/visionaid/microros_ws/install/builtin_interfaces/include/builtin_interfaces/builtin_interfaces/msg/detail/duration__type_support.c
[2.718s] -- Installing: /home/kanye/Documents/visionaid/microros_ws/install/builtin_interfaces/include/builtin_interfaces/builtin_interfaces/msg/detail/time__type_support.c
[2.718s] -- Installing: /home/kanye/Documents/visionaid/microros_ws/install/builtin_interfaces/include/builtin_interfaces/builtin_interfaces/msg/detail/duration__rosidl_typesupport_introspection_c.h
[2.718s] -- Installing: /home/kanye/Documents/visionaid/microros_ws/install/builtin_interfaces/include/builtin_interfaces/builtin_interfaces/msg/detail/time__rosidl_typesupport_introspection_c.h
[2.718s] -- Installing: /home/kanye/Documents/visionaid/microros_ws/install/builtin_interfaces/lib/libbuiltin_interfaces__rosidl_typesupport_introspection_c.so
[2.718s] -- Set runtime path of "/home/kanye/Documents/visionaid/microros_ws/install/builtin_interfaces/lib/libbuiltin_interfaces__rosidl_typesupport_introspection_c.so" to ""
[2.719s] -- Installing: /home/kanye/Documents/visionaid/microros_ws/install/builtin_interfaces/lib/libbuiltin_interfaces__rosidl_typesupport_c.so
[2.719s] -- Set runtime path of "/home/kanye/Documents/visionaid/microros_ws/install/builtin_interfaces/lib/libbuiltin_interfaces__rosidl_typesupport_c.so" to ""
[2.719s] -- Up-to-date: /home/kanye/Documents/visionaid/microros_ws/install/builtin_interfaces/include/builtin_interfaces/builtin_interfaces
[2.719s] -- Up-to-date: /home/kanye/Documents/visionaid/microros_ws/install/builtin_interfaces/include/builtin_interfaces/builtin_interfaces/msg
[2.719s] -- Installing: /home/kanye/Documents/visionaid/microros_ws/install/builtin_interfaces/include/builtin_interfaces/builtin_interfaces/msg/rosidl_generator_cpp__visibility_control.hpp
[2.719s] -- Installing: /home/kanye/Documents/visionaid/microros_ws/install/builtin_interfaces/include/builtin_interfaces/builtin_interfaces/msg/duration.hpp
[2.719s] -- Up-to-date: /home/kanye/Documents/visionaid/microros_ws/install/builtin_interfaces/include/builtin_interfaces/builtin_interfaces/msg/detail
[2.719s] -- Installing: /home/kanye/Documents/visionaid/microros_ws/install/builtin_interfaces/include/builtin_interfaces/builtin_interfaces/msg/detail/duration__struct.hpp
[2.719s] -- Installing: /home/kanye/Documents/visionaid/microros_ws/install/builtin_interfaces/include/builtin_interfaces/builtin_interfaces/msg/detail/time__struct.hpp
[2.719s] -- Installing: /home/kanye/Documents/visionaid/microros_ws/install/builtin_interfaces/include/builtin_interfaces/builtin_interfaces/msg/detail/duration__type_support.hpp
[2.719s] -- Installing: /home/kanye/Documents/visionaid/microros_ws/install/builtin_interfaces/include/builtin_interfaces/builtin_interfaces/msg/detail/time__builder.hpp
[2.719s] -- Installing: /home/kanye/Documents/visionaid/microros_ws/install/builtin_interfaces/include/builtin_interfaces/builtin_interfaces/msg/detail/duration__builder.hpp
[2.719s] -- Installing: /home/kanye/Documents/visionaid/microros_ws/install/builtin_interfaces/include/builtin_interfaces/builtin_interfaces/msg/detail/time__type_support.hpp
[2.719s] -- Installing: /home/kanye/Documents/visionaid/microros_ws/install/builtin_interfaces/include/builtin_interfaces/builtin_interfaces/msg/detail/time__traits.hpp
[2.719s] -- Installing: /home/kanye/Documents/visionaid/microros_ws/install/builtin_interfaces/include/builtin_interfaces/builtin_interfaces/msg/detail/duration__traits.hpp
[2.719s] -- Installing: /home/kanye/Documents/visionaid/microros_ws/install/builtin_interfaces/include/builtin_interfaces/builtin_interfaces/msg/time.hpp
[2.719s] -- Up-to-date: /home/kanye/Documents/visionaid/microros_ws/install/builtin_interfaces/include/builtin_interfaces/builtin_interfaces
[2.719s] -- Up-to-date: /home/kanye/Documents/visionaid/microros_ws/install/builtin_interfaces/include/builtin_interfaces/builtin_interfaces/msg
[2.719s] -- Installing: /home/kanye/Documents/visionaid/microros_ws/install/builtin_interfaces/include/builtin_interfaces/builtin_interfaces/msg/rosidl_typesupport_fastrtps_cpp__visibility_control.h
[2.719s] -- Up-to-date: /home/kanye/Documents/visionaid/microros_ws/install/builtin_interfaces/include/builtin_interfaces/builtin_interfaces/msg/detail
[2.720s] -- Installing: /home/kanye/Documents/visionaid/microros_ws/install/builtin_interfaces/include/builtin_interfaces/builtin_interfaces/msg/detail/time__rosidl_typesupport_fastrtps_cpp.hpp
[2.720s] -- Installing: /home/kanye/Documents/visionaid/microros_ws/install/builtin_interfaces/include/builtin_interfaces/builtin_interfaces/msg/detail/duration__rosidl_typesupport_fastrtps_cpp.hpp
[2.720s] -- Installing: /home/kanye/Documents/visionaid/microros_ws/install/builtin_interfaces/include/builtin_interfaces/builtin_interfaces/msg/detail/dds_fastrtps
[2.720s] -- Installing: /home/kanye/Documents/visionaid/microros_ws/install/builtin_interfaces/lib/libbuiltin_interfaces__rosidl_typesupport_fastrtps_cpp.so
[2.720s] -- Set runtime path of "/home/kanye/Documents/visionaid/microros_ws/install/builtin_interfaces/lib/libbuiltin_interfaces__rosidl_typesupport_fastrtps_cpp.so" to ""
[2.720s] -- Up-to-date: /home/kanye/Documents/visionaid/microros_ws/install/builtin_interfaces/include/builtin_interfaces/builtin_interfaces
[2.720s] -- Up-to-date: /home/kanye/Documents/visionaid/microros_ws/install/builtin_interfaces/include/builtin_interfaces/builtin_interfaces/msg
[2.720s] -- Up-to-date: /home/kanye/Documents/visionaid/microros_ws/install/builtin_interfaces/include/builtin_interfaces/builtin_interfaces/msg/detail
[2.720s] -- Installing: /home/kanye/Documents/visionaid/microros_ws/install/builtin_interfaces/include/builtin_interfaces/builtin_interfaces/msg/detail/time__rosidl_typesupport_introspection_cpp.hpp
[2.720s] -- Installing: /home/kanye/Documents/visionaid/microros_ws/install/builtin_interfaces/include/builtin_interfaces/builtin_interfaces/msg/detail/duration__rosidl_typesupport_introspection_cpp.hpp
[2.720s] -- Installing: /home/kanye/Documents/visionaid/microros_ws/install/builtin_interfaces/include/builtin_interfaces/builtin_interfaces/msg/detail/time__type_support.cpp
[2.720s] -- Installing: /home/kanye/Documents/visionaid/microros_ws/install/builtin_interfaces/include/builtin_interfaces/builtin_interfaces/msg/detail/duration__type_support.cpp
[2.720s] -- Installing: /home/kanye/Documents/visionaid/microros_ws/install/builtin_interfaces/lib/libbuiltin_interfaces__rosidl_typesupport_introspection_cpp.so
[2.721s] -- Set runtime path of "/home/kanye/Documents/visionaid/microros_ws/install/builtin_interfaces/lib/libbuiltin_interfaces__rosidl_typesupport_introspection_cpp.so" to ""
[2.721s] -- Installing: /home/kanye/Documents/visionaid/microros_ws/install/builtin_interfaces/lib/libbuiltin_interfaces__rosidl_typesupport_cpp.so
[2.721s] -- Set runtime path of "/home/kanye/Documents/visionaid/microros_ws/install/builtin_interfaces/lib/libbuiltin_interfaces__rosidl_typesupport_cpp.so" to ""
[2.721s] -- Installing: /home/kanye/Documents/visionaid/microros_ws/install/builtin_interfaces/share/builtin_interfaces/environment/pythonpath.sh
[2.721s] -- Installing: /home/kanye/Documents/visionaid/microros_ws/install/builtin_interfaces/share/builtin_interfaces/environment/pythonpath.dsv
[2.721s] -- Installing: /home/kanye/Documents/visionaid/microros_ws/install/builtin_interfaces/local/lib/python3.10/dist-packages/builtin_interfaces-1.2.1-py3.10.egg-info
[2.721s] -- Installing: /home/kanye/Documents/visionaid/microros_ws/install/builtin_interfaces/local/lib/python3.10/dist-packages/builtin_interfaces-1.2.1-py3.10.egg-info/PKG-INFO
[2.721s] -- Installing: /home/kanye/Documents/visionaid/microros_ws/install/builtin_interfaces/local/lib/python3.10/dist-packages/builtin_interfaces-1.2.1-py3.10.egg-info/top_level.txt
[2.721s] -- Installing: /home/kanye/Documents/visionaid/microros_ws/install/builtin_interfaces/local/lib/python3.10/dist-packages/builtin_interfaces-1.2.1-py3.10.egg-info/dependency_links.txt
[2.721s] -- Installing: /home/kanye/Documents/visionaid/microros_ws/install/builtin_interfaces/local/lib/python3.10/dist-packages/builtin_interfaces-1.2.1-py3.10.egg-info/SOURCES.txt
[2.721s] -- Installing: /home/kanye/Documents/visionaid/microros_ws/install/builtin_interfaces/local/lib/python3.10/dist-packages/builtin_interfaces
[2.721s] -- Installing: /home/kanye/Documents/visionaid/microros_ws/install/builtin_interfaces/local/lib/python3.10/dist-packages/builtin_interfaces/_builtin_interfaces_s.ep.rosidl_typesupport_c.c
[2.721s] -- Installing: /home/kanye/Documents/visionaid/microros_ws/install/builtin_interfaces/local/lib/python3.10/dist-packages/builtin_interfaces/_builtin_interfaces_s.ep.rosidl_typesupport_fastrtps_c.c
[2.721s] -- Installing: /home/kanye/Documents/visionaid/microros_ws/install/builtin_interfaces/local/lib/python3.10/dist-packages/builtin_interfaces/_builtin_interfaces_s.ep.rosidl_typesupport_introspection_c.c
[2.721s] -- Installing: /home/kanye/Documents/visionaid/microros_ws/install/builtin_interfaces/local/lib/python3.10/dist-packages/builtin_interfaces/libbuiltin_interfaces__rosidl_generator_py.so
[2.721s] -- Installing: /home/kanye/Documents/visionaid/microros_ws/install/builtin_interfaces/local/lib/python3.10/dist-packages/builtin_interfaces/__init__.py
[2.721s] -- Installing: /home/kanye/Documents/visionaid/microros_ws/install/builtin_interfaces/local/lib/python3.10/dist-packages/builtin_interfaces/builtin_interfaces_s__rosidl_typesupport_introspection_c.cpython-310-x86_64-linux-gnu.so
[2.721s] -- Installing: /home/kanye/Documents/visionaid/microros_ws/install/builtin_interfaces/local/lib/python3.10/dist-packages/builtin_interfaces/msg
[2.721s] -- Installing: /home/kanye/Documents/visionaid/microros_ws/install/builtin_interfaces/local/lib/python3.10/dist-packages/builtin_interfaces/msg/_time.py
[2.721s] -- Installing: /home/kanye/Documents/visionaid/microros_ws/install/builtin_interfaces/local/lib/python3.10/dist-packages/builtin_interfaces/msg/__init__.py
[2.721s] -- Installing: /home/kanye/Documents/visionaid/microros_ws/install/builtin_interfaces/local/lib/python3.10/dist-packages/builtin_interfaces/msg/_duration_s.c
[2.721s] -- Installing: /home/kanye/Documents/visionaid/microros_ws/install/builtin_interfaces/local/lib/python3.10/dist-packages/builtin_interfaces/msg/_duration.py
[2.721s] -- Installing: /home/kanye/Documents/visionaid/microros_ws/install/builtin_interfaces/local/lib/python3.10/dist-packages/builtin_interfaces/msg/_time_s.c
[2.721s] -- Installing: /home/kanye/Documents/visionaid/microros_ws/install/builtin_interfaces/local/lib/python3.10/dist-packages/builtin_interfaces/builtin_interfaces_s__rosidl_typesupport_fastrtps_c.cpython-310-x86_64-linux-gnu.so
[2.721s] -- Installing: /home/kanye/Documents/visionaid/microros_ws/install/builtin_interfaces/local/lib/python3.10/dist-packages/builtin_interfaces/builtin_interfaces_s__rosidl_typesupport_c.cpython-310-x86_64-linux-gnu.so
[2.746s] Listing '/home/kanye/Documents/visionaid/microros_ws/install/builtin_interfaces/local/lib/python3.10/dist-packages/builtin_interfaces'...
[2.746s] Compiling '/home/kanye/Documents/visionaid/microros_ws/install/builtin_interfaces/local/lib/python3.10/dist-packages/builtin_interfaces/__init__.py'...
[2.746s] Listing '/home/kanye/Documents/visionaid/microros_ws/install/builtin_interfaces/local/lib/python3.10/dist-packages/builtin_interfaces/msg'...
[2.746s] Compiling '/home/kanye/Documents/visionaid/microros_ws/install/builtin_interfaces/local/lib/python3.10/dist-packages/builtin_interfaces/msg/__init__.py'...
[2.746s] Compiling '/home/kanye/Documents/visionaid/microros_ws/install/builtin_interfaces/local/lib/python3.10/dist-packages/builtin_interfaces/msg/_duration.py'...
[2.746s] Compiling '/home/kanye/Documents/visionaid/microros_ws/install/builtin_interfaces/local/lib/python3.10/dist-packages/builtin_interfaces/msg/_time.py'...
[2.750s] -- Installing: /home/kanye/Documents/visionaid/microros_ws/install/builtin_interfaces/local/lib/python3.10/dist-packages/builtin_interfaces/builtin_interfaces_s__rosidl_typesupport_fastrtps_c.cpython-310-x86_64-linux-gnu.so
[2.750s] -- Set runtime path of "/home/kanye/Documents/visionaid/microros_ws/install/builtin_interfaces/local/lib/python3.10/dist-packages/builtin_interfaces/builtin_interfaces_s__rosidl_typesupport_fastrtps_c.cpython-310-x86_64-linux-gnu.so" to ""
[2.750s] -- Installing: /home/kanye/Documents/visionaid/microros_ws/install/builtin_interfaces/local/lib/python3.10/dist-packages/builtin_interfaces/builtin_interfaces_s__rosidl_typesupport_introspection_c.cpython-310-x86_64-linux-gnu.so
[2.750s] -- Set runtime path of "/home/kanye/Documents/visionaid/microros_ws/install/builtin_interfaces/local/lib/python3.10/dist-packages/builtin_interfaces/builtin_interfaces_s__rosidl_typesupport_introspection_c.cpython-310-x86_64-linux-gnu.so" to ""
[2.751s] -- Installing: /home/kanye/Documents/visionaid/microros_ws/install/builtin_interfaces/local/lib/python3.10/dist-packages/builtin_interfaces/builtin_interfaces_s__rosidl_typesupport_c.cpython-310-x86_64-linux-gnu.so
[2.751s] -- Set runtime path of "/home/kanye/Documents/visionaid/microros_ws/install/builtin_interfaces/local/lib/python3.10/dist-packages/builtin_interfaces/builtin_interfaces_s__rosidl_typesupport_c.cpython-310-x86_64-linux-gnu.so" to ""
[2.751s] -- Installing: /home/kanye/Documents/visionaid/microros_ws/install/builtin_interfaces/lib/libbuiltin_interfaces__rosidl_generator_py.so
[2.751s] -- Set runtime path of "/home/kanye/Documents/visionaid/microros_ws/install/builtin_interfaces/lib/libbuiltin_interfaces__rosidl_generator_py.so" to ""
[2.751s] -- Installing: /home/kanye/Documents/visionaid/microros_ws/install/builtin_interfaces/share/builtin_interfaces/msg/Duration.idl
[2.751s] -- Installing: /home/kanye/Documents/visionaid/microros_ws/install/builtin_interfaces/share/builtin_interfaces/msg/Time.idl
[2.751s] -- Installing: /home/kanye/Documents/visionaid/microros_ws/install/builtin_interfaces/share/builtin_interfaces/msg/Duration.msg
[2.751s] -- Installing: /home/kanye/Documents/visionaid/microros_ws/install/builtin_interfaces/share/builtin_interfaces/msg/Time.msg
[2.751s] -- Installing: /home/kanye/Documents/visionaid/microros_ws/install/builtin_interfaces/share/ament_index/resource_index/package_run_dependencies/builtin_interfaces
[2.751s] -- Installing: /home/kanye/Documents/visionaid/microros_ws/install/builtin_interfaces/share/ament_index/resource_index/parent_prefix_path/builtin_interfaces
[2.751s] -- Installing: /home/kanye/Documents/visionaid/microros_ws/install/builtin_interfaces/share/builtin_interfaces/environment/ament_prefix_path.sh
[2.751s] -- Installing: /home/kanye/Documents/visionaid/microros_ws/install/builtin_interfaces/share/builtin_interfaces/environment/ament_prefix_path.dsv
[2.752s] -- Installing: /home/kanye/Documents/visionaid/microros_ws/install/builtin_interfaces/share/builtin_interfaces/environment/path.sh
[2.752s] -- Installing: /home/kanye/Documents/visionaid/microros_ws/install/builtin_interfaces/share/builtin_interfaces/environment/path.dsv
[2.752s] -- Installing: /home/kanye/Documents/visionaid/microros_ws/install/builtin_interfaces/share/builtin_interfaces/local_setup.bash
[2.752s] -- Installing: /home/kanye/Documents/visionaid/microros_ws/install/builtin_interfaces/share/builtin_interfaces/local_setup.sh
[2.752s] -- Installing: /home/kanye/Documents/visionaid/microros_ws/install/builtin_interfaces/share/builtin_interfaces/local_setup.zsh
[2.752s] -- Installing: /home/kanye/Documents/visionaid/microros_ws/install/builtin_interfaces/share/builtin_interfaces/local_setup.dsv
[2.752s] -- Installing: /home/kanye/Documents/visionaid/microros_ws/install/builtin_interfaces/share/builtin_interfaces/package.dsv
[2.752s] -- Installing: /home/kanye/Documents/visionaid/microros_ws/install/builtin_interfaces/share/ament_index/resource_index/packages/builtin_interfaces
[2.752s] -- Installing: /home/kanye/Documents/visionaid/microros_ws/install/builtin_interfaces/share/builtin_interfaces/cmake/export_builtin_interfaces__rosidl_generator_cExport.cmake
[2.752s] -- Installing: /home/kanye/Documents/visionaid/microros_ws/install/builtin_interfaces/share/builtin_interfaces/cmake/export_builtin_interfaces__rosidl_generator_cExport-noconfig.cmake
[2.752s] -- Installing: /home/kanye/Documents/visionaid/microros_ws/install/builtin_interfaces/share/builtin_interfaces/cmake/export_builtin_interfaces__rosidl_typesupport_fastrtps_cExport.cmake
[2.752s] -- Installing: /home/kanye/Documents/visionaid/microros_ws/install/builtin_interfaces/share/builtin_interfaces/cmake/export_builtin_interfaces__rosidl_typesupport_fastrtps_cExport-noconfig.cmake
[2.753s] -- Installing: /home/kanye/Documents/visionaid/microros_ws/install/builtin_interfaces/share/builtin_interfaces/cmake/builtin_interfaces__rosidl_typesupport_introspection_cExport.cmake
[2.753s] -- Installing: /home/kanye/Documents/visionaid/microros_ws/install/builtin_interfaces/share/builtin_interfaces/cmake/builtin_interfaces__rosidl_typesupport_introspection_cExport-noconfig.cmake
[2.753s] -- Installing: /home/kanye/Documents/visionaid/microros_ws/install/builtin_interfaces/share/builtin_interfaces/cmake/builtin_interfaces__rosidl_typesupport_cExport.cmake
[2.753s] -- Installing: /home/kanye/Documents/visionaid/microros_ws/install/builtin_interfaces/share/builtin_interfaces/cmake/builtin_interfaces__rosidl_typesupport_cExport-noconfig.cmake
[2.753s] -- Installing: /home/kanye/Documents/visionaid/microros_ws/install/builtin_interfaces/share/builtin_interfaces/cmake/export_builtin_interfaces__rosidl_generator_cppExport.cmake
[2.753s] -- Installing: /home/kanye/Documents/visionaid/microros_ws/install/builtin_interfaces/share/builtin_interfaces/cmake/export_builtin_interfaces__rosidl_typesupport_fastrtps_cppExport.cmake
[2.753s] -- Installing: /home/kanye/Documents/visionaid/microros_ws/install/builtin_interfaces/share/builtin_interfaces/cmake/export_builtin_interfaces__rosidl_typesupport_fastrtps_cppExport-noconfig.cmake
[2.753s] -- Installing: /home/kanye/Documents/visionaid/microros_ws/install/builtin_interfaces/share/builtin_interfaces/cmake/builtin_interfaces__rosidl_typesupport_introspection_cppExport.cmake
[2.753s] -- Installing: /home/kanye/Documents/visionaid/microros_ws/install/builtin_interfaces/share/builtin_interfaces/cmake/builtin_interfaces__rosidl_typesupport_introspection_cppExport-noconfig.cmake
[2.753s] -- Installing: /home/kanye/Documents/visionaid/microros_ws/install/builtin_interfaces/share/builtin_interfaces/cmake/builtin_interfaces__rosidl_typesupport_cppExport.cmake
[2.753s] -- Installing: /home/kanye/Documents/visionaid/microros_ws/install/builtin_interfaces/share/builtin_interfaces/cmake/builtin_interfaces__rosidl_typesupport_cppExport-noconfig.cmake
[2.753s] -- Installing: /home/kanye/Documents/visionaid/microros_ws/install/builtin_interfaces/share/builtin_interfaces/cmake/export_builtin_interfaces__rosidl_generator_pyExport.cmake
[2.753s] -- Installing: /home/kanye/Documents/visionaid/microros_ws/install/builtin_interfaces/share/builtin_interfaces/cmake/export_builtin_interfaces__rosidl_generator_pyExport-noconfig.cmake
[2.753s] -- Installing: /home/kanye/Documents/visionaid/microros_ws/install/builtin_interfaces/share/builtin_interfaces/cmake/rosidl_cmake-extras.cmake
[2.753s] -- Installing: /home/kanye/Documents/visionaid/microros_ws/install/builtin_interfaces/share/builtin_interfaces/cmake/ament_cmake_export_include_directories-extras.cmake
[2.753s] -- Installing: /home/kanye/Documents/visionaid/microros_ws/install/builtin_interfaces/share/builtin_interfaces/cmake/ament_cmake_export_libraries-extras.cmake
[2.754s] -- Installing: /home/kanye/Documents/visionaid/microros_ws/install/builtin_interfaces/share/builtin_interfaces/cmake/ament_cmake_export_targets-extras.cmake
[2.754s] -- Installing: /home/kanye/Documents/visionaid/microros_ws/install/builtin_interfaces/share/builtin_interfaces/cmake/rosidl_cmake_export_typesupport_targets-extras.cmake
[2.754s] -- Installing: /home/kanye/Documents/visionaid/microros_ws/install/builtin_interfaces/share/builtin_interfaces/cmake/ament_cmake_export_dependencies-extras.cmake
[2.754s] -- Installing: /home/kanye/Documents/visionaid/microros_ws/install/builtin_interfaces/share/builtin_interfaces/cmake/rosidl_cmake_export_typesupport_libraries-extras.cmake
[2.754s] -- Installing: /home/kanye/Documents/visionaid/microros_ws/install/builtin_interfaces/share/builtin_interfaces/cmake/builtin_interfacesConfig.cmake
[2.754s] -- Installing: /home/kanye/Documents/visionaid/microros_ws/install/builtin_interfaces/share/builtin_interfaces/cmake/builtin_interfacesConfig-version.cmake
[2.754s] -- Installing: /home/kanye/Documents/visionaid/microros_ws/install/builtin_interfaces/share/builtin_interfaces/package.xml
[2.755s] Invoked command in '/home/kanye/Documents/visionaid/microros_ws/build/builtin_interfaces' returned '0': CMAKE_PREFIX_PATH=${CMAKE_PREFIX_PATH}:/opt/ros/humble /usr/bin/cmake --install /home/kanye/Documents/visionaid/microros_ws/build/builtin_interfaces
