-- Found ament_cmake_auto: 1.3.11 (/opt/ros/humble/share/ament_cmake_auto/cmake)
-- Override CMake install command with custom implementation using symlinks instead of copying resources
-- Loading isaac_ros_common extras
-- CMAKE_BUILD_TYPE: Release
-- CUDA architectures: 89
-- Loading isaac_ros_common extras (modules)
-- Found rosidl_generator_c: 3.1.6 (/opt/ros/humble/share/rosidl_generator_c/cmake)
-- Found rosidl_adapter: 3.1.6 (/opt/ros/humble/share/rosidl_adapter/cmake)
-- Found rosidl_generator_cpp: 3.1.6 (/opt/ros/humble/share/rosidl_generator_cpp/cmake)
-- Using all available rosidl_typesupport_c: rosidl_typesupport_fastrtps_c;rosidl_typesupport_introspection_c
-- Using all available rosidl_typesupport_cpp: rosidl_typesupport_fastrtps_cpp;rosidl_typesupport_introspection_cpp
-- Found rmw_implementation_cmake: 6.1.2 (/opt/ros/humble/share/rmw_implementation_cmake/cmake)
-- Found rmw_fastrtps_cpp: 6.2.7 (/opt/ros/humble/share/rmw_fastrtps_cpp/cmake)
-- Using RMW implementation 'rmw_fastrtps_cpp' as default
-- Loading isaac_ros_gxf extras
-- Configuring done
-- Generating done
-- Build files have been written to: /home/sophie/visionaid/isaac_ros_ws/build/gxf_isaac_gems
[100%] Built target generate_version_info_target_gxf_isaac_gems
-- Install configuration: "Release"
-- Execute custom install script
-- Up-to-date symlink: /home/sophie/visionaid/isaac_ros_ws/install/gxf_isaac_gems/share/gxf_isaac_gems/gxf/include/gems/algorithm/string_utils.hpp
-- Up-to-date symlink: /home/sophie/visionaid/isaac_ros_ws/install/gxf_isaac_gems/share/gxf_isaac_gems/gxf/include/gems/common/composite_schema_uid.hpp
-- Up-to-date symlink: /home/sophie/visionaid/isaac_ros_ws/install/gxf_isaac_gems/share/gxf_isaac_gems/gxf/include/gems/common/pose_frame_uid.hpp
-- Up-to-date symlink: /home/sophie/visionaid/isaac_ros_ws/install/gxf_isaac_gems/share/gxf_isaac_gems/gxf/include/gems/composite/composite_from_tensor.hpp
-- Up-to-date symlink: /home/sophie/visionaid/isaac_ros_ws/install/gxf_isaac_gems/share/gxf_isaac_gems/gxf/include/gems/composite/composite_view.hpp
-- Up-to-date symlink: /home/sophie/visionaid/isaac_ros_ws/install/gxf_isaac_gems/share/gxf_isaac_gems/gxf/include/gems/composite/measure.hpp
-- Up-to-date symlink: /home/sophie/visionaid/isaac_ros_ws/install/gxf_isaac_gems/share/gxf_isaac_gems/gxf/include/gems/composite/quantity.hpp
-- Up-to-date symlink: /home/sophie/visionaid/isaac_ros_ws/install/gxf_isaac_gems/share/gxf_isaac_gems/gxf/include/gems/composite/schema.hpp
-- Up-to-date symlink: /home/sophie/visionaid/isaac_ros_ws/install/gxf_isaac_gems/share/gxf_isaac_gems/gxf/include/gems/composite/schema_tensor_archive.hpp
-- Up-to-date symlink: /home/sophie/visionaid/isaac_ros_ws/install/gxf_isaac_gems/share/gxf_isaac_gems/gxf/include/gems/coms/socket.hpp
-- Up-to-date symlink: /home/sophie/visionaid/isaac_ros_ws/install/gxf_isaac_gems/share/gxf_isaac_gems/gxf/include/gems/control_types/differential_drive.hpp
-- Up-to-date symlink: /home/sophie/visionaid/isaac_ros_ws/install/gxf_isaac_gems/share/gxf_isaac_gems/gxf/include/gems/core/allocator/allocator_base.hpp
-- Up-to-date symlink: /home/sophie/visionaid/isaac_ros_ws/install/gxf_isaac_gems/share/gxf_isaac_gems/gxf/include/gems/core/allocator/allocators.hpp
-- Up-to-date symlink: /home/sophie/visionaid/isaac_ros_ws/install/gxf_isaac_gems/share/gxf_isaac_gems/gxf/include/gems/core/assert.hpp
-- Up-to-date symlink: /home/sophie/visionaid/isaac_ros_ws/install/gxf_isaac_gems/share/gxf_isaac_gems/gxf/include/gems/core/buffers/algorithm.hpp
-- Up-to-date symlink: /home/sophie/visionaid/isaac_ros_ws/install/gxf_isaac_gems/share/gxf_isaac_gems/gxf/include/gems/core/buffers/buffer.hpp
-- Up-to-date symlink: /home/sophie/visionaid/isaac_ros_ws/install/gxf_isaac_gems/share/gxf_isaac_gems/gxf/include/gems/core/buffers/traits.hpp
-- Up-to-date symlink: /home/sophie/visionaid/isaac_ros_ws/install/gxf_isaac_gems/share/gxf_isaac_gems/gxf/include/gems/core/byte.hpp
-- Up-to-date symlink: /home/sophie/visionaid/isaac_ros_ws/install/gxf_isaac_gems/share/gxf_isaac_gems/gxf/include/gems/core/constants.hpp
-- Up-to-date symlink: /home/sophie/visionaid/isaac_ros_ws/install/gxf_isaac_gems/share/gxf_isaac_gems/gxf/include/gems/core/epsilon.hpp
-- Up-to-date symlink: /home/sophie/visionaid/isaac_ros_ws/install/gxf_isaac_gems/share/gxf_isaac_gems/gxf/include/gems/core/image/image.hpp
-- Up-to-date symlink: /home/sophie/visionaid/isaac_ros_ws/install/gxf_isaac_gems/share/gxf_isaac_gems/gxf/include/gems/core/logger.hpp
-- Up-to-date symlink: /home/sophie/visionaid/isaac_ros_ws/install/gxf_isaac_gems/share/gxf_isaac_gems/gxf/include/gems/core/math/macros.hpp
-- Up-to-date symlink: /home/sophie/visionaid/isaac_ros_ws/install/gxf_isaac_gems/share/gxf_isaac_gems/gxf/include/gems/core/math/pose2.hpp
-- Up-to-date symlink: /home/sophie/visionaid/isaac_ros_ws/install/gxf_isaac_gems/share/gxf_isaac_gems/gxf/include/gems/core/math/pose3.hpp
-- Up-to-date symlink: /home/sophie/visionaid/isaac_ros_ws/install/gxf_isaac_gems/share/gxf_isaac_gems/gxf/include/gems/core/math/so2.hpp
-- Up-to-date symlink: /home/sophie/visionaid/isaac_ros_ws/install/gxf_isaac_gems/share/gxf_isaac_gems/gxf/include/gems/core/math/so3.hpp
-- Up-to-date symlink: /home/sophie/visionaid/isaac_ros_ws/install/gxf_isaac_gems/share/gxf_isaac_gems/gxf/include/gems/core/math/types.hpp
-- Up-to-date symlink: /home/sophie/visionaid/isaac_ros_ws/install/gxf_isaac_gems/share/gxf_isaac_gems/gxf/include/gems/core/math/utils.hpp
-- Up-to-date symlink: /home/sophie/visionaid/isaac_ros_ws/install/gxf_isaac_gems/share/gxf_isaac_gems/gxf/include/gems/core/optional.hpp
-- Up-to-date symlink: /home/sophie/visionaid/isaac_ros_ws/install/gxf_isaac_gems/share/gxf_isaac_gems/gxf/include/gems/core/tensor/sample_cloud.hpp
-- Up-to-date symlink: /home/sophie/visionaid/isaac_ros_ws/install/gxf_isaac_gems/share/gxf_isaac_gems/gxf/include/gems/core/tensor/tensor.hpp
-- Up-to-date symlink: /home/sophie/visionaid/isaac_ros_ws/install/gxf_isaac_gems/share/gxf_isaac_gems/gxf/include/gems/cuda_utils/launch_utils.hpp
-- Up-to-date symlink: /home/sophie/visionaid/isaac_ros_ws/install/gxf_isaac_gems/share/gxf_isaac_gems/gxf/include/gems/cuda_utils/stride_pointer.hpp
-- Up-to-date symlink: /home/sophie/visionaid/isaac_ros_ws/install/gxf_isaac_gems/share/gxf_isaac_gems/gxf/include/gems/cuda_utils/stride_pointer_3d.hpp
-- Up-to-date symlink: /home/sophie/visionaid/isaac_ros_ws/install/gxf_isaac_gems/share/gxf_isaac_gems/gxf/include/gems/cuda_utils/vector_math.hpp
-- Up-to-date symlink: /home/sophie/visionaid/isaac_ros_ws/install/gxf_isaac_gems/share/gxf_isaac_gems/gxf/include/gems/flatscan/flatscan_info.hpp
-- Up-to-date symlink: /home/sophie/visionaid/isaac_ros_ws/install/gxf_isaac_gems/share/gxf_isaac_gems/gxf/include/gems/flatscan/flatscan_types.hpp
-- Up-to-date symlink: /home/sophie/visionaid/isaac_ros_ws/install/gxf_isaac_gems/share/gxf_isaac_gems/gxf/include/gems/geometry/line.hpp
-- Up-to-date symlink: /home/sophie/visionaid/isaac_ros_ws/install/gxf_isaac_gems/share/gxf_isaac_gems/gxf/include/gems/geometry/line_segment.hpp
-- Up-to-date symlink: /home/sophie/visionaid/isaac_ros_ws/install/gxf_isaac_gems/share/gxf_isaac_gems/gxf/include/gems/geometry/line_utils.hpp
-- Up-to-date symlink: /home/sophie/visionaid/isaac_ros_ws/install/gxf_isaac_gems/share/gxf_isaac_gems/gxf/include/gems/geometry/n_cuboid.hpp
-- Up-to-date symlink: /home/sophie/visionaid/isaac_ros_ws/install/gxf_isaac_gems/share/gxf_isaac_gems/gxf/include/gems/geometry/n_sphere.hpp
-- Up-to-date symlink: /home/sophie/visionaid/isaac_ros_ws/install/gxf_isaac_gems/share/gxf_isaac_gems/gxf/include/gems/geometry/pinhole.hpp
-- Up-to-date symlink: /home/sophie/visionaid/isaac_ros_ws/install/gxf_isaac_gems/share/gxf_isaac_gems/gxf/include/gems/geometry/plane.hpp
-- Up-to-date symlink: /home/sophie/visionaid/isaac_ros_ws/install/gxf_isaac_gems/share/gxf_isaac_gems/gxf/include/gems/geometry/polygon.hpp
-- Up-to-date symlink: /home/sophie/visionaid/isaac_ros_ws/install/gxf_isaac_gems/share/gxf_isaac_gems/gxf/include/gems/geometry/polyline.hpp
-- Up-to-date symlink: /home/sophie/visionaid/isaac_ros_ws/install/gxf_isaac_gems/share/gxf_isaac_gems/gxf/include/gems/geometry/types.hpp
-- Up-to-date symlink: /home/sophie/visionaid/isaac_ros_ws/install/gxf_isaac_gems/share/gxf_isaac_gems/gxf/include/gems/gxf_helpers/expected_macro_abstract.hpp
-- Up-to-date symlink: /home/sophie/visionaid/isaac_ros_ws/install/gxf_isaac_gems/share/gxf_isaac_gems/gxf/include/gems/gxf_helpers/expected_macro_common.hpp
-- Up-to-date symlink: /home/sophie/visionaid/isaac_ros_ws/install/gxf_isaac_gems/share/gxf_isaac_gems/gxf/include/gems/gxf_helpers/expected_macro_cuda.hpp
-- Up-to-date symlink: /home/sophie/visionaid/isaac_ros_ws/install/gxf_isaac_gems/share/gxf_isaac_gems/gxf/include/gems/gxf_helpers/expected_macro_gxf.hpp
-- Up-to-date symlink: /home/sophie/visionaid/isaac_ros_ws/install/gxf_isaac_gems/share/gxf_isaac_gems/gxf/include/gems/gxf_helpers/expected_macro_isaac.hpp
-- Up-to-date symlink: /home/sophie/visionaid/isaac_ros_ws/install/gxf_isaac_gems/share/gxf_isaac_gems/gxf/include/gems/gxf_helpers/image_view.hpp
-- Up-to-date symlink: /home/sophie/visionaid/isaac_ros_ws/install/gxf_isaac_gems/share/gxf_isaac_gems/gxf/include/gems/image/color.hpp
-- Up-to-date symlink: /home/sophie/visionaid/isaac_ros_ws/install/gxf_isaac_gems/share/gxf_isaac_gems/gxf/include/gems/image/io.hpp
-- Up-to-date symlink: /home/sophie/visionaid/isaac_ros_ws/install/gxf_isaac_gems/share/gxf_isaac_gems/gxf/include/gems/image/utils.hpp
-- Up-to-date symlink: /home/sophie/visionaid/isaac_ros_ws/install/gxf_isaac_gems/share/gxf_isaac_gems/gxf/include/gems/pose_tree/pose_tree.hpp
-- Up-to-date symlink: /home/sophie/visionaid/isaac_ros_ws/install/gxf_isaac_gems/share/gxf_isaac_gems/gxf/include/gems/pose_tree/pose_tree_edge_history.hpp
-- Up-to-date symlink: /home/sophie/visionaid/isaac_ros_ws/install/gxf_isaac_gems/share/gxf_isaac_gems/gxf/include/gems/serialization/base64.hpp
-- Up-to-date symlink: /home/sophie/visionaid/isaac_ros_ws/install/gxf_isaac_gems/share/gxf_isaac_gems/gxf/include/gems/serialization/json.hpp
-- Up-to-date symlink: /home/sophie/visionaid/isaac_ros_ws/install/gxf_isaac_gems/share/gxf_isaac_gems/gxf/include/gems/serialization/json_formatter.hpp
-- Up-to-date symlink: /home/sophie/visionaid/isaac_ros_ws/install/gxf_isaac_gems/share/gxf_isaac_gems/gxf/include/gems/sight/sop.hpp
-- Up-to-date symlink: /home/sophie/visionaid/isaac_ros_ws/install/gxf_isaac_gems/share/gxf_isaac_gems/gxf/include/gems/sight/sop_asset.hpp
-- Up-to-date symlink: /home/sophie/visionaid/isaac_ros_ws/install/gxf_isaac_gems/share/gxf_isaac_gems/gxf/include/gems/sight/sop_image.hpp
-- Up-to-date symlink: /home/sophie/visionaid/isaac_ros_ws/install/gxf_isaac_gems/share/gxf_isaac_gems/gxf/include/gems/sight/sop_mesh.hpp
-- Up-to-date symlink: /home/sophie/visionaid/isaac_ros_ws/install/gxf_isaac_gems/share/gxf_isaac_gems/gxf/include/gems/sight/sop_point_cloud.hpp
-- Up-to-date symlink: /home/sophie/visionaid/isaac_ros_ws/install/gxf_isaac_gems/share/gxf_isaac_gems/gxf/include/gems/sight/sop_style.hpp
-- Up-to-date symlink: /home/sophie/visionaid/isaac_ros_ws/install/gxf_isaac_gems/share/gxf_isaac_gems/gxf/include/gems/sight/sop_text.hpp
-- Up-to-date symlink: /home/sophie/visionaid/isaac_ros_ws/install/gxf_isaac_gems/share/gxf_isaac_gems/gxf/include/gems/sight/sop_transform.hpp
-- Up-to-date symlink: /home/sophie/visionaid/isaac_ros_ws/install/gxf_isaac_gems/share/gxf_isaac_gems/gxf/include/gems/uuid/uuid.hpp
-- Up-to-date symlink: /home/sophie/visionaid/isaac_ros_ws/install/gxf_isaac_gems/share/gxf_isaac_gems/gxf/include/gems/video_buffer/allocator.hpp
-- Up-to-date symlink: /home/sophie/visionaid/isaac_ros_ws/install/gxf_isaac_gems/share/gxf_isaac_gems/gxf/include/third_party/nlohmann/json.hpp
-- Up-to-date symlink: /home/sophie/visionaid/isaac_ros_ws/install/gxf_isaac_gems/share/gxf_isaac_gems/environment/library_path.sh
-- Up-to-date symlink: /home/sophie/visionaid/isaac_ros_ws/install/gxf_isaac_gems/share/gxf_isaac_gems/environment/library_path.dsv
-- Up-to-date symlink: /home/sophie/visionaid/isaac_ros_ws/install/gxf_isaac_gems/share/gxf_isaac_gems/version_info.yaml
-- Up-to-date symlink: /home/sophie/visionaid/isaac_ros_ws/install/gxf_isaac_gems/share/ament_index/resource_index/package_run_dependencies/gxf_isaac_gems
-- Up-to-date symlink: /home/sophie/visionaid/isaac_ros_ws/install/gxf_isaac_gems/share/ament_index/resource_index/parent_prefix_path/gxf_isaac_gems
-- Up-to-date symlink: /home/sophie/visionaid/isaac_ros_ws/install/gxf_isaac_gems/share/gxf_isaac_gems/environment/ament_prefix_path.sh
-- Up-to-date symlink: /home/sophie/visionaid/isaac_ros_ws/install/gxf_isaac_gems/share/gxf_isaac_gems/environment/ament_prefix_path.dsv
-- Up-to-date symlink: /home/sophie/visionaid/isaac_ros_ws/install/gxf_isaac_gems/share/gxf_isaac_gems/environment/path.sh
-- Up-to-date symlink: /home/sophie/visionaid/isaac_ros_ws/install/gxf_isaac_gems/share/gxf_isaac_gems/environment/path.dsv
-- Up-to-date symlink: /home/sophie/visionaid/isaac_ros_ws/install/gxf_isaac_gems/share/gxf_isaac_gems/local_setup.bash
-- Up-to-date symlink: /home/sophie/visionaid/isaac_ros_ws/install/gxf_isaac_gems/share/gxf_isaac_gems/local_setup.sh
-- Up-to-date symlink: /home/sophie/visionaid/isaac_ros_ws/install/gxf_isaac_gems/share/gxf_isaac_gems/local_setup.zsh
-- Up-to-date symlink: /home/sophie/visionaid/isaac_ros_ws/install/gxf_isaac_gems/share/gxf_isaac_gems/local_setup.dsv
-- Symlinking: /home/sophie/visionaid/isaac_ros_ws/install/gxf_isaac_gems/share/gxf_isaac_gems/package.dsv
-- Up-to-date symlink: /home/sophie/visionaid/isaac_ros_ws/install/gxf_isaac_gems/share/ament_index/resource_index/packages/gxf_isaac_gems
-- Up-to-date symlink: /home/sophie/visionaid/isaac_ros_ws/install/gxf_isaac_gems/share/gxf_isaac_gems/cmake/ament_cmake_export_targets-extras.cmake
-- Up-to-date symlink: /home/sophie/visionaid/isaac_ros_ws/install/gxf_isaac_gems/share/gxf_isaac_gems/cmake/ament_cmake_export_dependencies-extras.cmake
-- Up-to-date symlink: /home/sophie/visionaid/isaac_ros_ws/install/gxf_isaac_gems/share/gxf_isaac_gems/cmake/gxf_isaac_gemsConfig.cmake
-- Up-to-date symlink: /home/sophie/visionaid/isaac_ros_ws/install/gxf_isaac_gems/share/gxf_isaac_gems/cmake/gxf_isaac_gemsConfig-version.cmake
-- Up-to-date symlink: /home/sophie/visionaid/isaac_ros_ws/install/gxf_isaac_gems/share/gxf_isaac_gems/package.xml
-- Up-to-date: /home/sophie/visionaid/isaac_ros_ws/install/gxf_isaac_gems/share/gxf_isaac_gems/cmake/export_gxf_isaac_gemsExport.cmake
