[0.008s] Invoking command in '/home/sophie/visionaid/isaac_ros_ws/build/isaac_ros_bi3d_interfaces': AMENT_PREFIX_PATH=/home/sophie/visionaid/isaac_ros_ws/install/isaac_ros_common:${AMENT_PREFIX_PATH} CMAKE_PREFIX_PATH=/home/sophie/visionaid/isaac_ros_ws/install/isaac_ros_common:/opt/ros/humble LD_LIBRARY_PATH=/home/sophie/visionaid/isaac_ros_ws/install/isaac_ros_common/lib:${LD_LIBRARY_PATH} PATH=/home/sophie/visionaid/isaac_ros_ws/install/isaac_ros_common/bin:${PATH} PYTHONPATH=/home/sophie/visionaid/isaac_ros_ws/install/isaac_ros_common/local/lib/python3.10/dist-packages:${PYTHONPATH} /usr/bin/cmake /home/sophie/visionaid/isaac_ros_ws/src/isaac_ros_common/isaac_ros_bi3d_interfaces -DCMAKE_BUILD_TYPE=Release -DBUILD_TESTING=OFF -DCMAKE_CUDA_ARCHITECTURES=89 -DAMENT_CMAKE_SYMLINK_INSTALL=1 -DCMAKE_INSTALL_PREFIX=/home/sophie/visionaid/isaac_ros_ws/install/isaac_ros_bi3d_interfaces
[0.050s] -- The C compiler identification is GNU 11.4.0
[0.088s] -- The CXX compiler identification is GNU 11.4.0
[0.093s] -- Detecting C compiler ABI info
[0.148s] -- Detecting C compiler ABI info - done
[0.153s] -- Check for working C compiler: /usr/bin/cc - skipped
[0.153s] -- Detecting C compile features
[0.153s] -- Detecting C compile features - done
[0.155s] -- Detecting CXX compiler ABI info
[0.207s] -- Detecting CXX compiler ABI info - done
[0.215s] -- Check for working CXX compiler: /usr/bin/c++ - skipped
[0.215s] -- Detecting CXX compile features
[0.215s] -- Detecting CXX compile features - done
[0.217s] -- Found ament_cmake_auto: 1.3.11 (/opt/ros/humble/share/ament_cmake_auto/cmake)
[0.326s] -- Found Python3: /usr/bin/python3 (found version "3.10.12") found components: Interpreter 
[0.374s] -- Override CMake install command with custom implementation using symlinks instead of copying resources
[0.422s] -- Using all available rosidl_typesupport_c: rosidl_typesupport_fastrtps_c;rosidl_typesupport_introspection_c
[0.425s] -- Found rosidl_adapter: 3.1.6 (/opt/ros/humble/share/rosidl_adapter/cmake)
[0.446s] -- Using all available rosidl_typesupport_cpp: rosidl_typesupport_fastrtps_cpp;rosidl_typesupport_introspection_cpp
[0.465s] -- Loading isaac_ros_common extras
[0.465s] -- CMAKE_BUILD_TYPE: Release
[0.478s] -- Looking for pthread.h
[0.531s] -- Looking for pthread.h - found
[0.531s] -- Performing Test CMAKE_HAVE_LIBC_PTHREAD
[0.586s] -- Performing Test CMAKE_HAVE_LIBC_PTHREAD - Success
[0.587s] -- Found Threads: TRUE  
[0.590s] -- Found CUDA: /usr/local/cuda-12.8 (found version "12.8") 
[0.590s] -- CUDA architectures: 89
[0.590s] -- Loading isaac_ros_common extras (modules)
[0.618s] -- Found rmw_implementation_cmake: 6.1.2 (/opt/ros/humble/share/rmw_implementation_cmake/cmake)
[0.619s] -- Found rmw_fastrtps_cpp: 6.2.7 (/opt/ros/humble/share/rmw_fastrtps_cpp/cmake)
[0.676s] -- Found OpenSSL: /usr/lib/x86_64-linux-gnu/libcrypto.so (found version "3.0.2")  
[0.692s] -- Found FastRTPS: /opt/ros/humble/include  
[0.715s] -- Using RMW implementation 'rmw_fastrtps_cpp' as default
[0.872s] -- Found ament_cmake_ros: 0.10.0 (/opt/ros/humble/share/ament_cmake_ros/cmake)
[1.006s] -- Using all available rosidl_typesupport_c: rosidl_typesupport_fastrtps_c;rosidl_typesupport_introspection_c
[1.184s] -- Using all available rosidl_typesupport_cpp: rosidl_typesupport_fastrtps_cpp;rosidl_typesupport_introspection_cpp
[1.198s] -- Found PythonInterp: /usr/bin/python3 (found suitable version "3.10.12", minimum required is "3.6") 
[1.198s] -- Found python_cmake_module: 0.10.0 (/opt/ros/humble/share/python_cmake_module/cmake)
[1.216s] -- Found PythonLibs: /usr/lib/x86_64-linux-gnu/libpython3.10.so (found suitable version "3.10.12", minimum required is "3.5") 
[1.216s] -- Using PYTHON_EXECUTABLE: /usr/bin/python3
[1.216s] -- Using PYTHON_INCLUDE_DIRS: /usr/include/python3.10
[1.216s] -- Using PYTHON_LIBRARIES: /usr/lib/x86_64-linux-gnu/libpython3.10.so
[1.230s] -- Found PythonExtra: .so  
[1.299s] -- Configuring done
[1.315s] -- Generating done
[1.321s] -- Build files have been written to: /home/sophie/visionaid/isaac_ros_ws/build/isaac_ros_bi3d_interfaces
[1.329s] Invoked command in '/home/sophie/visionaid/isaac_ros_ws/build/isaac_ros_bi3d_interfaces' returned '0': AMENT_PREFIX_PATH=/home/sophie/visionaid/isaac_ros_ws/install/isaac_ros_common:${AMENT_PREFIX_PATH} CMAKE_PREFIX_PATH=/home/sophie/visionaid/isaac_ros_ws/install/isaac_ros_common:/opt/ros/humble LD_LIBRARY_PATH=/home/sophie/visionaid/isaac_ros_ws/install/isaac_ros_common/lib:${LD_LIBRARY_PATH} PATH=/home/sophie/visionaid/isaac_ros_ws/install/isaac_ros_common/bin:${PATH} PYTHONPATH=/home/sophie/visionaid/isaac_ros_ws/install/isaac_ros_common/local/lib/python3.10/dist-packages:${PYTHONPATH} /usr/bin/cmake /home/sophie/visionaid/isaac_ros_ws/src/isaac_ros_common/isaac_ros_bi3d_interfaces -DCMAKE_BUILD_TYPE=Release -DBUILD_TESTING=OFF -DCMAKE_CUDA_ARCHITECTURES=89 -DAMENT_CMAKE_SYMLINK_INSTALL=1 -DCMAKE_INSTALL_PREFIX=/home/sophie/visionaid/isaac_ros_ws/install/isaac_ros_bi3d_interfaces
[1.331s] Invoking command in '/home/sophie/visionaid/isaac_ros_ws/build/isaac_ros_bi3d_interfaces': AMENT_PREFIX_PATH=/home/sophie/visionaid/isaac_ros_ws/install/isaac_ros_common:${AMENT_PREFIX_PATH} CMAKE_PREFIX_PATH=/home/sophie/visionaid/isaac_ros_ws/install/isaac_ros_common:/opt/ros/humble LD_LIBRARY_PATH=/home/sophie/visionaid/isaac_ros_ws/install/isaac_ros_common/lib:${LD_LIBRARY_PATH} PATH=/home/sophie/visionaid/isaac_ros_ws/install/isaac_ros_common/bin:${PATH} PYTHONPATH=/home/sophie/visionaid/isaac_ros_ws/install/isaac_ros_common/local/lib/python3.10/dist-packages:${PYTHONPATH} /usr/bin/cmake --build /home/sophie/visionaid/isaac_ros_ws/build/isaac_ros_bi3d_interfaces -- -j22 -l22
[1.368s] [  3%] [34m[1mGenerating C code for ROS interfaces[0m
[1.375s] [  6%] [34m[1mGenerating C++ code for ROS interfaces[0m
[1.376s] [  9%] [34m[1mGenerating version information as YAML[0m
[1.383s] [  9%] Built target ament_cmake_python_symlink_isaac_ros_bi3d_interfaces
[1.428s] [  9%] Built target generate_version_info_target_isaac_ros_bi3d_interfaces
[1.512s] [  9%] Built target isaac_ros_bi3d_interfaces__cpp
[1.514s] running egg_info
[1.514s] creating isaac_ros_bi3d_interfaces.egg-info
[1.514s] writing isaac_ros_bi3d_interfaces.egg-info/PKG-INFO
[1.515s] writing dependency_links to isaac_ros_bi3d_interfaces.egg-info/dependency_links.txt
[1.515s] writing top-level names to isaac_ros_bi3d_interfaces.egg-info/top_level.txt
[1.515s] writing manifest file 'isaac_ros_bi3d_interfaces.egg-info/SOURCES.txt'
[1.516s] reading manifest file 'isaac_ros_bi3d_interfaces.egg-info/SOURCES.txt'
[1.516s] writing manifest file 'isaac_ros_bi3d_interfaces.egg-info/SOURCES.txt'
[1.519s] [ 12%] [34m[1mGenerating C++ type support dispatch for ROS interfaces[0m
[1.519s] [ 15%] [34m[1mGenerating C++ introspection for ROS interfaces[0m
[1.519s] [ 18%] [34m[1mGenerating C++ type support for eProsima Fast-RTPS[0m
[1.528s] [ 21%] [32mBuilding C object CMakeFiles/isaac_ros_bi3d_interfaces__rosidl_generator_c.dir/rosidl_generator_c/isaac_ros_bi3d_interfaces/msg/detail/bi3_d_inference_parameters_array__functions.c.o[0m
[1.535s] [ 21%] Built target ament_cmake_python_build_isaac_ros_bi3d_interfaces_egg
[1.586s] [ 25%] [32m[1mLinking C shared library libisaac_ros_bi3d_interfaces__rosidl_generator_c.so[0m
[1.616s] [ 25%] Built target isaac_ros_bi3d_interfaces__rosidl_generator_c
[1.624s] [ 28%] [34m[1mGenerating C type support for eProsima Fast-RTPS[0m
[1.625s] [ 31%] [34m[1mGenerating C type support dispatch for ROS interfaces[0m
[1.625s] [ 34%] [34m[1mGenerating C introspection for ROS interfaces[0m
[1.655s] [ 37%] [32mBuilding CXX object CMakeFiles/isaac_ros_bi3d_interfaces__rosidl_typesupport_introspection_cpp.dir/rosidl_typesupport_introspection_cpp/isaac_ros_bi3d_interfaces/msg/detail/bi3_d_inference_parameters_array__type_support.cpp.o[0m
[1.656s] [ 40%] [32mBuilding CXX object CMakeFiles/isaac_ros_bi3d_interfaces__rosidl_typesupport_fastrtps_cpp.dir/rosidl_typesupport_fastrtps_cpp/isaac_ros_bi3d_interfaces/msg/detail/dds_fastrtps/bi3_d_inference_parameters_array__type_support.cpp.o[0m
[1.681s] [ 43%] [32mBuilding CXX object CMakeFiles/isaac_ros_bi3d_interfaces__rosidl_typesupport_cpp.dir/rosidl_typesupport_cpp/isaac_ros_bi3d_interfaces/msg/bi3_d_inference_parameters_array__type_support.cpp.o[0m
[1.771s] [ 46%] [32mBuilding CXX object CMakeFiles/isaac_ros_bi3d_interfaces__rosidl_typesupport_fastrtps_c.dir/rosidl_typesupport_fastrtps_c/isaac_ros_bi3d_interfaces/msg/detail/bi3_d_inference_parameters_array__type_support_c.cpp.o[0m
[1.788s] [ 50%] [32mBuilding CXX object CMakeFiles/isaac_ros_bi3d_interfaces__rosidl_typesupport_c.dir/rosidl_typesupport_c/isaac_ros_bi3d_interfaces/msg/bi3_d_inference_parameters_array__type_support.cpp.o[0m
[1.799s] [ 53%] [32mBuilding C object CMakeFiles/isaac_ros_bi3d_interfaces__rosidl_typesupport_introspection_c.dir/rosidl_typesupport_introspection_c/isaac_ros_bi3d_interfaces/msg/detail/bi3_d_inference_parameters_array__type_support.c.o[0m
[1.813s] [ 56%] [32m[1mLinking CXX shared library libisaac_ros_bi3d_interfaces__rosidl_typesupport_c.so[0m
[1.834s] [ 59%] [32m[1mLinking C shared library libisaac_ros_bi3d_interfaces__rosidl_typesupport_introspection_c.so[0m
[1.843s] [ 62%] [32m[1mLinking CXX shared library libisaac_ros_bi3d_interfaces__rosidl_typesupport_cpp.so[0m
[1.844s] [ 62%] Built target isaac_ros_bi3d_interfaces__rosidl_typesupport_c
[1.858s] [ 62%] Built target isaac_ros_bi3d_interfaces__rosidl_typesupport_introspection_c
[1.873s] [ 62%] Built target isaac_ros_bi3d_interfaces__rosidl_typesupport_cpp
[1.888s] [ 65%] [32m[1mLinking CXX shared library libisaac_ros_bi3d_interfaces__rosidl_typesupport_introspection_cpp.so[0m
[1.923s] [ 68%] [32m[1mLinking CXX shared library libisaac_ros_bi3d_interfaces__rosidl_typesupport_fastrtps_cpp.so[0m
[1.939s] [ 68%] Built target isaac_ros_bi3d_interfaces__rosidl_typesupport_introspection_cpp
[1.973s] [ 68%] Built target isaac_ros_bi3d_interfaces__rosidl_typesupport_fastrtps_cpp
[2.015s] [ 71%] [32m[1mLinking CXX shared library libisaac_ros_bi3d_interfaces__rosidl_typesupport_fastrtps_c.so[0m
[2.064s] [ 71%] Built target isaac_ros_bi3d_interfaces__rosidl_typesupport_fastrtps_c
[2.080s] [ 71%] Built target isaac_ros_bi3d_interfaces
[2.094s] [ 75%] [34m[1mGenerating Python code for ROS interfaces[0m
[2.271s] [ 75%] Built target isaac_ros_bi3d_interfaces__py
[2.286s] [ 78%] [32mBuilding C object CMakeFiles/isaac_ros_bi3d_interfaces__rosidl_generator_py.dir/rosidl_generator_py/isaac_ros_bi3d_interfaces/msg/_bi3_d_inference_parameters_array_s.c.o[0m
[2.370s] [ 81%] [32m[1mLinking C shared library rosidl_generator_py/isaac_ros_bi3d_interfaces/libisaac_ros_bi3d_interfaces__rosidl_generator_py.so[0m
[2.400s] [ 81%] Built target isaac_ros_bi3d_interfaces__rosidl_generator_py
[2.417s] [ 84%] [32mBuilding C object CMakeFiles/isaac_ros_bi3d_interfaces__rosidl_typesupport_c__pyext.dir/rosidl_generator_py/isaac_ros_bi3d_interfaces/_isaac_ros_bi3d_interfaces_s.ep.rosidl_typesupport_c.c.o[0m
[2.417s] [ 87%] [32mBuilding C object CMakeFiles/isaac_ros_bi3d_interfaces__rosidl_typesupport_introspection_c__pyext.dir/rosidl_generator_py/isaac_ros_bi3d_interfaces/_isaac_ros_bi3d_interfaces_s.ep.rosidl_typesupport_introspection_c.c.o[0m
[2.418s] [ 90%] [32mBuilding C object CMakeFiles/isaac_ros_bi3d_interfaces__rosidl_typesupport_fastrtps_c__pyext.dir/rosidl_generator_py/isaac_ros_bi3d_interfaces/_isaac_ros_bi3d_interfaces_s.ep.rosidl_typesupport_fastrtps_c.c.o[0m
[2.488s] [ 93%] [32m[1mLinking C shared library rosidl_generator_py/isaac_ros_bi3d_interfaces/isaac_ros_bi3d_interfaces_s__rosidl_typesupport_c.cpython-310-x86_64-linux-gnu.so[0m
[2.488s] [ 96%] [32m[1mLinking C shared library rosidl_generator_py/isaac_ros_bi3d_interfaces/isaac_ros_bi3d_interfaces_s__rosidl_typesupport_introspection_c.cpython-310-x86_64-linux-gnu.so[0m
[2.491s] [100%] [32m[1mLinking C shared library rosidl_generator_py/isaac_ros_bi3d_interfaces/isaac_ros_bi3d_interfaces_s__rosidl_typesupport_fastrtps_c.cpython-310-x86_64-linux-gnu.so[0m
[2.514s] [100%] Built target isaac_ros_bi3d_interfaces__rosidl_typesupport_c__pyext
[2.515s] [100%] Built target isaac_ros_bi3d_interfaces__rosidl_typesupport_introspection_c__pyext
[2.517s] [100%] Built target isaac_ros_bi3d_interfaces__rosidl_typesupport_fastrtps_c__pyext
[2.526s] Invoked command in '/home/sophie/visionaid/isaac_ros_ws/build/isaac_ros_bi3d_interfaces' returned '0': AMENT_PREFIX_PATH=/home/sophie/visionaid/isaac_ros_ws/install/isaac_ros_common:${AMENT_PREFIX_PATH} CMAKE_PREFIX_PATH=/home/sophie/visionaid/isaac_ros_ws/install/isaac_ros_common:/opt/ros/humble LD_LIBRARY_PATH=/home/sophie/visionaid/isaac_ros_ws/install/isaac_ros_common/lib:${LD_LIBRARY_PATH} PATH=/home/sophie/visionaid/isaac_ros_ws/install/isaac_ros_common/bin:${PATH} PYTHONPATH=/home/sophie/visionaid/isaac_ros_ws/install/isaac_ros_common/local/lib/python3.10/dist-packages:${PYTHONPATH} /usr/bin/cmake --build /home/sophie/visionaid/isaac_ros_ws/build/isaac_ros_bi3d_interfaces -- -j22 -l22
[2.528s] Invoking command in '/home/sophie/visionaid/isaac_ros_ws/build/isaac_ros_bi3d_interfaces': AMENT_PREFIX_PATH=/home/sophie/visionaid/isaac_ros_ws/install/isaac_ros_common:${AMENT_PREFIX_PATH} CMAKE_PREFIX_PATH=/home/sophie/visionaid/isaac_ros_ws/install/isaac_ros_common:/opt/ros/humble LD_LIBRARY_PATH=/home/sophie/visionaid/isaac_ros_ws/install/isaac_ros_common/lib:${LD_LIBRARY_PATH} PATH=/home/sophie/visionaid/isaac_ros_ws/install/isaac_ros_common/bin:${PATH} PYTHONPATH=/home/sophie/visionaid/isaac_ros_ws/install/isaac_ros_common/local/lib/python3.10/dist-packages:${PYTHONPATH} /usr/bin/cmake --install /home/sophie/visionaid/isaac_ros_ws/build/isaac_ros_bi3d_interfaces
[2.534s] -- Install configuration: "Release"
[2.534s] -- Execute custom install script
[2.534s] -- Symlinking: /home/sophie/visionaid/isaac_ros_ws/install/isaac_ros_bi3d_interfaces/share/ament_index/resource_index/rosidl_interfaces/isaac_ros_bi3d_interfaces
[2.542s] -- Symlinking: /home/sophie/visionaid/isaac_ros_ws/install/isaac_ros_bi3d_interfaces/include/isaac_ros_bi3d_interfaces/isaac_ros_bi3d_interfaces/msg/bi3_d_inference_parameters_array.h
[2.548s] -- Symlinking: /home/sophie/visionaid/isaac_ros_ws/install/isaac_ros_bi3d_interfaces/include/isaac_ros_bi3d_interfaces/isaac_ros_bi3d_interfaces/msg/detail/bi3_d_inference_parameters_array__functions.h
[2.555s] -- Symlinking: /home/sophie/visionaid/isaac_ros_ws/install/isaac_ros_bi3d_interfaces/include/isaac_ros_bi3d_interfaces/isaac_ros_bi3d_interfaces/msg/detail/bi3_d_inference_parameters_array__struct.h
[2.560s] -- Symlinking: /home/sophie/visionaid/isaac_ros_ws/install/isaac_ros_bi3d_interfaces/include/isaac_ros_bi3d_interfaces/isaac_ros_bi3d_interfaces/msg/detail/bi3_d_inference_parameters_array__type_support.h
[2.567s] -- Symlinking: /home/sophie/visionaid/isaac_ros_ws/install/isaac_ros_bi3d_interfaces/include/isaac_ros_bi3d_interfaces/isaac_ros_bi3d_interfaces/msg/rosidl_generator_c__visibility_control.h
[2.573s] -- Symlinking: /home/sophie/visionaid/isaac_ros_ws/install/isaac_ros_bi3d_interfaces/share/isaac_ros_bi3d_interfaces/environment/library_path.sh
[2.579s] -- Symlinking: /home/sophie/visionaid/isaac_ros_ws/install/isaac_ros_bi3d_interfaces/share/isaac_ros_bi3d_interfaces/environment/library_path.dsv
[2.584s] -- Symlinking: /home/sophie/visionaid/isaac_ros_ws/install/isaac_ros_bi3d_interfaces/include/isaac_ros_bi3d_interfaces/isaac_ros_bi3d_interfaces/msg/detail/bi3_d_inference_parameters_array__rosidl_typesupport_fastrtps_c.h
[2.591s] -- Symlinking: /home/sophie/visionaid/isaac_ros_ws/install/isaac_ros_bi3d_interfaces/include/isaac_ros_bi3d_interfaces/isaac_ros_bi3d_interfaces/msg/rosidl_typesupport_fastrtps_c__visibility_control.h
[2.596s] -- Symlinking: /home/sophie/visionaid/isaac_ros_ws/install/isaac_ros_bi3d_interfaces/include/isaac_ros_bi3d_interfaces/isaac_ros_bi3d_interfaces/msg/detail/bi3_d_inference_parameters_array__rosidl_typesupport_introspection_c.h
[2.602s] -- Symlinking: /home/sophie/visionaid/isaac_ros_ws/install/isaac_ros_bi3d_interfaces/include/isaac_ros_bi3d_interfaces/isaac_ros_bi3d_interfaces/msg/rosidl_typesupport_introspection_c__visibility_control.h
[2.609s] -- Symlinking: /home/sophie/visionaid/isaac_ros_ws/install/isaac_ros_bi3d_interfaces/include/isaac_ros_bi3d_interfaces/isaac_ros_bi3d_interfaces/msg/bi3_d_inference_parameters_array.hpp
[2.614s] -- Symlinking: /home/sophie/visionaid/isaac_ros_ws/install/isaac_ros_bi3d_interfaces/include/isaac_ros_bi3d_interfaces/isaac_ros_bi3d_interfaces/msg/detail/bi3_d_inference_parameters_array__builder.hpp
[2.621s] -- Symlinking: /home/sophie/visionaid/isaac_ros_ws/install/isaac_ros_bi3d_interfaces/include/isaac_ros_bi3d_interfaces/isaac_ros_bi3d_interfaces/msg/detail/bi3_d_inference_parameters_array__struct.hpp
[2.626s] -- Symlinking: /home/sophie/visionaid/isaac_ros_ws/install/isaac_ros_bi3d_interfaces/include/isaac_ros_bi3d_interfaces/isaac_ros_bi3d_interfaces/msg/detail/bi3_d_inference_parameters_array__traits.hpp
[2.634s] -- Symlinking: /home/sophie/visionaid/isaac_ros_ws/install/isaac_ros_bi3d_interfaces/include/isaac_ros_bi3d_interfaces/isaac_ros_bi3d_interfaces/msg/detail/bi3_d_inference_parameters_array__type_support.hpp
[2.639s] -- Symlinking: /home/sophie/visionaid/isaac_ros_ws/install/isaac_ros_bi3d_interfaces/include/isaac_ros_bi3d_interfaces/isaac_ros_bi3d_interfaces/msg/rosidl_generator_cpp__visibility_control.hpp
[2.645s] -- Symlinking: /home/sophie/visionaid/isaac_ros_ws/install/isaac_ros_bi3d_interfaces/include/isaac_ros_bi3d_interfaces/isaac_ros_bi3d_interfaces/msg/detail/bi3_d_inference_parameters_array__rosidl_typesupport_fastrtps_cpp.hpp
[2.652s] -- Symlinking: /home/sophie/visionaid/isaac_ros_ws/install/isaac_ros_bi3d_interfaces/include/isaac_ros_bi3d_interfaces/isaac_ros_bi3d_interfaces/msg/rosidl_typesupport_fastrtps_cpp__visibility_control.h
[2.659s] -- Symlinking: /home/sophie/visionaid/isaac_ros_ws/install/isaac_ros_bi3d_interfaces/include/isaac_ros_bi3d_interfaces/isaac_ros_bi3d_interfaces/msg/detail/bi3_d_inference_parameters_array__rosidl_typesupport_introspection_cpp.hpp
[2.665s] -- Symlinking: /home/sophie/visionaid/isaac_ros_ws/install/isaac_ros_bi3d_interfaces/share/isaac_ros_bi3d_interfaces/environment/pythonpath.sh
[2.670s] -- Symlinking: /home/sophie/visionaid/isaac_ros_ws/install/isaac_ros_bi3d_interfaces/share/isaac_ros_bi3d_interfaces/environment/pythonpath.dsv
[2.676s] -- Symlinking: /home/sophie/visionaid/isaac_ros_ws/install/isaac_ros_bi3d_interfaces/local/lib/python3.10/dist-packages/isaac_ros_bi3d_interfaces-3.2.5-py3.10.egg-info/PKG-INFO
[2.682s] -- Symlinking: /home/sophie/visionaid/isaac_ros_ws/install/isaac_ros_bi3d_interfaces/local/lib/python3.10/dist-packages/isaac_ros_bi3d_interfaces-3.2.5-py3.10.egg-info/SOURCES.txt
[2.688s] -- Symlinking: /home/sophie/visionaid/isaac_ros_ws/install/isaac_ros_bi3d_interfaces/local/lib/python3.10/dist-packages/isaac_ros_bi3d_interfaces-3.2.5-py3.10.egg-info/dependency_links.txt
[2.695s] -- Symlinking: /home/sophie/visionaid/isaac_ros_ws/install/isaac_ros_bi3d_interfaces/local/lib/python3.10/dist-packages/isaac_ros_bi3d_interfaces-3.2.5-py3.10.egg-info/top_level.txt
[2.702s] -- Symlinking: /home/sophie/visionaid/isaac_ros_ws/install/isaac_ros_bi3d_interfaces/local/lib/python3.10/dist-packages/isaac_ros_bi3d_interfaces/__init__.py
[2.707s] -- Symlinking: /home/sophie/visionaid/isaac_ros_ws/install/isaac_ros_bi3d_interfaces/local/lib/python3.10/dist-packages/isaac_ros_bi3d_interfaces/_isaac_ros_bi3d_interfaces_s.ep.rosidl_typesupport_c.c
[2.714s] -- Symlinking: /home/sophie/visionaid/isaac_ros_ws/install/isaac_ros_bi3d_interfaces/local/lib/python3.10/dist-packages/isaac_ros_bi3d_interfaces/_isaac_ros_bi3d_interfaces_s.ep.rosidl_typesupport_fastrtps_c.c
[2.719s] -- Symlinking: /home/sophie/visionaid/isaac_ros_ws/install/isaac_ros_bi3d_interfaces/local/lib/python3.10/dist-packages/isaac_ros_bi3d_interfaces/_isaac_ros_bi3d_interfaces_s.ep.rosidl_typesupport_introspection_c.c
[2.723s] -- Symlinking: /home/sophie/visionaid/isaac_ros_ws/install/isaac_ros_bi3d_interfaces/local/lib/python3.10/dist-packages/isaac_ros_bi3d_interfaces/isaac_ros_bi3d_interfaces_s__rosidl_typesupport_c.cpython-310-x86_64-linux-gnu.so
[2.729s] -- Symlinking: /home/sophie/visionaid/isaac_ros_ws/install/isaac_ros_bi3d_interfaces/local/lib/python3.10/dist-packages/isaac_ros_bi3d_interfaces/isaac_ros_bi3d_interfaces_s__rosidl_typesupport_fastrtps_c.cpython-310-x86_64-linux-gnu.so
[2.736s] -- Symlinking: /home/sophie/visionaid/isaac_ros_ws/install/isaac_ros_bi3d_interfaces/local/lib/python3.10/dist-packages/isaac_ros_bi3d_interfaces/isaac_ros_bi3d_interfaces_s__rosidl_typesupport_introspection_c.cpython-310-x86_64-linux-gnu.so
[2.741s] -- Symlinking: /home/sophie/visionaid/isaac_ros_ws/install/isaac_ros_bi3d_interfaces/local/lib/python3.10/dist-packages/isaac_ros_bi3d_interfaces/libisaac_ros_bi3d_interfaces__rosidl_generator_py.so
[2.747s] -- Symlinking: /home/sophie/visionaid/isaac_ros_ws/install/isaac_ros_bi3d_interfaces/local/lib/python3.10/dist-packages/isaac_ros_bi3d_interfaces/msg/__init__.py
[2.753s] -- Symlinking: /home/sophie/visionaid/isaac_ros_ws/install/isaac_ros_bi3d_interfaces/local/lib/python3.10/dist-packages/isaac_ros_bi3d_interfaces/msg/_bi3_d_inference_parameters_array.py
[2.759s] -- Symlinking: /home/sophie/visionaid/isaac_ros_ws/install/isaac_ros_bi3d_interfaces/local/lib/python3.10/dist-packages/isaac_ros_bi3d_interfaces/msg/_bi3_d_inference_parameters_array_s.c
[2.765s] -- Up-to-date symlink: /home/sophie/visionaid/isaac_ros_ws/install/isaac_ros_bi3d_interfaces/local/lib/python3.10/dist-packages/isaac_ros_bi3d_interfaces/isaac_ros_bi3d_interfaces_s__rosidl_typesupport_fastrtps_c.cpython-310-x86_64-linux-gnu.so
[2.765s] -- Up-to-date symlink: /home/sophie/visionaid/isaac_ros_ws/install/isaac_ros_bi3d_interfaces/local/lib/python3.10/dist-packages/isaac_ros_bi3d_interfaces/isaac_ros_bi3d_interfaces_s__rosidl_typesupport_introspection_c.cpython-310-x86_64-linux-gnu.so
[2.765s] -- Up-to-date symlink: /home/sophie/visionaid/isaac_ros_ws/install/isaac_ros_bi3d_interfaces/local/lib/python3.10/dist-packages/isaac_ros_bi3d_interfaces/isaac_ros_bi3d_interfaces_s__rosidl_typesupport_c.cpython-310-x86_64-linux-gnu.so
[2.765s] -- Symlinking: /home/sophie/visionaid/isaac_ros_ws/install/isaac_ros_bi3d_interfaces/share/isaac_ros_bi3d_interfaces/msg/Bi3DInferenceParametersArray.idl
[2.771s] -- Symlinking: /home/sophie/visionaid/isaac_ros_ws/install/isaac_ros_bi3d_interfaces/share/isaac_ros_bi3d_interfaces/msg/Bi3DInferenceParametersArray.msg
[2.776s] -- Symlinking: /home/sophie/visionaid/isaac_ros_ws/install/isaac_ros_bi3d_interfaces/share/isaac_ros_bi3d_interfaces/version_info.yaml
[2.783s] -- Symlinking: /home/sophie/visionaid/isaac_ros_ws/install/isaac_ros_bi3d_interfaces/share/ament_index/resource_index/package_run_dependencies/isaac_ros_bi3d_interfaces
[2.789s] -- Symlinking: /home/sophie/visionaid/isaac_ros_ws/install/isaac_ros_bi3d_interfaces/share/ament_index/resource_index/parent_prefix_path/isaac_ros_bi3d_interfaces
[2.794s] -- Symlinking: /home/sophie/visionaid/isaac_ros_ws/install/isaac_ros_bi3d_interfaces/share/isaac_ros_bi3d_interfaces/environment/ament_prefix_path.sh
[2.799s] -- Symlinking: /home/sophie/visionaid/isaac_ros_ws/install/isaac_ros_bi3d_interfaces/share/isaac_ros_bi3d_interfaces/environment/ament_prefix_path.dsv
[2.805s] -- Symlinking: /home/sophie/visionaid/isaac_ros_ws/install/isaac_ros_bi3d_interfaces/share/isaac_ros_bi3d_interfaces/environment/path.sh
[2.810s] -- Symlinking: /home/sophie/visionaid/isaac_ros_ws/install/isaac_ros_bi3d_interfaces/share/isaac_ros_bi3d_interfaces/environment/path.dsv
[2.817s] -- Symlinking: /home/sophie/visionaid/isaac_ros_ws/install/isaac_ros_bi3d_interfaces/share/isaac_ros_bi3d_interfaces/local_setup.bash
[2.824s] -- Symlinking: /home/sophie/visionaid/isaac_ros_ws/install/isaac_ros_bi3d_interfaces/share/isaac_ros_bi3d_interfaces/local_setup.sh
[2.829s] -- Symlinking: /home/sophie/visionaid/isaac_ros_ws/install/isaac_ros_bi3d_interfaces/share/isaac_ros_bi3d_interfaces/local_setup.zsh
[2.835s] -- Symlinking: /home/sophie/visionaid/isaac_ros_ws/install/isaac_ros_bi3d_interfaces/share/isaac_ros_bi3d_interfaces/local_setup.dsv
[2.841s] -- Symlinking: /home/sophie/visionaid/isaac_ros_ws/install/isaac_ros_bi3d_interfaces/share/isaac_ros_bi3d_interfaces/package.dsv
[2.847s] -- Symlinking: /home/sophie/visionaid/isaac_ros_ws/install/isaac_ros_bi3d_interfaces/share/ament_index/resource_index/packages/isaac_ros_bi3d_interfaces
[2.852s] -- Symlinking: /home/sophie/visionaid/isaac_ros_ws/install/isaac_ros_bi3d_interfaces/share/isaac_ros_bi3d_interfaces/cmake/rosidl_cmake-extras.cmake
[2.857s] -- Symlinking: /home/sophie/visionaid/isaac_ros_ws/install/isaac_ros_bi3d_interfaces/share/isaac_ros_bi3d_interfaces/cmake/ament_cmake_export_dependencies-extras.cmake
[2.864s] -- Symlinking: /home/sophie/visionaid/isaac_ros_ws/install/isaac_ros_bi3d_interfaces/share/isaac_ros_bi3d_interfaces/cmake/ament_cmake_export_include_directories-extras.cmake
[2.868s] -- Symlinking: /home/sophie/visionaid/isaac_ros_ws/install/isaac_ros_bi3d_interfaces/share/isaac_ros_bi3d_interfaces/cmake/ament_cmake_export_libraries-extras.cmake
[2.877s] -- Symlinking: /home/sophie/visionaid/isaac_ros_ws/install/isaac_ros_bi3d_interfaces/share/isaac_ros_bi3d_interfaces/cmake/ament_cmake_export_targets-extras.cmake
[2.884s] -- Symlinking: /home/sophie/visionaid/isaac_ros_ws/install/isaac_ros_bi3d_interfaces/share/isaac_ros_bi3d_interfaces/cmake/rosidl_cmake_export_typesupport_targets-extras.cmake
[2.890s] -- Symlinking: /home/sophie/visionaid/isaac_ros_ws/install/isaac_ros_bi3d_interfaces/share/isaac_ros_bi3d_interfaces/cmake/rosidl_cmake_export_typesupport_libraries-extras.cmake
[2.895s] -- Symlinking: /home/sophie/visionaid/isaac_ros_ws/install/isaac_ros_bi3d_interfaces/share/isaac_ros_bi3d_interfaces/cmake/isaac_ros_bi3d_interfacesConfig.cmake
[2.901s] -- Symlinking: /home/sophie/visionaid/isaac_ros_ws/install/isaac_ros_bi3d_interfaces/share/isaac_ros_bi3d_interfaces/cmake/isaac_ros_bi3d_interfacesConfig-version.cmake
[2.906s] -- Symlinking: /home/sophie/visionaid/isaac_ros_ws/install/isaac_ros_bi3d_interfaces/share/isaac_ros_bi3d_interfaces/package.xml
[2.912s] -- Installing: /home/sophie/visionaid/isaac_ros_ws/install/isaac_ros_bi3d_interfaces/lib/libisaac_ros_bi3d_interfaces__rosidl_generator_c.so
[2.912s] -- Set runtime path of "/home/sophie/visionaid/isaac_ros_ws/install/isaac_ros_bi3d_interfaces/lib/libisaac_ros_bi3d_interfaces__rosidl_generator_c.so" to ""
[2.912s] -- Installing: /home/sophie/visionaid/isaac_ros_ws/install/isaac_ros_bi3d_interfaces/lib/libisaac_ros_bi3d_interfaces__rosidl_typesupport_fastrtps_c.so
[2.912s] -- Set runtime path of "/home/sophie/visionaid/isaac_ros_ws/install/isaac_ros_bi3d_interfaces/lib/libisaac_ros_bi3d_interfaces__rosidl_typesupport_fastrtps_c.so" to ""
[2.912s] -- Installing: /home/sophie/visionaid/isaac_ros_ws/install/isaac_ros_bi3d_interfaces/lib/libisaac_ros_bi3d_interfaces__rosidl_typesupport_introspection_c.so
[2.912s] -- Set runtime path of "/home/sophie/visionaid/isaac_ros_ws/install/isaac_ros_bi3d_interfaces/lib/libisaac_ros_bi3d_interfaces__rosidl_typesupport_introspection_c.so" to ""
[2.912s] -- Installing: /home/sophie/visionaid/isaac_ros_ws/install/isaac_ros_bi3d_interfaces/lib/libisaac_ros_bi3d_interfaces__rosidl_typesupport_c.so
[2.913s] -- Set runtime path of "/home/sophie/visionaid/isaac_ros_ws/install/isaac_ros_bi3d_interfaces/lib/libisaac_ros_bi3d_interfaces__rosidl_typesupport_c.so" to ""
[2.913s] -- Installing: /home/sophie/visionaid/isaac_ros_ws/install/isaac_ros_bi3d_interfaces/lib/libisaac_ros_bi3d_interfaces__rosidl_typesupport_fastrtps_cpp.so
[2.913s] -- Set runtime path of "/home/sophie/visionaid/isaac_ros_ws/install/isaac_ros_bi3d_interfaces/lib/libisaac_ros_bi3d_interfaces__rosidl_typesupport_fastrtps_cpp.so" to ""
[2.913s] -- Installing: /home/sophie/visionaid/isaac_ros_ws/install/isaac_ros_bi3d_interfaces/lib/libisaac_ros_bi3d_interfaces__rosidl_typesupport_introspection_cpp.so
[2.913s] -- Set runtime path of "/home/sophie/visionaid/isaac_ros_ws/install/isaac_ros_bi3d_interfaces/lib/libisaac_ros_bi3d_interfaces__rosidl_typesupport_introspection_cpp.so" to ""
[2.913s] -- Installing: /home/sophie/visionaid/isaac_ros_ws/install/isaac_ros_bi3d_interfaces/lib/libisaac_ros_bi3d_interfaces__rosidl_typesupport_cpp.so
[2.913s] -- Set runtime path of "/home/sophie/visionaid/isaac_ros_ws/install/isaac_ros_bi3d_interfaces/lib/libisaac_ros_bi3d_interfaces__rosidl_typesupport_cpp.so" to ""
[2.934s] Listing '/home/sophie/visionaid/isaac_ros_ws/install/isaac_ros_bi3d_interfaces/local/lib/python3.10/dist-packages/isaac_ros_bi3d_interfaces'...
[2.934s] Compiling '/home/sophie/visionaid/isaac_ros_ws/install/isaac_ros_bi3d_interfaces/local/lib/python3.10/dist-packages/isaac_ros_bi3d_interfaces/__init__.py'...
[2.934s] Listing '/home/sophie/visionaid/isaac_ros_ws/install/isaac_ros_bi3d_interfaces/local/lib/python3.10/dist-packages/isaac_ros_bi3d_interfaces/msg'...
[2.934s] Compiling '/home/sophie/visionaid/isaac_ros_ws/install/isaac_ros_bi3d_interfaces/local/lib/python3.10/dist-packages/isaac_ros_bi3d_interfaces/msg/__init__.py'...
[2.934s] Compiling '/home/sophie/visionaid/isaac_ros_ws/install/isaac_ros_bi3d_interfaces/local/lib/python3.10/dist-packages/isaac_ros_bi3d_interfaces/msg/_bi3_d_inference_parameters_array.py'...
[2.937s] -- Installing: /home/sophie/visionaid/isaac_ros_ws/install/isaac_ros_bi3d_interfaces/lib/libisaac_ros_bi3d_interfaces__rosidl_generator_py.so
[2.937s] -- Set runtime path of "/home/sophie/visionaid/isaac_ros_ws/install/isaac_ros_bi3d_interfaces/lib/libisaac_ros_bi3d_interfaces__rosidl_generator_py.so" to ""
[2.937s] -- Installing: /home/sophie/visionaid/isaac_ros_ws/install/isaac_ros_bi3d_interfaces/share/isaac_ros_bi3d_interfaces/cmake/export_isaac_ros_bi3d_interfaces__rosidl_generator_cExport.cmake
[2.937s] -- Installing: /home/sophie/visionaid/isaac_ros_ws/install/isaac_ros_bi3d_interfaces/share/isaac_ros_bi3d_interfaces/cmake/export_isaac_ros_bi3d_interfaces__rosidl_generator_cExport-release.cmake
[2.937s] -- Installing: /home/sophie/visionaid/isaac_ros_ws/install/isaac_ros_bi3d_interfaces/share/isaac_ros_bi3d_interfaces/cmake/export_isaac_ros_bi3d_interfaces__rosidl_typesupport_fastrtps_cExport.cmake
[2.937s] -- Installing: /home/sophie/visionaid/isaac_ros_ws/install/isaac_ros_bi3d_interfaces/share/isaac_ros_bi3d_interfaces/cmake/export_isaac_ros_bi3d_interfaces__rosidl_typesupport_fastrtps_cExport-release.cmake
[2.937s] -- Installing: /home/sophie/visionaid/isaac_ros_ws/install/isaac_ros_bi3d_interfaces/share/isaac_ros_bi3d_interfaces/cmake/isaac_ros_bi3d_interfaces__rosidl_typesupport_introspection_cExport.cmake
[2.937s] -- Installing: /home/sophie/visionaid/isaac_ros_ws/install/isaac_ros_bi3d_interfaces/share/isaac_ros_bi3d_interfaces/cmake/isaac_ros_bi3d_interfaces__rosidl_typesupport_introspection_cExport-release.cmake
[2.938s] -- Installing: /home/sophie/visionaid/isaac_ros_ws/install/isaac_ros_bi3d_interfaces/share/isaac_ros_bi3d_interfaces/cmake/isaac_ros_bi3d_interfaces__rosidl_typesupport_cExport.cmake
[2.938s] -- Installing: /home/sophie/visionaid/isaac_ros_ws/install/isaac_ros_bi3d_interfaces/share/isaac_ros_bi3d_interfaces/cmake/isaac_ros_bi3d_interfaces__rosidl_typesupport_cExport-release.cmake
[2.938s] -- Installing: /home/sophie/visionaid/isaac_ros_ws/install/isaac_ros_bi3d_interfaces/share/isaac_ros_bi3d_interfaces/cmake/export_isaac_ros_bi3d_interfaces__rosidl_generator_cppExport.cmake
[2.938s] -- Installing: /home/sophie/visionaid/isaac_ros_ws/install/isaac_ros_bi3d_interfaces/share/isaac_ros_bi3d_interfaces/cmake/export_isaac_ros_bi3d_interfaces__rosidl_typesupport_fastrtps_cppExport.cmake
[2.938s] -- Installing: /home/sophie/visionaid/isaac_ros_ws/install/isaac_ros_bi3d_interfaces/share/isaac_ros_bi3d_interfaces/cmake/export_isaac_ros_bi3d_interfaces__rosidl_typesupport_fastrtps_cppExport-release.cmake
[2.938s] -- Installing: /home/sophie/visionaid/isaac_ros_ws/install/isaac_ros_bi3d_interfaces/share/isaac_ros_bi3d_interfaces/cmake/isaac_ros_bi3d_interfaces__rosidl_typesupport_introspection_cppExport.cmake
[2.938s] -- Installing: /home/sophie/visionaid/isaac_ros_ws/install/isaac_ros_bi3d_interfaces/share/isaac_ros_bi3d_interfaces/cmake/isaac_ros_bi3d_interfaces__rosidl_typesupport_introspection_cppExport-release.cmake
[2.938s] -- Installing: /home/sophie/visionaid/isaac_ros_ws/install/isaac_ros_bi3d_interfaces/share/isaac_ros_bi3d_interfaces/cmake/isaac_ros_bi3d_interfaces__rosidl_typesupport_cppExport.cmake
[2.939s] -- Installing: /home/sophie/visionaid/isaac_ros_ws/install/isaac_ros_bi3d_interfaces/share/isaac_ros_bi3d_interfaces/cmake/isaac_ros_bi3d_interfaces__rosidl_typesupport_cppExport-release.cmake
[2.939s] -- Installing: /home/sophie/visionaid/isaac_ros_ws/install/isaac_ros_bi3d_interfaces/share/isaac_ros_bi3d_interfaces/cmake/export_isaac_ros_bi3d_interfaces__rosidl_generator_pyExport.cmake
[2.939s] -- Installing: /home/sophie/visionaid/isaac_ros_ws/install/isaac_ros_bi3d_interfaces/share/isaac_ros_bi3d_interfaces/cmake/export_isaac_ros_bi3d_interfaces__rosidl_generator_pyExport-release.cmake
[2.941s] Invoked command in '/home/sophie/visionaid/isaac_ros_ws/build/isaac_ros_bi3d_interfaces' returned '0': AMENT_PREFIX_PATH=/home/sophie/visionaid/isaac_ros_ws/install/isaac_ros_common:${AMENT_PREFIX_PATH} CMAKE_PREFIX_PATH=/home/sophie/visionaid/isaac_ros_ws/install/isaac_ros_common:/opt/ros/humble LD_LIBRARY_PATH=/home/sophie/visionaid/isaac_ros_ws/install/isaac_ros_common/lib:${LD_LIBRARY_PATH} PATH=/home/sophie/visionaid/isaac_ros_ws/install/isaac_ros_common/bin:${PATH} PYTHONPATH=/home/sophie/visionaid/isaac_ros_ws/install/isaac_ros_common/local/lib/python3.10/dist-packages:${PYTHONPATH} /usr/bin/cmake --install /home/sophie/visionaid/isaac_ros_ws/build/isaac_ros_bi3d_interfaces
