-- Found ament_cmake_auto: 1.3.11 (/opt/ros/humble/share/ament_cmake_auto/cmake)
-- Override CMake install command with custom implementation using symlinks instead of copying resources
-- Loading isaac_ros_common extras
-- CMAKE_BUILD_TYPE: Release
-- CUDA architectures: 89
-- Loading isaac_ros_common extras (modules)
-- Found rosidl_generator_c: 3.1.6 (/opt/ros/humble/share/rosidl_generator_c/cmake)
-- Found rosidl_adapter: 3.1.6 (/opt/ros/humble/share/rosidl_adapter/cmake)
-- Found rosidl_generator_cpp: 3.1.6 (/opt/ros/humble/share/rosidl_generator_cpp/cmake)
-- Using all available rosidl_typesupport_c: rosidl_typesupport_fastrtps_c;rosidl_typesupport_introspection_c
-- Using all available rosidl_typesupport_cpp: rosidl_typesupport_fastrtps_cpp;rosidl_typesupport_introspection_cpp
-- Found rmw_implementation_cmake: 6.1.2 (/opt/ros/humble/share/rmw_implementation_cmake/cmake)
-- Found rmw_fastrtps_cpp: 6.2.7 (/opt/ros/humble/share/rmw_fastrtps_cpp/cmake)
-- Using RMW implementation 'rmw_fastrtps_cpp' as default
-- Loading isaac_ros_gxf extras
-- Configuring done
-- Generating done
-- Build files have been written to: /home/sophie/visionaid/isaac_ros_ws/build/isaac_ros_tensor_proc
[35m[1mConsolidate compiler generated dependencies of target interleaved_to_planar_node[0m
[  9%] [32mBuilding CXX object CMakeFiles/interleaved_to_planar_node.dir/src/interleaved_to_planar_node.cpp.o[0m
[ 18%] Built target generate_version_info_target_isaac_ros_tensor_proc
[ 27%] [32m[1mLinking CXX shared library libinterleaved_to_planar_node.so[0m
[ 27%] Built target interleaved_to_planar_node
[35m[1mConsolidate compiler generated dependencies of target reshape_node[0m
[ 36%] [32mBuilding CXX object CMakeFiles/reshape_node.dir/src/reshape_node.cpp.o[0m
[ 45%] [32m[1mLinking CXX shared library libreshape_node.so[0m
[ 45%] Built target reshape_node
[35m[1mConsolidate compiler generated dependencies of target image_to_tensor_node[0m
[ 54%] [32mBuilding CXX object CMakeFiles/image_to_tensor_node.dir/src/image_to_tensor_node.cpp.o[0m
[ 63%] [32m[1mLinking CXX shared library libimage_to_tensor_node.so[0m
[ 63%] Built target image_to_tensor_node
[35m[1mConsolidate compiler generated dependencies of target image_tensor_normalize_node[0m
[ 72%] [32mBuilding CXX object CMakeFiles/image_tensor_normalize_node.dir/src/image_tensor_normalize_node.cpp.o[0m
[ 81%] [32m[1mLinking CXX shared library libimage_tensor_normalize_node.so[0m
[ 81%] Built target image_tensor_normalize_node
[35m[1mConsolidate compiler generated dependencies of target normalize_node[0m
[ 90%] [32mBuilding CXX object CMakeFiles/normalize_node.dir/src/normalize_node.cpp.o[0m
[100%] [32m[1mLinking CXX shared library libnormalize_node.so[0m
[100%] Built target normalize_node
-- Install configuration: "Release"
-- Execute custom install script
-- Up-to-date symlink: /home/sophie/visionaid/isaac_ros_ws/install/isaac_ros_tensor_proc/share/isaac_ros_tensor_proc/version_info.yaml
-- Up-to-date symlink: /home/sophie/visionaid/isaac_ros_ws/install/isaac_ros_tensor_proc/include/isaac_ros_tensor_proc/image_tensor_normalize_node.hpp
-- Up-to-date symlink: /home/sophie/visionaid/isaac_ros_ws/install/isaac_ros_tensor_proc/include/isaac_ros_tensor_proc/image_to_tensor_node.hpp
-- Up-to-date symlink: /home/sophie/visionaid/isaac_ros_ws/install/isaac_ros_tensor_proc/include/isaac_ros_tensor_proc/interleaved_to_planar_node.hpp
-- Up-to-date symlink: /home/sophie/visionaid/isaac_ros_ws/install/isaac_ros_tensor_proc/include/isaac_ros_tensor_proc/normalize_node.hpp
-- Up-to-date symlink: /home/sophie/visionaid/isaac_ros_ws/install/isaac_ros_tensor_proc/include/isaac_ros_tensor_proc/reshape_node.hpp
-- Up-to-date symlink: /home/sophie/visionaid/isaac_ros_ws/install/isaac_ros_tensor_proc/share/isaac_ros_tensor_proc/environment/library_path.sh
-- Up-to-date symlink: /home/sophie/visionaid/isaac_ros_ws/install/isaac_ros_tensor_proc/share/isaac_ros_tensor_proc/environment/library_path.dsv
-- Up-to-date symlink: /home/sophie/visionaid/isaac_ros_ws/install/isaac_ros_tensor_proc/lib/libinterleaved_to_planar_node.so
-- Up-to-date symlink: /home/sophie/visionaid/isaac_ros_ws/install/isaac_ros_tensor_proc/lib/libreshape_node.so
-- Up-to-date symlink: /home/sophie/visionaid/isaac_ros_ws/install/isaac_ros_tensor_proc/lib/libimage_to_tensor_node.so
-- Up-to-date symlink: /home/sophie/visionaid/isaac_ros_ws/install/isaac_ros_tensor_proc/lib/libimage_tensor_normalize_node.so
-- Up-to-date symlink: /home/sophie/visionaid/isaac_ros_ws/install/isaac_ros_tensor_proc/lib/libnormalize_node.so
-- Up-to-date symlink: /home/sophie/visionaid/isaac_ros_ws/install/isaac_ros_tensor_proc/share/isaac_ros_tensor_proc/config/interleaved_to_planar_node.yaml
-- Up-to-date symlink: /home/sophie/visionaid/isaac_ros_ws/install/isaac_ros_tensor_proc/share/isaac_ros_tensor_proc/config/namespace_injector_rule_interleaved_to_planar.yaml
-- Up-to-date symlink: /home/sophie/visionaid/isaac_ros_ws/install/isaac_ros_tensor_proc/share/isaac_ros_tensor_proc/config/namespace_injector_rule_normalizer.yaml
-- Up-to-date symlink: /home/sophie/visionaid/isaac_ros_ws/install/isaac_ros_tensor_proc/share/isaac_ros_tensor_proc/config/namespace_injector_rule_reshaper.yaml
-- Up-to-date symlink: /home/sophie/visionaid/isaac_ros_ws/install/isaac_ros_tensor_proc/share/isaac_ros_tensor_proc/config/normalizer_node.yaml
-- Up-to-date symlink: /home/sophie/visionaid/isaac_ros_ws/install/isaac_ros_tensor_proc/share/isaac_ros_tensor_proc/config/reshape_node.yaml
-- Up-to-date symlink: /home/sophie/visionaid/isaac_ros_ws/install/isaac_ros_tensor_proc/share/ament_index/resource_index/package_run_dependencies/isaac_ros_tensor_proc
-- Up-to-date symlink: /home/sophie/visionaid/isaac_ros_ws/install/isaac_ros_tensor_proc/share/ament_index/resource_index/parent_prefix_path/isaac_ros_tensor_proc
-- Up-to-date symlink: /home/sophie/visionaid/isaac_ros_ws/install/isaac_ros_tensor_proc/share/isaac_ros_tensor_proc/environment/ament_prefix_path.sh
-- Up-to-date symlink: /home/sophie/visionaid/isaac_ros_ws/install/isaac_ros_tensor_proc/share/isaac_ros_tensor_proc/environment/ament_prefix_path.dsv
-- Up-to-date symlink: /home/sophie/visionaid/isaac_ros_ws/install/isaac_ros_tensor_proc/share/isaac_ros_tensor_proc/environment/path.sh
-- Up-to-date symlink: /home/sophie/visionaid/isaac_ros_ws/install/isaac_ros_tensor_proc/share/isaac_ros_tensor_proc/environment/path.dsv
-- Up-to-date symlink: /home/sophie/visionaid/isaac_ros_ws/install/isaac_ros_tensor_proc/share/isaac_ros_tensor_proc/local_setup.bash
-- Up-to-date symlink: /home/sophie/visionaid/isaac_ros_ws/install/isaac_ros_tensor_proc/share/isaac_ros_tensor_proc/local_setup.sh
-- Up-to-date symlink: /home/sophie/visionaid/isaac_ros_ws/install/isaac_ros_tensor_proc/share/isaac_ros_tensor_proc/local_setup.zsh
-- Up-to-date symlink: /home/sophie/visionaid/isaac_ros_ws/install/isaac_ros_tensor_proc/share/isaac_ros_tensor_proc/local_setup.dsv
-- Symlinking: /home/sophie/visionaid/isaac_ros_ws/install/isaac_ros_tensor_proc/share/isaac_ros_tensor_proc/package.dsv
-- Up-to-date symlink: /home/sophie/visionaid/isaac_ros_ws/install/isaac_ros_tensor_proc/share/ament_index/resource_index/packages/isaac_ros_tensor_proc
-- Up-to-date symlink: /home/sophie/visionaid/isaac_ros_ws/install/isaac_ros_tensor_proc/share/ament_index/resource_index/rclcpp_components/isaac_ros_tensor_proc
-- Up-to-date symlink: /home/sophie/visionaid/isaac_ros_ws/install/isaac_ros_tensor_proc/share/isaac_ros_tensor_proc/cmake/ament_cmake_export_dependencies-extras.cmake
-- Up-to-date symlink: /home/sophie/visionaid/isaac_ros_ws/install/isaac_ros_tensor_proc/share/isaac_ros_tensor_proc/cmake/ament_cmake_export_include_directories-extras.cmake
-- Up-to-date symlink: /home/sophie/visionaid/isaac_ros_ws/install/isaac_ros_tensor_proc/share/isaac_ros_tensor_proc/cmake/ament_cmake_export_libraries-extras.cmake
-- Up-to-date symlink: /home/sophie/visionaid/isaac_ros_ws/install/isaac_ros_tensor_proc/share/isaac_ros_tensor_proc/cmake/isaac_ros_tensor_procConfig.cmake
-- Up-to-date symlink: /home/sophie/visionaid/isaac_ros_ws/install/isaac_ros_tensor_proc/share/isaac_ros_tensor_proc/cmake/isaac_ros_tensor_procConfig-version.cmake
-- Up-to-date symlink: /home/sophie/visionaid/isaac_ros_ws/install/isaac_ros_tensor_proc/share/isaac_ros_tensor_proc/package.xml
