[0.009s] Invoking command in '/home/sophie/visionaid/isaac_ros_ws/build/gxf_isaac_optimizer': AMENT_PREFIX_PATH=/home/sophie/visionaid/isaac_ros_ws/install/isaac_ros_gxf:/home/sophie/visionaid/isaac_ros_ws/install/isaac_ros_common:${AMENT_PREFIX_PATH} CMAKE_PREFIX_PATH=/home/sophie/visionaid/isaac_ros_ws/install/isaac_ros_gxf:/home/sophie/visionaid/isaac_ros_ws/install/isaac_ros_common:/opt/ros/humble LD_LIBRARY_PATH=/home/sophie/visionaid/isaac_ros_ws/install/isaac_ros_gxf/lib:/home/sophie/visionaid/isaac_ros_ws/install/isaac_ros_common/lib:${LD_LIBRARY_PATH} PATH=/home/sophie/visionaid/isaac_ros_ws/install/isaac_ros_common/bin:${PATH} PYTHONPATH=/home/sophie/visionaid/isaac_ros_ws/install/isaac_ros_common/local/lib/python3.10/dist-packages:${PYTHONPATH} /usr/bin/cmake /home/sophie/visionaid/isaac_ros_ws/src/isaac_ros_nitros/isaac_ros_gxf_extensions/gxf_isaac_optimizer -DCMAKE_BUILD_TYPE=Release -DBUILD_TESTING=OFF -DCMAKE_CUDA_ARCHITECTURES=89 -DAMENT_CMAKE_SYMLINK_INSTALL=1 -DCMAKE_INSTALL_PREFIX=/home/sophie/visionaid/isaac_ros_ws/install/gxf_isaac_optimizer
[0.051s] -- The C compiler identification is GNU 11.4.0
[0.090s] -- The CXX compiler identification is GNU 11.4.0
[0.094s] -- Detecting C compiler ABI info
[0.144s] -- Detecting C compiler ABI info - done
[0.149s] -- Check for working C compiler: /usr/bin/cc - skipped
[0.149s] -- Detecting C compile features
[0.149s] -- Detecting C compile features - done
[0.151s] -- Detecting CXX compiler ABI info
[0.211s] -- Detecting CXX compiler ABI info - done
[0.220s] -- Check for working CXX compiler: /usr/bin/c++ - skipped
[0.220s] -- Detecting CXX compile features
[0.220s] -- Detecting CXX compile features - done
[0.221s] -- Found ament_cmake_auto: 1.3.11 (/opt/ros/humble/share/ament_cmake_auto/cmake)
[0.317s] -- Found Python3: /usr/bin/python3 (found version "3.10.12") found components: Interpreter 
[0.354s] -- Override CMake install command with custom implementation using symlinks instead of copying resources
[0.401s] -- Loading isaac_ros_common extras
[0.401s] -- CMAKE_BUILD_TYPE: Release
[0.415s] -- Looking for pthread.h
[0.468s] -- Looking for pthread.h - found
[0.468s] -- Performing Test CMAKE_HAVE_LIBC_PTHREAD
[0.519s] -- Performing Test CMAKE_HAVE_LIBC_PTHREAD - Success
[0.520s] -- Found Threads: TRUE  
[0.525s] -- Found CUDA: /usr/local/cuda-12.8 (found version "12.8") 
[0.526s] -- CUDA architectures: 89
[0.526s] -- Loading isaac_ros_common extras (modules)
[0.545s] -- Found rosidl_generator_c: 3.1.6 (/opt/ros/humble/share/rosidl_generator_c/cmake)
[0.547s] -- Found rosidl_adapter: 3.1.6 (/opt/ros/humble/share/rosidl_adapter/cmake)
[0.551s] -- Found rosidl_generator_cpp: 3.1.6 (/opt/ros/humble/share/rosidl_generator_cpp/cmake)
[0.558s] -- Using all available rosidl_typesupport_c: rosidl_typesupport_fastrtps_c;rosidl_typesupport_introspection_c
[0.566s] -- Using all available rosidl_typesupport_cpp: rosidl_typesupport_fastrtps_cpp;rosidl_typesupport_introspection_cpp
[0.589s] -- Found rmw_implementation_cmake: 6.1.2 (/opt/ros/humble/share/rmw_implementation_cmake/cmake)
[0.590s] -- Found rmw_fastrtps_cpp: 6.2.7 (/opt/ros/humble/share/rmw_fastrtps_cpp/cmake)
[0.646s] -- Found OpenSSL: /usr/lib/x86_64-linux-gnu/libcrypto.so (found version "3.0.2")  
[0.662s] -- Found FastRTPS: /opt/ros/humble/include  
[0.686s] -- Using RMW implementation 'rmw_fastrtps_cpp' as default
[0.717s] -- Loading isaac_ros_gxf extras
[0.769s] -- Configuring done
[0.771s] -- Generating done
[0.772s] -- Build files have been written to: /home/sophie/visionaid/isaac_ros_ws/build/gxf_isaac_optimizer
[0.779s] Invoked command in '/home/sophie/visionaid/isaac_ros_ws/build/gxf_isaac_optimizer' returned '0': AMENT_PREFIX_PATH=/home/sophie/visionaid/isaac_ros_ws/install/isaac_ros_gxf:/home/sophie/visionaid/isaac_ros_ws/install/isaac_ros_common:${AMENT_PREFIX_PATH} CMAKE_PREFIX_PATH=/home/sophie/visionaid/isaac_ros_ws/install/isaac_ros_gxf:/home/sophie/visionaid/isaac_ros_ws/install/isaac_ros_common:/opt/ros/humble LD_LIBRARY_PATH=/home/sophie/visionaid/isaac_ros_ws/install/isaac_ros_gxf/lib:/home/sophie/visionaid/isaac_ros_ws/install/isaac_ros_common/lib:${LD_LIBRARY_PATH} PATH=/home/sophie/visionaid/isaac_ros_ws/install/isaac_ros_common/bin:${PATH} PYTHONPATH=/home/sophie/visionaid/isaac_ros_ws/install/isaac_ros_common/local/lib/python3.10/dist-packages:${PYTHONPATH} /usr/bin/cmake /home/sophie/visionaid/isaac_ros_ws/src/isaac_ros_nitros/isaac_ros_gxf_extensions/gxf_isaac_optimizer -DCMAKE_BUILD_TYPE=Release -DBUILD_TESTING=OFF -DCMAKE_CUDA_ARCHITECTURES=89 -DAMENT_CMAKE_SYMLINK_INSTALL=1 -DCMAKE_INSTALL_PREFIX=/home/sophie/visionaid/isaac_ros_ws/install/gxf_isaac_optimizer
[0.781s] Invoking command in '/home/sophie/visionaid/isaac_ros_ws/build/gxf_isaac_optimizer': AMENT_PREFIX_PATH=/home/sophie/visionaid/isaac_ros_ws/install/isaac_ros_gxf:/home/sophie/visionaid/isaac_ros_ws/install/isaac_ros_common:${AMENT_PREFIX_PATH} CMAKE_PREFIX_PATH=/home/sophie/visionaid/isaac_ros_ws/install/isaac_ros_gxf:/home/sophie/visionaid/isaac_ros_ws/install/isaac_ros_common:/opt/ros/humble LD_LIBRARY_PATH=/home/sophie/visionaid/isaac_ros_ws/install/isaac_ros_gxf/lib:/home/sophie/visionaid/isaac_ros_ws/install/isaac_ros_common/lib:${LD_LIBRARY_PATH} PATH=/home/sophie/visionaid/isaac_ros_ws/install/isaac_ros_common/bin:${PATH} PYTHONPATH=/home/sophie/visionaid/isaac_ros_ws/install/isaac_ros_common/local/lib/python3.10/dist-packages:${PYTHONPATH} /usr/bin/cmake --build /home/sophie/visionaid/isaac_ros_ws/build/gxf_isaac_optimizer -- -j22 -l22
[0.815s] [100%] [34m[1mGenerating version information as YAML[0m
[0.867s] [100%] Built target generate_version_info_target_gxf_isaac_optimizer
[0.875s] Invoked command in '/home/sophie/visionaid/isaac_ros_ws/build/gxf_isaac_optimizer' returned '0': AMENT_PREFIX_PATH=/home/sophie/visionaid/isaac_ros_ws/install/isaac_ros_gxf:/home/sophie/visionaid/isaac_ros_ws/install/isaac_ros_common:${AMENT_PREFIX_PATH} CMAKE_PREFIX_PATH=/home/sophie/visionaid/isaac_ros_ws/install/isaac_ros_gxf:/home/sophie/visionaid/isaac_ros_ws/install/isaac_ros_common:/opt/ros/humble LD_LIBRARY_PATH=/home/sophie/visionaid/isaac_ros_ws/install/isaac_ros_gxf/lib:/home/sophie/visionaid/isaac_ros_ws/install/isaac_ros_common/lib:${LD_LIBRARY_PATH} PATH=/home/sophie/visionaid/isaac_ros_ws/install/isaac_ros_common/bin:${PATH} PYTHONPATH=/home/sophie/visionaid/isaac_ros_ws/install/isaac_ros_common/local/lib/python3.10/dist-packages:${PYTHONPATH} /usr/bin/cmake --build /home/sophie/visionaid/isaac_ros_ws/build/gxf_isaac_optimizer -- -j22 -l22
[0.877s] Invoking command in '/home/sophie/visionaid/isaac_ros_ws/build/gxf_isaac_optimizer': AMENT_PREFIX_PATH=/home/sophie/visionaid/isaac_ros_ws/install/isaac_ros_gxf:/home/sophie/visionaid/isaac_ros_ws/install/isaac_ros_common:${AMENT_PREFIX_PATH} CMAKE_PREFIX_PATH=/home/sophie/visionaid/isaac_ros_ws/install/isaac_ros_gxf:/home/sophie/visionaid/isaac_ros_ws/install/isaac_ros_common:/opt/ros/humble LD_LIBRARY_PATH=/home/sophie/visionaid/isaac_ros_ws/install/isaac_ros_gxf/lib:/home/sophie/visionaid/isaac_ros_ws/install/isaac_ros_common/lib:${LD_LIBRARY_PATH} PATH=/home/sophie/visionaid/isaac_ros_ws/install/isaac_ros_common/bin:${PATH} PYTHONPATH=/home/sophie/visionaid/isaac_ros_ws/install/isaac_ros_common/local/lib/python3.10/dist-packages:${PYTHONPATH} /usr/bin/cmake --install /home/sophie/visionaid/isaac_ros_ws/build/gxf_isaac_optimizer
[0.881s] -- Install configuration: "Release"
[0.881s] -- Execute custom install script
[0.882s] -- Symlinking: /home/sophie/visionaid/isaac_ros_ws/install/gxf_isaac_optimizer/share/gxf_isaac_optimizer/gxf/lib/libgxf_isaac_optimizer.so
[0.889s] -- Symlinking: /home/sophie/visionaid/isaac_ros_ws/install/gxf_isaac_optimizer/share/gxf_isaac_optimizer/gxf/include/extensions/gxf_optimizer/common/type.hpp
[0.894s] -- Symlinking: /home/sophie/visionaid/isaac_ros_ws/install/gxf_isaac_optimizer/share/gxf_isaac_optimizer/gxf/include/extensions/gxf_optimizer/core/optimizer.hpp
[0.901s] -- Symlinking: /home/sophie/visionaid/isaac_ros_ws/install/gxf_isaac_optimizer/share/gxf_isaac_optimizer/gxf/include/extensions/gxf_optimizer/exporter/graph_types.hpp
[0.906s] -- Symlinking: /home/sophie/visionaid/isaac_ros_ws/install/gxf_isaac_optimizer/share/gxf_isaac_optimizer/environment/library_path.sh
[0.913s] -- Symlinking: /home/sophie/visionaid/isaac_ros_ws/install/gxf_isaac_optimizer/share/gxf_isaac_optimizer/environment/library_path.dsv
[0.920s] -- Symlinking: /home/sophie/visionaid/isaac_ros_ws/install/gxf_isaac_optimizer/share/gxf_isaac_optimizer/version_info.yaml
[0.924s] -- Symlinking: /home/sophie/visionaid/isaac_ros_ws/install/gxf_isaac_optimizer/share/ament_index/resource_index/package_run_dependencies/gxf_isaac_optimizer
[0.930s] -- Symlinking: /home/sophie/visionaid/isaac_ros_ws/install/gxf_isaac_optimizer/share/ament_index/resource_index/parent_prefix_path/gxf_isaac_optimizer
[0.936s] -- Symlinking: /home/sophie/visionaid/isaac_ros_ws/install/gxf_isaac_optimizer/share/gxf_isaac_optimizer/environment/ament_prefix_path.sh
[0.941s] -- Symlinking: /home/sophie/visionaid/isaac_ros_ws/install/gxf_isaac_optimizer/share/gxf_isaac_optimizer/environment/ament_prefix_path.dsv
[0.947s] -- Symlinking: /home/sophie/visionaid/isaac_ros_ws/install/gxf_isaac_optimizer/share/gxf_isaac_optimizer/environment/path.sh
[0.952s] -- Symlinking: /home/sophie/visionaid/isaac_ros_ws/install/gxf_isaac_optimizer/share/gxf_isaac_optimizer/environment/path.dsv
[0.957s] -- Symlinking: /home/sophie/visionaid/isaac_ros_ws/install/gxf_isaac_optimizer/share/gxf_isaac_optimizer/local_setup.bash
[0.964s] -- Symlinking: /home/sophie/visionaid/isaac_ros_ws/install/gxf_isaac_optimizer/share/gxf_isaac_optimizer/local_setup.sh
[0.969s] -- Symlinking: /home/sophie/visionaid/isaac_ros_ws/install/gxf_isaac_optimizer/share/gxf_isaac_optimizer/local_setup.zsh
[0.975s] -- Symlinking: /home/sophie/visionaid/isaac_ros_ws/install/gxf_isaac_optimizer/share/gxf_isaac_optimizer/local_setup.dsv
[0.982s] -- Symlinking: /home/sophie/visionaid/isaac_ros_ws/install/gxf_isaac_optimizer/share/gxf_isaac_optimizer/package.dsv
[0.988s] -- Symlinking: /home/sophie/visionaid/isaac_ros_ws/install/gxf_isaac_optimizer/share/ament_index/resource_index/packages/gxf_isaac_optimizer
[0.993s] -- Symlinking: /home/sophie/visionaid/isaac_ros_ws/install/gxf_isaac_optimizer/share/gxf_isaac_optimizer/cmake/ament_cmake_export_targets-extras.cmake
[0.998s] -- Symlinking: /home/sophie/visionaid/isaac_ros_ws/install/gxf_isaac_optimizer/share/gxf_isaac_optimizer/cmake/ament_cmake_export_dependencies-extras.cmake
[1.005s] -- Symlinking: /home/sophie/visionaid/isaac_ros_ws/install/gxf_isaac_optimizer/share/gxf_isaac_optimizer/cmake/gxf_isaac_optimizerConfig.cmake
[1.010s] -- Symlinking: /home/sophie/visionaid/isaac_ros_ws/install/gxf_isaac_optimizer/share/gxf_isaac_optimizer/cmake/gxf_isaac_optimizerConfig-version.cmake
[1.016s] -- Symlinking: /home/sophie/visionaid/isaac_ros_ws/install/gxf_isaac_optimizer/share/gxf_isaac_optimizer/package.xml
[1.023s] -- Installing: /home/sophie/visionaid/isaac_ros_ws/install/gxf_isaac_optimizer/share/gxf_isaac_optimizer/cmake/export_gxf_isaac_optimizerExport.cmake
[1.025s] Invoked command in '/home/sophie/visionaid/isaac_ros_ws/build/gxf_isaac_optimizer' returned '0': AMENT_PREFIX_PATH=/home/sophie/visionaid/isaac_ros_ws/install/isaac_ros_gxf:/home/sophie/visionaid/isaac_ros_ws/install/isaac_ros_common:${AMENT_PREFIX_PATH} CMAKE_PREFIX_PATH=/home/sophie/visionaid/isaac_ros_ws/install/isaac_ros_gxf:/home/sophie/visionaid/isaac_ros_ws/install/isaac_ros_common:/opt/ros/humble LD_LIBRARY_PATH=/home/sophie/visionaid/isaac_ros_ws/install/isaac_ros_gxf/lib:/home/sophie/visionaid/isaac_ros_ws/install/isaac_ros_common/lib:${LD_LIBRARY_PATH} PATH=/home/sophie/visionaid/isaac_ros_ws/install/isaac_ros_common/bin:${PATH} PYTHONPATH=/home/sophie/visionaid/isaac_ros_ws/install/isaac_ros_common/local/lib/python3.10/dist-packages:${PYTHONPATH} /usr/bin/cmake --install /home/sophie/visionaid/isaac_ros_ws/build/gxf_isaac_optimizer
