[0.021s] Invoking command in '/home/sophie/visionaid/isaac_ros_ws/build/isaac_ros_nitros_occupancy_grid_type': AMENT_PREFIX_PATH=/home/sophie/visionaid/isaac_ros_ws/install/isaac_ros_nitros:/home/sophie/visionaid/isaac_ros_ws/install/gxf_isaac_gxf_helpers:/home/sophie/visionaid/isaac_ros_ws/install/gxf_isaac_atlas:/home/sophie/visionaid/isaac_ros_ws/install/gxf_isaac_sight:/home/sophie/visionaid/isaac_ros_ws/install/gxf_isaac_optimizer:/home/sophie/visionaid/isaac_ros_ws/install/gxf_isaac_message_compositor:/home/sophie/visionaid/isaac_ros_ws/install/gxf_isaac_gems:/home/sophie/visionaid/isaac_ros_ws/install/isaac_ros_test:/home/sophie/visionaid/isaac_ros_ws/install/isaac_ros_gxf:/home/sophie/visionaid/isaac_ros_ws/install/isaac_ros_common:${AMENT_PREFIX_PATH} CMAKE_PREFIX_PATH=/home/sophie/visionaid/isaac_ros_ws/install/isaac_ros_nitros:/home/sophie/visionaid/isaac_ros_ws/install/gxf_isaac_gxf_helpers:/home/sophie/visionaid/isaac_ros_ws/install/gxf_isaac_atlas:/home/sophie/visionaid/isaac_ros_ws/install/gxf_isaac_sight:/home/sophie/visionaid/isaac_ros_ws/install/gxf_isaac_optimizer:/home/sophie/visionaid/isaac_ros_ws/install/gxf_isaac_message_compositor:/home/sophie/visionaid/isaac_ros_ws/install/gxf_isaac_gems:/home/sophie/visionaid/isaac_ros_ws/install/isaac_ros_gxf:/home/sophie/visionaid/isaac_ros_ws/install/isaac_ros_common:/opt/ros/humble LD_LIBRARY_PATH=/home/sophie/visionaid/isaac_ros_ws/install/isaac_ros_nitros/lib:/home/sophie/visionaid/isaac_ros_ws/install/gxf_isaac_gxf_helpers/lib:/home/sophie/visionaid/isaac_ros_ws/install/gxf_isaac_atlas/lib:/home/sophie/visionaid/isaac_ros_ws/install/gxf_isaac_sight/lib:/home/sophie/visionaid/isaac_ros_ws/install/gxf_isaac_optimizer/lib:/home/sophie/visionaid/isaac_ros_ws/install/gxf_isaac_message_compositor/lib:/home/sophie/visionaid/isaac_ros_ws/install/gxf_isaac_gems/lib:/home/sophie/visionaid/isaac_ros_ws/install/isaac_ros_gxf/lib:/home/sophie/visionaid/isaac_ros_ws/install/isaac_ros_common/lib:${LD_LIBRARY_PATH} PATH=/home/sophie/visionaid/isaac_ros_ws/install/isaac_ros_common/bin:${PATH} PYTHONPATH=/home/sophie/visionaid/isaac_ros_ws/build/isaac_ros_test:/home/sophie/visionaid/isaac_ros_ws/install/isaac_ros_test/lib/python3.10/site-packages:/home/sophie/visionaid/isaac_ros_ws/install/isaac_ros_common/local/lib/python3.10/dist-packages:${PYTHONPATH} /usr/bin/cmake /home/sophie/visionaid/isaac_ros_ws/src/isaac_ros_nitros/isaac_ros_nitros_type/isaac_ros_nitros_occupancy_grid_type -DCMAKE_BUILD_TYPE=Release -DBUILD_TESTING=OFF -DCMAKE_CUDA_ARCHITECTURES=89 -DAMENT_CMAKE_SYMLINK_INSTALL=1 -DCMAKE_INSTALL_PREFIX=/home/sophie/visionaid/isaac_ros_ws/install/isaac_ros_nitros_occupancy_grid_type
[0.068s] -- The C compiler identification is GNU 11.4.0
[0.106s] -- The CXX compiler identification is GNU 11.4.0
[0.111s] -- Detecting C compiler ABI info
[0.170s] -- Detecting C compiler ABI info - done
[0.176s] -- Check for working C compiler: /usr/bin/cc - skipped
[0.176s] -- Detecting C compile features
[0.176s] -- Detecting C compile features - done
[0.178s] -- Detecting CXX compiler ABI info
[0.238s] -- Detecting CXX compiler ABI info - done
[0.243s] -- Check for working CXX compiler: /usr/bin/c++ - skipped
[0.243s] -- Detecting CXX compile features
[0.244s] -- Detecting CXX compile features - done
[0.245s] -- Found ament_cmake_auto: 1.3.11 (/opt/ros/humble/share/ament_cmake_auto/cmake)
[0.353s] -- Found Python3: /usr/bin/python3 (found version "3.10.12") found components: Interpreter 
[0.393s] -- Override CMake install command with custom implementation using symlinks instead of copying resources
[0.446s] -- Loading isaac_ros_common extras
[0.446s] -- CMAKE_BUILD_TYPE: Release
[0.459s] -- Looking for pthread.h
[0.515s] -- Looking for pthread.h - found
[0.515s] -- Performing Test CMAKE_HAVE_LIBC_PTHREAD
[0.570s] -- Performing Test CMAKE_HAVE_LIBC_PTHREAD - Success
[0.570s] -- Found Threads: TRUE  
[0.577s] -- Found CUDA: /usr/local/cuda-12.8 (found version "12.8") 
[0.578s] -- CUDA architectures: 89
[0.578s] -- Loading isaac_ros_common extras (modules)
[0.603s] -- Found rosidl_generator_c: 3.1.6 (/opt/ros/humble/share/rosidl_generator_c/cmake)
[0.606s] -- Found rosidl_adapter: 3.1.6 (/opt/ros/humble/share/rosidl_adapter/cmake)
[0.611s] -- Found rosidl_generator_cpp: 3.1.6 (/opt/ros/humble/share/rosidl_generator_cpp/cmake)
[0.618s] -- Using all available rosidl_typesupport_c: rosidl_typesupport_fastrtps_c;rosidl_typesupport_introspection_c
[0.629s] -- Using all available rosidl_typesupport_cpp: rosidl_typesupport_fastrtps_cpp;rosidl_typesupport_introspection_cpp
[0.656s] -- Found rmw_implementation_cmake: 6.1.2 (/opt/ros/humble/share/rmw_implementation_cmake/cmake)
[0.658s] -- Found rmw_fastrtps_cpp: 6.2.7 (/opt/ros/humble/share/rmw_fastrtps_cpp/cmake)
[0.717s] -- Found OpenSSL: /usr/lib/x86_64-linux-gnu/libcrypto.so (found version "3.0.2")  
[0.733s] -- Found FastRTPS: /opt/ros/humble/include  
[0.759s] -- Using RMW implementation 'rmw_fastrtps_cpp' as default
[0.860s] -- Loading isaac_ros_gxf extras
[0.916s] -- Configuring done
[0.930s] -- Generating done
[0.933s] -- Build files have been written to: /home/sophie/visionaid/isaac_ros_ws/build/isaac_ros_nitros_occupancy_grid_type
[0.943s] Invoked command in '/home/sophie/visionaid/isaac_ros_ws/build/isaac_ros_nitros_occupancy_grid_type' returned '0': AMENT_PREFIX_PATH=/home/sophie/visionaid/isaac_ros_ws/install/isaac_ros_nitros:/home/sophie/visionaid/isaac_ros_ws/install/gxf_isaac_gxf_helpers:/home/sophie/visionaid/isaac_ros_ws/install/gxf_isaac_atlas:/home/sophie/visionaid/isaac_ros_ws/install/gxf_isaac_sight:/home/sophie/visionaid/isaac_ros_ws/install/gxf_isaac_optimizer:/home/sophie/visionaid/isaac_ros_ws/install/gxf_isaac_message_compositor:/home/sophie/visionaid/isaac_ros_ws/install/gxf_isaac_gems:/home/sophie/visionaid/isaac_ros_ws/install/isaac_ros_test:/home/sophie/visionaid/isaac_ros_ws/install/isaac_ros_gxf:/home/sophie/visionaid/isaac_ros_ws/install/isaac_ros_common:${AMENT_PREFIX_PATH} CMAKE_PREFIX_PATH=/home/sophie/visionaid/isaac_ros_ws/install/isaac_ros_nitros:/home/sophie/visionaid/isaac_ros_ws/install/gxf_isaac_gxf_helpers:/home/sophie/visionaid/isaac_ros_ws/install/gxf_isaac_atlas:/home/sophie/visionaid/isaac_ros_ws/install/gxf_isaac_sight:/home/sophie/visionaid/isaac_ros_ws/install/gxf_isaac_optimizer:/home/sophie/visionaid/isaac_ros_ws/install/gxf_isaac_message_compositor:/home/sophie/visionaid/isaac_ros_ws/install/gxf_isaac_gems:/home/sophie/visionaid/isaac_ros_ws/install/isaac_ros_gxf:/home/sophie/visionaid/isaac_ros_ws/install/isaac_ros_common:/opt/ros/humble LD_LIBRARY_PATH=/home/sophie/visionaid/isaac_ros_ws/install/isaac_ros_nitros/lib:/home/sophie/visionaid/isaac_ros_ws/install/gxf_isaac_gxf_helpers/lib:/home/sophie/visionaid/isaac_ros_ws/install/gxf_isaac_atlas/lib:/home/sophie/visionaid/isaac_ros_ws/install/gxf_isaac_sight/lib:/home/sophie/visionaid/isaac_ros_ws/install/gxf_isaac_optimizer/lib:/home/sophie/visionaid/isaac_ros_ws/install/gxf_isaac_message_compositor/lib:/home/sophie/visionaid/isaac_ros_ws/install/gxf_isaac_gems/lib:/home/sophie/visionaid/isaac_ros_ws/install/isaac_ros_gxf/lib:/home/sophie/visionaid/isaac_ros_ws/install/isaac_ros_common/lib:${LD_LIBRARY_PATH} PATH=/home/sophie/visionaid/isaac_ros_ws/install/isaac_ros_common/bin:${PATH} PYTHONPATH=/home/sophie/visionaid/isaac_ros_ws/build/isaac_ros_test:/home/sophie/visionaid/isaac_ros_ws/install/isaac_ros_test/lib/python3.10/site-packages:/home/sophie/visionaid/isaac_ros_ws/install/isaac_ros_common/local/lib/python3.10/dist-packages:${PYTHONPATH} /usr/bin/cmake /home/sophie/visionaid/isaac_ros_ws/src/isaac_ros_nitros/isaac_ros_nitros_type/isaac_ros_nitros_occupancy_grid_type -DCMAKE_BUILD_TYPE=Release -DBUILD_TESTING=OFF -DCMAKE_CUDA_ARCHITECTURES=89 -DAMENT_CMAKE_SYMLINK_INSTALL=1 -DCMAKE_INSTALL_PREFIX=/home/sophie/visionaid/isaac_ros_ws/install/isaac_ros_nitros_occupancy_grid_type
[0.944s] Invoking command in '/home/sophie/visionaid/isaac_ros_ws/build/isaac_ros_nitros_occupancy_grid_type': AMENT_PREFIX_PATH=/home/sophie/visionaid/isaac_ros_ws/install/isaac_ros_nitros:/home/sophie/visionaid/isaac_ros_ws/install/gxf_isaac_gxf_helpers:/home/sophie/visionaid/isaac_ros_ws/install/gxf_isaac_atlas:/home/sophie/visionaid/isaac_ros_ws/install/gxf_isaac_sight:/home/sophie/visionaid/isaac_ros_ws/install/gxf_isaac_optimizer:/home/sophie/visionaid/isaac_ros_ws/install/gxf_isaac_message_compositor:/home/sophie/visionaid/isaac_ros_ws/install/gxf_isaac_gems:/home/sophie/visionaid/isaac_ros_ws/install/isaac_ros_test:/home/sophie/visionaid/isaac_ros_ws/install/isaac_ros_gxf:/home/sophie/visionaid/isaac_ros_ws/install/isaac_ros_common:${AMENT_PREFIX_PATH} CMAKE_PREFIX_PATH=/home/sophie/visionaid/isaac_ros_ws/install/isaac_ros_nitros:/home/sophie/visionaid/isaac_ros_ws/install/gxf_isaac_gxf_helpers:/home/sophie/visionaid/isaac_ros_ws/install/gxf_isaac_atlas:/home/sophie/visionaid/isaac_ros_ws/install/gxf_isaac_sight:/home/sophie/visionaid/isaac_ros_ws/install/gxf_isaac_optimizer:/home/sophie/visionaid/isaac_ros_ws/install/gxf_isaac_message_compositor:/home/sophie/visionaid/isaac_ros_ws/install/gxf_isaac_gems:/home/sophie/visionaid/isaac_ros_ws/install/isaac_ros_gxf:/home/sophie/visionaid/isaac_ros_ws/install/isaac_ros_common:/opt/ros/humble LD_LIBRARY_PATH=/home/sophie/visionaid/isaac_ros_ws/install/isaac_ros_nitros/lib:/home/sophie/visionaid/isaac_ros_ws/install/gxf_isaac_gxf_helpers/lib:/home/sophie/visionaid/isaac_ros_ws/install/gxf_isaac_atlas/lib:/home/sophie/visionaid/isaac_ros_ws/install/gxf_isaac_sight/lib:/home/sophie/visionaid/isaac_ros_ws/install/gxf_isaac_optimizer/lib:/home/sophie/visionaid/isaac_ros_ws/install/gxf_isaac_message_compositor/lib:/home/sophie/visionaid/isaac_ros_ws/install/gxf_isaac_gems/lib:/home/sophie/visionaid/isaac_ros_ws/install/isaac_ros_gxf/lib:/home/sophie/visionaid/isaac_ros_ws/install/isaac_ros_common/lib:${LD_LIBRARY_PATH} PATH=/home/sophie/visionaid/isaac_ros_ws/install/isaac_ros_common/bin:${PATH} PYTHONPATH=/home/sophie/visionaid/isaac_ros_ws/build/isaac_ros_test:/home/sophie/visionaid/isaac_ros_ws/install/isaac_ros_test/lib/python3.10/site-packages:/home/sophie/visionaid/isaac_ros_ws/install/isaac_ros_common/local/lib/python3.10/dist-packages:${PYTHONPATH} /usr/bin/cmake --build /home/sophie/visionaid/isaac_ros_ws/build/isaac_ros_nitros_occupancy_grid_type -- -j22 -l22
[0.984s] [ 33%] [34m[1mGenerating version information as YAML[0m
[0.984s] [ 66%] [32mBuilding CXX object CMakeFiles/isaac_ros_nitros_occupancy_grid_type.dir/src/nitros_occupancy_grid.cpp.o[0m
[1.043s] [ 66%] Built target generate_version_info_target_isaac_ros_nitros_occupancy_grid_type
[6.970s] [100%] [32m[1mLinking CXX shared library libisaac_ros_nitros_occupancy_grid_type.so[0m
[7.097s] [100%] Built target isaac_ros_nitros_occupancy_grid_type
[7.108s] Invoked command in '/home/sophie/visionaid/isaac_ros_ws/build/isaac_ros_nitros_occupancy_grid_type' returned '0': AMENT_PREFIX_PATH=/home/sophie/visionaid/isaac_ros_ws/install/isaac_ros_nitros:/home/sophie/visionaid/isaac_ros_ws/install/gxf_isaac_gxf_helpers:/home/sophie/visionaid/isaac_ros_ws/install/gxf_isaac_atlas:/home/sophie/visionaid/isaac_ros_ws/install/gxf_isaac_sight:/home/sophie/visionaid/isaac_ros_ws/install/gxf_isaac_optimizer:/home/sophie/visionaid/isaac_ros_ws/install/gxf_isaac_message_compositor:/home/sophie/visionaid/isaac_ros_ws/install/gxf_isaac_gems:/home/sophie/visionaid/isaac_ros_ws/install/isaac_ros_test:/home/sophie/visionaid/isaac_ros_ws/install/isaac_ros_gxf:/home/sophie/visionaid/isaac_ros_ws/install/isaac_ros_common:${AMENT_PREFIX_PATH} CMAKE_PREFIX_PATH=/home/sophie/visionaid/isaac_ros_ws/install/isaac_ros_nitros:/home/sophie/visionaid/isaac_ros_ws/install/gxf_isaac_gxf_helpers:/home/sophie/visionaid/isaac_ros_ws/install/gxf_isaac_atlas:/home/sophie/visionaid/isaac_ros_ws/install/gxf_isaac_sight:/home/sophie/visionaid/isaac_ros_ws/install/gxf_isaac_optimizer:/home/sophie/visionaid/isaac_ros_ws/install/gxf_isaac_message_compositor:/home/sophie/visionaid/isaac_ros_ws/install/gxf_isaac_gems:/home/sophie/visionaid/isaac_ros_ws/install/isaac_ros_gxf:/home/sophie/visionaid/isaac_ros_ws/install/isaac_ros_common:/opt/ros/humble LD_LIBRARY_PATH=/home/sophie/visionaid/isaac_ros_ws/install/isaac_ros_nitros/lib:/home/sophie/visionaid/isaac_ros_ws/install/gxf_isaac_gxf_helpers/lib:/home/sophie/visionaid/isaac_ros_ws/install/gxf_isaac_atlas/lib:/home/sophie/visionaid/isaac_ros_ws/install/gxf_isaac_sight/lib:/home/sophie/visionaid/isaac_ros_ws/install/gxf_isaac_optimizer/lib:/home/sophie/visionaid/isaac_ros_ws/install/gxf_isaac_message_compositor/lib:/home/sophie/visionaid/isaac_ros_ws/install/gxf_isaac_gems/lib:/home/sophie/visionaid/isaac_ros_ws/install/isaac_ros_gxf/lib:/home/sophie/visionaid/isaac_ros_ws/install/isaac_ros_common/lib:${LD_LIBRARY_PATH} PATH=/home/sophie/visionaid/isaac_ros_ws/install/isaac_ros_common/bin:${PATH} PYTHONPATH=/home/sophie/visionaid/isaac_ros_ws/build/isaac_ros_test:/home/sophie/visionaid/isaac_ros_ws/install/isaac_ros_test/lib/python3.10/site-packages:/home/sophie/visionaid/isaac_ros_ws/install/isaac_ros_common/local/lib/python3.10/dist-packages:${PYTHONPATH} /usr/bin/cmake --build /home/sophie/visionaid/isaac_ros_ws/build/isaac_ros_nitros_occupancy_grid_type -- -j22 -l22
[7.109s] Invoking command in '/home/sophie/visionaid/isaac_ros_ws/build/isaac_ros_nitros_occupancy_grid_type': AMENT_PREFIX_PATH=/home/sophie/visionaid/isaac_ros_ws/install/isaac_ros_nitros:/home/sophie/visionaid/isaac_ros_ws/install/gxf_isaac_gxf_helpers:/home/sophie/visionaid/isaac_ros_ws/install/gxf_isaac_atlas:/home/sophie/visionaid/isaac_ros_ws/install/gxf_isaac_sight:/home/sophie/visionaid/isaac_ros_ws/install/gxf_isaac_optimizer:/home/sophie/visionaid/isaac_ros_ws/install/gxf_isaac_message_compositor:/home/sophie/visionaid/isaac_ros_ws/install/gxf_isaac_gems:/home/sophie/visionaid/isaac_ros_ws/install/isaac_ros_test:/home/sophie/visionaid/isaac_ros_ws/install/isaac_ros_gxf:/home/sophie/visionaid/isaac_ros_ws/install/isaac_ros_common:${AMENT_PREFIX_PATH} CMAKE_PREFIX_PATH=/home/sophie/visionaid/isaac_ros_ws/install/isaac_ros_nitros:/home/sophie/visionaid/isaac_ros_ws/install/gxf_isaac_gxf_helpers:/home/sophie/visionaid/isaac_ros_ws/install/gxf_isaac_atlas:/home/sophie/visionaid/isaac_ros_ws/install/gxf_isaac_sight:/home/sophie/visionaid/isaac_ros_ws/install/gxf_isaac_optimizer:/home/sophie/visionaid/isaac_ros_ws/install/gxf_isaac_message_compositor:/home/sophie/visionaid/isaac_ros_ws/install/gxf_isaac_gems:/home/sophie/visionaid/isaac_ros_ws/install/isaac_ros_gxf:/home/sophie/visionaid/isaac_ros_ws/install/isaac_ros_common:/opt/ros/humble LD_LIBRARY_PATH=/home/sophie/visionaid/isaac_ros_ws/install/isaac_ros_nitros/lib:/home/sophie/visionaid/isaac_ros_ws/install/gxf_isaac_gxf_helpers/lib:/home/sophie/visionaid/isaac_ros_ws/install/gxf_isaac_atlas/lib:/home/sophie/visionaid/isaac_ros_ws/install/gxf_isaac_sight/lib:/home/sophie/visionaid/isaac_ros_ws/install/gxf_isaac_optimizer/lib:/home/sophie/visionaid/isaac_ros_ws/install/gxf_isaac_message_compositor/lib:/home/sophie/visionaid/isaac_ros_ws/install/gxf_isaac_gems/lib:/home/sophie/visionaid/isaac_ros_ws/install/isaac_ros_gxf/lib:/home/sophie/visionaid/isaac_ros_ws/install/isaac_ros_common/lib:${LD_LIBRARY_PATH} PATH=/home/sophie/visionaid/isaac_ros_ws/install/isaac_ros_common/bin:${PATH} PYTHONPATH=/home/sophie/visionaid/isaac_ros_ws/build/isaac_ros_test:/home/sophie/visionaid/isaac_ros_ws/install/isaac_ros_test/lib/python3.10/site-packages:/home/sophie/visionaid/isaac_ros_ws/install/isaac_ros_common/local/lib/python3.10/dist-packages:${PYTHONPATH} /usr/bin/cmake --install /home/sophie/visionaid/isaac_ros_ws/build/isaac_ros_nitros_occupancy_grid_type
[7.114s] -- Install configuration: "Release"
[7.115s] -- Execute custom install script
[7.115s] -- Symlinking: /home/sophie/visionaid/isaac_ros_ws/install/isaac_ros_nitros_occupancy_grid_type/share/isaac_ros_nitros_occupancy_grid_type/version_info.yaml
[7.123s] -- Symlinking: /home/sophie/visionaid/isaac_ros_ws/install/isaac_ros_nitros_occupancy_grid_type/include/isaac_ros_nitros_occupancy_grid_type/nitros_occupancy_grid.hpp
[7.128s] -- Symlinking: /home/sophie/visionaid/isaac_ros_ws/install/isaac_ros_nitros_occupancy_grid_type/share/isaac_ros_nitros_occupancy_grid_type/environment/library_path.sh
[7.135s] -- Symlinking: /home/sophie/visionaid/isaac_ros_ws/install/isaac_ros_nitros_occupancy_grid_type/share/isaac_ros_nitros_occupancy_grid_type/environment/library_path.dsv
[7.142s] -- Symlinking: /home/sophie/visionaid/isaac_ros_ws/install/isaac_ros_nitros_occupancy_grid_type/lib/libisaac_ros_nitros_occupancy_grid_type.so
[7.148s] -- Symlinking: /home/sophie/visionaid/isaac_ros_ws/install/isaac_ros_nitros_occupancy_grid_type/share/ament_index/resource_index/package_run_dependencies/isaac_ros_nitros_occupancy_grid_type
[7.155s] -- Symlinking: /home/sophie/visionaid/isaac_ros_ws/install/isaac_ros_nitros_occupancy_grid_type/share/ament_index/resource_index/parent_prefix_path/isaac_ros_nitros_occupancy_grid_type
[7.162s] -- Symlinking: /home/sophie/visionaid/isaac_ros_ws/install/isaac_ros_nitros_occupancy_grid_type/share/isaac_ros_nitros_occupancy_grid_type/environment/ament_prefix_path.sh
[7.168s] -- Symlinking: /home/sophie/visionaid/isaac_ros_ws/install/isaac_ros_nitros_occupancy_grid_type/share/isaac_ros_nitros_occupancy_grid_type/environment/ament_prefix_path.dsv
[7.173s] -- Symlinking: /home/sophie/visionaid/isaac_ros_ws/install/isaac_ros_nitros_occupancy_grid_type/share/isaac_ros_nitros_occupancy_grid_type/environment/path.sh
[7.180s] -- Symlinking: /home/sophie/visionaid/isaac_ros_ws/install/isaac_ros_nitros_occupancy_grid_type/share/isaac_ros_nitros_occupancy_grid_type/environment/path.dsv
[7.185s] -- Symlinking: /home/sophie/visionaid/isaac_ros_ws/install/isaac_ros_nitros_occupancy_grid_type/share/isaac_ros_nitros_occupancy_grid_type/local_setup.bash
[7.190s] -- Symlinking: /home/sophie/visionaid/isaac_ros_ws/install/isaac_ros_nitros_occupancy_grid_type/share/isaac_ros_nitros_occupancy_grid_type/local_setup.sh
[7.196s] -- Symlinking: /home/sophie/visionaid/isaac_ros_ws/install/isaac_ros_nitros_occupancy_grid_type/share/isaac_ros_nitros_occupancy_grid_type/local_setup.zsh
[7.203s] -- Symlinking: /home/sophie/visionaid/isaac_ros_ws/install/isaac_ros_nitros_occupancy_grid_type/share/isaac_ros_nitros_occupancy_grid_type/local_setup.dsv
[7.209s] -- Symlinking: /home/sophie/visionaid/isaac_ros_ws/install/isaac_ros_nitros_occupancy_grid_type/share/isaac_ros_nitros_occupancy_grid_type/package.dsv
[7.215s] -- Symlinking: /home/sophie/visionaid/isaac_ros_ws/install/isaac_ros_nitros_occupancy_grid_type/share/ament_index/resource_index/packages/isaac_ros_nitros_occupancy_grid_type
[7.220s] -- Symlinking: /home/sophie/visionaid/isaac_ros_ws/install/isaac_ros_nitros_occupancy_grid_type/share/isaac_ros_nitros_occupancy_grid_type/cmake/ament_cmake_export_dependencies-extras.cmake
[7.226s] -- Symlinking: /home/sophie/visionaid/isaac_ros_ws/install/isaac_ros_nitros_occupancy_grid_type/share/isaac_ros_nitros_occupancy_grid_type/cmake/ament_cmake_export_include_directories-extras.cmake
[7.232s] -- Symlinking: /home/sophie/visionaid/isaac_ros_ws/install/isaac_ros_nitros_occupancy_grid_type/share/isaac_ros_nitros_occupancy_grid_type/cmake/ament_cmake_export_libraries-extras.cmake
[7.240s] -- Symlinking: /home/sophie/visionaid/isaac_ros_ws/install/isaac_ros_nitros_occupancy_grid_type/share/isaac_ros_nitros_occupancy_grid_type/cmake/isaac_ros_nitros_occupancy_grid_typeConfig.cmake
[7.247s] -- Symlinking: /home/sophie/visionaid/isaac_ros_ws/install/isaac_ros_nitros_occupancy_grid_type/share/isaac_ros_nitros_occupancy_grid_type/cmake/isaac_ros_nitros_occupancy_grid_typeConfig-version.cmake
[7.254s] -- Symlinking: /home/sophie/visionaid/isaac_ros_ws/install/isaac_ros_nitros_occupancy_grid_type/share/isaac_ros_nitros_occupancy_grid_type/package.xml
[7.263s] Invoked command in '/home/sophie/visionaid/isaac_ros_ws/build/isaac_ros_nitros_occupancy_grid_type' returned '0': AMENT_PREFIX_PATH=/home/sophie/visionaid/isaac_ros_ws/install/isaac_ros_nitros:/home/sophie/visionaid/isaac_ros_ws/install/gxf_isaac_gxf_helpers:/home/sophie/visionaid/isaac_ros_ws/install/gxf_isaac_atlas:/home/sophie/visionaid/isaac_ros_ws/install/gxf_isaac_sight:/home/sophie/visionaid/isaac_ros_ws/install/gxf_isaac_optimizer:/home/sophie/visionaid/isaac_ros_ws/install/gxf_isaac_message_compositor:/home/sophie/visionaid/isaac_ros_ws/install/gxf_isaac_gems:/home/sophie/visionaid/isaac_ros_ws/install/isaac_ros_test:/home/sophie/visionaid/isaac_ros_ws/install/isaac_ros_gxf:/home/sophie/visionaid/isaac_ros_ws/install/isaac_ros_common:${AMENT_PREFIX_PATH} CMAKE_PREFIX_PATH=/home/sophie/visionaid/isaac_ros_ws/install/isaac_ros_nitros:/home/sophie/visionaid/isaac_ros_ws/install/gxf_isaac_gxf_helpers:/home/sophie/visionaid/isaac_ros_ws/install/gxf_isaac_atlas:/home/sophie/visionaid/isaac_ros_ws/install/gxf_isaac_sight:/home/sophie/visionaid/isaac_ros_ws/install/gxf_isaac_optimizer:/home/sophie/visionaid/isaac_ros_ws/install/gxf_isaac_message_compositor:/home/sophie/visionaid/isaac_ros_ws/install/gxf_isaac_gems:/home/sophie/visionaid/isaac_ros_ws/install/isaac_ros_gxf:/home/sophie/visionaid/isaac_ros_ws/install/isaac_ros_common:/opt/ros/humble LD_LIBRARY_PATH=/home/sophie/visionaid/isaac_ros_ws/install/isaac_ros_nitros/lib:/home/sophie/visionaid/isaac_ros_ws/install/gxf_isaac_gxf_helpers/lib:/home/sophie/visionaid/isaac_ros_ws/install/gxf_isaac_atlas/lib:/home/sophie/visionaid/isaac_ros_ws/install/gxf_isaac_sight/lib:/home/sophie/visionaid/isaac_ros_ws/install/gxf_isaac_optimizer/lib:/home/sophie/visionaid/isaac_ros_ws/install/gxf_isaac_message_compositor/lib:/home/sophie/visionaid/isaac_ros_ws/install/gxf_isaac_gems/lib:/home/sophie/visionaid/isaac_ros_ws/install/isaac_ros_gxf/lib:/home/sophie/visionaid/isaac_ros_ws/install/isaac_ros_common/lib:${LD_LIBRARY_PATH} PATH=/home/sophie/visionaid/isaac_ros_ws/install/isaac_ros_common/bin:${PATH} PYTHONPATH=/home/sophie/visionaid/isaac_ros_ws/build/isaac_ros_test:/home/sophie/visionaid/isaac_ros_ws/install/isaac_ros_test/lib/python3.10/site-packages:/home/sophie/visionaid/isaac_ros_ws/install/isaac_ros_common/local/lib/python3.10/dist-packages:${PYTHONPATH} /usr/bin/cmake --install /home/sophie/visionaid/isaac_ros_ws/build/isaac_ros_nitros_occupancy_grid_type
