running egg_info
creating ../../build/yolov8_bdd100k_detection/yolov8_bdd100k_detection.egg-info
writing ../../build/yolov8_bdd100k_detection/yolov8_bdd100k_detection.egg-info/PKG-INFO
writing dependency_links to ../../build/yolov8_bdd100k_detection/yolov8_bdd100k_detection.egg-info/dependency_links.txt
writing entry points to ../../build/yolov8_bdd100k_detection/yolov8_bdd100k_detection.egg-info/entry_points.txt
writing requirements to ../../build/yolov8_bdd100k_detection/yolov8_bdd100k_detection.egg-info/requires.txt
writing top-level names to ../../build/yolov8_bdd100k_detection/yolov8_bdd100k_detection.egg-info/top_level.txt
writing manifest file '../../build/yolov8_bdd100k_detection/yolov8_bdd100k_detection.egg-info/SOURCES.txt'
reading manifest file '../../build/yolov8_bdd100k_detection/yolov8_bdd100k_detection.egg-info/SOURCES.txt'
writing manifest file '../../build/yolov8_bdd100k_detection/yolov8_bdd100k_detection.egg-info/SOURCES.txt'
running build
running build_py
creating /home/sophie/visionaid/isaac_ros_ws/build/yolov8_bdd100k_detection/build
creating /home/sophie/visionaid/isaac_ros_ws/build/yolov8_bdd100k_detection/build/lib
creating /home/sophie/visionaid/isaac_ros_ws/build/yolov8_bdd100k_detection/build/lib/yolov8_bdd100k_detection
copying yolov8_bdd100k_detection/__init__.py -> /home/sophie/visionaid/isaac_ros_ws/build/yolov8_bdd100k_detection/build/lib/yolov8_bdd100k_detection
running install
running install_lib
creating /home/sophie/visionaid/isaac_ros_ws/install/yolov8_bdd100k_detection/lib/python3.10/site-packages/yolov8_bdd100k_detection
copying /home/sophie/visionaid/isaac_ros_ws/build/yolov8_bdd100k_detection/build/lib/yolov8_bdd100k_detection/__init__.py -> /home/sophie/visionaid/isaac_ros_ws/install/yolov8_bdd100k_detection/lib/python3.10/site-packages/yolov8_bdd100k_detection
byte-compiling /home/sophie/visionaid/isaac_ros_ws/install/yolov8_bdd100k_detection/lib/python3.10/site-packages/yolov8_bdd100k_detection/__init__.py to __init__.cpython-310.pyc
running install_data
creating /home/sophie/visionaid/isaac_ros_ws/install/yolov8_bdd100k_detection/share/ament_index
creating /home/sophie/visionaid/isaac_ros_ws/install/yolov8_bdd100k_detection/share/ament_index/resource_index
creating /home/sophie/visionaid/isaac_ros_ws/install/yolov8_bdd100k_detection/share/ament_index/resource_index/packages
copying resource/yolov8_bdd100k_detection -> /home/sophie/visionaid/isaac_ros_ws/install/yolov8_bdd100k_detection/share/ament_index/resource_index/packages
copying package.xml -> /home/sophie/visionaid/isaac_ros_ws/install/yolov8_bdd100k_detection/share/yolov8_bdd100k_detection
creating /home/sophie/visionaid/isaac_ros_ws/install/yolov8_bdd100k_detection/share/yolov8_bdd100k_detection/launch
copying launch/yolov8_bdd100k_realsense.launch.py -> /home/sophie/visionaid/isaac_ros_ws/install/yolov8_bdd100k_detection/share/yolov8_bdd100k_detection/launch
creating /home/sophie/visionaid/isaac_ros_ws/install/yolov8_bdd100k_detection/share/yolov8_bdd100k_detection/config
error: can't copy 'config/yolov8_config.yaml': doesn't exist or not a regular file
