[0.018s] Invoking command in '/home/sophie/visionaid/isaac_ros_ws/build/isaac_ros_nitros': AMENT_PREFIX_PATH=/home/sophie/visionaid/isaac_ros_ws/install/gxf_isaac_gxf_helpers:/home/sophie/visionaid/isaac_ros_ws/install/gxf_isaac_atlas:/home/sophie/visionaid/isaac_ros_ws/install/gxf_isaac_sight:/home/sophie/visionaid/isaac_ros_ws/install/gxf_isaac_optimizer:/home/sophie/visionaid/isaac_ros_ws/install/gxf_isaac_message_compositor:/home/sophie/visionaid/isaac_ros_ws/install/gxf_isaac_gems:/home/sophie/visionaid/isaac_ros_ws/install/isaac_ros_test:/home/sophie/visionaid/isaac_ros_ws/install/isaac_ros_gxf:/home/sophie/visionaid/isaac_ros_ws/install/isaac_ros_common:${AMENT_PREFIX_PATH} CMAKE_PREFIX_PATH=/home/sophie/visionaid/isaac_ros_ws/install/gxf_isaac_gxf_helpers:/home/sophie/visionaid/isaac_ros_ws/install/gxf_isaac_atlas:/home/sophie/visionaid/isaac_ros_ws/install/gxf_isaac_sight:/home/sophie/visionaid/isaac_ros_ws/install/gxf_isaac_optimizer:/home/sophie/visionaid/isaac_ros_ws/install/gxf_isaac_message_compositor:/home/sophie/visionaid/isaac_ros_ws/install/gxf_isaac_gems:/home/sophie/visionaid/isaac_ros_ws/install/isaac_ros_gxf:/home/sophie/visionaid/isaac_ros_ws/install/isaac_ros_common:/opt/ros/humble LD_LIBRARY_PATH=/home/sophie/visionaid/isaac_ros_ws/install/gxf_isaac_gxf_helpers/lib:/home/sophie/visionaid/isaac_ros_ws/install/gxf_isaac_atlas/lib:/home/sophie/visionaid/isaac_ros_ws/install/gxf_isaac_sight/lib:/home/sophie/visionaid/isaac_ros_ws/install/gxf_isaac_optimizer/lib:/home/sophie/visionaid/isaac_ros_ws/install/gxf_isaac_message_compositor/lib:/home/sophie/visionaid/isaac_ros_ws/install/gxf_isaac_gems/lib:/home/sophie/visionaid/isaac_ros_ws/install/isaac_ros_gxf/lib:/home/sophie/visionaid/isaac_ros_ws/install/isaac_ros_common/lib:${LD_LIBRARY_PATH} PATH=/home/sophie/visionaid/isaac_ros_ws/install/isaac_ros_common/bin:${PATH} PYTHONPATH=/home/sophie/visionaid/isaac_ros_ws/build/isaac_ros_test:/home/sophie/visionaid/isaac_ros_ws/install/isaac_ros_test/lib/python3.10/site-packages:/home/sophie/visionaid/isaac_ros_ws/install/isaac_ros_common/local/lib/python3.10/dist-packages:${PYTHONPATH} /usr/bin/cmake /home/sophie/visionaid/isaac_ros_ws/src/isaac_ros_nitros/isaac_ros_nitros -DCMAKE_BUILD_TYPE=Release -DBUILD_TESTING=OFF -DCMAKE_CUDA_ARCHITECTURES=89 -DAMENT_CMAKE_SYMLINK_INSTALL=1 -DCMAKE_INSTALL_PREFIX=/home/sophie/visionaid/isaac_ros_ws/install/isaac_ros_nitros
[0.052s] -- The C compiler identification is GNU 11.4.0
[0.089s] -- The CXX compiler identification is GNU 11.4.0
[0.094s] -- Detecting C compiler ABI info
[0.148s] -- Detecting C compiler ABI info - done
[0.153s] -- Check for working C compiler: /usr/bin/cc - skipped
[0.153s] -- Detecting C compile features
[0.153s] -- Detecting C compile features - done
[0.155s] -- Detecting CXX compiler ABI info
[0.211s] -- Detecting CXX compiler ABI info - done
[0.217s] -- Check for working CXX compiler: /usr/bin/c++ - skipped
[0.217s] -- Detecting CXX compile features
[0.217s] -- Detecting CXX compile features - done
[0.218s] -- Found ament_cmake_auto: 1.3.11 (/opt/ros/humble/share/ament_cmake_auto/cmake)
[0.312s] -- Found Python3: /usr/bin/python3 (found version "3.10.12") found components: Interpreter 
[0.347s] -- Override CMake install command with custom implementation using symlinks instead of copying resources
[0.396s] -- Loading isaac_ros_common extras
[0.396s] -- CMAKE_BUILD_TYPE: Release
[0.411s] -- Looking for pthread.h
[0.468s] -- Looking for pthread.h - found
[0.468s] -- Performing Test CMAKE_HAVE_LIBC_PTHREAD
[0.525s] -- Performing Test CMAKE_HAVE_LIBC_PTHREAD - Success
[0.526s] -- Found Threads: TRUE  
[0.531s] -- Found CUDA: /usr/local/cuda-12.8 (found version "12.8") 
[0.531s] -- CUDA architectures: 89
[0.531s] -- Loading isaac_ros_common extras (modules)
[0.552s] -- Found rosidl_generator_c: 3.1.6 (/opt/ros/humble/share/rosidl_generator_c/cmake)
[0.554s] -- Found rosidl_adapter: 3.1.6 (/opt/ros/humble/share/rosidl_adapter/cmake)
[0.559s] -- Found rosidl_generator_cpp: 3.1.6 (/opt/ros/humble/share/rosidl_generator_cpp/cmake)
[0.565s] -- Using all available rosidl_typesupport_c: rosidl_typesupport_fastrtps_c;rosidl_typesupport_introspection_c
[0.574s] -- Using all available rosidl_typesupport_cpp: rosidl_typesupport_fastrtps_cpp;rosidl_typesupport_introspection_cpp
[0.597s] -- Found rmw_implementation_cmake: 6.1.2 (/opt/ros/humble/share/rmw_implementation_cmake/cmake)
[0.599s] -- Found rmw_fastrtps_cpp: 6.2.7 (/opt/ros/humble/share/rmw_fastrtps_cpp/cmake)
[0.661s] -- Found OpenSSL: /usr/lib/x86_64-linux-gnu/libcrypto.so (found version "3.0.2")  
[0.674s] -- Found FastRTPS: /opt/ros/humble/include  
[0.698s] -- Using RMW implementation 'rmw_fastrtps_cpp' as default
[0.760s] -- Loading isaac_ros_gxf extras
[0.811s] -- Configuring done
[0.821s] -- Generating done
[0.824s] -- Build files have been written to: /home/sophie/visionaid/isaac_ros_ws/build/isaac_ros_nitros
[0.832s] Invoked command in '/home/sophie/visionaid/isaac_ros_ws/build/isaac_ros_nitros' returned '0': AMENT_PREFIX_PATH=/home/sophie/visionaid/isaac_ros_ws/install/gxf_isaac_gxf_helpers:/home/sophie/visionaid/isaac_ros_ws/install/gxf_isaac_atlas:/home/sophie/visionaid/isaac_ros_ws/install/gxf_isaac_sight:/home/sophie/visionaid/isaac_ros_ws/install/gxf_isaac_optimizer:/home/sophie/visionaid/isaac_ros_ws/install/gxf_isaac_message_compositor:/home/sophie/visionaid/isaac_ros_ws/install/gxf_isaac_gems:/home/sophie/visionaid/isaac_ros_ws/install/isaac_ros_test:/home/sophie/visionaid/isaac_ros_ws/install/isaac_ros_gxf:/home/sophie/visionaid/isaac_ros_ws/install/isaac_ros_common:${AMENT_PREFIX_PATH} CMAKE_PREFIX_PATH=/home/sophie/visionaid/isaac_ros_ws/install/gxf_isaac_gxf_helpers:/home/sophie/visionaid/isaac_ros_ws/install/gxf_isaac_atlas:/home/sophie/visionaid/isaac_ros_ws/install/gxf_isaac_sight:/home/sophie/visionaid/isaac_ros_ws/install/gxf_isaac_optimizer:/home/sophie/visionaid/isaac_ros_ws/install/gxf_isaac_message_compositor:/home/sophie/visionaid/isaac_ros_ws/install/gxf_isaac_gems:/home/sophie/visionaid/isaac_ros_ws/install/isaac_ros_gxf:/home/sophie/visionaid/isaac_ros_ws/install/isaac_ros_common:/opt/ros/humble LD_LIBRARY_PATH=/home/sophie/visionaid/isaac_ros_ws/install/gxf_isaac_gxf_helpers/lib:/home/sophie/visionaid/isaac_ros_ws/install/gxf_isaac_atlas/lib:/home/sophie/visionaid/isaac_ros_ws/install/gxf_isaac_sight/lib:/home/sophie/visionaid/isaac_ros_ws/install/gxf_isaac_optimizer/lib:/home/sophie/visionaid/isaac_ros_ws/install/gxf_isaac_message_compositor/lib:/home/sophie/visionaid/isaac_ros_ws/install/gxf_isaac_gems/lib:/home/sophie/visionaid/isaac_ros_ws/install/isaac_ros_gxf/lib:/home/sophie/visionaid/isaac_ros_ws/install/isaac_ros_common/lib:${LD_LIBRARY_PATH} PATH=/home/sophie/visionaid/isaac_ros_ws/install/isaac_ros_common/bin:${PATH} PYTHONPATH=/home/sophie/visionaid/isaac_ros_ws/build/isaac_ros_test:/home/sophie/visionaid/isaac_ros_ws/install/isaac_ros_test/lib/python3.10/site-packages:/home/sophie/visionaid/isaac_ros_ws/install/isaac_ros_common/local/lib/python3.10/dist-packages:${PYTHONPATH} /usr/bin/cmake /home/sophie/visionaid/isaac_ros_ws/src/isaac_ros_nitros/isaac_ros_nitros -DCMAKE_BUILD_TYPE=Release -DBUILD_TESTING=OFF -DCMAKE_CUDA_ARCHITECTURES=89 -DAMENT_CMAKE_SYMLINK_INSTALL=1 -DCMAKE_INSTALL_PREFIX=/home/sophie/visionaid/isaac_ros_ws/install/isaac_ros_nitros
[0.833s] Invoking command in '/home/sophie/visionaid/isaac_ros_ws/build/isaac_ros_nitros': AMENT_PREFIX_PATH=/home/sophie/visionaid/isaac_ros_ws/install/gxf_isaac_gxf_helpers:/home/sophie/visionaid/isaac_ros_ws/install/gxf_isaac_atlas:/home/sophie/visionaid/isaac_ros_ws/install/gxf_isaac_sight:/home/sophie/visionaid/isaac_ros_ws/install/gxf_isaac_optimizer:/home/sophie/visionaid/isaac_ros_ws/install/gxf_isaac_message_compositor:/home/sophie/visionaid/isaac_ros_ws/install/gxf_isaac_gems:/home/sophie/visionaid/isaac_ros_ws/install/isaac_ros_test:/home/sophie/visionaid/isaac_ros_ws/install/isaac_ros_gxf:/home/sophie/visionaid/isaac_ros_ws/install/isaac_ros_common:${AMENT_PREFIX_PATH} CMAKE_PREFIX_PATH=/home/sophie/visionaid/isaac_ros_ws/install/gxf_isaac_gxf_helpers:/home/sophie/visionaid/isaac_ros_ws/install/gxf_isaac_atlas:/home/sophie/visionaid/isaac_ros_ws/install/gxf_isaac_sight:/home/sophie/visionaid/isaac_ros_ws/install/gxf_isaac_optimizer:/home/sophie/visionaid/isaac_ros_ws/install/gxf_isaac_message_compositor:/home/sophie/visionaid/isaac_ros_ws/install/gxf_isaac_gems:/home/sophie/visionaid/isaac_ros_ws/install/isaac_ros_gxf:/home/sophie/visionaid/isaac_ros_ws/install/isaac_ros_common:/opt/ros/humble LD_LIBRARY_PATH=/home/sophie/visionaid/isaac_ros_ws/install/gxf_isaac_gxf_helpers/lib:/home/sophie/visionaid/isaac_ros_ws/install/gxf_isaac_atlas/lib:/home/sophie/visionaid/isaac_ros_ws/install/gxf_isaac_sight/lib:/home/sophie/visionaid/isaac_ros_ws/install/gxf_isaac_optimizer/lib:/home/sophie/visionaid/isaac_ros_ws/install/gxf_isaac_message_compositor/lib:/home/sophie/visionaid/isaac_ros_ws/install/gxf_isaac_gems/lib:/home/sophie/visionaid/isaac_ros_ws/install/isaac_ros_gxf/lib:/home/sophie/visionaid/isaac_ros_ws/install/isaac_ros_common/lib:${LD_LIBRARY_PATH} PATH=/home/sophie/visionaid/isaac_ros_ws/install/isaac_ros_common/bin:${PATH} PYTHONPATH=/home/sophie/visionaid/isaac_ros_ws/build/isaac_ros_test:/home/sophie/visionaid/isaac_ros_ws/install/isaac_ros_test/lib/python3.10/site-packages:/home/sophie/visionaid/isaac_ros_ws/install/isaac_ros_common/local/lib/python3.10/dist-packages:${PYTHONPATH} /usr/bin/cmake --build /home/sophie/visionaid/isaac_ros_ws/build/isaac_ros_nitros -- -j22 -l22
[0.872s] [  9%] [34m[1mGenerating version information as YAML[0m
[0.874s] [ 27%] [32mBuilding CXX object CMakeFiles/isaac_ros_nitros.dir/src/types/nitros_type_base.cpp.o[0m
[0.874s] [ 27%] [32mBuilding CXX object CMakeFiles/isaac_ros_nitros.dir/src/types/type_adapter_nitros_context.cpp.o[0m
[0.874s] [ 36%] [32mBuilding CXX object CMakeFiles/isaac_ros_nitros.dir/src/nitros_subscriber.cpp.o[0m
[0.874s] [ 45%] [32mBuilding CXX object CMakeFiles/isaac_ros_nitros.dir/src/types/nitros_empty.cpp.o[0m
[0.875s] [ 54%] [32mBuilding CXX object CMakeFiles/isaac_ros_nitros.dir/src/nitros_context.cpp.o[0m
[0.875s] [ 63%] [32mBuilding CXX object CMakeFiles/isaac_ros_nitros.dir/src/nitros_node.cpp.o[0m
[0.875s] [ 72%] [32mBuilding CXX object CMakeFiles/isaac_ros_nitros.dir/src/nitros_publisher.cpp.o[0m
[0.876s] [ 81%] [32mBuilding CXX object CMakeFiles/isaac_ros_nitros.dir/src/nitros_publisher_subscriber_group.cpp.o[0m
[0.876s] [ 90%] [32mBuilding CXX object CMakeFiles/isaac_ros_nitros.dir/src/utils/vpi_utilities.cpp.o[0m
[0.925s] [ 90%] Built target generate_version_info_target_isaac_ros_nitros
[9.328s] [100%] [32m[1mLinking CXX shared library libisaac_ros_nitros.so[0m
[9.447s] [100%] Built target isaac_ros_nitros
[9.455s] Invoked command in '/home/sophie/visionaid/isaac_ros_ws/build/isaac_ros_nitros' returned '0': AMENT_PREFIX_PATH=/home/sophie/visionaid/isaac_ros_ws/install/gxf_isaac_gxf_helpers:/home/sophie/visionaid/isaac_ros_ws/install/gxf_isaac_atlas:/home/sophie/visionaid/isaac_ros_ws/install/gxf_isaac_sight:/home/sophie/visionaid/isaac_ros_ws/install/gxf_isaac_optimizer:/home/sophie/visionaid/isaac_ros_ws/install/gxf_isaac_message_compositor:/home/sophie/visionaid/isaac_ros_ws/install/gxf_isaac_gems:/home/sophie/visionaid/isaac_ros_ws/install/isaac_ros_test:/home/sophie/visionaid/isaac_ros_ws/install/isaac_ros_gxf:/home/sophie/visionaid/isaac_ros_ws/install/isaac_ros_common:${AMENT_PREFIX_PATH} CMAKE_PREFIX_PATH=/home/sophie/visionaid/isaac_ros_ws/install/gxf_isaac_gxf_helpers:/home/sophie/visionaid/isaac_ros_ws/install/gxf_isaac_atlas:/home/sophie/visionaid/isaac_ros_ws/install/gxf_isaac_sight:/home/sophie/visionaid/isaac_ros_ws/install/gxf_isaac_optimizer:/home/sophie/visionaid/isaac_ros_ws/install/gxf_isaac_message_compositor:/home/sophie/visionaid/isaac_ros_ws/install/gxf_isaac_gems:/home/sophie/visionaid/isaac_ros_ws/install/isaac_ros_gxf:/home/sophie/visionaid/isaac_ros_ws/install/isaac_ros_common:/opt/ros/humble LD_LIBRARY_PATH=/home/sophie/visionaid/isaac_ros_ws/install/gxf_isaac_gxf_helpers/lib:/home/sophie/visionaid/isaac_ros_ws/install/gxf_isaac_atlas/lib:/home/sophie/visionaid/isaac_ros_ws/install/gxf_isaac_sight/lib:/home/sophie/visionaid/isaac_ros_ws/install/gxf_isaac_optimizer/lib:/home/sophie/visionaid/isaac_ros_ws/install/gxf_isaac_message_compositor/lib:/home/sophie/visionaid/isaac_ros_ws/install/gxf_isaac_gems/lib:/home/sophie/visionaid/isaac_ros_ws/install/isaac_ros_gxf/lib:/home/sophie/visionaid/isaac_ros_ws/install/isaac_ros_common/lib:${LD_LIBRARY_PATH} PATH=/home/sophie/visionaid/isaac_ros_ws/install/isaac_ros_common/bin:${PATH} PYTHONPATH=/home/sophie/visionaid/isaac_ros_ws/build/isaac_ros_test:/home/sophie/visionaid/isaac_ros_ws/install/isaac_ros_test/lib/python3.10/site-packages:/home/sophie/visionaid/isaac_ros_ws/install/isaac_ros_common/local/lib/python3.10/dist-packages:${PYTHONPATH} /usr/bin/cmake --build /home/sophie/visionaid/isaac_ros_ws/build/isaac_ros_nitros -- -j22 -l22
[9.456s] Invoking command in '/home/sophie/visionaid/isaac_ros_ws/build/isaac_ros_nitros': AMENT_PREFIX_PATH=/home/sophie/visionaid/isaac_ros_ws/install/gxf_isaac_gxf_helpers:/home/sophie/visionaid/isaac_ros_ws/install/gxf_isaac_atlas:/home/sophie/visionaid/isaac_ros_ws/install/gxf_isaac_sight:/home/sophie/visionaid/isaac_ros_ws/install/gxf_isaac_optimizer:/home/sophie/visionaid/isaac_ros_ws/install/gxf_isaac_message_compositor:/home/sophie/visionaid/isaac_ros_ws/install/gxf_isaac_gems:/home/sophie/visionaid/isaac_ros_ws/install/isaac_ros_test:/home/sophie/visionaid/isaac_ros_ws/install/isaac_ros_gxf:/home/sophie/visionaid/isaac_ros_ws/install/isaac_ros_common:${AMENT_PREFIX_PATH} CMAKE_PREFIX_PATH=/home/sophie/visionaid/isaac_ros_ws/install/gxf_isaac_gxf_helpers:/home/sophie/visionaid/isaac_ros_ws/install/gxf_isaac_atlas:/home/sophie/visionaid/isaac_ros_ws/install/gxf_isaac_sight:/home/sophie/visionaid/isaac_ros_ws/install/gxf_isaac_optimizer:/home/sophie/visionaid/isaac_ros_ws/install/gxf_isaac_message_compositor:/home/sophie/visionaid/isaac_ros_ws/install/gxf_isaac_gems:/home/sophie/visionaid/isaac_ros_ws/install/isaac_ros_gxf:/home/sophie/visionaid/isaac_ros_ws/install/isaac_ros_common:/opt/ros/humble LD_LIBRARY_PATH=/home/sophie/visionaid/isaac_ros_ws/install/gxf_isaac_gxf_helpers/lib:/home/sophie/visionaid/isaac_ros_ws/install/gxf_isaac_atlas/lib:/home/sophie/visionaid/isaac_ros_ws/install/gxf_isaac_sight/lib:/home/sophie/visionaid/isaac_ros_ws/install/gxf_isaac_optimizer/lib:/home/sophie/visionaid/isaac_ros_ws/install/gxf_isaac_message_compositor/lib:/home/sophie/visionaid/isaac_ros_ws/install/gxf_isaac_gems/lib:/home/sophie/visionaid/isaac_ros_ws/install/isaac_ros_gxf/lib:/home/sophie/visionaid/isaac_ros_ws/install/isaac_ros_common/lib:${LD_LIBRARY_PATH} PATH=/home/sophie/visionaid/isaac_ros_ws/install/isaac_ros_common/bin:${PATH} PYTHONPATH=/home/sophie/visionaid/isaac_ros_ws/build/isaac_ros_test:/home/sophie/visionaid/isaac_ros_ws/install/isaac_ros_test/lib/python3.10/site-packages:/home/sophie/visionaid/isaac_ros_ws/install/isaac_ros_common/local/lib/python3.10/dist-packages:${PYTHONPATH} /usr/bin/cmake --install /home/sophie/visionaid/isaac_ros_ws/build/isaac_ros_nitros
[9.461s] -- Install configuration: "Release"
[9.461s] -- Installing: /home/sophie/visionaid/isaac_ros_ws/install/isaac_ros_nitros/lib/isaac_ros_nitros/diagnostic_viewer.py
[9.461s] -- Execute custom install script
[9.461s] -- Symlinking: /home/sophie/visionaid/isaac_ros_ws/install/isaac_ros_nitros/share/isaac_ros_nitros/cuapriltags/lib/libcuapriltags.a
[9.467s] -- Symlinking: /home/sophie/visionaid/isaac_ros_ws/install/isaac_ros_nitros/share/isaac_ros_nitros/cuvslam/lib/libcuvslam.so
[9.472s] -- Symlinking: /home/sophie/visionaid/isaac_ros_ws/install/isaac_ros_nitros/share/isaac_ros_nitros/cuvslam/lib/cuvslam_api_launcher
[9.478s] -- Symlinking: /home/sophie/visionaid/isaac_ros_ws/install/isaac_ros_nitros/share/isaac_ros_nitros/cuvslam/include/cuvslam.h
[9.484s] -- Symlinking: /home/sophie/visionaid/isaac_ros_ws/install/isaac_ros_nitros/share/isaac_ros_nitros/cuvslam/include/ground_constraint.h
[9.490s] -- Symlinking: /home/sophie/visionaid/isaac_ros_ws/install/isaac_ros_nitros/share/ament_index/resource_index/cuvslam/isaac_ros_nitros
[9.496s] -- Symlinking: /home/sophie/visionaid/isaac_ros_ws/install/isaac_ros_nitros/share/isaac_ros_nitros/cuapriltags/cuapriltags/cuAprilTags.h
[9.501s] -- Symlinking: /home/sophie/visionaid/isaac_ros_ws/install/isaac_ros_nitros/share/ament_index/resource_index/cuapriltags/isaac_ros_nitros
[9.505s] -- Symlinking: /home/sophie/visionaid/isaac_ros_ws/install/isaac_ros_nitros/share/isaac_ros_nitros/version_info.yaml
[9.510s] -- Symlinking: /home/sophie/visionaid/isaac_ros_ws/install/isaac_ros_nitros/include/isaac_ros_nitros/nitros_context.hpp
[9.516s] -- Symlinking: /home/sophie/visionaid/isaac_ros_ws/install/isaac_ros_nitros/include/isaac_ros_nitros/nitros_node.hpp
[9.522s] -- Symlinking: /home/sophie/visionaid/isaac_ros_ws/install/isaac_ros_nitros/include/isaac_ros_nitros/nitros_publisher.hpp
[9.528s] -- Symlinking: /home/sophie/visionaid/isaac_ros_ws/install/isaac_ros_nitros/include/isaac_ros_nitros/nitros_publisher_subscriber_base.hpp
[9.532s] -- Symlinking: /home/sophie/visionaid/isaac_ros_ws/install/isaac_ros_nitros/include/isaac_ros_nitros/nitros_publisher_subscriber_group.hpp
[9.538s] -- Symlinking: /home/sophie/visionaid/isaac_ros_ws/install/isaac_ros_nitros/include/isaac_ros_nitros/nitros_subscriber.hpp
[9.544s] -- Symlinking: /home/sophie/visionaid/isaac_ros_ws/install/isaac_ros_nitros/include/isaac_ros_nitros/types/nitros_empty.hpp
[9.550s] -- Symlinking: /home/sophie/visionaid/isaac_ros_ws/install/isaac_ros_nitros/include/isaac_ros_nitros/types/nitros_format_agent.hpp
[9.555s] -- Symlinking: /home/sophie/visionaid/isaac_ros_ws/install/isaac_ros_nitros/include/isaac_ros_nitros/types/nitros_type_base.hpp
[9.560s] -- Symlinking: /home/sophie/visionaid/isaac_ros_ws/install/isaac_ros_nitros/include/isaac_ros_nitros/types/nitros_type_manager.hpp
[9.565s] -- Symlinking: /home/sophie/visionaid/isaac_ros_ws/install/isaac_ros_nitros/include/isaac_ros_nitros/types/nitros_type_message_filter_traits.hpp
[9.573s] -- Symlinking: /home/sophie/visionaid/isaac_ros_ws/install/isaac_ros_nitros/include/isaac_ros_nitros/types/nitros_type_view_factory.hpp
[9.579s] -- Symlinking: /home/sophie/visionaid/isaac_ros_ws/install/isaac_ros_nitros/include/isaac_ros_nitros/types/type_adapter_nitros_context.hpp
[9.586s] -- Symlinking: /home/sophie/visionaid/isaac_ros_ws/install/isaac_ros_nitros/include/isaac_ros_nitros/types/type_utility.hpp
[9.592s] -- Symlinking: /home/sophie/visionaid/isaac_ros_ws/install/isaac_ros_nitros/include/isaac_ros_nitros/utils/vpi_utilities.hpp
[9.598s] -- Symlinking: /home/sophie/visionaid/isaac_ros_ws/install/isaac_ros_nitros/share/isaac_ros_nitros/environment/library_path.sh
[9.604s] -- Symlinking: /home/sophie/visionaid/isaac_ros_ws/install/isaac_ros_nitros/share/isaac_ros_nitros/environment/library_path.dsv
[9.610s] -- Symlinking: /home/sophie/visionaid/isaac_ros_ws/install/isaac_ros_nitros/lib/libisaac_ros_nitros.so
[9.615s] -- Symlinking: /home/sophie/visionaid/isaac_ros_ws/install/isaac_ros_nitros/share/isaac_ros_nitros/config/type_adapter_nitros_context_graph.yaml
[9.620s] -- Symlinking: /home/sophie/visionaid/isaac_ros_ws/install/isaac_ros_nitros/share/ament_index/resource_index/package_run_dependencies/isaac_ros_nitros
[9.625s] -- Symlinking: /home/sophie/visionaid/isaac_ros_ws/install/isaac_ros_nitros/share/ament_index/resource_index/parent_prefix_path/isaac_ros_nitros
[9.631s] -- Symlinking: /home/sophie/visionaid/isaac_ros_ws/install/isaac_ros_nitros/share/isaac_ros_nitros/environment/ament_prefix_path.sh
[9.635s] -- Symlinking: /home/sophie/visionaid/isaac_ros_ws/install/isaac_ros_nitros/share/isaac_ros_nitros/environment/ament_prefix_path.dsv
[9.639s] -- Symlinking: /home/sophie/visionaid/isaac_ros_ws/install/isaac_ros_nitros/share/isaac_ros_nitros/environment/path.sh
[9.646s] -- Symlinking: /home/sophie/visionaid/isaac_ros_ws/install/isaac_ros_nitros/share/isaac_ros_nitros/environment/path.dsv
[9.650s] -- Symlinking: /home/sophie/visionaid/isaac_ros_ws/install/isaac_ros_nitros/share/isaac_ros_nitros/local_setup.bash
[9.655s] -- Symlinking: /home/sophie/visionaid/isaac_ros_ws/install/isaac_ros_nitros/share/isaac_ros_nitros/local_setup.sh
[9.661s] -- Symlinking: /home/sophie/visionaid/isaac_ros_ws/install/isaac_ros_nitros/share/isaac_ros_nitros/local_setup.zsh
[9.667s] -- Symlinking: /home/sophie/visionaid/isaac_ros_ws/install/isaac_ros_nitros/share/isaac_ros_nitros/local_setup.dsv
[9.672s] -- Symlinking: /home/sophie/visionaid/isaac_ros_ws/install/isaac_ros_nitros/share/isaac_ros_nitros/package.dsv
[9.676s] -- Symlinking: /home/sophie/visionaid/isaac_ros_ws/install/isaac_ros_nitros/share/ament_index/resource_index/packages/isaac_ros_nitros
[9.681s] -- Symlinking: /home/sophie/visionaid/isaac_ros_ws/install/isaac_ros_nitros/share/isaac_ros_nitros/cmake/ament_cmake_export_dependencies-extras.cmake
[9.685s] -- Symlinking: /home/sophie/visionaid/isaac_ros_ws/install/isaac_ros_nitros/share/isaac_ros_nitros/cmake/ament_cmake_export_include_directories-extras.cmake
[9.690s] -- Symlinking: /home/sophie/visionaid/isaac_ros_ws/install/isaac_ros_nitros/share/isaac_ros_nitros/cmake/ament_cmake_export_libraries-extras.cmake
[9.694s] -- Symlinking: /home/sophie/visionaid/isaac_ros_ws/install/isaac_ros_nitros/share/isaac_ros_nitros/cmake/isaac_ros_nitrosConfig.cmake
[9.699s] -- Symlinking: /home/sophie/visionaid/isaac_ros_ws/install/isaac_ros_nitros/share/isaac_ros_nitros/cmake/isaac_ros_nitrosConfig-version.cmake
[9.704s] -- Symlinking: /home/sophie/visionaid/isaac_ros_ws/install/isaac_ros_nitros/share/isaac_ros_nitros/package.xml
[9.711s] Invoked command in '/home/sophie/visionaid/isaac_ros_ws/build/isaac_ros_nitros' returned '0': AMENT_PREFIX_PATH=/home/sophie/visionaid/isaac_ros_ws/install/gxf_isaac_gxf_helpers:/home/sophie/visionaid/isaac_ros_ws/install/gxf_isaac_atlas:/home/sophie/visionaid/isaac_ros_ws/install/gxf_isaac_sight:/home/sophie/visionaid/isaac_ros_ws/install/gxf_isaac_optimizer:/home/sophie/visionaid/isaac_ros_ws/install/gxf_isaac_message_compositor:/home/sophie/visionaid/isaac_ros_ws/install/gxf_isaac_gems:/home/sophie/visionaid/isaac_ros_ws/install/isaac_ros_test:/home/sophie/visionaid/isaac_ros_ws/install/isaac_ros_gxf:/home/sophie/visionaid/isaac_ros_ws/install/isaac_ros_common:${AMENT_PREFIX_PATH} CMAKE_PREFIX_PATH=/home/sophie/visionaid/isaac_ros_ws/install/gxf_isaac_gxf_helpers:/home/sophie/visionaid/isaac_ros_ws/install/gxf_isaac_atlas:/home/sophie/visionaid/isaac_ros_ws/install/gxf_isaac_sight:/home/sophie/visionaid/isaac_ros_ws/install/gxf_isaac_optimizer:/home/sophie/visionaid/isaac_ros_ws/install/gxf_isaac_message_compositor:/home/sophie/visionaid/isaac_ros_ws/install/gxf_isaac_gems:/home/sophie/visionaid/isaac_ros_ws/install/isaac_ros_gxf:/home/sophie/visionaid/isaac_ros_ws/install/isaac_ros_common:/opt/ros/humble LD_LIBRARY_PATH=/home/sophie/visionaid/isaac_ros_ws/install/gxf_isaac_gxf_helpers/lib:/home/sophie/visionaid/isaac_ros_ws/install/gxf_isaac_atlas/lib:/home/sophie/visionaid/isaac_ros_ws/install/gxf_isaac_sight/lib:/home/sophie/visionaid/isaac_ros_ws/install/gxf_isaac_optimizer/lib:/home/sophie/visionaid/isaac_ros_ws/install/gxf_isaac_message_compositor/lib:/home/sophie/visionaid/isaac_ros_ws/install/gxf_isaac_gems/lib:/home/sophie/visionaid/isaac_ros_ws/install/isaac_ros_gxf/lib:/home/sophie/visionaid/isaac_ros_ws/install/isaac_ros_common/lib:${LD_LIBRARY_PATH} PATH=/home/sophie/visionaid/isaac_ros_ws/install/isaac_ros_common/bin:${PATH} PYTHONPATH=/home/sophie/visionaid/isaac_ros_ws/build/isaac_ros_test:/home/sophie/visionaid/isaac_ros_ws/install/isaac_ros_test/lib/python3.10/site-packages:/home/sophie/visionaid/isaac_ros_ws/install/isaac_ros_common/local/lib/python3.10/dist-packages:${PYTHONPATH} /usr/bin/cmake --install /home/sophie/visionaid/isaac_ros_ws/build/isaac_ros_nitros
