-- Found ament_cmake: 1.3.11 (/opt/ros/humble/share/ament_cmake/cmake)
-- Found ament_lint_auto: 0.12.12 (/opt/ros/humble/share/ament_lint_auto/cmake)
-- Added test 'lint_cmake' to check CMake code style
-- Added test 'xmllint' to check XML markup files
-- Configuring done
-- Generating done
-- Build files have been written to: /home/kanye/Documents/visionaid/build/shared_interfaces
-- Install configuration: ""
-- Up-to-date: /home/kanye/Documents/visionaid/install/shared_interfaces/share/ament_index/resource_index/package_run_dependencies/shared_interfaces
-- Installing: /home/kanye/Documents/visionaid/install/shared_interfaces/share/ament_index/resource_index/parent_prefix_path/shared_interfaces
-- Installing: /home/kanye/Documents/visionaid/install/shared_interfaces/share/shared_interfaces/environment/ament_prefix_path.sh
-- Installing: /home/kanye/Documents/visionaid/install/shared_interfaces/share/shared_interfaces/environment/ament_prefix_path.dsv
-- Installing: /home/kanye/Documents/visionaid/install/shared_interfaces/share/shared_interfaces/environment/path.sh
-- Installing: /home/kanye/Documents/visionaid/install/shared_interfaces/share/shared_interfaces/environment/path.dsv
-- Up-to-date: /home/kanye/Documents/visionaid/install/shared_interfaces/share/shared_interfaces/local_setup.bash
-- Up-to-date: /home/kanye/Documents/visionaid/install/shared_interfaces/share/shared_interfaces/local_setup.sh
-- Up-to-date: /home/kanye/Documents/visionaid/install/shared_interfaces/share/shared_interfaces/local_setup.zsh
-- Installing: /home/kanye/Documents/visionaid/install/shared_interfaces/share/shared_interfaces/local_setup.dsv
-- Installing: /home/kanye/Documents/visionaid/install/shared_interfaces/share/shared_interfaces/package.dsv
-- Up-to-date: /home/kanye/Documents/visionaid/install/shared_interfaces/share/ament_index/resource_index/packages/shared_interfaces
-- Up-to-date: /home/kanye/Documents/visionaid/install/shared_interfaces/share/shared_interfaces/cmake/shared_interfacesConfig.cmake
-- Up-to-date: /home/kanye/Documents/visionaid/install/shared_interfaces/share/shared_interfaces/cmake/shared_interfacesConfig-version.cmake
-- Installing: /home/kanye/Documents/visionaid/install/shared_interfaces/share/shared_interfaces/package.xml
