[0.690s] Invoking command in '/home/kanye/Documents/visionaid/build/shared_interfaces': CMAKE_PREFIX_PATH=${CMAKE_PREFIX_PATH}:/home/kanye/Documents/visionaid/isaac_ros_ws/install/yolov8_bdd100k_detection:/home/kanye/Documents/visionaid/isaac_ros_ws/install/vlm_scene_understanding:/home/kanye/Documents/visionaid/isaac_ros_ws/install/traffic_crossing_assistant:/home/kanye/Documents/visionaid/isaac_ros_ws/install/scene_description_system:/home/kanye/Documents/visionaid/isaac_ros_ws/install/isaac_ros_test:/home/kanye/Documents/visionaid/isaac_ros_ws/install/isaac_ros_pynitros:/home/kanye/Documents/visionaid/isaac_ros_ws/install/isaac_ros_rosbag_utils:/home/kanye/Documents/visionaid/isaac_ros_ws/install/isaac_ros_launch_utils:/home/kanye/Documents/visionaid/isaac_ros_ws/install/isaac_common_py:/home/kanye/Documents/visionaid/isaac_ros_ws/install/gps_navigation_system:/home/kanye/Documents/visionaid/isaac_ros_ws/install/camera_bridge:/home/kanye/Documents/visionaid/isaac_ros_ws/install/assistive_navigation_core:/opt/ros/humble /usr/bin/cmake --build /home/kanye/Documents/visionaid/build/shared_interfaces -- -j28 -l28
[1.207s] -- Found ament_cmake: 1.3.11 (/opt/ros/humble/share/ament_cmake/cmake)
[1.207s] -- Found ament_lint_auto: 0.12.12 (/opt/ros/humble/share/ament_lint_auto/cmake)
[1.208s] -- Added test 'lint_cmake' to check CMake code style
[1.208s] -- Added test 'xmllint' to check XML markup files
[1.208s] -- Configuring done
[1.208s] -- Generating done
[1.208s] -- Build files have been written to: /home/kanye/Documents/visionaid/build/shared_interfaces
[1.773s] Invoked command in '/home/kanye/Documents/visionaid/build/shared_interfaces' returned '0': CMAKE_PREFIX_PATH=${CMAKE_PREFIX_PATH}:/home/kanye/Documents/visionaid/isaac_ros_ws/install/yolov8_bdd100k_detection:/home/kanye/Documents/visionaid/isaac_ros_ws/install/vlm_scene_understanding:/home/kanye/Documents/visionaid/isaac_ros_ws/install/traffic_crossing_assistant:/home/kanye/Documents/visionaid/isaac_ros_ws/install/scene_description_system:/home/kanye/Documents/visionaid/isaac_ros_ws/install/isaac_ros_test:/home/kanye/Documents/visionaid/isaac_ros_ws/install/isaac_ros_pynitros:/home/kanye/Documents/visionaid/isaac_ros_ws/install/isaac_ros_rosbag_utils:/home/kanye/Documents/visionaid/isaac_ros_ws/install/isaac_ros_launch_utils:/home/kanye/Documents/visionaid/isaac_ros_ws/install/isaac_common_py:/home/kanye/Documents/visionaid/isaac_ros_ws/install/gps_navigation_system:/home/kanye/Documents/visionaid/isaac_ros_ws/install/camera_bridge:/home/kanye/Documents/visionaid/isaac_ros_ws/install/assistive_navigation_core:/opt/ros/humble /usr/bin/cmake --build /home/kanye/Documents/visionaid/build/shared_interfaces -- -j28 -l28
[1.776s] Invoking command in '/home/kanye/Documents/visionaid/build/shared_interfaces': CMAKE_PREFIX_PATH=${CMAKE_PREFIX_PATH}:/home/kanye/Documents/visionaid/isaac_ros_ws/install/yolov8_bdd100k_detection:/home/kanye/Documents/visionaid/isaac_ros_ws/install/vlm_scene_understanding:/home/kanye/Documents/visionaid/isaac_ros_ws/install/traffic_crossing_assistant:/home/kanye/Documents/visionaid/isaac_ros_ws/install/scene_description_system:/home/kanye/Documents/visionaid/isaac_ros_ws/install/isaac_ros_test:/home/kanye/Documents/visionaid/isaac_ros_ws/install/isaac_ros_pynitros:/home/kanye/Documents/visionaid/isaac_ros_ws/install/isaac_ros_rosbag_utils:/home/kanye/Documents/visionaid/isaac_ros_ws/install/isaac_ros_launch_utils:/home/kanye/Documents/visionaid/isaac_ros_ws/install/isaac_common_py:/home/kanye/Documents/visionaid/isaac_ros_ws/install/gps_navigation_system:/home/kanye/Documents/visionaid/isaac_ros_ws/install/camera_bridge:/home/kanye/Documents/visionaid/isaac_ros_ws/install/assistive_navigation_core:/opt/ros/humble /usr/bin/cmake --install /home/kanye/Documents/visionaid/build/shared_interfaces
[1.829s] -- Install configuration: ""
[1.830s] -- Up-to-date: /home/kanye/Documents/visionaid/install/shared_interfaces/share/ament_index/resource_index/package_run_dependencies/shared_interfaces
[1.830s] -- Installing: /home/kanye/Documents/visionaid/install/shared_interfaces/share/ament_index/resource_index/parent_prefix_path/shared_interfaces
[1.831s] -- Installing: /home/kanye/Documents/visionaid/install/shared_interfaces/share/shared_interfaces/environment/ament_prefix_path.sh
[1.831s] -- Installing: /home/kanye/Documents/visionaid/install/shared_interfaces/share/shared_interfaces/environment/ament_prefix_path.dsv
[1.831s] -- Installing: /home/kanye/Documents/visionaid/install/shared_interfaces/share/shared_interfaces/environment/path.sh
[1.831s] -- Installing: /home/kanye/Documents/visionaid/install/shared_interfaces/share/shared_interfaces/environment/path.dsv
[1.831s] -- Up-to-date: /home/kanye/Documents/visionaid/install/shared_interfaces/share/shared_interfaces/local_setup.bash
[1.831s] -- Up-to-date: /home/kanye/Documents/visionaid/install/shared_interfaces/share/shared_interfaces/local_setup.sh
[1.831s] -- Up-to-date: /home/kanye/Documents/visionaid/install/shared_interfaces/share/shared_interfaces/local_setup.zsh
[1.831s] -- Installing: /home/kanye/Documents/visionaid/install/shared_interfaces/share/shared_interfaces/local_setup.dsv
[1.831s] -- Installing: /home/kanye/Documents/visionaid/install/shared_interfaces/share/shared_interfaces/package.dsv
[1.831s] -- Up-to-date: /home/kanye/Documents/visionaid/install/shared_interfaces/share/ament_index/resource_index/packages/shared_interfaces
[1.831s] -- Up-to-date: /home/kanye/Documents/visionaid/install/shared_interfaces/share/shared_interfaces/cmake/shared_interfacesConfig.cmake
[1.831s] -- Up-to-date: /home/kanye/Documents/visionaid/install/shared_interfaces/share/shared_interfaces/cmake/shared_interfacesConfig-version.cmake
[1.831s] -- Installing: /home/kanye/Documents/visionaid/install/shared_interfaces/share/shared_interfaces/package.xml
[1.958s] Invoked command in '/home/kanye/Documents/visionaid/build/shared_interfaces' returned '0': CMAKE_PREFIX_PATH=${CMAKE_PREFIX_PATH}:/home/kanye/Documents/visionaid/isaac_ros_ws/install/yolov8_bdd100k_detection:/home/kanye/Documents/visionaid/isaac_ros_ws/install/vlm_scene_understanding:/home/kanye/Documents/visionaid/isaac_ros_ws/install/traffic_crossing_assistant:/home/kanye/Documents/visionaid/isaac_ros_ws/install/scene_description_system:/home/kanye/Documents/visionaid/isaac_ros_ws/install/isaac_ros_test:/home/kanye/Documents/visionaid/isaac_ros_ws/install/isaac_ros_pynitros:/home/kanye/Documents/visionaid/isaac_ros_ws/install/isaac_ros_rosbag_utils:/home/kanye/Documents/visionaid/isaac_ros_ws/install/isaac_ros_launch_utils:/home/kanye/Documents/visionaid/isaac_ros_ws/install/isaac_common_py:/home/kanye/Documents/visionaid/isaac_ros_ws/install/gps_navigation_system:/home/kanye/Documents/visionaid/isaac_ros_ws/install/camera_bridge:/home/kanye/Documents/visionaid/isaac_ros_ws/install/assistive_navigation_core:/opt/ros/humble /usr/bin/cmake --install /home/kanye/Documents/visionaid/build/shared_interfaces
