-- Found ament_cmake_auto: 1.3.11 (/opt/ros/humble/share/ament_cmake_auto/cmake)
-- Override CMake install command with custom implementation using symlinks instead of copying resources
-- Loading isaac_ros_common extras
-- CMAKE_BUILD_TYPE: Release
-- CUDA architectures: 89
-- Loading isaac_ros_common extras (modules)
-- Found rosidl_generator_c: 3.1.6 (/opt/ros/humble/share/rosidl_generator_c/cmake)
-- Found rosidl_adapter: 3.1.6 (/opt/ros/humble/share/rosidl_adapter/cmake)
-- Found rosidl_generator_cpp: 3.1.6 (/opt/ros/humble/share/rosidl_generator_cpp/cmake)
-- Using all available rosidl_typesupport_c: rosidl_typesupport_fastrtps_c;rosidl_typesupport_introspection_c
-- Using all available rosidl_typesupport_cpp: rosidl_typesupport_fastrtps_cpp;rosidl_typesupport_introspection_cpp
-- Found rmw_implementation_cmake: 6.1.2 (/opt/ros/humble/share/rmw_implementation_cmake/cmake)
-- Found rmw_fastrtps_cpp: 6.2.7 (/opt/ros/humble/share/rmw_fastrtps_cpp/cmake)
-- Using RMW implementation 'rmw_fastrtps_cpp' as default
-- Loading isaac_ros_gxf extras
-- Configuring done
-- Generating done
-- Build files have been written to: /home/sophie/visionaid/isaac_ros_ws/build/isaac_ros_nitros
[35m[1mConsolidate compiler generated dependencies of target isaac_ros_nitros[0m
[  9%] Built target generate_version_info_target_isaac_ros_nitros
[100%] Built target isaac_ros_nitros
-- Install configuration: "Release"
-- Up-to-date: /home/sophie/visionaid/isaac_ros_ws/install/isaac_ros_nitros/lib/isaac_ros_nitros/diagnostic_viewer.py
-- Execute custom install script
-- Up-to-date symlink: /home/sophie/visionaid/isaac_ros_ws/install/isaac_ros_nitros/share/isaac_ros_nitros/cuapriltags/lib/libcuapriltags.a
-- Up-to-date symlink: /home/sophie/visionaid/isaac_ros_ws/install/isaac_ros_nitros/share/isaac_ros_nitros/cuvslam/lib/libcuvslam.so
-- Up-to-date symlink: /home/sophie/visionaid/isaac_ros_ws/install/isaac_ros_nitros/share/isaac_ros_nitros/cuvslam/lib/cuvslam_api_launcher
-- Up-to-date symlink: /home/sophie/visionaid/isaac_ros_ws/install/isaac_ros_nitros/share/isaac_ros_nitros/cuvslam/include/cuvslam.h
-- Up-to-date symlink: /home/sophie/visionaid/isaac_ros_ws/install/isaac_ros_nitros/share/isaac_ros_nitros/cuvslam/include/ground_constraint.h
-- Up-to-date symlink: /home/sophie/visionaid/isaac_ros_ws/install/isaac_ros_nitros/share/ament_index/resource_index/cuvslam/isaac_ros_nitros
-- Up-to-date symlink: /home/sophie/visionaid/isaac_ros_ws/install/isaac_ros_nitros/share/isaac_ros_nitros/cuapriltags/cuapriltags/cuAprilTags.h
-- Up-to-date symlink: /home/sophie/visionaid/isaac_ros_ws/install/isaac_ros_nitros/share/ament_index/resource_index/cuapriltags/isaac_ros_nitros
-- Up-to-date symlink: /home/sophie/visionaid/isaac_ros_ws/install/isaac_ros_nitros/share/isaac_ros_nitros/version_info.yaml
-- Up-to-date symlink: /home/sophie/visionaid/isaac_ros_ws/install/isaac_ros_nitros/include/isaac_ros_nitros/nitros_context.hpp
-- Up-to-date symlink: /home/sophie/visionaid/isaac_ros_ws/install/isaac_ros_nitros/include/isaac_ros_nitros/nitros_node.hpp
-- Up-to-date symlink: /home/sophie/visionaid/isaac_ros_ws/install/isaac_ros_nitros/include/isaac_ros_nitros/nitros_publisher.hpp
-- Up-to-date symlink: /home/sophie/visionaid/isaac_ros_ws/install/isaac_ros_nitros/include/isaac_ros_nitros/nitros_publisher_subscriber_base.hpp
-- Up-to-date symlink: /home/sophie/visionaid/isaac_ros_ws/install/isaac_ros_nitros/include/isaac_ros_nitros/nitros_publisher_subscriber_group.hpp
-- Up-to-date symlink: /home/sophie/visionaid/isaac_ros_ws/install/isaac_ros_nitros/include/isaac_ros_nitros/nitros_subscriber.hpp
-- Up-to-date symlink: /home/sophie/visionaid/isaac_ros_ws/install/isaac_ros_nitros/include/isaac_ros_nitros/types/nitros_empty.hpp
-- Up-to-date symlink: /home/sophie/visionaid/isaac_ros_ws/install/isaac_ros_nitros/include/isaac_ros_nitros/types/nitros_format_agent.hpp
-- Up-to-date symlink: /home/sophie/visionaid/isaac_ros_ws/install/isaac_ros_nitros/include/isaac_ros_nitros/types/nitros_type_base.hpp
-- Up-to-date symlink: /home/sophie/visionaid/isaac_ros_ws/install/isaac_ros_nitros/include/isaac_ros_nitros/types/nitros_type_manager.hpp
-- Up-to-date symlink: /home/sophie/visionaid/isaac_ros_ws/install/isaac_ros_nitros/include/isaac_ros_nitros/types/nitros_type_message_filter_traits.hpp
-- Up-to-date symlink: /home/sophie/visionaid/isaac_ros_ws/install/isaac_ros_nitros/include/isaac_ros_nitros/types/nitros_type_view_factory.hpp
-- Up-to-date symlink: /home/sophie/visionaid/isaac_ros_ws/install/isaac_ros_nitros/include/isaac_ros_nitros/types/type_adapter_nitros_context.hpp
-- Up-to-date symlink: /home/sophie/visionaid/isaac_ros_ws/install/isaac_ros_nitros/include/isaac_ros_nitros/types/type_utility.hpp
-- Up-to-date symlink: /home/sophie/visionaid/isaac_ros_ws/install/isaac_ros_nitros/include/isaac_ros_nitros/utils/vpi_utilities.hpp
-- Up-to-date symlink: /home/sophie/visionaid/isaac_ros_ws/install/isaac_ros_nitros/share/isaac_ros_nitros/environment/library_path.sh
-- Up-to-date symlink: /home/sophie/visionaid/isaac_ros_ws/install/isaac_ros_nitros/share/isaac_ros_nitros/environment/library_path.dsv
-- Up-to-date symlink: /home/sophie/visionaid/isaac_ros_ws/install/isaac_ros_nitros/lib/libisaac_ros_nitros.so
-- Up-to-date symlink: /home/sophie/visionaid/isaac_ros_ws/install/isaac_ros_nitros/share/isaac_ros_nitros/config/type_adapter_nitros_context_graph.yaml
-- Up-to-date symlink: /home/sophie/visionaid/isaac_ros_ws/install/isaac_ros_nitros/share/ament_index/resource_index/package_run_dependencies/isaac_ros_nitros
-- Up-to-date symlink: /home/sophie/visionaid/isaac_ros_ws/install/isaac_ros_nitros/share/ament_index/resource_index/parent_prefix_path/isaac_ros_nitros
-- Up-to-date symlink: /home/sophie/visionaid/isaac_ros_ws/install/isaac_ros_nitros/share/isaac_ros_nitros/environment/ament_prefix_path.sh
-- Up-to-date symlink: /home/sophie/visionaid/isaac_ros_ws/install/isaac_ros_nitros/share/isaac_ros_nitros/environment/ament_prefix_path.dsv
-- Up-to-date symlink: /home/sophie/visionaid/isaac_ros_ws/install/isaac_ros_nitros/share/isaac_ros_nitros/environment/path.sh
-- Up-to-date symlink: /home/sophie/visionaid/isaac_ros_ws/install/isaac_ros_nitros/share/isaac_ros_nitros/environment/path.dsv
-- Up-to-date symlink: /home/sophie/visionaid/isaac_ros_ws/install/isaac_ros_nitros/share/isaac_ros_nitros/local_setup.bash
-- Up-to-date symlink: /home/sophie/visionaid/isaac_ros_ws/install/isaac_ros_nitros/share/isaac_ros_nitros/local_setup.sh
-- Up-to-date symlink: /home/sophie/visionaid/isaac_ros_ws/install/isaac_ros_nitros/share/isaac_ros_nitros/local_setup.zsh
-- Up-to-date symlink: /home/sophie/visionaid/isaac_ros_ws/install/isaac_ros_nitros/share/isaac_ros_nitros/local_setup.dsv
-- Symlinking: /home/sophie/visionaid/isaac_ros_ws/install/isaac_ros_nitros/share/isaac_ros_nitros/package.dsv
-- Up-to-date symlink: /home/sophie/visionaid/isaac_ros_ws/install/isaac_ros_nitros/share/ament_index/resource_index/packages/isaac_ros_nitros
-- Up-to-date symlink: /home/sophie/visionaid/isaac_ros_ws/install/isaac_ros_nitros/share/isaac_ros_nitros/cmake/ament_cmake_export_dependencies-extras.cmake
-- Up-to-date symlink: /home/sophie/visionaid/isaac_ros_ws/install/isaac_ros_nitros/share/isaac_ros_nitros/cmake/ament_cmake_export_include_directories-extras.cmake
-- Up-to-date symlink: /home/sophie/visionaid/isaac_ros_ws/install/isaac_ros_nitros/share/isaac_ros_nitros/cmake/ament_cmake_export_libraries-extras.cmake
-- Up-to-date symlink: /home/sophie/visionaid/isaac_ros_ws/install/isaac_ros_nitros/share/isaac_ros_nitros/cmake/isaac_ros_nitrosConfig.cmake
-- Up-to-date symlink: /home/sophie/visionaid/isaac_ros_ws/install/isaac_ros_nitros/share/isaac_ros_nitros/cmake/isaac_ros_nitrosConfig-version.cmake
-- Up-to-date symlink: /home/sophie/visionaid/isaac_ros_ws/install/isaac_ros_nitros/share/isaac_ros_nitros/package.xml
