[0.039s] Invoking command in '/home/sophie/visionaid/isaac_ros_ws/build/isaac_ros_image_proc': AMENT_PREFIX_PATH=/home/sophie/visionaid/isaac_ros_ws/install/isaac_ros_managed_nitros:/home/sophie/visionaid/isaac_ros_ws/install/isaac_ros_nitros_tensor_list_type:/home/sophie/visionaid/isaac_ros_ws/install/isaac_ros_nitros_image_type:/home/sophie/visionaid/isaac_ros_ws/install/isaac_ros_nitros_camera_info_type:/home/sophie/visionaid/isaac_ros_ws/install/isaac_ros_nitros:/home/sophie/visionaid/isaac_ros_ws/install/gxf_isaac_tensorops:/home/sophie/visionaid/isaac_ros_ws/install/gxf_isaac_messages:/home/sophie/visionaid/isaac_ros_ws/install/gxf_isaac_gxf_helpers:/home/sophie/visionaid/isaac_ros_ws/install/gxf_isaac_atlas:/home/sophie/visionaid/isaac_ros_ws/install/gxf_isaac_sight:/home/sophie/visionaid/isaac_ros_ws/install/gxf_isaac_optimizer:/home/sophie/visionaid/isaac_ros_ws/install/gxf_isaac_message_compositor:/home/sophie/visionaid/isaac_ros_ws/install/gxf_isaac_image_flip:/home/sophie/visionaid/isaac_ros_ws/install/gxf_isaac_gems:/home/sophie/visionaid/isaac_ros_ws/install/isaac_ros_test:/home/sophie/visionaid/isaac_ros_ws/install/isaac_ros_tensor_list_interfaces:/home/sophie/visionaid/isaac_ros_ws/install/isaac_ros_gxf:/home/sophie/visionaid/isaac_ros_ws/install/isaac_ros_common:${AMENT_PREFIX_PATH} CMAKE_PREFIX_PATH=/home/sophie/visionaid/isaac_ros_ws/install/isaac_ros_managed_nitros:/home/sophie/visionaid/isaac_ros_ws/install/isaac_ros_nitros_tensor_list_type:/home/sophie/visionaid/isaac_ros_ws/install/isaac_ros_nitros_image_type:/home/sophie/visionaid/isaac_ros_ws/install/isaac_ros_nitros_camera_info_type:/home/sophie/visionaid/isaac_ros_ws/install/isaac_ros_nitros:/home/sophie/visionaid/isaac_ros_ws/install/gxf_isaac_tensorops:/home/sophie/visionaid/isaac_ros_ws/install/gxf_isaac_messages:/home/sophie/visionaid/isaac_ros_ws/install/gxf_isaac_gxf_helpers:/home/sophie/visionaid/isaac_ros_ws/install/gxf_isaac_atlas:/home/sophie/visionaid/isaac_ros_ws/install/gxf_isaac_sight:/home/sophie/visionaid/isaac_ros_ws/install/gxf_isaac_optimizer:/home/sophie/visionaid/isaac_ros_ws/install/gxf_isaac_message_compositor:/home/sophie/visionaid/isaac_ros_ws/install/gxf_isaac_image_flip:/home/sophie/visionaid/isaac_ros_ws/install/gxf_isaac_gems:/home/sophie/visionaid/isaac_ros_ws/install/isaac_ros_tensor_list_interfaces:/home/sophie/visionaid/isaac_ros_ws/install/isaac_ros_gxf:/home/sophie/visionaid/isaac_ros_ws/install/isaac_ros_common:/opt/ros/humble LD_LIBRARY_PATH=/home/sophie/visionaid/isaac_ros_ws/install/isaac_ros_managed_nitros/lib:/home/sophie/visionaid/isaac_ros_ws/install/isaac_ros_nitros_tensor_list_type/lib:/home/sophie/visionaid/isaac_ros_ws/install/isaac_ros_nitros_image_type/lib:/home/sophie/visionaid/isaac_ros_ws/install/isaac_ros_nitros_camera_info_type/lib:/home/sophie/visionaid/isaac_ros_ws/install/isaac_ros_nitros/lib:/home/sophie/visionaid/isaac_ros_ws/install/gxf_isaac_tensorops/lib:/home/sophie/visionaid/isaac_ros_ws/install/gxf_isaac_messages/lib:/home/sophie/visionaid/isaac_ros_ws/install/gxf_isaac_gxf_helpers/lib:/home/sophie/visionaid/isaac_ros_ws/install/gxf_isaac_atlas/lib:/home/sophie/visionaid/isaac_ros_ws/install/gxf_isaac_sight/lib:/home/sophie/visionaid/isaac_ros_ws/install/gxf_isaac_optimizer/lib:/home/sophie/visionaid/isaac_ros_ws/install/gxf_isaac_message_compositor/lib:/home/sophie/visionaid/isaac_ros_ws/install/gxf_isaac_image_flip/lib:/home/sophie/visionaid/isaac_ros_ws/install/gxf_isaac_gems/lib:/home/sophie/visionaid/isaac_ros_ws/install/isaac_ros_tensor_list_interfaces/lib:/home/sophie/visionaid/isaac_ros_ws/install/isaac_ros_gxf/lib:/home/sophie/visionaid/isaac_ros_ws/install/isaac_ros_common/lib:${LD_LIBRARY_PATH} PATH=/home/sophie/visionaid/isaac_ros_ws/install/isaac_ros_common/bin:${PATH} PYTHONPATH=/home/sophie/visionaid/isaac_ros_ws/build/isaac_ros_test:/home/sophie/visionaid/isaac_ros_ws/install/isaac_ros_test/lib/python3.10/site-packages:/home/sophie/visionaid/isaac_ros_ws/install/isaac_ros_tensor_list_interfaces/local/lib/python3.10/dist-packages:/home/sophie/visionaid/isaac_ros_ws/install/isaac_ros_common/local/lib/python3.10/dist-packages:${PYTHONPATH} /usr/bin/cmake /home/sophie/visionaid/isaac_ros_ws/src/isaac_ros_image_pipeline/isaac_ros_image_proc -DCMAKE_BUILD_TYPE=Release -DBUILD_TESTING=OFF -DCMAKE_CUDA_ARCHITECTURES=89 -DAMENT_CMAKE_SYMLINK_INSTALL=1 -DCMAKE_INSTALL_PREFIX=/home/sophie/visionaid/isaac_ros_ws/install/isaac_ros_image_proc
[0.086s] -- The C compiler identification is GNU 11.4.0
[0.126s] -- The CXX compiler identification is GNU 11.4.0
[0.776s] -- The CUDA compiler identification is NVIDIA 12.8.61
[0.780s] -- Detecting C compiler ABI info
[0.833s] -- Detecting C compiler ABI info - done
[0.840s] -- Check for working C compiler: /usr/bin/cc - skipped
[0.840s] -- Detecting C compile features
[0.841s] -- Detecting C compile features - done
[0.842s] -- Detecting CXX compiler ABI info
[0.903s] -- Detecting CXX compiler ABI info - done
[0.908s] -- Check for working CXX compiler: /usr/bin/c++ - skipped
[0.908s] -- Detecting CXX compile features
[0.909s] -- Detecting CXX compile features - done
[0.911s] -- Detecting CUDA compiler ABI info
[1.524s] -- Detecting CUDA compiler ABI info - done
[1.545s] -- Check for working CUDA compiler: /usr/local/cuda-12.8/bin/nvcc - skipped
[1.545s] -- Detecting CUDA compile features
[1.545s] -- Detecting CUDA compile features - done
[1.547s] -- Found ament_cmake_auto: 1.3.11 (/opt/ros/humble/share/ament_cmake_auto/cmake)
[1.664s] -- Found Python3: /usr/bin/python3 (found version "3.10.12") found components: Interpreter 
[1.705s] -- Override CMake install command with custom implementation using symlinks instead of copying resources
[1.764s] -- Loading isaac_ros_common extras
[1.764s] -- CMAKE_BUILD_TYPE: Release
[1.780s] -- Looking for pthread.h
[1.843s] -- Looking for pthread.h - found
[1.843s] -- Performing Test CMAKE_HAVE_LIBC_PTHREAD
[1.899s] -- Performing Test CMAKE_HAVE_LIBC_PTHREAD - Success
[1.900s] -- Found Threads: TRUE  
[1.906s] -- Found CUDA: /usr/local/cuda-12.8 (found version "12.8") 
[1.907s] -- CUDA architectures: 89
[1.907s] -- Loading isaac_ros_common extras (modules)
[1.933s] -- Found rosidl_generator_c: 3.1.6 (/opt/ros/humble/share/rosidl_generator_c/cmake)
[1.936s] -- Found rosidl_adapter: 3.1.6 (/opt/ros/humble/share/rosidl_adapter/cmake)
[1.942s] -- Found rosidl_generator_cpp: 3.1.6 (/opt/ros/humble/share/rosidl_generator_cpp/cmake)
[1.951s] -- Using all available rosidl_typesupport_c: rosidl_typesupport_fastrtps_c;rosidl_typesupport_introspection_c
[1.962s] -- Using all available rosidl_typesupport_cpp: rosidl_typesupport_fastrtps_cpp;rosidl_typesupport_introspection_cpp
[1.994s] -- Found rmw_implementation_cmake: 6.1.2 (/opt/ros/humble/share/rmw_implementation_cmake/cmake)
[1.996s] -- Found rmw_fastrtps_cpp: 6.2.7 (/opt/ros/humble/share/rmw_fastrtps_cpp/cmake)
[2.066s] -- Found OpenSSL: /usr/lib/x86_64-linux-gnu/libcrypto.so (found version "3.0.2")  
[2.090s] -- Found FastRTPS: /opt/ros/humble/include  
[2.121s] -- Using RMW implementation 'rmw_fastrtps_cpp' as default
[2.163s] -- Loading isaac_ros_gxf extras
[2.470s] -- Configuring done
[2.625s] -- Generating done
[2.641s] -- Build files have been written to: /home/sophie/visionaid/isaac_ros_ws/build/isaac_ros_image_proc
[2.652s] Invoked command in '/home/sophie/visionaid/isaac_ros_ws/build/isaac_ros_image_proc' returned '0': AMENT_PREFIX_PATH=/home/sophie/visionaid/isaac_ros_ws/install/isaac_ros_managed_nitros:/home/sophie/visionaid/isaac_ros_ws/install/isaac_ros_nitros_tensor_list_type:/home/sophie/visionaid/isaac_ros_ws/install/isaac_ros_nitros_image_type:/home/sophie/visionaid/isaac_ros_ws/install/isaac_ros_nitros_camera_info_type:/home/sophie/visionaid/isaac_ros_ws/install/isaac_ros_nitros:/home/sophie/visionaid/isaac_ros_ws/install/gxf_isaac_tensorops:/home/sophie/visionaid/isaac_ros_ws/install/gxf_isaac_messages:/home/sophie/visionaid/isaac_ros_ws/install/gxf_isaac_gxf_helpers:/home/sophie/visionaid/isaac_ros_ws/install/gxf_isaac_atlas:/home/sophie/visionaid/isaac_ros_ws/install/gxf_isaac_sight:/home/sophie/visionaid/isaac_ros_ws/install/gxf_isaac_optimizer:/home/sophie/visionaid/isaac_ros_ws/install/gxf_isaac_message_compositor:/home/sophie/visionaid/isaac_ros_ws/install/gxf_isaac_image_flip:/home/sophie/visionaid/isaac_ros_ws/install/gxf_isaac_gems:/home/sophie/visionaid/isaac_ros_ws/install/isaac_ros_test:/home/sophie/visionaid/isaac_ros_ws/install/isaac_ros_tensor_list_interfaces:/home/sophie/visionaid/isaac_ros_ws/install/isaac_ros_gxf:/home/sophie/visionaid/isaac_ros_ws/install/isaac_ros_common:${AMENT_PREFIX_PATH} CMAKE_PREFIX_PATH=/home/sophie/visionaid/isaac_ros_ws/install/isaac_ros_managed_nitros:/home/sophie/visionaid/isaac_ros_ws/install/isaac_ros_nitros_tensor_list_type:/home/sophie/visionaid/isaac_ros_ws/install/isaac_ros_nitros_image_type:/home/sophie/visionaid/isaac_ros_ws/install/isaac_ros_nitros_camera_info_type:/home/sophie/visionaid/isaac_ros_ws/install/isaac_ros_nitros:/home/sophie/visionaid/isaac_ros_ws/install/gxf_isaac_tensorops:/home/sophie/visionaid/isaac_ros_ws/install/gxf_isaac_messages:/home/sophie/visionaid/isaac_ros_ws/install/gxf_isaac_gxf_helpers:/home/sophie/visionaid/isaac_ros_ws/install/gxf_isaac_atlas:/home/sophie/visionaid/isaac_ros_ws/install/gxf_isaac_sight:/home/sophie/visionaid/isaac_ros_ws/install/gxf_isaac_optimizer:/home/sophie/visionaid/isaac_ros_ws/install/gxf_isaac_message_compositor:/home/sophie/visionaid/isaac_ros_ws/install/gxf_isaac_image_flip:/home/sophie/visionaid/isaac_ros_ws/install/gxf_isaac_gems:/home/sophie/visionaid/isaac_ros_ws/install/isaac_ros_tensor_list_interfaces:/home/sophie/visionaid/isaac_ros_ws/install/isaac_ros_gxf:/home/sophie/visionaid/isaac_ros_ws/install/isaac_ros_common:/opt/ros/humble LD_LIBRARY_PATH=/home/sophie/visionaid/isaac_ros_ws/install/isaac_ros_managed_nitros/lib:/home/sophie/visionaid/isaac_ros_ws/install/isaac_ros_nitros_tensor_list_type/lib:/home/sophie/visionaid/isaac_ros_ws/install/isaac_ros_nitros_image_type/lib:/home/sophie/visionaid/isaac_ros_ws/install/isaac_ros_nitros_camera_info_type/lib:/home/sophie/visionaid/isaac_ros_ws/install/isaac_ros_nitros/lib:/home/sophie/visionaid/isaac_ros_ws/install/gxf_isaac_tensorops/lib:/home/sophie/visionaid/isaac_ros_ws/install/gxf_isaac_messages/lib:/home/sophie/visionaid/isaac_ros_ws/install/gxf_isaac_gxf_helpers/lib:/home/sophie/visionaid/isaac_ros_ws/install/gxf_isaac_atlas/lib:/home/sophie/visionaid/isaac_ros_ws/install/gxf_isaac_sight/lib:/home/sophie/visionaid/isaac_ros_ws/install/gxf_isaac_optimizer/lib:/home/sophie/visionaid/isaac_ros_ws/install/gxf_isaac_message_compositor/lib:/home/sophie/visionaid/isaac_ros_ws/install/gxf_isaac_image_flip/lib:/home/sophie/visionaid/isaac_ros_ws/install/gxf_isaac_gems/lib:/home/sophie/visionaid/isaac_ros_ws/install/isaac_ros_tensor_list_interfaces/lib:/home/sophie/visionaid/isaac_ros_ws/install/isaac_ros_gxf/lib:/home/sophie/visionaid/isaac_ros_ws/install/isaac_ros_common/lib:${LD_LIBRARY_PATH} PATH=/home/sophie/visionaid/isaac_ros_ws/install/isaac_ros_common/bin:${PATH} PYTHONPATH=/home/sophie/visionaid/isaac_ros_ws/build/isaac_ros_test:/home/sophie/visionaid/isaac_ros_ws/install/isaac_ros_test/lib/python3.10/site-packages:/home/sophie/visionaid/isaac_ros_ws/install/isaac_ros_tensor_list_interfaces/local/lib/python3.10/dist-packages:/home/sophie/visionaid/isaac_ros_ws/install/isaac_ros_common/local/lib/python3.10/dist-packages:${PYTHONPATH} /usr/bin/cmake /home/sophie/visionaid/isaac_ros_ws/src/isaac_ros_image_pipeline/isaac_ros_image_proc -DCMAKE_BUILD_TYPE=Release -DBUILD_TESTING=OFF -DCMAKE_CUDA_ARCHITECTURES=89 -DAMENT_CMAKE_SYMLINK_INSTALL=1 -DCMAKE_INSTALL_PREFIX=/home/sophie/visionaid/isaac_ros_ws/install/isaac_ros_image_proc
[2.654s] Invoking command in '/home/sophie/visionaid/isaac_ros_ws/build/isaac_ros_image_proc': AMENT_PREFIX_PATH=/home/sophie/visionaid/isaac_ros_ws/install/isaac_ros_managed_nitros:/home/sophie/visionaid/isaac_ros_ws/install/isaac_ros_nitros_tensor_list_type:/home/sophie/visionaid/isaac_ros_ws/install/isaac_ros_nitros_image_type:/home/sophie/visionaid/isaac_ros_ws/install/isaac_ros_nitros_camera_info_type:/home/sophie/visionaid/isaac_ros_ws/install/isaac_ros_nitros:/home/sophie/visionaid/isaac_ros_ws/install/gxf_isaac_tensorops:/home/sophie/visionaid/isaac_ros_ws/install/gxf_isaac_messages:/home/sophie/visionaid/isaac_ros_ws/install/gxf_isaac_gxf_helpers:/home/sophie/visionaid/isaac_ros_ws/install/gxf_isaac_atlas:/home/sophie/visionaid/isaac_ros_ws/install/gxf_isaac_sight:/home/sophie/visionaid/isaac_ros_ws/install/gxf_isaac_optimizer:/home/sophie/visionaid/isaac_ros_ws/install/gxf_isaac_message_compositor:/home/sophie/visionaid/isaac_ros_ws/install/gxf_isaac_image_flip:/home/sophie/visionaid/isaac_ros_ws/install/gxf_isaac_gems:/home/sophie/visionaid/isaac_ros_ws/install/isaac_ros_test:/home/sophie/visionaid/isaac_ros_ws/install/isaac_ros_tensor_list_interfaces:/home/sophie/visionaid/isaac_ros_ws/install/isaac_ros_gxf:/home/sophie/visionaid/isaac_ros_ws/install/isaac_ros_common:${AMENT_PREFIX_PATH} CMAKE_PREFIX_PATH=/home/sophie/visionaid/isaac_ros_ws/install/isaac_ros_managed_nitros:/home/sophie/visionaid/isaac_ros_ws/install/isaac_ros_nitros_tensor_list_type:/home/sophie/visionaid/isaac_ros_ws/install/isaac_ros_nitros_image_type:/home/sophie/visionaid/isaac_ros_ws/install/isaac_ros_nitros_camera_info_type:/home/sophie/visionaid/isaac_ros_ws/install/isaac_ros_nitros:/home/sophie/visionaid/isaac_ros_ws/install/gxf_isaac_tensorops:/home/sophie/visionaid/isaac_ros_ws/install/gxf_isaac_messages:/home/sophie/visionaid/isaac_ros_ws/install/gxf_isaac_gxf_helpers:/home/sophie/visionaid/isaac_ros_ws/install/gxf_isaac_atlas:/home/sophie/visionaid/isaac_ros_ws/install/gxf_isaac_sight:/home/sophie/visionaid/isaac_ros_ws/install/gxf_isaac_optimizer:/home/sophie/visionaid/isaac_ros_ws/install/gxf_isaac_message_compositor:/home/sophie/visionaid/isaac_ros_ws/install/gxf_isaac_image_flip:/home/sophie/visionaid/isaac_ros_ws/install/gxf_isaac_gems:/home/sophie/visionaid/isaac_ros_ws/install/isaac_ros_tensor_list_interfaces:/home/sophie/visionaid/isaac_ros_ws/install/isaac_ros_gxf:/home/sophie/visionaid/isaac_ros_ws/install/isaac_ros_common:/opt/ros/humble LD_LIBRARY_PATH=/home/sophie/visionaid/isaac_ros_ws/install/isaac_ros_managed_nitros/lib:/home/sophie/visionaid/isaac_ros_ws/install/isaac_ros_nitros_tensor_list_type/lib:/home/sophie/visionaid/isaac_ros_ws/install/isaac_ros_nitros_image_type/lib:/home/sophie/visionaid/isaac_ros_ws/install/isaac_ros_nitros_camera_info_type/lib:/home/sophie/visionaid/isaac_ros_ws/install/isaac_ros_nitros/lib:/home/sophie/visionaid/isaac_ros_ws/install/gxf_isaac_tensorops/lib:/home/sophie/visionaid/isaac_ros_ws/install/gxf_isaac_messages/lib:/home/sophie/visionaid/isaac_ros_ws/install/gxf_isaac_gxf_helpers/lib:/home/sophie/visionaid/isaac_ros_ws/install/gxf_isaac_atlas/lib:/home/sophie/visionaid/isaac_ros_ws/install/gxf_isaac_sight/lib:/home/sophie/visionaid/isaac_ros_ws/install/gxf_isaac_optimizer/lib:/home/sophie/visionaid/isaac_ros_ws/install/gxf_isaac_message_compositor/lib:/home/sophie/visionaid/isaac_ros_ws/install/gxf_isaac_image_flip/lib:/home/sophie/visionaid/isaac_ros_ws/install/gxf_isaac_gems/lib:/home/sophie/visionaid/isaac_ros_ws/install/isaac_ros_tensor_list_interfaces/lib:/home/sophie/visionaid/isaac_ros_ws/install/isaac_ros_gxf/lib:/home/sophie/visionaid/isaac_ros_ws/install/isaac_ros_common/lib:${LD_LIBRARY_PATH} PATH=/home/sophie/visionaid/isaac_ros_ws/install/isaac_ros_common/bin:${PATH} PYTHONPATH=/home/sophie/visionaid/isaac_ros_ws/build/isaac_ros_test:/home/sophie/visionaid/isaac_ros_ws/install/isaac_ros_test/lib/python3.10/site-packages:/home/sophie/visionaid/isaac_ros_ws/install/isaac_ros_tensor_list_interfaces/local/lib/python3.10/dist-packages:/home/sophie/visionaid/isaac_ros_ws/install/isaac_ros_common/local/lib/python3.10/dist-packages:${PYTHONPATH} /usr/bin/cmake --build /home/sophie/visionaid/isaac_ros_ws/build/isaac_ros_image_proc -- -j22 -l22
[2.701s] [  5%] [34m[1mGenerating version information as YAML[0m
[2.703s] [ 11%] [32mBuilding CUDA object CMakeFiles/alpha_blend_node.dir/src/alpha_blend.cu.cpp.o[0m
[2.704s] [ 16%] [32mBuilding CXX object CMakeFiles/alpha_blend_node.dir/src/alpha_blend_node.cpp.o[0m
[2.755s] [ 16%] Built target generate_version_info_target_isaac_ros_image_proc
[19.421s] [ 22%] [32m[1mLinking CXX shared library libalpha_blend_node.so[0m
[19.647s] [ 22%] Built target alpha_blend_node
[19.668s] [ 27%] [32mBuilding CXX object CMakeFiles/image_format_converter_node.dir/src/image_format_converter_node.cpp.o[0m
[34.063s] [ 33%] [32m[1mLinking CXX shared library libimage_format_converter_node.so[0m
[34.253s] [ 33%] Built target image_format_converter_node
[34.271s] [ 38%] [32mBuilding CXX object CMakeFiles/rectify_node.dir/src/rectify_node.cpp.o[0m
[51.894s] [ 44%] [32m[1mLinking CXX shared library librectify_node.so[0m
[52.192s] [ 44%] Built target rectify_node
[52.213s] [ 50%] [32mBuilding CXX object CMakeFiles/resize_node.dir/src/resize_node.cpp.o[0m
[69.948s] [ 55%] [32m[1mLinking CXX shared library libresize_node.so[0m
[70.238s] [ 55%] Built target resize_node
[70.257s] [ 61%] [32mBuilding CXX object CMakeFiles/flip_node.dir/src/image_flip_node.cpp.o[0m
[83.198s] [ 66%] [32m[1mLinking CXX shared library libflip_node.so[0m
[83.457s] [ 66%] Built target flip_node
[83.479s] [ 72%] [32mBuilding CXX object CMakeFiles/crop_node.dir/src/crop_node.cpp.o[0m
[100.667s] [ 77%] [32m[1mLinking CXX shared library libcrop_node.so[0m
[100.962s] [ 77%] Built target crop_node
[100.983s] [ 83%] [32mBuilding CXX object CMakeFiles/pad_node.dir/src/pad_node.cpp.o[0m
[116.628s] [ 88%] [32m[1mLinking CXX shared library libpad_node.so[0m
[116.914s] [ 88%] Built target pad_node
[116.934s] [ 94%] [32mBuilding CXX object CMakeFiles/image_normalize_node.dir/src/image_normalize_node.cpp.o[0m
[132.155s] [100%] [32m[1mLinking CXX shared library libimage_normalize_node.so[0m
[132.457s] [100%] Built target image_normalize_node
[132.471s] Invoked command in '/home/sophie/visionaid/isaac_ros_ws/build/isaac_ros_image_proc' returned '0': AMENT_PREFIX_PATH=/home/sophie/visionaid/isaac_ros_ws/install/isaac_ros_managed_nitros:/home/sophie/visionaid/isaac_ros_ws/install/isaac_ros_nitros_tensor_list_type:/home/sophie/visionaid/isaac_ros_ws/install/isaac_ros_nitros_image_type:/home/sophie/visionaid/isaac_ros_ws/install/isaac_ros_nitros_camera_info_type:/home/sophie/visionaid/isaac_ros_ws/install/isaac_ros_nitros:/home/sophie/visionaid/isaac_ros_ws/install/gxf_isaac_tensorops:/home/sophie/visionaid/isaac_ros_ws/install/gxf_isaac_messages:/home/sophie/visionaid/isaac_ros_ws/install/gxf_isaac_gxf_helpers:/home/sophie/visionaid/isaac_ros_ws/install/gxf_isaac_atlas:/home/sophie/visionaid/isaac_ros_ws/install/gxf_isaac_sight:/home/sophie/visionaid/isaac_ros_ws/install/gxf_isaac_optimizer:/home/sophie/visionaid/isaac_ros_ws/install/gxf_isaac_message_compositor:/home/sophie/visionaid/isaac_ros_ws/install/gxf_isaac_image_flip:/home/sophie/visionaid/isaac_ros_ws/install/gxf_isaac_gems:/home/sophie/visionaid/isaac_ros_ws/install/isaac_ros_test:/home/sophie/visionaid/isaac_ros_ws/install/isaac_ros_tensor_list_interfaces:/home/sophie/visionaid/isaac_ros_ws/install/isaac_ros_gxf:/home/sophie/visionaid/isaac_ros_ws/install/isaac_ros_common:${AMENT_PREFIX_PATH} CMAKE_PREFIX_PATH=/home/sophie/visionaid/isaac_ros_ws/install/isaac_ros_managed_nitros:/home/sophie/visionaid/isaac_ros_ws/install/isaac_ros_nitros_tensor_list_type:/home/sophie/visionaid/isaac_ros_ws/install/isaac_ros_nitros_image_type:/home/sophie/visionaid/isaac_ros_ws/install/isaac_ros_nitros_camera_info_type:/home/sophie/visionaid/isaac_ros_ws/install/isaac_ros_nitros:/home/sophie/visionaid/isaac_ros_ws/install/gxf_isaac_tensorops:/home/sophie/visionaid/isaac_ros_ws/install/gxf_isaac_messages:/home/sophie/visionaid/isaac_ros_ws/install/gxf_isaac_gxf_helpers:/home/sophie/visionaid/isaac_ros_ws/install/gxf_isaac_atlas:/home/sophie/visionaid/isaac_ros_ws/install/gxf_isaac_sight:/home/sophie/visionaid/isaac_ros_ws/install/gxf_isaac_optimizer:/home/sophie/visionaid/isaac_ros_ws/install/gxf_isaac_message_compositor:/home/sophie/visionaid/isaac_ros_ws/install/gxf_isaac_image_flip:/home/sophie/visionaid/isaac_ros_ws/install/gxf_isaac_gems:/home/sophie/visionaid/isaac_ros_ws/install/isaac_ros_tensor_list_interfaces:/home/sophie/visionaid/isaac_ros_ws/install/isaac_ros_gxf:/home/sophie/visionaid/isaac_ros_ws/install/isaac_ros_common:/opt/ros/humble LD_LIBRARY_PATH=/home/sophie/visionaid/isaac_ros_ws/install/isaac_ros_managed_nitros/lib:/home/sophie/visionaid/isaac_ros_ws/install/isaac_ros_nitros_tensor_list_type/lib:/home/sophie/visionaid/isaac_ros_ws/install/isaac_ros_nitros_image_type/lib:/home/sophie/visionaid/isaac_ros_ws/install/isaac_ros_nitros_camera_info_type/lib:/home/sophie/visionaid/isaac_ros_ws/install/isaac_ros_nitros/lib:/home/sophie/visionaid/isaac_ros_ws/install/gxf_isaac_tensorops/lib:/home/sophie/visionaid/isaac_ros_ws/install/gxf_isaac_messages/lib:/home/sophie/visionaid/isaac_ros_ws/install/gxf_isaac_gxf_helpers/lib:/home/sophie/visionaid/isaac_ros_ws/install/gxf_isaac_atlas/lib:/home/sophie/visionaid/isaac_ros_ws/install/gxf_isaac_sight/lib:/home/sophie/visionaid/isaac_ros_ws/install/gxf_isaac_optimizer/lib:/home/sophie/visionaid/isaac_ros_ws/install/gxf_isaac_message_compositor/lib:/home/sophie/visionaid/isaac_ros_ws/install/gxf_isaac_image_flip/lib:/home/sophie/visionaid/isaac_ros_ws/install/gxf_isaac_gems/lib:/home/sophie/visionaid/isaac_ros_ws/install/isaac_ros_tensor_list_interfaces/lib:/home/sophie/visionaid/isaac_ros_ws/install/isaac_ros_gxf/lib:/home/sophie/visionaid/isaac_ros_ws/install/isaac_ros_common/lib:${LD_LIBRARY_PATH} PATH=/home/sophie/visionaid/isaac_ros_ws/install/isaac_ros_common/bin:${PATH} PYTHONPATH=/home/sophie/visionaid/isaac_ros_ws/build/isaac_ros_test:/home/sophie/visionaid/isaac_ros_ws/install/isaac_ros_test/lib/python3.10/site-packages:/home/sophie/visionaid/isaac_ros_ws/install/isaac_ros_tensor_list_interfaces/local/lib/python3.10/dist-packages:/home/sophie/visionaid/isaac_ros_ws/install/isaac_ros_common/local/lib/python3.10/dist-packages:${PYTHONPATH} /usr/bin/cmake --build /home/sophie/visionaid/isaac_ros_ws/build/isaac_ros_image_proc -- -j22 -l22
[132.472s] Invoking command in '/home/sophie/visionaid/isaac_ros_ws/build/isaac_ros_image_proc': AMENT_PREFIX_PATH=/home/sophie/visionaid/isaac_ros_ws/install/isaac_ros_managed_nitros:/home/sophie/visionaid/isaac_ros_ws/install/isaac_ros_nitros_tensor_list_type:/home/sophie/visionaid/isaac_ros_ws/install/isaac_ros_nitros_image_type:/home/sophie/visionaid/isaac_ros_ws/install/isaac_ros_nitros_camera_info_type:/home/sophie/visionaid/isaac_ros_ws/install/isaac_ros_nitros:/home/sophie/visionaid/isaac_ros_ws/install/gxf_isaac_tensorops:/home/sophie/visionaid/isaac_ros_ws/install/gxf_isaac_messages:/home/sophie/visionaid/isaac_ros_ws/install/gxf_isaac_gxf_helpers:/home/sophie/visionaid/isaac_ros_ws/install/gxf_isaac_atlas:/home/sophie/visionaid/isaac_ros_ws/install/gxf_isaac_sight:/home/sophie/visionaid/isaac_ros_ws/install/gxf_isaac_optimizer:/home/sophie/visionaid/isaac_ros_ws/install/gxf_isaac_message_compositor:/home/sophie/visionaid/isaac_ros_ws/install/gxf_isaac_image_flip:/home/sophie/visionaid/isaac_ros_ws/install/gxf_isaac_gems:/home/sophie/visionaid/isaac_ros_ws/install/isaac_ros_test:/home/sophie/visionaid/isaac_ros_ws/install/isaac_ros_tensor_list_interfaces:/home/sophie/visionaid/isaac_ros_ws/install/isaac_ros_gxf:/home/sophie/visionaid/isaac_ros_ws/install/isaac_ros_common:${AMENT_PREFIX_PATH} CMAKE_PREFIX_PATH=/home/sophie/visionaid/isaac_ros_ws/install/isaac_ros_managed_nitros:/home/sophie/visionaid/isaac_ros_ws/install/isaac_ros_nitros_tensor_list_type:/home/sophie/visionaid/isaac_ros_ws/install/isaac_ros_nitros_image_type:/home/sophie/visionaid/isaac_ros_ws/install/isaac_ros_nitros_camera_info_type:/home/sophie/visionaid/isaac_ros_ws/install/isaac_ros_nitros:/home/sophie/visionaid/isaac_ros_ws/install/gxf_isaac_tensorops:/home/sophie/visionaid/isaac_ros_ws/install/gxf_isaac_messages:/home/sophie/visionaid/isaac_ros_ws/install/gxf_isaac_gxf_helpers:/home/sophie/visionaid/isaac_ros_ws/install/gxf_isaac_atlas:/home/sophie/visionaid/isaac_ros_ws/install/gxf_isaac_sight:/home/sophie/visionaid/isaac_ros_ws/install/gxf_isaac_optimizer:/home/sophie/visionaid/isaac_ros_ws/install/gxf_isaac_message_compositor:/home/sophie/visionaid/isaac_ros_ws/install/gxf_isaac_image_flip:/home/sophie/visionaid/isaac_ros_ws/install/gxf_isaac_gems:/home/sophie/visionaid/isaac_ros_ws/install/isaac_ros_tensor_list_interfaces:/home/sophie/visionaid/isaac_ros_ws/install/isaac_ros_gxf:/home/sophie/visionaid/isaac_ros_ws/install/isaac_ros_common:/opt/ros/humble LD_LIBRARY_PATH=/home/sophie/visionaid/isaac_ros_ws/install/isaac_ros_managed_nitros/lib:/home/sophie/visionaid/isaac_ros_ws/install/isaac_ros_nitros_tensor_list_type/lib:/home/sophie/visionaid/isaac_ros_ws/install/isaac_ros_nitros_image_type/lib:/home/sophie/visionaid/isaac_ros_ws/install/isaac_ros_nitros_camera_info_type/lib:/home/sophie/visionaid/isaac_ros_ws/install/isaac_ros_nitros/lib:/home/sophie/visionaid/isaac_ros_ws/install/gxf_isaac_tensorops/lib:/home/sophie/visionaid/isaac_ros_ws/install/gxf_isaac_messages/lib:/home/sophie/visionaid/isaac_ros_ws/install/gxf_isaac_gxf_helpers/lib:/home/sophie/visionaid/isaac_ros_ws/install/gxf_isaac_atlas/lib:/home/sophie/visionaid/isaac_ros_ws/install/gxf_isaac_sight/lib:/home/sophie/visionaid/isaac_ros_ws/install/gxf_isaac_optimizer/lib:/home/sophie/visionaid/isaac_ros_ws/install/gxf_isaac_message_compositor/lib:/home/sophie/visionaid/isaac_ros_ws/install/gxf_isaac_image_flip/lib:/home/sophie/visionaid/isaac_ros_ws/install/gxf_isaac_gems/lib:/home/sophie/visionaid/isaac_ros_ws/install/isaac_ros_tensor_list_interfaces/lib:/home/sophie/visionaid/isaac_ros_ws/install/isaac_ros_gxf/lib:/home/sophie/visionaid/isaac_ros_ws/install/isaac_ros_common/lib:${LD_LIBRARY_PATH} PATH=/home/sophie/visionaid/isaac_ros_ws/install/isaac_ros_common/bin:${PATH} PYTHONPATH=/home/sophie/visionaid/isaac_ros_ws/build/isaac_ros_test:/home/sophie/visionaid/isaac_ros_ws/install/isaac_ros_test/lib/python3.10/site-packages:/home/sophie/visionaid/isaac_ros_ws/install/isaac_ros_tensor_list_interfaces/local/lib/python3.10/dist-packages:/home/sophie/visionaid/isaac_ros_ws/install/isaac_ros_common/local/lib/python3.10/dist-packages:${PYTHONPATH} /usr/bin/cmake --install /home/sophie/visionaid/isaac_ros_ws/build/isaac_ros_image_proc
[132.477s] -- Install configuration: "Release"
[132.477s] -- Execute custom install script
[132.477s] -- Symlinking: /home/sophie/visionaid/isaac_ros_ws/install/isaac_ros_image_proc/share/isaac_ros_image_proc/version_info.yaml
[132.487s] -- Symlinking: /home/sophie/visionaid/isaac_ros_ws/install/isaac_ros_image_proc/include/isaac_ros_image_proc/alpha_blend.cu.hpp
[132.496s] -- Symlinking: /home/sophie/visionaid/isaac_ros_ws/install/isaac_ros_image_proc/include/isaac_ros_image_proc/alpha_blend_node.hpp
[132.502s] -- Symlinking: /home/sophie/visionaid/isaac_ros_ws/install/isaac_ros_image_proc/include/isaac_ros_image_proc/crop_node.hpp
[132.511s] -- Symlinking: /home/sophie/visionaid/isaac_ros_ws/install/isaac_ros_image_proc/include/isaac_ros_image_proc/image_flip_node.hpp
[132.519s] -- Symlinking: /home/sophie/visionaid/isaac_ros_ws/install/isaac_ros_image_proc/include/isaac_ros_image_proc/image_format_converter_node.hpp
[132.526s] -- Symlinking: /home/sophie/visionaid/isaac_ros_ws/install/isaac_ros_image_proc/include/isaac_ros_image_proc/image_normalize_node.hpp
[132.535s] -- Symlinking: /home/sophie/visionaid/isaac_ros_ws/install/isaac_ros_image_proc/include/isaac_ros_image_proc/pad_node.hpp
[132.541s] -- Symlinking: /home/sophie/visionaid/isaac_ros_ws/install/isaac_ros_image_proc/include/isaac_ros_image_proc/rectify_node.hpp
[132.546s] -- Symlinking: /home/sophie/visionaid/isaac_ros_ws/install/isaac_ros_image_proc/include/isaac_ros_image_proc/resize_node.hpp
[132.554s] -- Symlinking: /home/sophie/visionaid/isaac_ros_ws/install/isaac_ros_image_proc/share/isaac_ros_image_proc/environment/library_path.sh
[132.561s] -- Symlinking: /home/sophie/visionaid/isaac_ros_ws/install/isaac_ros_image_proc/share/isaac_ros_image_proc/environment/library_path.dsv
[132.570s] -- Symlinking: /home/sophie/visionaid/isaac_ros_ws/install/isaac_ros_image_proc/lib/libalpha_blend_node.so
[132.577s] -- Symlinking: /home/sophie/visionaid/isaac_ros_ws/install/isaac_ros_image_proc/lib/libimage_format_converter_node.so
[132.585s] -- Symlinking: /home/sophie/visionaid/isaac_ros_ws/install/isaac_ros_image_proc/lib/librectify_node.so
[132.591s] -- Symlinking: /home/sophie/visionaid/isaac_ros_ws/install/isaac_ros_image_proc/lib/libresize_node.so
[132.597s] -- Symlinking: /home/sophie/visionaid/isaac_ros_ws/install/isaac_ros_image_proc/lib/libflip_node.so
[132.604s] -- Symlinking: /home/sophie/visionaid/isaac_ros_ws/install/isaac_ros_image_proc/lib/libcrop_node.so
[132.610s] -- Symlinking: /home/sophie/visionaid/isaac_ros_ws/install/isaac_ros_image_proc/lib/libpad_node.so
[132.616s] -- Symlinking: /home/sophie/visionaid/isaac_ros_ws/install/isaac_ros_image_proc/lib/libimage_normalize_node.so
[132.622s] -- Symlinking: /home/sophie/visionaid/isaac_ros_ws/install/isaac_ros_image_proc/share/isaac_ros_image_proc/launch/isaac_ros_image_color_conversion.launch.py
[132.627s] -- Symlinking: /home/sophie/visionaid/isaac_ros_ws/install/isaac_ros_image_proc/share/isaac_ros_image_proc/launch/isaac_ros_image_color_conversion_core.launch.py
[132.634s] -- Symlinking: /home/sophie/visionaid/isaac_ros_ws/install/isaac_ros_image_proc/share/isaac_ros_image_proc/launch/isaac_ros_image_crop.launch.py
[132.640s] -- Symlinking: /home/sophie/visionaid/isaac_ros_ws/install/isaac_ros_image_proc/share/isaac_ros_image_proc/launch/isaac_ros_image_crop_core.launch.py
[132.647s] -- Symlinking: /home/sophie/visionaid/isaac_ros_ws/install/isaac_ros_image_proc/share/isaac_ros_image_proc/launch/isaac_ros_image_flip.launch.py
[132.653s] -- Symlinking: /home/sophie/visionaid/isaac_ros_ws/install/isaac_ros_image_proc/share/isaac_ros_image_proc/launch/isaac_ros_image_flip_core.launch.py
[132.659s] -- Symlinking: /home/sophie/visionaid/isaac_ros_ws/install/isaac_ros_image_proc/share/isaac_ros_image_proc/launch/isaac_ros_image_rectify.launch.py
[132.667s] -- Symlinking: /home/sophie/visionaid/isaac_ros_ws/install/isaac_ros_image_proc/share/isaac_ros_image_proc/launch/isaac_ros_image_rectify_mono_core.launch.py
[132.676s] -- Symlinking: /home/sophie/visionaid/isaac_ros_ws/install/isaac_ros_image_proc/share/isaac_ros_image_proc/launch/isaac_ros_image_rectify_stereo_core.launch.py
[132.684s] -- Symlinking: /home/sophie/visionaid/isaac_ros_ws/install/isaac_ros_image_proc/share/isaac_ros_image_proc/launch/isaac_ros_image_resize.launch.py
[132.691s] -- Symlinking: /home/sophie/visionaid/isaac_ros_ws/install/isaac_ros_image_proc/share/isaac_ros_image_proc/launch/isaac_ros_image_resize_core.launch.py
[132.699s] -- Symlinking: /home/sophie/visionaid/isaac_ros_ws/install/isaac_ros_image_proc/share/isaac_ros_image_proc/launch/isaac_ros_image_resize_rectify_stereo_core.launch.py
[132.706s] -- Symlinking: /home/sophie/visionaid/isaac_ros_ws/install/isaac_ros_image_proc/share/isaac_ros_image_proc/config/isaac_ros_image_proc_namespace_injector_rule.yaml
[132.711s] -- Symlinking: /home/sophie/visionaid/isaac_ros_ws/install/isaac_ros_image_proc/share/isaac_ros_image_proc/config/namespace_injector_rule_crop.yaml
[132.719s] -- Symlinking: /home/sophie/visionaid/isaac_ros_ws/install/isaac_ros_image_proc/share/isaac_ros_image_proc/config/namespace_injector_rule_image_format_converter.yaml
[132.727s] -- Symlinking: /home/sophie/visionaid/isaac_ros_ws/install/isaac_ros_image_proc/share/isaac_ros_image_proc/config/namespace_injector_rule_rectify.yaml
[132.736s] -- Symlinking: /home/sophie/visionaid/isaac_ros_ws/install/isaac_ros_image_proc/share/isaac_ros_image_proc/config/nitros_crop_node.yaml
[132.743s] -- Symlinking: /home/sophie/visionaid/isaac_ros_ws/install/isaac_ros_image_proc/share/isaac_ros_image_proc/config/nitros_image_flip_node.yaml
[132.749s] -- Symlinking: /home/sophie/visionaid/isaac_ros_ws/install/isaac_ros_image_proc/share/isaac_ros_image_proc/config/nitros_image_format_converter_node.yaml
[132.756s] -- Symlinking: /home/sophie/visionaid/isaac_ros_ws/install/isaac_ros_image_proc/share/isaac_ros_image_proc/config/nitros_rectify_node.yaml
[132.762s] -- Symlinking: /home/sophie/visionaid/isaac_ros_ws/install/isaac_ros_image_proc/share/isaac_ros_image_proc/config/nitros_resize_node.yaml
[132.768s] -- Symlinking: /home/sophie/visionaid/isaac_ros_ws/install/isaac_ros_image_proc/share/isaac_ros_image_proc/config/resize_substitution_rule.yaml
[132.774s] -- Symlinking: /home/sophie/visionaid/isaac_ros_ws/install/isaac_ros_image_proc/share/ament_index/resource_index/package_run_dependencies/isaac_ros_image_proc
[132.780s] -- Symlinking: /home/sophie/visionaid/isaac_ros_ws/install/isaac_ros_image_proc/share/ament_index/resource_index/parent_prefix_path/isaac_ros_image_proc
[132.786s] -- Symlinking: /home/sophie/visionaid/isaac_ros_ws/install/isaac_ros_image_proc/share/isaac_ros_image_proc/environment/ament_prefix_path.sh
[132.793s] -- Symlinking: /home/sophie/visionaid/isaac_ros_ws/install/isaac_ros_image_proc/share/isaac_ros_image_proc/environment/ament_prefix_path.dsv
[132.800s] -- Symlinking: /home/sophie/visionaid/isaac_ros_ws/install/isaac_ros_image_proc/share/isaac_ros_image_proc/environment/path.sh
[132.806s] -- Symlinking: /home/sophie/visionaid/isaac_ros_ws/install/isaac_ros_image_proc/share/isaac_ros_image_proc/environment/path.dsv
[132.812s] -- Symlinking: /home/sophie/visionaid/isaac_ros_ws/install/isaac_ros_image_proc/share/isaac_ros_image_proc/local_setup.bash
[132.820s] -- Symlinking: /home/sophie/visionaid/isaac_ros_ws/install/isaac_ros_image_proc/share/isaac_ros_image_proc/local_setup.sh
[132.826s] -- Symlinking: /home/sophie/visionaid/isaac_ros_ws/install/isaac_ros_image_proc/share/isaac_ros_image_proc/local_setup.zsh
[132.832s] -- Symlinking: /home/sophie/visionaid/isaac_ros_ws/install/isaac_ros_image_proc/share/isaac_ros_image_proc/local_setup.dsv
[132.839s] -- Symlinking: /home/sophie/visionaid/isaac_ros_ws/install/isaac_ros_image_proc/share/isaac_ros_image_proc/package.dsv
[132.847s] -- Symlinking: /home/sophie/visionaid/isaac_ros_ws/install/isaac_ros_image_proc/share/ament_index/resource_index/packages/isaac_ros_image_proc
[132.853s] -- Symlinking: /home/sophie/visionaid/isaac_ros_ws/install/isaac_ros_image_proc/share/ament_index/resource_index/rclcpp_components/isaac_ros_image_proc
[132.859s] -- Symlinking: /home/sophie/visionaid/isaac_ros_ws/install/isaac_ros_image_proc/share/isaac_ros_image_proc/cmake/ament_cmake_export_dependencies-extras.cmake
[132.865s] -- Symlinking: /home/sophie/visionaid/isaac_ros_ws/install/isaac_ros_image_proc/share/isaac_ros_image_proc/cmake/ament_cmake_export_include_directories-extras.cmake
[132.871s] -- Symlinking: /home/sophie/visionaid/isaac_ros_ws/install/isaac_ros_image_proc/share/isaac_ros_image_proc/cmake/ament_cmake_export_libraries-extras.cmake
[132.875s] -- Symlinking: /home/sophie/visionaid/isaac_ros_ws/install/isaac_ros_image_proc/share/isaac_ros_image_proc/cmake/isaac_ros_image_procConfig.cmake
[132.880s] -- Symlinking: /home/sophie/visionaid/isaac_ros_ws/install/isaac_ros_image_proc/share/isaac_ros_image_proc/cmake/isaac_ros_image_procConfig-version.cmake
[132.885s] -- Symlinking: /home/sophie/visionaid/isaac_ros_ws/install/isaac_ros_image_proc/share/isaac_ros_image_proc/package.xml
[132.895s] Invoked command in '/home/sophie/visionaid/isaac_ros_ws/build/isaac_ros_image_proc' returned '0': AMENT_PREFIX_PATH=/home/sophie/visionaid/isaac_ros_ws/install/isaac_ros_managed_nitros:/home/sophie/visionaid/isaac_ros_ws/install/isaac_ros_nitros_tensor_list_type:/home/sophie/visionaid/isaac_ros_ws/install/isaac_ros_nitros_image_type:/home/sophie/visionaid/isaac_ros_ws/install/isaac_ros_nitros_camera_info_type:/home/sophie/visionaid/isaac_ros_ws/install/isaac_ros_nitros:/home/sophie/visionaid/isaac_ros_ws/install/gxf_isaac_tensorops:/home/sophie/visionaid/isaac_ros_ws/install/gxf_isaac_messages:/home/sophie/visionaid/isaac_ros_ws/install/gxf_isaac_gxf_helpers:/home/sophie/visionaid/isaac_ros_ws/install/gxf_isaac_atlas:/home/sophie/visionaid/isaac_ros_ws/install/gxf_isaac_sight:/home/sophie/visionaid/isaac_ros_ws/install/gxf_isaac_optimizer:/home/sophie/visionaid/isaac_ros_ws/install/gxf_isaac_message_compositor:/home/sophie/visionaid/isaac_ros_ws/install/gxf_isaac_image_flip:/home/sophie/visionaid/isaac_ros_ws/install/gxf_isaac_gems:/home/sophie/visionaid/isaac_ros_ws/install/isaac_ros_test:/home/sophie/visionaid/isaac_ros_ws/install/isaac_ros_tensor_list_interfaces:/home/sophie/visionaid/isaac_ros_ws/install/isaac_ros_gxf:/home/sophie/visionaid/isaac_ros_ws/install/isaac_ros_common:${AMENT_PREFIX_PATH} CMAKE_PREFIX_PATH=/home/sophie/visionaid/isaac_ros_ws/install/isaac_ros_managed_nitros:/home/sophie/visionaid/isaac_ros_ws/install/isaac_ros_nitros_tensor_list_type:/home/sophie/visionaid/isaac_ros_ws/install/isaac_ros_nitros_image_type:/home/sophie/visionaid/isaac_ros_ws/install/isaac_ros_nitros_camera_info_type:/home/sophie/visionaid/isaac_ros_ws/install/isaac_ros_nitros:/home/sophie/visionaid/isaac_ros_ws/install/gxf_isaac_tensorops:/home/sophie/visionaid/isaac_ros_ws/install/gxf_isaac_messages:/home/sophie/visionaid/isaac_ros_ws/install/gxf_isaac_gxf_helpers:/home/sophie/visionaid/isaac_ros_ws/install/gxf_isaac_atlas:/home/sophie/visionaid/isaac_ros_ws/install/gxf_isaac_sight:/home/sophie/visionaid/isaac_ros_ws/install/gxf_isaac_optimizer:/home/sophie/visionaid/isaac_ros_ws/install/gxf_isaac_message_compositor:/home/sophie/visionaid/isaac_ros_ws/install/gxf_isaac_image_flip:/home/sophie/visionaid/isaac_ros_ws/install/gxf_isaac_gems:/home/sophie/visionaid/isaac_ros_ws/install/isaac_ros_tensor_list_interfaces:/home/sophie/visionaid/isaac_ros_ws/install/isaac_ros_gxf:/home/sophie/visionaid/isaac_ros_ws/install/isaac_ros_common:/opt/ros/humble LD_LIBRARY_PATH=/home/sophie/visionaid/isaac_ros_ws/install/isaac_ros_managed_nitros/lib:/home/sophie/visionaid/isaac_ros_ws/install/isaac_ros_nitros_tensor_list_type/lib:/home/sophie/visionaid/isaac_ros_ws/install/isaac_ros_nitros_image_type/lib:/home/sophie/visionaid/isaac_ros_ws/install/isaac_ros_nitros_camera_info_type/lib:/home/sophie/visionaid/isaac_ros_ws/install/isaac_ros_nitros/lib:/home/sophie/visionaid/isaac_ros_ws/install/gxf_isaac_tensorops/lib:/home/sophie/visionaid/isaac_ros_ws/install/gxf_isaac_messages/lib:/home/sophie/visionaid/isaac_ros_ws/install/gxf_isaac_gxf_helpers/lib:/home/sophie/visionaid/isaac_ros_ws/install/gxf_isaac_atlas/lib:/home/sophie/visionaid/isaac_ros_ws/install/gxf_isaac_sight/lib:/home/sophie/visionaid/isaac_ros_ws/install/gxf_isaac_optimizer/lib:/home/sophie/visionaid/isaac_ros_ws/install/gxf_isaac_message_compositor/lib:/home/sophie/visionaid/isaac_ros_ws/install/gxf_isaac_image_flip/lib:/home/sophie/visionaid/isaac_ros_ws/install/gxf_isaac_gems/lib:/home/sophie/visionaid/isaac_ros_ws/install/isaac_ros_tensor_list_interfaces/lib:/home/sophie/visionaid/isaac_ros_ws/install/isaac_ros_gxf/lib:/home/sophie/visionaid/isaac_ros_ws/install/isaac_ros_common/lib:${LD_LIBRARY_PATH} PATH=/home/sophie/visionaid/isaac_ros_ws/install/isaac_ros_common/bin:${PATH} PYTHONPATH=/home/sophie/visionaid/isaac_ros_ws/build/isaac_ros_test:/home/sophie/visionaid/isaac_ros_ws/install/isaac_ros_test/lib/python3.10/site-packages:/home/sophie/visionaid/isaac_ros_ws/install/isaac_ros_tensor_list_interfaces/local/lib/python3.10/dist-packages:/home/sophie/visionaid/isaac_ros_ws/install/isaac_ros_common/local/lib/python3.10/dist-packages:${PYTHONPATH} /usr/bin/cmake --install /home/sophie/visionaid/isaac_ros_ws/build/isaac_ros_image_proc
