-- The C compiler identification is GNU 11.4.0
-- The CXX compiler identification is GNU 11.4.0
-- Detecting C compiler ABI info
-- Detecting C compiler ABI info - done
-- Check for working C compiler: /usr/bin/cc - skipped
-- Detecting C compile features
-- Detecting C compile features - done
-- Detecting CXX compiler ABI info
-- Detecting CXX compiler ABI info - done
-- Check for working CXX compiler: /usr/bin/c++ - skipped
-- Detecting CXX compile features
-- Detecting CXX compile features - done
-- Found ament_cmake_auto: 1.3.11 (/opt/ros/humble/share/ament_cmake_auto/cmake)
-- Found Python3: /usr/bin/python3 (found version "3.10.12") found components: Interpreter 
-- Override CMake install command with custom implementation using symlinks instead of copying resources
-- Found rosidl_generator_c: 3.1.6 (/opt/ros/humble/share/rosidl_generator_c/cmake)
-- Found rosidl_adapter: 3.1.6 (/opt/ros/humble/share/rosidl_adapter/cmake)
-- Found rosidl_generator_cpp: 3.1.6 (/opt/ros/humble/share/rosidl_generator_cpp/cmake)
-- Using all available rosidl_typesupport_c: rosidl_typesupport_fastrtps_c;rosidl_typesupport_introspection_c
-- Using all available rosidl_typesupport_cpp: rosidl_typesupport_fastrtps_cpp;rosidl_typesupport_introspection_cpp
-- Found rmw_implementation_cmake: 6.1.2 (/opt/ros/humble/share/rmw_implementation_cmake/cmake)
-- Found rmw_fastrtps_cpp: 6.2.7 (/opt/ros/humble/share/rmw_fastrtps_cpp/cmake)
-- Found OpenSSL: /usr/lib/x86_64-linux-gnu/libcrypto.so (found version "3.0.2")  
-- Found FastRTPS: /opt/ros/humble/include  
-- Using RMW implementation 'rmw_fastrtps_cpp' as default
-- Looking for pthread.h
-- Looking for pthread.h - found
-- Performing Test CMAKE_HAVE_LIBC_PTHREAD
-- Performing Test CMAKE_HAVE_LIBC_PTHREAD - Success
-- Found Threads: TRUE  
-- Loading isaac_ros_gxf extras
-- Loading isaac_ros_common extras
-- CMAKE_BUILD_TYPE: Release
-- Found CUDA: /usr/local/cuda-12.8 (found version "12.8") 
-- CUDA architectures: 89
-- Loading isaac_ros_common extras (modules)
-- Configuring done
-- Generating done
-- Build files have been written to: /home/sophie/visionaid/isaac_ros_ws/build/custom_nitros_image
[ 14%] [32mBuilding CXX object CMakeFiles/gpu_image_builder_node.dir/src/gpu_image_builder_node.cpp.o[0m
[ 28%] [34m[1mGenerating version information as YAML[0m
[ 28%] Built target generate_version_info_target_custom_nitros_image
[ 42%] [32m[1mLinking CXX shared library libgpu_image_builder_node.so[0m
[ 42%] Built target gpu_image_builder_node
[ 57%] [32mBuilding CXX object CMakeFiles/gpu_image_viewer_node.dir/src/gpu_image_viewer_node.cpp.o[0m
[ 71%] [32m[1mLinking CXX shared library libgpu_image_viewer_node.so[0m
[ 71%] Built target gpu_image_viewer_node
[ 85%] [32mBuilding CXX object CMakeFiles/nitros_image_switch_node.dir/src/nitros_image_switch_node.cpp.o[0m
[100%] [32m[1mLinking CXX shared library libnitros_image_switch_node.so[0m
[100%] Built target nitros_image_switch_node
-- Install configuration: "Release"
-- Execute custom install script
-- Symlinking: /home/sophie/visionaid/isaac_ros_ws/install/custom_nitros_image/share/custom_nitros_image/version_info.yaml
-- Symlinking: /home/sophie/visionaid/isaac_ros_ws/install/custom_nitros_image/include/custom_nitros_image/gpu_image_builder_node.hpp
-- Symlinking: /home/sophie/visionaid/isaac_ros_ws/install/custom_nitros_image/include/custom_nitros_image/gpu_image_viewer_node.hpp
-- Symlinking: /home/sophie/visionaid/isaac_ros_ws/install/custom_nitros_image/include/custom_nitros_image/nitros_image_switch_node.hpp
-- Symlinking: /home/sophie/visionaid/isaac_ros_ws/install/custom_nitros_image/share/custom_nitros_image/environment/library_path.sh
-- Symlinking: /home/sophie/visionaid/isaac_ros_ws/install/custom_nitros_image/share/custom_nitros_image/environment/library_path.dsv
-- Symlinking: /home/sophie/visionaid/isaac_ros_ws/install/custom_nitros_image/lib/libgpu_image_builder_node.so
-- Symlinking: /home/sophie/visionaid/isaac_ros_ws/install/custom_nitros_image/lib/libgpu_image_viewer_node.so
-- Symlinking: /home/sophie/visionaid/isaac_ros_ws/install/custom_nitros_image/lib/libnitros_image_switch_node.so
-- Symlinking: /home/sophie/visionaid/isaac_ros_ws/install/custom_nitros_image/share/ament_index/resource_index/package_run_dependencies/custom_nitros_image
-- Symlinking: /home/sophie/visionaid/isaac_ros_ws/install/custom_nitros_image/share/ament_index/resource_index/parent_prefix_path/custom_nitros_image
-- Symlinking: /home/sophie/visionaid/isaac_ros_ws/install/custom_nitros_image/share/custom_nitros_image/environment/ament_prefix_path.sh
-- Symlinking: /home/sophie/visionaid/isaac_ros_ws/install/custom_nitros_image/share/custom_nitros_image/environment/ament_prefix_path.dsv
-- Symlinking: /home/sophie/visionaid/isaac_ros_ws/install/custom_nitros_image/share/custom_nitros_image/environment/path.sh
-- Symlinking: /home/sophie/visionaid/isaac_ros_ws/install/custom_nitros_image/share/custom_nitros_image/environment/path.dsv
-- Symlinking: /home/sophie/visionaid/isaac_ros_ws/install/custom_nitros_image/share/custom_nitros_image/local_setup.bash
-- Symlinking: /home/sophie/visionaid/isaac_ros_ws/install/custom_nitros_image/share/custom_nitros_image/local_setup.sh
-- Symlinking: /home/sophie/visionaid/isaac_ros_ws/install/custom_nitros_image/share/custom_nitros_image/local_setup.zsh
-- Symlinking: /home/sophie/visionaid/isaac_ros_ws/install/custom_nitros_image/share/custom_nitros_image/local_setup.dsv
-- Symlinking: /home/sophie/visionaid/isaac_ros_ws/install/custom_nitros_image/share/custom_nitros_image/package.dsv
-- Symlinking: /home/sophie/visionaid/isaac_ros_ws/install/custom_nitros_image/share/ament_index/resource_index/packages/custom_nitros_image
-- Symlinking: /home/sophie/visionaid/isaac_ros_ws/install/custom_nitros_image/share/ament_index/resource_index/rclcpp_components/custom_nitros_image
-- Symlinking: /home/sophie/visionaid/isaac_ros_ws/install/custom_nitros_image/share/custom_nitros_image/cmake/ament_cmake_export_dependencies-extras.cmake
-- Symlinking: /home/sophie/visionaid/isaac_ros_ws/install/custom_nitros_image/share/custom_nitros_image/cmake/ament_cmake_export_include_directories-extras.cmake
-- Symlinking: /home/sophie/visionaid/isaac_ros_ws/install/custom_nitros_image/share/custom_nitros_image/cmake/ament_cmake_export_libraries-extras.cmake
-- Symlinking: /home/sophie/visionaid/isaac_ros_ws/install/custom_nitros_image/share/custom_nitros_image/cmake/custom_nitros_imageConfig.cmake
-- Symlinking: /home/sophie/visionaid/isaac_ros_ws/install/custom_nitros_image/share/custom_nitros_image/cmake/custom_nitros_imageConfig-version.cmake
-- Symlinking: /home/sophie/visionaid/isaac_ros_ws/install/custom_nitros_image/share/custom_nitros_image/package.xml
