[0.012s] Invoking command in '/home/sophie/visionaid/isaac_ros_ws/build/isaac_ros_nitros_bridge_interfaces': AMENT_PREFIX_PATH=/home/sophie/visionaid/isaac_ros_ws/install/isaac_ros_tensor_list_interfaces:/home/sophie/visionaid/isaac_ros_ws/install/isaac_ros_common:${AMENT_PREFIX_PATH} CMAKE_PREFIX_PATH=/home/sophie/visionaid/isaac_ros_ws/install/isaac_ros_tensor_list_interfaces:/home/sophie/visionaid/isaac_ros_ws/install/isaac_ros_common:/opt/ros/humble LD_LIBRARY_PATH=/home/sophie/visionaid/isaac_ros_ws/install/isaac_ros_tensor_list_interfaces/lib:/home/sophie/visionaid/isaac_ros_ws/install/isaac_ros_common/lib:${LD_LIBRARY_PATH} PATH=/home/sophie/visionaid/isaac_ros_ws/install/isaac_ros_common/bin:${PATH} PYTHONPATH=/home/sophie/visionaid/isaac_ros_ws/install/isaac_ros_tensor_list_interfaces/local/lib/python3.10/dist-packages:/home/sophie/visionaid/isaac_ros_ws/install/isaac_ros_common/local/lib/python3.10/dist-packages:${PYTHONPATH} /usr/bin/cmake /home/sophie/visionaid/isaac_ros_ws/src/isaac_ros_common/isaac_ros_nitros_bridge_interfaces -DCMAKE_BUILD_TYPE=Release -DBUILD_TESTING=OFF -DCMAKE_CUDA_ARCHITECTURES=89 -DAMENT_CMAKE_SYMLINK_INSTALL=1 -DCMAKE_INSTALL_PREFIX=/home/sophie/visionaid/isaac_ros_ws/install/isaac_ros_nitros_bridge_interfaces
[0.056s] -- The C compiler identification is GNU 11.4.0
[0.096s] -- The CXX compiler identification is GNU 11.4.0
[0.100s] -- Detecting C compiler ABI info
[0.153s] -- Detecting C compiler ABI info - done
[0.158s] -- Check for working C compiler: /usr/bin/cc - skipped
[0.158s] -- Detecting C compile features
[0.158s] -- Detecting C compile features - done
[0.160s] -- Detecting CXX compiler ABI info
[0.220s] -- Detecting CXX compiler ABI info - done
[0.226s] -- Check for working CXX compiler: /usr/bin/c++ - skipped
[0.226s] -- Detecting CXX compile features
[0.226s] -- Detecting CXX compile features - done
[0.227s] -- Found ament_cmake_auto: 1.3.11 (/opt/ros/humble/share/ament_cmake_auto/cmake)
[0.330s] -- Found Python3: /usr/bin/python3 (found version "3.10.12") found components: Interpreter 
[0.370s] -- Override CMake install command with custom implementation using symlinks instead of copying resources
[0.423s] -- Using all available rosidl_typesupport_c: rosidl_typesupport_fastrtps_c;rosidl_typesupport_introspection_c
[0.426s] -- Found rosidl_adapter: 3.1.6 (/opt/ros/humble/share/rosidl_adapter/cmake)
[0.449s] -- Using all available rosidl_typesupport_cpp: rosidl_typesupport_fastrtps_cpp;rosidl_typesupport_introspection_cpp
[0.467s] -- Loading isaac_ros_common extras
[0.467s] -- CMAKE_BUILD_TYPE: Release
[0.485s] -- Looking for pthread.h
[0.543s] -- Looking for pthread.h - found
[0.543s] -- Performing Test CMAKE_HAVE_LIBC_PTHREAD
[0.602s] -- Performing Test CMAKE_HAVE_LIBC_PTHREAD - Success
[0.602s] -- Found Threads: TRUE  
[0.604s] -- Found CUDA: /usr/local/cuda-12.8 (found version "12.8") 
[0.605s] -- CUDA architectures: 89
[0.605s] -- Loading isaac_ros_common extras (modules)
[0.632s] -- Found rmw_implementation_cmake: 6.1.2 (/opt/ros/humble/share/rmw_implementation_cmake/cmake)
[0.633s] -- Found rmw_fastrtps_cpp: 6.2.7 (/opt/ros/humble/share/rmw_fastrtps_cpp/cmake)
[0.703s] -- Found OpenSSL: /usr/lib/x86_64-linux-gnu/libcrypto.so (found version "3.0.2")  
[0.720s] -- Found FastRTPS: /opt/ros/humble/include  
[0.746s] -- Using RMW implementation 'rmw_fastrtps_cpp' as default
[0.923s] -- Found ament_cmake_ros: 0.10.0 (/opt/ros/humble/share/ament_cmake_ros/cmake)
[1.066s] -- Using all available rosidl_typesupport_c: rosidl_typesupport_fastrtps_c;rosidl_typesupport_introspection_c
[1.256s] -- Using all available rosidl_typesupport_cpp: rosidl_typesupport_fastrtps_cpp;rosidl_typesupport_introspection_cpp
[1.271s] -- Found PythonInterp: /usr/bin/python3 (found suitable version "3.10.12", minimum required is "3.6") 
[1.273s] -- Found python_cmake_module: 0.10.0 (/opt/ros/humble/share/python_cmake_module/cmake)
[1.291s] -- Found PythonLibs: /usr/lib/x86_64-linux-gnu/libpython3.10.so (found suitable version "3.10.12", minimum required is "3.5") 
[1.291s] -- Using PYTHON_EXECUTABLE: /usr/bin/python3
[1.291s] -- Using PYTHON_INCLUDE_DIRS: /usr/include/python3.10
[1.291s] -- Using PYTHON_LIBRARIES: /usr/lib/x86_64-linux-gnu/libpython3.10.so
[1.306s] -- Found PythonExtra: .so  
[1.386s] -- Configuring done
[1.406s] -- Generating done
[1.413s] -- Build files have been written to: /home/sophie/visionaid/isaac_ros_ws/build/isaac_ros_nitros_bridge_interfaces
[1.423s] Invoked command in '/home/sophie/visionaid/isaac_ros_ws/build/isaac_ros_nitros_bridge_interfaces' returned '0': AMENT_PREFIX_PATH=/home/sophie/visionaid/isaac_ros_ws/install/isaac_ros_tensor_list_interfaces:/home/sophie/visionaid/isaac_ros_ws/install/isaac_ros_common:${AMENT_PREFIX_PATH} CMAKE_PREFIX_PATH=/home/sophie/visionaid/isaac_ros_ws/install/isaac_ros_tensor_list_interfaces:/home/sophie/visionaid/isaac_ros_ws/install/isaac_ros_common:/opt/ros/humble LD_LIBRARY_PATH=/home/sophie/visionaid/isaac_ros_ws/install/isaac_ros_tensor_list_interfaces/lib:/home/sophie/visionaid/isaac_ros_ws/install/isaac_ros_common/lib:${LD_LIBRARY_PATH} PATH=/home/sophie/visionaid/isaac_ros_ws/install/isaac_ros_common/bin:${PATH} PYTHONPATH=/home/sophie/visionaid/isaac_ros_ws/install/isaac_ros_tensor_list_interfaces/local/lib/python3.10/dist-packages:/home/sophie/visionaid/isaac_ros_ws/install/isaac_ros_common/local/lib/python3.10/dist-packages:${PYTHONPATH} /usr/bin/cmake /home/sophie/visionaid/isaac_ros_ws/src/isaac_ros_common/isaac_ros_nitros_bridge_interfaces -DCMAKE_BUILD_TYPE=Release -DBUILD_TESTING=OFF -DCMAKE_CUDA_ARCHITECTURES=89 -DAMENT_CMAKE_SYMLINK_INSTALL=1 -DCMAKE_INSTALL_PREFIX=/home/sophie/visionaid/isaac_ros_ws/install/isaac_ros_nitros_bridge_interfaces
[1.424s] Invoking command in '/home/sophie/visionaid/isaac_ros_ws/build/isaac_ros_nitros_bridge_interfaces': AMENT_PREFIX_PATH=/home/sophie/visionaid/isaac_ros_ws/install/isaac_ros_tensor_list_interfaces:/home/sophie/visionaid/isaac_ros_ws/install/isaac_ros_common:${AMENT_PREFIX_PATH} CMAKE_PREFIX_PATH=/home/sophie/visionaid/isaac_ros_ws/install/isaac_ros_tensor_list_interfaces:/home/sophie/visionaid/isaac_ros_ws/install/isaac_ros_common:/opt/ros/humble LD_LIBRARY_PATH=/home/sophie/visionaid/isaac_ros_ws/install/isaac_ros_tensor_list_interfaces/lib:/home/sophie/visionaid/isaac_ros_ws/install/isaac_ros_common/lib:${LD_LIBRARY_PATH} PATH=/home/sophie/visionaid/isaac_ros_ws/install/isaac_ros_common/bin:${PATH} PYTHONPATH=/home/sophie/visionaid/isaac_ros_ws/install/isaac_ros_tensor_list_interfaces/local/lib/python3.10/dist-packages:/home/sophie/visionaid/isaac_ros_ws/install/isaac_ros_common/local/lib/python3.10/dist-packages:${PYTHONPATH} /usr/bin/cmake --build /home/sophie/visionaid/isaac_ros_ws/build/isaac_ros_nitros_bridge_interfaces -- -j22 -l22
[1.463s] [  2%] [34m[1mGenerating C code for ROS interfaces[0m
[1.470s] [  5%] [34m[1mGenerating version information as YAML[0m
[1.471s] [  7%] [34m[1mGenerating C++ code for ROS interfaces[0m
[1.479s] [  7%] Built target ament_cmake_python_symlink_isaac_ros_nitros_bridge_interfaces
[1.524s] [  7%] Built target generate_version_info_target_isaac_ros_nitros_bridge_interfaces
[1.612s] running egg_info
[1.613s] creating isaac_ros_nitros_bridge_interfaces.egg-info
[1.613s] writing isaac_ros_nitros_bridge_interfaces.egg-info/PKG-INFO
[1.613s] writing dependency_links to isaac_ros_nitros_bridge_interfaces.egg-info/dependency_links.txt
[1.613s] writing top-level names to isaac_ros_nitros_bridge_interfaces.egg-info/top_level.txt
[1.613s] writing manifest file 'isaac_ros_nitros_bridge_interfaces.egg-info/SOURCES.txt'
[1.614s] reading manifest file 'isaac_ros_nitros_bridge_interfaces.egg-info/SOURCES.txt'
[1.614s] writing manifest file 'isaac_ros_nitros_bridge_interfaces.egg-info/SOURCES.txt'
[1.633s] [  7%] Built target ament_cmake_python_build_isaac_ros_nitros_bridge_interfaces_egg
[1.673s] [ 10%] [32mBuilding C object CMakeFiles/isaac_ros_nitros_bridge_interfaces__rosidl_generator_c.dir/rosidl_generator_c/isaac_ros_nitros_bridge_interfaces/msg/detail/nitros_bridge_image__functions.c.o[0m
[1.674s] [ 12%] [32mBuilding C object CMakeFiles/isaac_ros_nitros_bridge_interfaces__rosidl_generator_c.dir/rosidl_generator_c/isaac_ros_nitros_bridge_interfaces/msg/detail/nitros_bridge_tensor_list__functions.c.o[0m
[1.682s] [ 12%] Built target isaac_ros_nitros_bridge_interfaces__cpp
[1.689s] [ 15%] [34m[1mGenerating C++ type support for eProsima Fast-RTPS[0m
[1.689s] [ 17%] [34m[1mGenerating C++ introspection for ROS interfaces[0m
[1.690s] [ 20%] [34m[1mGenerating C++ type support dispatch for ROS interfaces[0m
[1.732s] [ 22%] [32m[1mLinking C shared library libisaac_ros_nitros_bridge_interfaces__rosidl_generator_c.so[0m
[1.764s] [ 22%] Built target isaac_ros_nitros_bridge_interfaces__rosidl_generator_c
[1.771s] [ 25%] [34m[1mGenerating C introspection for ROS interfaces[0m
[1.773s] [ 27%] [34m[1mGenerating C type support dispatch for ROS interfaces[0m
[1.773s] [ 30%] [34m[1mGenerating C type support for eProsima Fast-RTPS[0m
[1.880s] [ 37%] [32mBuilding CXX object CMakeFiles/isaac_ros_nitros_bridge_interfaces__rosidl_typesupport_cpp.dir/rosidl_typesupport_cpp/isaac_ros_nitros_bridge_interfaces/msg/nitros_bridge_tensor_list__type_support.cpp.o[0m
[1.880s] [ 37%] [32mBuilding CXX object CMakeFiles/isaac_ros_nitros_bridge_interfaces__rosidl_typesupport_cpp.dir/rosidl_typesupport_cpp/isaac_ros_nitros_bridge_interfaces/msg/nitros_bridge_image__type_support.cpp.o[0m
[1.880s] [ 37%] [32mBuilding CXX object CMakeFiles/isaac_ros_nitros_bridge_interfaces__rosidl_typesupport_introspection_cpp.dir/rosidl_typesupport_introspection_cpp/isaac_ros_nitros_bridge_interfaces/msg/detail/nitros_bridge_image__type_support.cpp.o[0m
[1.880s] [ 40%] [32mBuilding CXX object CMakeFiles/isaac_ros_nitros_bridge_interfaces__rosidl_typesupport_introspection_cpp.dir/rosidl_typesupport_introspection_cpp/isaac_ros_nitros_bridge_interfaces/msg/detail/nitros_bridge_tensor_list__type_support.cpp.o[0m
[1.913s] [ 45%] [32mBuilding CXX object CMakeFiles/isaac_ros_nitros_bridge_interfaces__rosidl_typesupport_fastrtps_cpp.dir/rosidl_typesupport_fastrtps_cpp/isaac_ros_nitros_bridge_interfaces/msg/detail/dds_fastrtps/nitros_bridge_tensor_list__type_support.cpp.o[0m
[1.913s] [ 45%] [32mBuilding CXX object CMakeFiles/isaac_ros_nitros_bridge_interfaces__rosidl_typesupport_fastrtps_cpp.dir/rosidl_typesupport_fastrtps_cpp/isaac_ros_nitros_bridge_interfaces/msg/detail/dds_fastrtps/nitros_bridge_image__type_support.cpp.o[0m
[1.968s] [ 47%] [32mBuilding C object CMakeFiles/isaac_ros_nitros_bridge_interfaces__rosidl_typesupport_introspection_c.dir/rosidl_typesupport_introspection_c/isaac_ros_nitros_bridge_interfaces/msg/detail/nitros_bridge_tensor_list__type_support.c.o[0m
[1.970s] [ 50%] [32mBuilding CXX object CMakeFiles/isaac_ros_nitros_bridge_interfaces__rosidl_typesupport_c.dir/rosidl_typesupport_c/isaac_ros_nitros_bridge_interfaces/msg/nitros_bridge_tensor_list__type_support.cpp.o[0m
[1.970s] [ 52%] [32mBuilding C object CMakeFiles/isaac_ros_nitros_bridge_interfaces__rosidl_typesupport_introspection_c.dir/rosidl_typesupport_introspection_c/isaac_ros_nitros_bridge_interfaces/msg/detail/nitros_bridge_image__type_support.c.o[0m
[1.972s] [ 55%] [32mBuilding CXX object CMakeFiles/isaac_ros_nitros_bridge_interfaces__rosidl_typesupport_c.dir/rosidl_typesupport_c/isaac_ros_nitros_bridge_interfaces/msg/nitros_bridge_image__type_support.cpp.o[0m
[1.981s] [ 60%] [32mBuilding CXX object CMakeFiles/isaac_ros_nitros_bridge_interfaces__rosidl_typesupport_fastrtps_c.dir/rosidl_typesupport_fastrtps_c/isaac_ros_nitros_bridge_interfaces/msg/detail/nitros_bridge_image__type_support_c.cpp.o[0m
[1.981s] [ 60%] [32mBuilding CXX object CMakeFiles/isaac_ros_nitros_bridge_interfaces__rosidl_typesupport_fastrtps_c.dir/rosidl_typesupport_fastrtps_c/isaac_ros_nitros_bridge_interfaces/msg/detail/nitros_bridge_tensor_list__type_support_c.cpp.o[0m
[1.992s] [ 62%] [32m[1mLinking CXX shared library libisaac_ros_nitros_bridge_interfaces__rosidl_typesupport_c.so[0m
[2.020s] [ 65%] [32m[1mLinking C shared library libisaac_ros_nitros_bridge_interfaces__rosidl_typesupport_introspection_c.so[0m
[2.022s] [ 65%] Built target isaac_ros_nitros_bridge_interfaces__rosidl_typesupport_c
[2.044s] [ 65%] Built target isaac_ros_nitros_bridge_interfaces__rosidl_typesupport_introspection_c
[2.122s] [ 67%] [32m[1mLinking CXX shared library libisaac_ros_nitros_bridge_interfaces__rosidl_typesupport_cpp.so[0m
[2.160s] [ 67%] Built target isaac_ros_nitros_bridge_interfaces__rosidl_typesupport_cpp
[2.253s] [ 70%] [32m[1mLinking CXX shared library libisaac_ros_nitros_bridge_interfaces__rosidl_typesupport_fastrtps_c.so[0m
[2.266s] [ 72%] [32m[1mLinking CXX shared library libisaac_ros_nitros_bridge_interfaces__rosidl_typesupport_fastrtps_cpp.so[0m
[2.301s] [ 72%] Built target isaac_ros_nitros_bridge_interfaces__rosidl_typesupport_fastrtps_c
[2.319s] [ 72%] Built target isaac_ros_nitros_bridge_interfaces__rosidl_typesupport_fastrtps_cpp
[2.426s] [ 75%] [32m[1mLinking CXX shared library libisaac_ros_nitros_bridge_interfaces__rosidl_typesupport_introspection_cpp.so[0m
[2.478s] [ 75%] Built target isaac_ros_nitros_bridge_interfaces__rosidl_typesupport_introspection_cpp
[2.496s] [ 75%] Built target isaac_ros_nitros_bridge_interfaces
[2.514s] [ 77%] [34m[1mGenerating Python code for ROS interfaces[0m
[2.809s] [ 77%] Built target isaac_ros_nitros_bridge_interfaces__py
[2.822s] [ 80%] [32mBuilding C object CMakeFiles/isaac_ros_nitros_bridge_interfaces__rosidl_generator_py.dir/rosidl_generator_py/isaac_ros_nitros_bridge_interfaces/msg/_nitros_bridge_image_s.c.o[0m
[2.823s] [ 82%] [32mBuilding C object CMakeFiles/isaac_ros_nitros_bridge_interfaces__rosidl_generator_py.dir/rosidl_generator_py/isaac_ros_nitros_bridge_interfaces/msg/_nitros_bridge_tensor_list_s.c.o[0m
[2.947s] [ 85%] [32m[1mLinking C shared library rosidl_generator_py/isaac_ros_nitros_bridge_interfaces/libisaac_ros_nitros_bridge_interfaces__rosidl_generator_py.so[0m
[2.980s] [ 85%] Built target isaac_ros_nitros_bridge_interfaces__rosidl_generator_py
[2.996s] [ 87%] [32mBuilding C object CMakeFiles/isaac_ros_nitros_bridge_interfaces__rosidl_typesupport_introspection_c__pyext.dir/rosidl_generator_py/isaac_ros_nitros_bridge_interfaces/_isaac_ros_nitros_bridge_interfaces_s.ep.rosidl_typesupport_introspection_c.c.o[0m
[2.998s] [ 92%] [32mBuilding C object CMakeFiles/isaac_ros_nitros_bridge_interfaces__rosidl_typesupport_fastrtps_c__pyext.dir/rosidl_generator_py/isaac_ros_nitros_bridge_interfaces/_isaac_ros_nitros_bridge_interfaces_s.ep.rosidl_typesupport_fastrtps_c.c.o[0m
[2.998s] [ 92%] [32mBuilding C object CMakeFiles/isaac_ros_nitros_bridge_interfaces__rosidl_typesupport_c__pyext.dir/rosidl_generator_py/isaac_ros_nitros_bridge_interfaces/_isaac_ros_nitros_bridge_interfaces_s.ep.rosidl_typesupport_c.c.o[0m
[3.075s] [ 95%] [32m[1mLinking C shared library rosidl_generator_py/isaac_ros_nitros_bridge_interfaces/isaac_ros_nitros_bridge_interfaces_s__rosidl_typesupport_fastrtps_c.cpython-310-x86_64-linux-gnu.so[0m
[3.075s] [ 97%] [32m[1mLinking C shared library rosidl_generator_py/isaac_ros_nitros_bridge_interfaces/isaac_ros_nitros_bridge_interfaces_s__rosidl_typesupport_introspection_c.cpython-310-x86_64-linux-gnu.so[0m
[3.080s] [100%] [32m[1mLinking C shared library rosidl_generator_py/isaac_ros_nitros_bridge_interfaces/isaac_ros_nitros_bridge_interfaces_s__rosidl_typesupport_c.cpython-310-x86_64-linux-gnu.so[0m
[3.105s] [100%] Built target isaac_ros_nitros_bridge_interfaces__rosidl_typesupport_introspection_c__pyext
[3.105s] [100%] Built target isaac_ros_nitros_bridge_interfaces__rosidl_typesupport_fastrtps_c__pyext
[3.108s] [100%] Built target isaac_ros_nitros_bridge_interfaces__rosidl_typesupport_c__pyext
[3.117s] Invoked command in '/home/sophie/visionaid/isaac_ros_ws/build/isaac_ros_nitros_bridge_interfaces' returned '0': AMENT_PREFIX_PATH=/home/sophie/visionaid/isaac_ros_ws/install/isaac_ros_tensor_list_interfaces:/home/sophie/visionaid/isaac_ros_ws/install/isaac_ros_common:${AMENT_PREFIX_PATH} CMAKE_PREFIX_PATH=/home/sophie/visionaid/isaac_ros_ws/install/isaac_ros_tensor_list_interfaces:/home/sophie/visionaid/isaac_ros_ws/install/isaac_ros_common:/opt/ros/humble LD_LIBRARY_PATH=/home/sophie/visionaid/isaac_ros_ws/install/isaac_ros_tensor_list_interfaces/lib:/home/sophie/visionaid/isaac_ros_ws/install/isaac_ros_common/lib:${LD_LIBRARY_PATH} PATH=/home/sophie/visionaid/isaac_ros_ws/install/isaac_ros_common/bin:${PATH} PYTHONPATH=/home/sophie/visionaid/isaac_ros_ws/install/isaac_ros_tensor_list_interfaces/local/lib/python3.10/dist-packages:/home/sophie/visionaid/isaac_ros_ws/install/isaac_ros_common/local/lib/python3.10/dist-packages:${PYTHONPATH} /usr/bin/cmake --build /home/sophie/visionaid/isaac_ros_ws/build/isaac_ros_nitros_bridge_interfaces -- -j22 -l22
[3.118s] Invoking command in '/home/sophie/visionaid/isaac_ros_ws/build/isaac_ros_nitros_bridge_interfaces': AMENT_PREFIX_PATH=/home/sophie/visionaid/isaac_ros_ws/install/isaac_ros_tensor_list_interfaces:/home/sophie/visionaid/isaac_ros_ws/install/isaac_ros_common:${AMENT_PREFIX_PATH} CMAKE_PREFIX_PATH=/home/sophie/visionaid/isaac_ros_ws/install/isaac_ros_tensor_list_interfaces:/home/sophie/visionaid/isaac_ros_ws/install/isaac_ros_common:/opt/ros/humble LD_LIBRARY_PATH=/home/sophie/visionaid/isaac_ros_ws/install/isaac_ros_tensor_list_interfaces/lib:/home/sophie/visionaid/isaac_ros_ws/install/isaac_ros_common/lib:${LD_LIBRARY_PATH} PATH=/home/sophie/visionaid/isaac_ros_ws/install/isaac_ros_common/bin:${PATH} PYTHONPATH=/home/sophie/visionaid/isaac_ros_ws/install/isaac_ros_tensor_list_interfaces/local/lib/python3.10/dist-packages:/home/sophie/visionaid/isaac_ros_ws/install/isaac_ros_common/local/lib/python3.10/dist-packages:${PYTHONPATH} /usr/bin/cmake --install /home/sophie/visionaid/isaac_ros_ws/build/isaac_ros_nitros_bridge_interfaces
[3.122s] -- Install configuration: "Release"
[3.123s] -- Execute custom install script
[3.123s] -- Symlinking: /home/sophie/visionaid/isaac_ros_ws/install/isaac_ros_nitros_bridge_interfaces/share/ament_index/resource_index/rosidl_interfaces/isaac_ros_nitros_bridge_interfaces
[3.129s] -- Symlinking: /home/sophie/visionaid/isaac_ros_ws/install/isaac_ros_nitros_bridge_interfaces/include/isaac_ros_nitros_bridge_interfaces/isaac_ros_nitros_bridge_interfaces/msg/detail/nitros_bridge_image__functions.h
[3.134s] -- Symlinking: /home/sophie/visionaid/isaac_ros_ws/install/isaac_ros_nitros_bridge_interfaces/include/isaac_ros_nitros_bridge_interfaces/isaac_ros_nitros_bridge_interfaces/msg/detail/nitros_bridge_image__struct.h
[3.141s] -- Symlinking: /home/sophie/visionaid/isaac_ros_ws/install/isaac_ros_nitros_bridge_interfaces/include/isaac_ros_nitros_bridge_interfaces/isaac_ros_nitros_bridge_interfaces/msg/detail/nitros_bridge_image__type_support.h
[3.148s] -- Symlinking: /home/sophie/visionaid/isaac_ros_ws/install/isaac_ros_nitros_bridge_interfaces/include/isaac_ros_nitros_bridge_interfaces/isaac_ros_nitros_bridge_interfaces/msg/detail/nitros_bridge_tensor_list__functions.h
[3.152s] -- Symlinking: /home/sophie/visionaid/isaac_ros_ws/install/isaac_ros_nitros_bridge_interfaces/include/isaac_ros_nitros_bridge_interfaces/isaac_ros_nitros_bridge_interfaces/msg/detail/nitros_bridge_tensor_list__struct.h
[3.158s] -- Symlinking: /home/sophie/visionaid/isaac_ros_ws/install/isaac_ros_nitros_bridge_interfaces/include/isaac_ros_nitros_bridge_interfaces/isaac_ros_nitros_bridge_interfaces/msg/detail/nitros_bridge_tensor_list__type_support.h
[3.166s] -- Symlinking: /home/sophie/visionaid/isaac_ros_ws/install/isaac_ros_nitros_bridge_interfaces/include/isaac_ros_nitros_bridge_interfaces/isaac_ros_nitros_bridge_interfaces/msg/nitros_bridge_image.h
[3.172s] -- Symlinking: /home/sophie/visionaid/isaac_ros_ws/install/isaac_ros_nitros_bridge_interfaces/include/isaac_ros_nitros_bridge_interfaces/isaac_ros_nitros_bridge_interfaces/msg/nitros_bridge_tensor_list.h
[3.177s] -- Symlinking: /home/sophie/visionaid/isaac_ros_ws/install/isaac_ros_nitros_bridge_interfaces/include/isaac_ros_nitros_bridge_interfaces/isaac_ros_nitros_bridge_interfaces/msg/rosidl_generator_c__visibility_control.h
[3.183s] -- Symlinking: /home/sophie/visionaid/isaac_ros_ws/install/isaac_ros_nitros_bridge_interfaces/share/isaac_ros_nitros_bridge_interfaces/environment/library_path.sh
[3.189s] -- Symlinking: /home/sophie/visionaid/isaac_ros_ws/install/isaac_ros_nitros_bridge_interfaces/share/isaac_ros_nitros_bridge_interfaces/environment/library_path.dsv
[3.196s] -- Symlinking: /home/sophie/visionaid/isaac_ros_ws/install/isaac_ros_nitros_bridge_interfaces/include/isaac_ros_nitros_bridge_interfaces/isaac_ros_nitros_bridge_interfaces/msg/detail/nitros_bridge_image__rosidl_typesupport_fastrtps_c.h
[3.203s] -- Symlinking: /home/sophie/visionaid/isaac_ros_ws/install/isaac_ros_nitros_bridge_interfaces/include/isaac_ros_nitros_bridge_interfaces/isaac_ros_nitros_bridge_interfaces/msg/detail/nitros_bridge_tensor_list__rosidl_typesupport_fastrtps_c.h
[3.210s] -- Symlinking: /home/sophie/visionaid/isaac_ros_ws/install/isaac_ros_nitros_bridge_interfaces/include/isaac_ros_nitros_bridge_interfaces/isaac_ros_nitros_bridge_interfaces/msg/rosidl_typesupport_fastrtps_c__visibility_control.h
[3.217s] -- Symlinking: /home/sophie/visionaid/isaac_ros_ws/install/isaac_ros_nitros_bridge_interfaces/include/isaac_ros_nitros_bridge_interfaces/isaac_ros_nitros_bridge_interfaces/msg/detail/nitros_bridge_image__rosidl_typesupport_introspection_c.h
[3.221s] -- Symlinking: /home/sophie/visionaid/isaac_ros_ws/install/isaac_ros_nitros_bridge_interfaces/include/isaac_ros_nitros_bridge_interfaces/isaac_ros_nitros_bridge_interfaces/msg/detail/nitros_bridge_tensor_list__rosidl_typesupport_introspection_c.h
[3.229s] -- Symlinking: /home/sophie/visionaid/isaac_ros_ws/install/isaac_ros_nitros_bridge_interfaces/include/isaac_ros_nitros_bridge_interfaces/isaac_ros_nitros_bridge_interfaces/msg/rosidl_typesupport_introspection_c__visibility_control.h
[3.234s] -- Symlinking: /home/sophie/visionaid/isaac_ros_ws/install/isaac_ros_nitros_bridge_interfaces/include/isaac_ros_nitros_bridge_interfaces/isaac_ros_nitros_bridge_interfaces/msg/detail/nitros_bridge_image__builder.hpp
[3.240s] -- Symlinking: /home/sophie/visionaid/isaac_ros_ws/install/isaac_ros_nitros_bridge_interfaces/include/isaac_ros_nitros_bridge_interfaces/isaac_ros_nitros_bridge_interfaces/msg/detail/nitros_bridge_image__struct.hpp
[3.247s] -- Symlinking: /home/sophie/visionaid/isaac_ros_ws/install/isaac_ros_nitros_bridge_interfaces/include/isaac_ros_nitros_bridge_interfaces/isaac_ros_nitros_bridge_interfaces/msg/detail/nitros_bridge_image__traits.hpp
[3.253s] -- Symlinking: /home/sophie/visionaid/isaac_ros_ws/install/isaac_ros_nitros_bridge_interfaces/include/isaac_ros_nitros_bridge_interfaces/isaac_ros_nitros_bridge_interfaces/msg/detail/nitros_bridge_image__type_support.hpp
[3.260s] -- Symlinking: /home/sophie/visionaid/isaac_ros_ws/install/isaac_ros_nitros_bridge_interfaces/include/isaac_ros_nitros_bridge_interfaces/isaac_ros_nitros_bridge_interfaces/msg/detail/nitros_bridge_tensor_list__builder.hpp
[3.266s] -- Symlinking: /home/sophie/visionaid/isaac_ros_ws/install/isaac_ros_nitros_bridge_interfaces/include/isaac_ros_nitros_bridge_interfaces/isaac_ros_nitros_bridge_interfaces/msg/detail/nitros_bridge_tensor_list__struct.hpp
[3.275s] -- Symlinking: /home/sophie/visionaid/isaac_ros_ws/install/isaac_ros_nitros_bridge_interfaces/include/isaac_ros_nitros_bridge_interfaces/isaac_ros_nitros_bridge_interfaces/msg/detail/nitros_bridge_tensor_list__traits.hpp
[3.280s] -- Symlinking: /home/sophie/visionaid/isaac_ros_ws/install/isaac_ros_nitros_bridge_interfaces/include/isaac_ros_nitros_bridge_interfaces/isaac_ros_nitros_bridge_interfaces/msg/detail/nitros_bridge_tensor_list__type_support.hpp
[3.286s] -- Symlinking: /home/sophie/visionaid/isaac_ros_ws/install/isaac_ros_nitros_bridge_interfaces/include/isaac_ros_nitros_bridge_interfaces/isaac_ros_nitros_bridge_interfaces/msg/nitros_bridge_image.hpp
[3.294s] -- Symlinking: /home/sophie/visionaid/isaac_ros_ws/install/isaac_ros_nitros_bridge_interfaces/include/isaac_ros_nitros_bridge_interfaces/isaac_ros_nitros_bridge_interfaces/msg/nitros_bridge_tensor_list.hpp
[3.301s] -- Symlinking: /home/sophie/visionaid/isaac_ros_ws/install/isaac_ros_nitros_bridge_interfaces/include/isaac_ros_nitros_bridge_interfaces/isaac_ros_nitros_bridge_interfaces/msg/rosidl_generator_cpp__visibility_control.hpp
[3.306s] -- Symlinking: /home/sophie/visionaid/isaac_ros_ws/install/isaac_ros_nitros_bridge_interfaces/include/isaac_ros_nitros_bridge_interfaces/isaac_ros_nitros_bridge_interfaces/msg/detail/nitros_bridge_image__rosidl_typesupport_fastrtps_cpp.hpp
[3.311s] -- Symlinking: /home/sophie/visionaid/isaac_ros_ws/install/isaac_ros_nitros_bridge_interfaces/include/isaac_ros_nitros_bridge_interfaces/isaac_ros_nitros_bridge_interfaces/msg/detail/nitros_bridge_tensor_list__rosidl_typesupport_fastrtps_cpp.hpp
[3.318s] -- Symlinking: /home/sophie/visionaid/isaac_ros_ws/install/isaac_ros_nitros_bridge_interfaces/include/isaac_ros_nitros_bridge_interfaces/isaac_ros_nitros_bridge_interfaces/msg/rosidl_typesupport_fastrtps_cpp__visibility_control.h
[3.325s] -- Symlinking: /home/sophie/visionaid/isaac_ros_ws/install/isaac_ros_nitros_bridge_interfaces/include/isaac_ros_nitros_bridge_interfaces/isaac_ros_nitros_bridge_interfaces/msg/detail/nitros_bridge_image__rosidl_typesupport_introspection_cpp.hpp
[3.330s] -- Symlinking: /home/sophie/visionaid/isaac_ros_ws/install/isaac_ros_nitros_bridge_interfaces/include/isaac_ros_nitros_bridge_interfaces/isaac_ros_nitros_bridge_interfaces/msg/detail/nitros_bridge_tensor_list__rosidl_typesupport_introspection_cpp.hpp
[3.338s] -- Symlinking: /home/sophie/visionaid/isaac_ros_ws/install/isaac_ros_nitros_bridge_interfaces/share/isaac_ros_nitros_bridge_interfaces/environment/pythonpath.sh
[3.344s] -- Symlinking: /home/sophie/visionaid/isaac_ros_ws/install/isaac_ros_nitros_bridge_interfaces/share/isaac_ros_nitros_bridge_interfaces/environment/pythonpath.dsv
[3.351s] -- Symlinking: /home/sophie/visionaid/isaac_ros_ws/install/isaac_ros_nitros_bridge_interfaces/local/lib/python3.10/dist-packages/isaac_ros_nitros_bridge_interfaces-3.2.5-py3.10.egg-info/PKG-INFO
[3.356s] -- Symlinking: /home/sophie/visionaid/isaac_ros_ws/install/isaac_ros_nitros_bridge_interfaces/local/lib/python3.10/dist-packages/isaac_ros_nitros_bridge_interfaces-3.2.5-py3.10.egg-info/SOURCES.txt
[3.364s] -- Symlinking: /home/sophie/visionaid/isaac_ros_ws/install/isaac_ros_nitros_bridge_interfaces/local/lib/python3.10/dist-packages/isaac_ros_nitros_bridge_interfaces-3.2.5-py3.10.egg-info/dependency_links.txt
[3.371s] -- Symlinking: /home/sophie/visionaid/isaac_ros_ws/install/isaac_ros_nitros_bridge_interfaces/local/lib/python3.10/dist-packages/isaac_ros_nitros_bridge_interfaces-3.2.5-py3.10.egg-info/top_level.txt
[3.379s] -- Symlinking: /home/sophie/visionaid/isaac_ros_ws/install/isaac_ros_nitros_bridge_interfaces/local/lib/python3.10/dist-packages/isaac_ros_nitros_bridge_interfaces/__init__.py
[3.387s] -- Symlinking: /home/sophie/visionaid/isaac_ros_ws/install/isaac_ros_nitros_bridge_interfaces/local/lib/python3.10/dist-packages/isaac_ros_nitros_bridge_interfaces/_isaac_ros_nitros_bridge_interfaces_s.ep.rosidl_typesupport_c.c
[3.393s] -- Symlinking: /home/sophie/visionaid/isaac_ros_ws/install/isaac_ros_nitros_bridge_interfaces/local/lib/python3.10/dist-packages/isaac_ros_nitros_bridge_interfaces/_isaac_ros_nitros_bridge_interfaces_s.ep.rosidl_typesupport_fastrtps_c.c
[3.398s] -- Symlinking: /home/sophie/visionaid/isaac_ros_ws/install/isaac_ros_nitros_bridge_interfaces/local/lib/python3.10/dist-packages/isaac_ros_nitros_bridge_interfaces/_isaac_ros_nitros_bridge_interfaces_s.ep.rosidl_typesupport_introspection_c.c
[3.402s] -- Symlinking: /home/sophie/visionaid/isaac_ros_ws/install/isaac_ros_nitros_bridge_interfaces/local/lib/python3.10/dist-packages/isaac_ros_nitros_bridge_interfaces/isaac_ros_nitros_bridge_interfaces_s__rosidl_typesupport_c.cpython-310-x86_64-linux-gnu.so
[3.407s] -- Symlinking: /home/sophie/visionaid/isaac_ros_ws/install/isaac_ros_nitros_bridge_interfaces/local/lib/python3.10/dist-packages/isaac_ros_nitros_bridge_interfaces/isaac_ros_nitros_bridge_interfaces_s__rosidl_typesupport_fastrtps_c.cpython-310-x86_64-linux-gnu.so
[3.414s] -- Symlinking: /home/sophie/visionaid/isaac_ros_ws/install/isaac_ros_nitros_bridge_interfaces/local/lib/python3.10/dist-packages/isaac_ros_nitros_bridge_interfaces/isaac_ros_nitros_bridge_interfaces_s__rosidl_typesupport_introspection_c.cpython-310-x86_64-linux-gnu.so
[3.418s] -- Symlinking: /home/sophie/visionaid/isaac_ros_ws/install/isaac_ros_nitros_bridge_interfaces/local/lib/python3.10/dist-packages/isaac_ros_nitros_bridge_interfaces/libisaac_ros_nitros_bridge_interfaces__rosidl_generator_py.so
[3.424s] -- Symlinking: /home/sophie/visionaid/isaac_ros_ws/install/isaac_ros_nitros_bridge_interfaces/local/lib/python3.10/dist-packages/isaac_ros_nitros_bridge_interfaces/msg/__init__.py
[3.428s] -- Symlinking: /home/sophie/visionaid/isaac_ros_ws/install/isaac_ros_nitros_bridge_interfaces/local/lib/python3.10/dist-packages/isaac_ros_nitros_bridge_interfaces/msg/_nitros_bridge_image.py
[3.434s] -- Symlinking: /home/sophie/visionaid/isaac_ros_ws/install/isaac_ros_nitros_bridge_interfaces/local/lib/python3.10/dist-packages/isaac_ros_nitros_bridge_interfaces/msg/_nitros_bridge_image_s.c
[3.439s] -- Symlinking: /home/sophie/visionaid/isaac_ros_ws/install/isaac_ros_nitros_bridge_interfaces/local/lib/python3.10/dist-packages/isaac_ros_nitros_bridge_interfaces/msg/_nitros_bridge_tensor_list.py
[3.445s] -- Symlinking: /home/sophie/visionaid/isaac_ros_ws/install/isaac_ros_nitros_bridge_interfaces/local/lib/python3.10/dist-packages/isaac_ros_nitros_bridge_interfaces/msg/_nitros_bridge_tensor_list_s.c
[3.453s] -- Up-to-date symlink: /home/sophie/visionaid/isaac_ros_ws/install/isaac_ros_nitros_bridge_interfaces/local/lib/python3.10/dist-packages/isaac_ros_nitros_bridge_interfaces/isaac_ros_nitros_bridge_interfaces_s__rosidl_typesupport_fastrtps_c.cpython-310-x86_64-linux-gnu.so
[3.453s] -- Up-to-date symlink: /home/sophie/visionaid/isaac_ros_ws/install/isaac_ros_nitros_bridge_interfaces/local/lib/python3.10/dist-packages/isaac_ros_nitros_bridge_interfaces/isaac_ros_nitros_bridge_interfaces_s__rosidl_typesupport_introspection_c.cpython-310-x86_64-linux-gnu.so
[3.453s] -- Up-to-date symlink: /home/sophie/visionaid/isaac_ros_ws/install/isaac_ros_nitros_bridge_interfaces/local/lib/python3.10/dist-packages/isaac_ros_nitros_bridge_interfaces/isaac_ros_nitros_bridge_interfaces_s__rosidl_typesupport_c.cpython-310-x86_64-linux-gnu.so
[3.453s] -- Symlinking: /home/sophie/visionaid/isaac_ros_ws/install/isaac_ros_nitros_bridge_interfaces/share/isaac_ros_nitros_bridge_interfaces/msg/NitrosBridgeImage.idl
[3.460s] -- Symlinking: /home/sophie/visionaid/isaac_ros_ws/install/isaac_ros_nitros_bridge_interfaces/share/isaac_ros_nitros_bridge_interfaces/msg/NitrosBridgeTensorList.idl
[3.466s] -- Symlinking: /home/sophie/visionaid/isaac_ros_ws/install/isaac_ros_nitros_bridge_interfaces/share/isaac_ros_nitros_bridge_interfaces/msg/NitrosBridgeImage.msg
[3.472s] -- Symlinking: /home/sophie/visionaid/isaac_ros_ws/install/isaac_ros_nitros_bridge_interfaces/share/isaac_ros_nitros_bridge_interfaces/msg/NitrosBridgeTensorList.msg
[3.479s] -- Symlinking: /home/sophie/visionaid/isaac_ros_ws/install/isaac_ros_nitros_bridge_interfaces/share/isaac_ros_nitros_bridge_interfaces/version_info.yaml
[3.485s] -- Symlinking: /home/sophie/visionaid/isaac_ros_ws/install/isaac_ros_nitros_bridge_interfaces/share/ament_index/resource_index/package_run_dependencies/isaac_ros_nitros_bridge_interfaces
[3.490s] -- Symlinking: /home/sophie/visionaid/isaac_ros_ws/install/isaac_ros_nitros_bridge_interfaces/share/ament_index/resource_index/parent_prefix_path/isaac_ros_nitros_bridge_interfaces
[3.497s] -- Symlinking: /home/sophie/visionaid/isaac_ros_ws/install/isaac_ros_nitros_bridge_interfaces/share/isaac_ros_nitros_bridge_interfaces/environment/ament_prefix_path.sh
[3.503s] -- Symlinking: /home/sophie/visionaid/isaac_ros_ws/install/isaac_ros_nitros_bridge_interfaces/share/isaac_ros_nitros_bridge_interfaces/environment/ament_prefix_path.dsv
[3.507s] -- Symlinking: /home/sophie/visionaid/isaac_ros_ws/install/isaac_ros_nitros_bridge_interfaces/share/isaac_ros_nitros_bridge_interfaces/environment/path.sh
[3.512s] -- Symlinking: /home/sophie/visionaid/isaac_ros_ws/install/isaac_ros_nitros_bridge_interfaces/share/isaac_ros_nitros_bridge_interfaces/environment/path.dsv
[3.518s] -- Symlinking: /home/sophie/visionaid/isaac_ros_ws/install/isaac_ros_nitros_bridge_interfaces/share/isaac_ros_nitros_bridge_interfaces/local_setup.bash
[3.524s] -- Symlinking: /home/sophie/visionaid/isaac_ros_ws/install/isaac_ros_nitros_bridge_interfaces/share/isaac_ros_nitros_bridge_interfaces/local_setup.sh
[3.531s] -- Symlinking: /home/sophie/visionaid/isaac_ros_ws/install/isaac_ros_nitros_bridge_interfaces/share/isaac_ros_nitros_bridge_interfaces/local_setup.zsh
[3.536s] -- Symlinking: /home/sophie/visionaid/isaac_ros_ws/install/isaac_ros_nitros_bridge_interfaces/share/isaac_ros_nitros_bridge_interfaces/local_setup.dsv
[3.542s] -- Symlinking: /home/sophie/visionaid/isaac_ros_ws/install/isaac_ros_nitros_bridge_interfaces/share/isaac_ros_nitros_bridge_interfaces/package.dsv
[3.549s] -- Symlinking: /home/sophie/visionaid/isaac_ros_ws/install/isaac_ros_nitros_bridge_interfaces/share/ament_index/resource_index/packages/isaac_ros_nitros_bridge_interfaces
[3.555s] -- Symlinking: /home/sophie/visionaid/isaac_ros_ws/install/isaac_ros_nitros_bridge_interfaces/share/isaac_ros_nitros_bridge_interfaces/cmake/rosidl_cmake-extras.cmake
[3.560s] -- Symlinking: /home/sophie/visionaid/isaac_ros_ws/install/isaac_ros_nitros_bridge_interfaces/share/isaac_ros_nitros_bridge_interfaces/cmake/ament_cmake_export_dependencies-extras.cmake
[3.567s] -- Symlinking: /home/sophie/visionaid/isaac_ros_ws/install/isaac_ros_nitros_bridge_interfaces/share/isaac_ros_nitros_bridge_interfaces/cmake/ament_cmake_export_include_directories-extras.cmake
[3.573s] -- Symlinking: /home/sophie/visionaid/isaac_ros_ws/install/isaac_ros_nitros_bridge_interfaces/share/isaac_ros_nitros_bridge_interfaces/cmake/ament_cmake_export_libraries-extras.cmake
[3.579s] -- Symlinking: /home/sophie/visionaid/isaac_ros_ws/install/isaac_ros_nitros_bridge_interfaces/share/isaac_ros_nitros_bridge_interfaces/cmake/ament_cmake_export_targets-extras.cmake
[3.586s] -- Symlinking: /home/sophie/visionaid/isaac_ros_ws/install/isaac_ros_nitros_bridge_interfaces/share/isaac_ros_nitros_bridge_interfaces/cmake/rosidl_cmake_export_typesupport_targets-extras.cmake
[3.592s] -- Symlinking: /home/sophie/visionaid/isaac_ros_ws/install/isaac_ros_nitros_bridge_interfaces/share/isaac_ros_nitros_bridge_interfaces/cmake/rosidl_cmake_export_typesupport_libraries-extras.cmake
[3.597s] -- Symlinking: /home/sophie/visionaid/isaac_ros_ws/install/isaac_ros_nitros_bridge_interfaces/share/isaac_ros_nitros_bridge_interfaces/cmake/isaac_ros_nitros_bridge_interfacesConfig.cmake
[3.604s] -- Symlinking: /home/sophie/visionaid/isaac_ros_ws/install/isaac_ros_nitros_bridge_interfaces/share/isaac_ros_nitros_bridge_interfaces/cmake/isaac_ros_nitros_bridge_interfacesConfig-version.cmake
[3.609s] -- Symlinking: /home/sophie/visionaid/isaac_ros_ws/install/isaac_ros_nitros_bridge_interfaces/share/isaac_ros_nitros_bridge_interfaces/package.xml
[3.615s] -- Installing: /home/sophie/visionaid/isaac_ros_ws/install/isaac_ros_nitros_bridge_interfaces/lib/libisaac_ros_nitros_bridge_interfaces__rosidl_generator_c.so
[3.615s] -- Set runtime path of "/home/sophie/visionaid/isaac_ros_ws/install/isaac_ros_nitros_bridge_interfaces/lib/libisaac_ros_nitros_bridge_interfaces__rosidl_generator_c.so" to ""
[3.615s] -- Installing: /home/sophie/visionaid/isaac_ros_ws/install/isaac_ros_nitros_bridge_interfaces/lib/libisaac_ros_nitros_bridge_interfaces__rosidl_typesupport_fastrtps_c.so
[3.615s] -- Set runtime path of "/home/sophie/visionaid/isaac_ros_ws/install/isaac_ros_nitros_bridge_interfaces/lib/libisaac_ros_nitros_bridge_interfaces__rosidl_typesupport_fastrtps_c.so" to ""
[3.615s] -- Installing: /home/sophie/visionaid/isaac_ros_ws/install/isaac_ros_nitros_bridge_interfaces/lib/libisaac_ros_nitros_bridge_interfaces__rosidl_typesupport_introspection_c.so
[3.615s] -- Set runtime path of "/home/sophie/visionaid/isaac_ros_ws/install/isaac_ros_nitros_bridge_interfaces/lib/libisaac_ros_nitros_bridge_interfaces__rosidl_typesupport_introspection_c.so" to ""
[3.615s] -- Installing: /home/sophie/visionaid/isaac_ros_ws/install/isaac_ros_nitros_bridge_interfaces/lib/libisaac_ros_nitros_bridge_interfaces__rosidl_typesupport_c.so
[3.615s] -- Set runtime path of "/home/sophie/visionaid/isaac_ros_ws/install/isaac_ros_nitros_bridge_interfaces/lib/libisaac_ros_nitros_bridge_interfaces__rosidl_typesupport_c.so" to ""
[3.615s] -- Installing: /home/sophie/visionaid/isaac_ros_ws/install/isaac_ros_nitros_bridge_interfaces/lib/libisaac_ros_nitros_bridge_interfaces__rosidl_typesupport_fastrtps_cpp.so
[3.616s] -- Set runtime path of "/home/sophie/visionaid/isaac_ros_ws/install/isaac_ros_nitros_bridge_interfaces/lib/libisaac_ros_nitros_bridge_interfaces__rosidl_typesupport_fastrtps_cpp.so" to ""
[3.616s] -- Installing: /home/sophie/visionaid/isaac_ros_ws/install/isaac_ros_nitros_bridge_interfaces/lib/libisaac_ros_nitros_bridge_interfaces__rosidl_typesupport_introspection_cpp.so
[3.616s] -- Set runtime path of "/home/sophie/visionaid/isaac_ros_ws/install/isaac_ros_nitros_bridge_interfaces/lib/libisaac_ros_nitros_bridge_interfaces__rosidl_typesupport_introspection_cpp.so" to ""
[3.616s] -- Installing: /home/sophie/visionaid/isaac_ros_ws/install/isaac_ros_nitros_bridge_interfaces/lib/libisaac_ros_nitros_bridge_interfaces__rosidl_typesupport_cpp.so
[3.616s] -- Set runtime path of "/home/sophie/visionaid/isaac_ros_ws/install/isaac_ros_nitros_bridge_interfaces/lib/libisaac_ros_nitros_bridge_interfaces__rosidl_typesupport_cpp.so" to ""
[3.639s] Listing '/home/sophie/visionaid/isaac_ros_ws/install/isaac_ros_nitros_bridge_interfaces/local/lib/python3.10/dist-packages/isaac_ros_nitros_bridge_interfaces'...
[3.639s] Compiling '/home/sophie/visionaid/isaac_ros_ws/install/isaac_ros_nitros_bridge_interfaces/local/lib/python3.10/dist-packages/isaac_ros_nitros_bridge_interfaces/__init__.py'...
[3.639s] Listing '/home/sophie/visionaid/isaac_ros_ws/install/isaac_ros_nitros_bridge_interfaces/local/lib/python3.10/dist-packages/isaac_ros_nitros_bridge_interfaces/msg'...
[3.639s] Compiling '/home/sophie/visionaid/isaac_ros_ws/install/isaac_ros_nitros_bridge_interfaces/local/lib/python3.10/dist-packages/isaac_ros_nitros_bridge_interfaces/msg/__init__.py'...
[3.639s] Compiling '/home/sophie/visionaid/isaac_ros_ws/install/isaac_ros_nitros_bridge_interfaces/local/lib/python3.10/dist-packages/isaac_ros_nitros_bridge_interfaces/msg/_nitros_bridge_image.py'...
[3.639s] Compiling '/home/sophie/visionaid/isaac_ros_ws/install/isaac_ros_nitros_bridge_interfaces/local/lib/python3.10/dist-packages/isaac_ros_nitros_bridge_interfaces/msg/_nitros_bridge_tensor_list.py'...
[3.641s] -- Installing: /home/sophie/visionaid/isaac_ros_ws/install/isaac_ros_nitros_bridge_interfaces/lib/libisaac_ros_nitros_bridge_interfaces__rosidl_generator_py.so
[3.642s] -- Set runtime path of "/home/sophie/visionaid/isaac_ros_ws/install/isaac_ros_nitros_bridge_interfaces/lib/libisaac_ros_nitros_bridge_interfaces__rosidl_generator_py.so" to ""
[3.642s] -- Installing: /home/sophie/visionaid/isaac_ros_ws/install/isaac_ros_nitros_bridge_interfaces/share/isaac_ros_nitros_bridge_interfaces/cmake/export_isaac_ros_nitros_bridge_interfaces__rosidl_generator_cExport.cmake
[3.642s] -- Installing: /home/sophie/visionaid/isaac_ros_ws/install/isaac_ros_nitros_bridge_interfaces/share/isaac_ros_nitros_bridge_interfaces/cmake/export_isaac_ros_nitros_bridge_interfaces__rosidl_generator_cExport-release.cmake
[3.642s] -- Installing: /home/sophie/visionaid/isaac_ros_ws/install/isaac_ros_nitros_bridge_interfaces/share/isaac_ros_nitros_bridge_interfaces/cmake/export_isaac_ros_nitros_bridge_interfaces__rosidl_typesupport_fastrtps_cExport.cmake
[3.642s] -- Installing: /home/sophie/visionaid/isaac_ros_ws/install/isaac_ros_nitros_bridge_interfaces/share/isaac_ros_nitros_bridge_interfaces/cmake/export_isaac_ros_nitros_bridge_interfaces__rosidl_typesupport_fastrtps_cExport-release.cmake
[3.642s] -- Installing: /home/sophie/visionaid/isaac_ros_ws/install/isaac_ros_nitros_bridge_interfaces/share/isaac_ros_nitros_bridge_interfaces/cmake/isaac_ros_nitros_bridge_interfaces__rosidl_typesupport_introspection_cExport.cmake
[3.642s] -- Installing: /home/sophie/visionaid/isaac_ros_ws/install/isaac_ros_nitros_bridge_interfaces/share/isaac_ros_nitros_bridge_interfaces/cmake/isaac_ros_nitros_bridge_interfaces__rosidl_typesupport_introspection_cExport-release.cmake
[3.643s] -- Installing: /home/sophie/visionaid/isaac_ros_ws/install/isaac_ros_nitros_bridge_interfaces/share/isaac_ros_nitros_bridge_interfaces/cmake/isaac_ros_nitros_bridge_interfaces__rosidl_typesupport_cExport.cmake
[3.643s] -- Installing: /home/sophie/visionaid/isaac_ros_ws/install/isaac_ros_nitros_bridge_interfaces/share/isaac_ros_nitros_bridge_interfaces/cmake/isaac_ros_nitros_bridge_interfaces__rosidl_typesupport_cExport-release.cmake
[3.643s] -- Installing: /home/sophie/visionaid/isaac_ros_ws/install/isaac_ros_nitros_bridge_interfaces/share/isaac_ros_nitros_bridge_interfaces/cmake/export_isaac_ros_nitros_bridge_interfaces__rosidl_generator_cppExport.cmake
[3.643s] -- Installing: /home/sophie/visionaid/isaac_ros_ws/install/isaac_ros_nitros_bridge_interfaces/share/isaac_ros_nitros_bridge_interfaces/cmake/export_isaac_ros_nitros_bridge_interfaces__rosidl_typesupport_fastrtps_cppExport.cmake
[3.643s] -- Installing: /home/sophie/visionaid/isaac_ros_ws/install/isaac_ros_nitros_bridge_interfaces/share/isaac_ros_nitros_bridge_interfaces/cmake/export_isaac_ros_nitros_bridge_interfaces__rosidl_typesupport_fastrtps_cppExport-release.cmake
[3.643s] -- Installing: /home/sophie/visionaid/isaac_ros_ws/install/isaac_ros_nitros_bridge_interfaces/share/isaac_ros_nitros_bridge_interfaces/cmake/isaac_ros_nitros_bridge_interfaces__rosidl_typesupport_introspection_cppExport.cmake
[3.643s] -- Installing: /home/sophie/visionaid/isaac_ros_ws/install/isaac_ros_nitros_bridge_interfaces/share/isaac_ros_nitros_bridge_interfaces/cmake/isaac_ros_nitros_bridge_interfaces__rosidl_typesupport_introspection_cppExport-release.cmake
[3.643s] -- Installing: /home/sophie/visionaid/isaac_ros_ws/install/isaac_ros_nitros_bridge_interfaces/share/isaac_ros_nitros_bridge_interfaces/cmake/isaac_ros_nitros_bridge_interfaces__rosidl_typesupport_cppExport.cmake
[3.643s] -- Installing: /home/sophie/visionaid/isaac_ros_ws/install/isaac_ros_nitros_bridge_interfaces/share/isaac_ros_nitros_bridge_interfaces/cmake/isaac_ros_nitros_bridge_interfaces__rosidl_typesupport_cppExport-release.cmake
[3.643s] -- Installing: /home/sophie/visionaid/isaac_ros_ws/install/isaac_ros_nitros_bridge_interfaces/share/isaac_ros_nitros_bridge_interfaces/cmake/export_isaac_ros_nitros_bridge_interfaces__rosidl_generator_pyExport.cmake
[3.644s] -- Installing: /home/sophie/visionaid/isaac_ros_ws/install/isaac_ros_nitros_bridge_interfaces/share/isaac_ros_nitros_bridge_interfaces/cmake/export_isaac_ros_nitros_bridge_interfaces__rosidl_generator_pyExport-release.cmake
[3.646s] Invoked command in '/home/sophie/visionaid/isaac_ros_ws/build/isaac_ros_nitros_bridge_interfaces' returned '0': AMENT_PREFIX_PATH=/home/sophie/visionaid/isaac_ros_ws/install/isaac_ros_tensor_list_interfaces:/home/sophie/visionaid/isaac_ros_ws/install/isaac_ros_common:${AMENT_PREFIX_PATH} CMAKE_PREFIX_PATH=/home/sophie/visionaid/isaac_ros_ws/install/isaac_ros_tensor_list_interfaces:/home/sophie/visionaid/isaac_ros_ws/install/isaac_ros_common:/opt/ros/humble LD_LIBRARY_PATH=/home/sophie/visionaid/isaac_ros_ws/install/isaac_ros_tensor_list_interfaces/lib:/home/sophie/visionaid/isaac_ros_ws/install/isaac_ros_common/lib:${LD_LIBRARY_PATH} PATH=/home/sophie/visionaid/isaac_ros_ws/install/isaac_ros_common/bin:${PATH} PYTHONPATH=/home/sophie/visionaid/isaac_ros_ws/install/isaac_ros_tensor_list_interfaces/local/lib/python3.10/dist-packages:/home/sophie/visionaid/isaac_ros_ws/install/isaac_ros_common/local/lib/python3.10/dist-packages:${PYTHONPATH} /usr/bin/cmake --install /home/sophie/visionaid/isaac_ros_ws/build/isaac_ros_nitros_bridge_interfaces
