running develop
running egg_info
creating isaac_ros_rosbag_utils.egg-info
writing isaac_ros_rosbag_utils.egg-info/PKG-INFO
writing dependency_links to isaac_ros_rosbag_utils.egg-info/dependency_links.txt
writing entry points to isaac_ros_rosbag_utils.egg-info/entry_points.txt
writing requirements to isaac_ros_rosbag_utils.egg-info/requires.txt
writing top-level names to isaac_ros_rosbag_utils.egg-info/top_level.txt
writing manifest file 'isaac_ros_rosbag_utils.egg-info/SOURCES.txt'
reading manifest file 'isaac_ros_rosbag_utils.egg-info/SOURCES.txt'
writing manifest file 'isaac_ros_rosbag_utils.egg-info/SOURCES.txt'
running build_ext
Creating /home/sophie/visionaid/isaac_ros_ws/install/isaac_ros_rosbag_utils/lib/python3.10/site-packages/isaac-ros-rosbag-utils.egg-link (link to .)
Installing extract_edex script to /home/sophie/visionaid/isaac_ros_ws/install/isaac_ros_rosbag_utils/lib/isaac_ros_rosbag_utils
Installing extract_urdf script to /home/sophie/visionaid/isaac_ros_ws/install/isaac_ros_rosbag_utils/lib/isaac_ros_rosbag_utils

Installed /home/sophie/visionaid/isaac_ros_ws/build/isaac_ros_rosbag_utils
running symlink_data
creating /home/sophie/visionaid/isaac_ros_ws/install/isaac_ros_rosbag_utils/share/ament_index
creating /home/sophie/visionaid/isaac_ros_ws/install/isaac_ros_rosbag_utils/share/ament_index/resource_index
creating /home/sophie/visionaid/isaac_ros_ws/install/isaac_ros_rosbag_utils/share/ament_index/resource_index/packages
symbolically linking /home/sophie/visionaid/isaac_ros_ws/build/isaac_ros_rosbag_utils/resource/isaac_ros_rosbag_utils -> /home/sophie/visionaid/isaac_ros_ws/install/isaac_ros_rosbag_utils/share/ament_index/resource_index/packages
symbolically linking /home/sophie/visionaid/isaac_ros_ws/build/isaac_ros_rosbag_utils/package.xml -> /home/sophie/visionaid/isaac_ros_ws/install/isaac_ros_rosbag_utils/share/isaac_ros_rosbag_utils
symbolically linking /home/sophie/visionaid/isaac_ros_ws/build/isaac_ros_rosbag_utils/requirements.txt -> /home/sophie/visionaid/isaac_ros_ws/install/isaac_ros_rosbag_utils/share/isaac_ros_rosbag_utils
creating /home/sophie/visionaid/isaac_ros_ws/install/isaac_ros_rosbag_utils/share/isaac_ros_rosbag_utils/config
symbolically linking /home/sophie/visionaid/isaac_ros_ws/build/isaac_ros_rosbag_utils/config/edex_extraction_nova.yaml -> /home/sophie/visionaid/isaac_ros_ws/install/isaac_ros_rosbag_utils/share/isaac_ros_rosbag_utils/config
