[0.341s] Invoking command in '/home/sophie/visionaid/isaac_ros_ws/build/isaac_ros_rosbag_utils': AMENT_PREFIX_PATH=/home/sophie/visionaid/isaac_ros_ws/install/isaac_ros_r2b_galileo:/home/sophie/visionaid/isaac_ros_ws/install/isaac_ros_common:${AMENT_PREFIX_PATH} CMAKE_PREFIX_PATH=/home/sophie/visionaid/isaac_ros_ws/install/isaac_ros_r2b_galileo:/home/sophie/visionaid/isaac_ros_ws/install/isaac_ros_common LD_LIBRARY_PATH=/home/sophie/visionaid/isaac_ros_ws/install/isaac_ros_common/lib:${LD_LIBRARY_PATH} PATH=/home/sophie/visionaid/isaac_ros_ws/install/isaac_ros_common/bin:${PATH} PYTHONPATH=/home/sophie/visionaid/isaac_ros_ws/build/isaac_ros_rosbag_utils/prefix_override:/usr/lib/python3/dist-packages/colcon_core/task/python/colcon_distutils_commands:/home/sophie/visionaid/isaac_ros_ws/install/isaac_ros_rosbag_utils/lib/python3.10/site-packages:/home/sophie/visionaid/isaac_ros_ws/install/isaac_ros_common/local/lib/python3.10/dist-packages:${PYTHONPATH} /usr/bin/python3 -W ignore:setup.py install is deprecated -W ignore:easy_install command is deprecated setup.py develop --editable --build-directory /home/sophie/visionaid/isaac_ros_ws/build/isaac_ros_rosbag_utils/build --no-deps symlink_data
[0.474s] running develop
[0.541s] running egg_info
[0.541s] creating isaac_ros_rosbag_utils.egg-info
[0.541s] writing isaac_ros_rosbag_utils.egg-info/PKG-INFO
[0.541s] writing dependency_links to isaac_ros_rosbag_utils.egg-info/dependency_links.txt
[0.542s] writing entry points to isaac_ros_rosbag_utils.egg-info/entry_points.txt
[0.542s] writing requirements to isaac_ros_rosbag_utils.egg-info/requires.txt
[0.542s] writing top-level names to isaac_ros_rosbag_utils.egg-info/top_level.txt
[0.542s] writing manifest file 'isaac_ros_rosbag_utils.egg-info/SOURCES.txt'
[0.542s] package init file 'isaac_ros_rosbag_utils/scripts/__init__.py' not found (or not a regular file)
[0.542s] reading manifest file 'isaac_ros_rosbag_utils.egg-info/SOURCES.txt'
[0.543s] writing manifest file 'isaac_ros_rosbag_utils.egg-info/SOURCES.txt'
[0.560s] running build_ext
[0.560s] Creating /home/sophie/visionaid/isaac_ros_ws/install/isaac_ros_rosbag_utils/lib/python3.10/site-packages/isaac-ros-rosbag-utils.egg-link (link to .)
[0.560s] Installing extract_edex script to /home/sophie/visionaid/isaac_ros_ws/install/isaac_ros_rosbag_utils/lib/isaac_ros_rosbag_utils
[0.560s] Installing extract_urdf script to /home/sophie/visionaid/isaac_ros_ws/install/isaac_ros_rosbag_utils/lib/isaac_ros_rosbag_utils
[0.561s] 
[0.561s] Installed /home/sophie/visionaid/isaac_ros_ws/build/isaac_ros_rosbag_utils
[0.561s] running symlink_data
[0.561s] creating /home/sophie/visionaid/isaac_ros_ws/install/isaac_ros_rosbag_utils/share/ament_index
[0.561s] creating /home/sophie/visionaid/isaac_ros_ws/install/isaac_ros_rosbag_utils/share/ament_index/resource_index
[0.561s] creating /home/sophie/visionaid/isaac_ros_ws/install/isaac_ros_rosbag_utils/share/ament_index/resource_index/packages
[0.561s] symbolically linking /home/sophie/visionaid/isaac_ros_ws/build/isaac_ros_rosbag_utils/resource/isaac_ros_rosbag_utils -> /home/sophie/visionaid/isaac_ros_ws/install/isaac_ros_rosbag_utils/share/ament_index/resource_index/packages
[0.561s] symbolically linking /home/sophie/visionaid/isaac_ros_ws/build/isaac_ros_rosbag_utils/package.xml -> /home/sophie/visionaid/isaac_ros_ws/install/isaac_ros_rosbag_utils/share/isaac_ros_rosbag_utils
[0.561s] symbolically linking /home/sophie/visionaid/isaac_ros_ws/build/isaac_ros_rosbag_utils/requirements.txt -> /home/sophie/visionaid/isaac_ros_ws/install/isaac_ros_rosbag_utils/share/isaac_ros_rosbag_utils
[0.561s] creating /home/sophie/visionaid/isaac_ros_ws/install/isaac_ros_rosbag_utils/share/isaac_ros_rosbag_utils/config
[0.561s] symbolically linking /home/sophie/visionaid/isaac_ros_ws/build/isaac_ros_rosbag_utils/config/edex_extraction_nova.yaml -> /home/sophie/visionaid/isaac_ros_ws/install/isaac_ros_rosbag_utils/share/isaac_ros_rosbag_utils/config
[0.578s] Invoked command in '/home/sophie/visionaid/isaac_ros_ws/build/isaac_ros_rosbag_utils' returned '0': AMENT_PREFIX_PATH=/home/sophie/visionaid/isaac_ros_ws/install/isaac_ros_r2b_galileo:/home/sophie/visionaid/isaac_ros_ws/install/isaac_ros_common:${AMENT_PREFIX_PATH} CMAKE_PREFIX_PATH=/home/sophie/visionaid/isaac_ros_ws/install/isaac_ros_r2b_galileo:/home/sophie/visionaid/isaac_ros_ws/install/isaac_ros_common LD_LIBRARY_PATH=/home/sophie/visionaid/isaac_ros_ws/install/isaac_ros_common/lib:${LD_LIBRARY_PATH} PATH=/home/sophie/visionaid/isaac_ros_ws/install/isaac_ros_common/bin:${PATH} PYTHONPATH=/home/sophie/visionaid/isaac_ros_ws/build/isaac_ros_rosbag_utils/prefix_override:/usr/lib/python3/dist-packages/colcon_core/task/python/colcon_distutils_commands:/home/sophie/visionaid/isaac_ros_ws/install/isaac_ros_rosbag_utils/lib/python3.10/site-packages:/home/sophie/visionaid/isaac_ros_ws/install/isaac_ros_common/local/lib/python3.10/dist-packages:${PYTHONPATH} /usr/bin/python3 -W ignore:setup.py install is deprecated -W ignore:easy_install command is deprecated setup.py develop --editable --build-directory /home/sophie/visionaid/isaac_ros_ws/build/isaac_ros_rosbag_utils/build --no-deps symlink_data
