[0.013s] Invoking command in '/home/sophie/visionaid/isaac_ros_ws/build/gxf_isaac_ros_messages': AMENT_PREFIX_PATH=/home/sophie/visionaid/isaac_ros_ws/install/isaac_ros_gxf:/home/sophie/visionaid/isaac_ros_ws/install/isaac_ros_common:${AMENT_PREFIX_PATH} CMAKE_PREFIX_PATH=/home/sophie/visionaid/isaac_ros_ws/install/isaac_ros_gxf:/home/sophie/visionaid/isaac_ros_ws/install/isaac_ros_common:/opt/ros/humble LD_LIBRARY_PATH=/home/sophie/visionaid/isaac_ros_ws/install/isaac_ros_gxf/lib:/home/sophie/visionaid/isaac_ros_ws/install/isaac_ros_common/lib:${LD_LIBRARY_PATH} PATH=/home/sophie/visionaid/isaac_ros_ws/install/isaac_ros_common/bin:${PATH} PYTHONPATH=/home/sophie/visionaid/isaac_ros_ws/install/isaac_ros_common/local/lib/python3.10/dist-packages:${PYTHONPATH} /usr/bin/cmake /home/sophie/visionaid/isaac_ros_ws/src/isaac_ros_nitros/isaac_ros_gxf_extensions/gxf_isaac_ros_messages -DCMAKE_BUILD_TYPE=Release -DBUILD_TESTING=OFF -DCMAKE_CUDA_ARCHITECTURES=89 -DAMENT_CMAKE_SYMLINK_INSTALL=1 -DCMAKE_INSTALL_PREFIX=/home/sophie/visionaid/isaac_ros_ws/install/gxf_isaac_ros_messages
[0.054s] -- The C compiler identification is GNU 11.4.0
[0.090s] -- The CXX compiler identification is GNU 11.4.0
[0.094s] -- Detecting C compiler ABI info
[0.155s] -- Detecting C compiler ABI info - done
[0.162s] -- Check for working C compiler: /usr/bin/cc - skipped
[0.162s] -- Detecting C compile features
[0.162s] -- Detecting C compile features - done
[0.164s] -- Detecting CXX compiler ABI info
[0.228s] -- Detecting CXX compiler ABI info - done
[0.235s] -- Check for working CXX compiler: /usr/bin/c++ - skipped
[0.235s] -- Detecting CXX compile features
[0.235s] -- Detecting CXX compile features - done
[0.236s] -- Found ament_cmake_auto: 1.3.11 (/opt/ros/humble/share/ament_cmake_auto/cmake)
[0.348s] -- Found Python3: /usr/bin/python3 (found version "3.10.12") found components: Interpreter 
[0.390s] -- Override CMake install command with custom implementation using symlinks instead of copying resources
[0.441s] -- Loading isaac_ros_common extras
[0.441s] -- CMAKE_BUILD_TYPE: Release
[0.459s] -- Looking for pthread.h
[0.513s] -- Looking for pthread.h - found
[0.513s] -- Performing Test CMAKE_HAVE_LIBC_PTHREAD
[0.568s] -- Performing Test CMAKE_HAVE_LIBC_PTHREAD - Success
[0.569s] -- Found Threads: TRUE  
[0.576s] -- Found CUDA: /usr/local/cuda-12.8 (found version "12.8") 
[0.576s] -- CUDA architectures: 89
[0.576s] -- Loading isaac_ros_common extras (modules)
[0.595s] -- Found rosidl_generator_c: 3.1.6 (/opt/ros/humble/share/rosidl_generator_c/cmake)
[0.598s] -- Found rosidl_adapter: 3.1.6 (/opt/ros/humble/share/rosidl_adapter/cmake)
[0.602s] -- Found rosidl_generator_cpp: 3.1.6 (/opt/ros/humble/share/rosidl_generator_cpp/cmake)
[0.609s] -- Using all available rosidl_typesupport_c: rosidl_typesupport_fastrtps_c;rosidl_typesupport_introspection_c
[0.617s] -- Using all available rosidl_typesupport_cpp: rosidl_typesupport_fastrtps_cpp;rosidl_typesupport_introspection_cpp
[0.642s] -- Found rmw_implementation_cmake: 6.1.2 (/opt/ros/humble/share/rmw_implementation_cmake/cmake)
[0.643s] -- Found rmw_fastrtps_cpp: 6.2.7 (/opt/ros/humble/share/rmw_fastrtps_cpp/cmake)
[0.712s] -- Found OpenSSL: /usr/lib/x86_64-linux-gnu/libcrypto.so (found version "3.0.2")  
[0.729s] -- Found FastRTPS: /opt/ros/humble/include  
[0.755s] -- Using RMW implementation 'rmw_fastrtps_cpp' as default
[0.789s] -- Loading isaac_ros_gxf extras
[0.829s] -- Configuring done
[0.832s] -- Generating done
[0.833s] -- Build files have been written to: /home/sophie/visionaid/isaac_ros_ws/build/gxf_isaac_ros_messages
[0.840s] Invoked command in '/home/sophie/visionaid/isaac_ros_ws/build/gxf_isaac_ros_messages' returned '0': AMENT_PREFIX_PATH=/home/sophie/visionaid/isaac_ros_ws/install/isaac_ros_gxf:/home/sophie/visionaid/isaac_ros_ws/install/isaac_ros_common:${AMENT_PREFIX_PATH} CMAKE_PREFIX_PATH=/home/sophie/visionaid/isaac_ros_ws/install/isaac_ros_gxf:/home/sophie/visionaid/isaac_ros_ws/install/isaac_ros_common:/opt/ros/humble LD_LIBRARY_PATH=/home/sophie/visionaid/isaac_ros_ws/install/isaac_ros_gxf/lib:/home/sophie/visionaid/isaac_ros_ws/install/isaac_ros_common/lib:${LD_LIBRARY_PATH} PATH=/home/sophie/visionaid/isaac_ros_ws/install/isaac_ros_common/bin:${PATH} PYTHONPATH=/home/sophie/visionaid/isaac_ros_ws/install/isaac_ros_common/local/lib/python3.10/dist-packages:${PYTHONPATH} /usr/bin/cmake /home/sophie/visionaid/isaac_ros_ws/src/isaac_ros_nitros/isaac_ros_gxf_extensions/gxf_isaac_ros_messages -DCMAKE_BUILD_TYPE=Release -DBUILD_TESTING=OFF -DCMAKE_CUDA_ARCHITECTURES=89 -DAMENT_CMAKE_SYMLINK_INSTALL=1 -DCMAKE_INSTALL_PREFIX=/home/sophie/visionaid/isaac_ros_ws/install/gxf_isaac_ros_messages
[0.841s] Invoking command in '/home/sophie/visionaid/isaac_ros_ws/build/gxf_isaac_ros_messages': AMENT_PREFIX_PATH=/home/sophie/visionaid/isaac_ros_ws/install/isaac_ros_gxf:/home/sophie/visionaid/isaac_ros_ws/install/isaac_ros_common:${AMENT_PREFIX_PATH} CMAKE_PREFIX_PATH=/home/sophie/visionaid/isaac_ros_ws/install/isaac_ros_gxf:/home/sophie/visionaid/isaac_ros_ws/install/isaac_ros_common:/opt/ros/humble LD_LIBRARY_PATH=/home/sophie/visionaid/isaac_ros_ws/install/isaac_ros_gxf/lib:/home/sophie/visionaid/isaac_ros_ws/install/isaac_ros_common/lib:${LD_LIBRARY_PATH} PATH=/home/sophie/visionaid/isaac_ros_ws/install/isaac_ros_common/bin:${PATH} PYTHONPATH=/home/sophie/visionaid/isaac_ros_ws/install/isaac_ros_common/local/lib/python3.10/dist-packages:${PYTHONPATH} /usr/bin/cmake --build /home/sophie/visionaid/isaac_ros_ws/build/gxf_isaac_ros_messages -- -j22 -l22
[0.875s] [100%] [34m[1mGenerating version information as YAML[0m
[0.933s] [100%] Built target generate_version_info_target_gxf_isaac_ros_messages
[0.941s] Invoked command in '/home/sophie/visionaid/isaac_ros_ws/build/gxf_isaac_ros_messages' returned '0': AMENT_PREFIX_PATH=/home/sophie/visionaid/isaac_ros_ws/install/isaac_ros_gxf:/home/sophie/visionaid/isaac_ros_ws/install/isaac_ros_common:${AMENT_PREFIX_PATH} CMAKE_PREFIX_PATH=/home/sophie/visionaid/isaac_ros_ws/install/isaac_ros_gxf:/home/sophie/visionaid/isaac_ros_ws/install/isaac_ros_common:/opt/ros/humble LD_LIBRARY_PATH=/home/sophie/visionaid/isaac_ros_ws/install/isaac_ros_gxf/lib:/home/sophie/visionaid/isaac_ros_ws/install/isaac_ros_common/lib:${LD_LIBRARY_PATH} PATH=/home/sophie/visionaid/isaac_ros_ws/install/isaac_ros_common/bin:${PATH} PYTHONPATH=/home/sophie/visionaid/isaac_ros_ws/install/isaac_ros_common/local/lib/python3.10/dist-packages:${PYTHONPATH} /usr/bin/cmake --build /home/sophie/visionaid/isaac_ros_ws/build/gxf_isaac_ros_messages -- -j22 -l22
[0.943s] Invoking command in '/home/sophie/visionaid/isaac_ros_ws/build/gxf_isaac_ros_messages': AMENT_PREFIX_PATH=/home/sophie/visionaid/isaac_ros_ws/install/isaac_ros_gxf:/home/sophie/visionaid/isaac_ros_ws/install/isaac_ros_common:${AMENT_PREFIX_PATH} CMAKE_PREFIX_PATH=/home/sophie/visionaid/isaac_ros_ws/install/isaac_ros_gxf:/home/sophie/visionaid/isaac_ros_ws/install/isaac_ros_common:/opt/ros/humble LD_LIBRARY_PATH=/home/sophie/visionaid/isaac_ros_ws/install/isaac_ros_gxf/lib:/home/sophie/visionaid/isaac_ros_ws/install/isaac_ros_common/lib:${LD_LIBRARY_PATH} PATH=/home/sophie/visionaid/isaac_ros_ws/install/isaac_ros_common/bin:${PATH} PYTHONPATH=/home/sophie/visionaid/isaac_ros_ws/install/isaac_ros_common/local/lib/python3.10/dist-packages:${PYTHONPATH} /usr/bin/cmake --install /home/sophie/visionaid/isaac_ros_ws/build/gxf_isaac_ros_messages
[0.947s] -- Install configuration: "Release"
[0.948s] -- Execute custom install script
[0.948s] -- Symlinking: /home/sophie/visionaid/isaac_ros_ws/install/gxf_isaac_ros_messages/share/gxf_isaac_ros_messages/gxf/lib/libgxf_isaac_ros_messages.so
[0.954s] -- Symlinking: /home/sophie/visionaid/isaac_ros_ws/install/gxf_isaac_ros_messages/share/gxf_isaac_ros_messages/gxf/include/messages/flat_scan_message.hpp
[0.960s] -- Symlinking: /home/sophie/visionaid/isaac_ros_ws/install/gxf_isaac_ros_messages/share/gxf_isaac_ros_messages/gxf/include/messages/point_cloud_message.hpp
[0.965s] -- Symlinking: /home/sophie/visionaid/isaac_ros_ws/install/gxf_isaac_ros_messages/share/gxf_isaac_ros_messages/environment/library_path.sh
[0.970s] -- Symlinking: /home/sophie/visionaid/isaac_ros_ws/install/gxf_isaac_ros_messages/share/gxf_isaac_ros_messages/environment/library_path.dsv
[0.977s] -- Symlinking: /home/sophie/visionaid/isaac_ros_ws/install/gxf_isaac_ros_messages/share/gxf_isaac_ros_messages/version_info.yaml
[0.984s] -- Symlinking: /home/sophie/visionaid/isaac_ros_ws/install/gxf_isaac_ros_messages/share/ament_index/resource_index/package_run_dependencies/gxf_isaac_ros_messages
[0.989s] -- Symlinking: /home/sophie/visionaid/isaac_ros_ws/install/gxf_isaac_ros_messages/share/ament_index/resource_index/parent_prefix_path/gxf_isaac_ros_messages
[0.996s] -- Symlinking: /home/sophie/visionaid/isaac_ros_ws/install/gxf_isaac_ros_messages/share/gxf_isaac_ros_messages/environment/ament_prefix_path.sh
[1.004s] -- Symlinking: /home/sophie/visionaid/isaac_ros_ws/install/gxf_isaac_ros_messages/share/gxf_isaac_ros_messages/environment/ament_prefix_path.dsv
[1.011s] -- Symlinking: /home/sophie/visionaid/isaac_ros_ws/install/gxf_isaac_ros_messages/share/gxf_isaac_ros_messages/environment/path.sh
[1.019s] -- Symlinking: /home/sophie/visionaid/isaac_ros_ws/install/gxf_isaac_ros_messages/share/gxf_isaac_ros_messages/environment/path.dsv
[1.025s] -- Symlinking: /home/sophie/visionaid/isaac_ros_ws/install/gxf_isaac_ros_messages/share/gxf_isaac_ros_messages/local_setup.bash
[1.030s] -- Symlinking: /home/sophie/visionaid/isaac_ros_ws/install/gxf_isaac_ros_messages/share/gxf_isaac_ros_messages/local_setup.sh
[1.035s] -- Symlinking: /home/sophie/visionaid/isaac_ros_ws/install/gxf_isaac_ros_messages/share/gxf_isaac_ros_messages/local_setup.zsh
[1.041s] -- Symlinking: /home/sophie/visionaid/isaac_ros_ws/install/gxf_isaac_ros_messages/share/gxf_isaac_ros_messages/local_setup.dsv
[1.047s] -- Symlinking: /home/sophie/visionaid/isaac_ros_ws/install/gxf_isaac_ros_messages/share/gxf_isaac_ros_messages/package.dsv
[1.053s] -- Symlinking: /home/sophie/visionaid/isaac_ros_ws/install/gxf_isaac_ros_messages/share/ament_index/resource_index/packages/gxf_isaac_ros_messages
[1.061s] -- Symlinking: /home/sophie/visionaid/isaac_ros_ws/install/gxf_isaac_ros_messages/share/gxf_isaac_ros_messages/cmake/ament_cmake_export_targets-extras.cmake
[1.070s] -- Symlinking: /home/sophie/visionaid/isaac_ros_ws/install/gxf_isaac_ros_messages/share/gxf_isaac_ros_messages/cmake/ament_cmake_export_dependencies-extras.cmake
[1.077s] -- Symlinking: /home/sophie/visionaid/isaac_ros_ws/install/gxf_isaac_ros_messages/share/gxf_isaac_ros_messages/cmake/gxf_isaac_ros_messagesConfig.cmake
[1.084s] -- Symlinking: /home/sophie/visionaid/isaac_ros_ws/install/gxf_isaac_ros_messages/share/gxf_isaac_ros_messages/cmake/gxf_isaac_ros_messagesConfig-version.cmake
[1.089s] -- Symlinking: /home/sophie/visionaid/isaac_ros_ws/install/gxf_isaac_ros_messages/share/gxf_isaac_ros_messages/package.xml
[1.095s] -- Installing: /home/sophie/visionaid/isaac_ros_ws/install/gxf_isaac_ros_messages/share/gxf_isaac_ros_messages/cmake/export_gxf_isaac_ros_messagesExport.cmake
[1.097s] Invoked command in '/home/sophie/visionaid/isaac_ros_ws/build/gxf_isaac_ros_messages' returned '0': AMENT_PREFIX_PATH=/home/sophie/visionaid/isaac_ros_ws/install/isaac_ros_gxf:/home/sophie/visionaid/isaac_ros_ws/install/isaac_ros_common:${AMENT_PREFIX_PATH} CMAKE_PREFIX_PATH=/home/sophie/visionaid/isaac_ros_ws/install/isaac_ros_gxf:/home/sophie/visionaid/isaac_ros_ws/install/isaac_ros_common:/opt/ros/humble LD_LIBRARY_PATH=/home/sophie/visionaid/isaac_ros_ws/install/isaac_ros_gxf/lib:/home/sophie/visionaid/isaac_ros_ws/install/isaac_ros_common/lib:${LD_LIBRARY_PATH} PATH=/home/sophie/visionaid/isaac_ros_ws/install/isaac_ros_common/bin:${PATH} PYTHONPATH=/home/sophie/visionaid/isaac_ros_ws/install/isaac_ros_common/local/lib/python3.10/dist-packages:${PYTHONPATH} /usr/bin/cmake --install /home/sophie/visionaid/isaac_ros_ws/build/gxf_isaac_ros_messages
