[0.010s] Invoking command in '/home/sophie/visionaid/isaac_ros_ws/build/gxf_isaac_timestamp_correlator': AMENT_PREFIX_PATH=/home/sophie/visionaid/isaac_ros_ws/install/isaac_ros_common:${AMENT_PREFIX_PATH} CMAKE_PREFIX_PATH=/home/sophie/visionaid/isaac_ros_ws/install/isaac_ros_common:/opt/ros/humble LD_LIBRARY_PATH=/home/sophie/visionaid/isaac_ros_ws/install/isaac_ros_common/lib:${LD_LIBRARY_PATH} PATH=/home/sophie/visionaid/isaac_ros_ws/install/isaac_ros_common/bin:${PATH} PYTHONPATH=/home/sophie/visionaid/isaac_ros_ws/install/isaac_ros_common/local/lib/python3.10/dist-packages:${PYTHONPATH} /usr/bin/cmake /home/sophie/visionaid/isaac_ros_ws/src/isaac_ros_nitros/isaac_ros_gxf_extensions/gxf_isaac_timestamp_correlator -DCMAKE_BUILD_TYPE=Release -DBUILD_TESTING=OFF -DCMAKE_CUDA_ARCHITECTURES=89 -DAMENT_CMAKE_SYMLINK_INSTALL=1 -DCMAKE_INSTALL_PREFIX=/home/sophie/visionaid/isaac_ros_ws/install/gxf_isaac_timestamp_correlator
[0.049s] -- The C compiler identification is GNU 11.4.0
[0.085s] -- The CXX compiler identification is GNU 11.4.0
[0.089s] -- Detecting C compiler ABI info
[0.137s] -- Detecting C compiler ABI info - done
[0.142s] -- Check for working C compiler: /usr/bin/cc - skipped
[0.142s] -- Detecting C compile features
[0.142s] -- Detecting C compile features - done
[0.144s] -- Detecting CXX compiler ABI info
[0.206s] -- Detecting CXX compiler ABI info - done
[0.214s] -- Check for working CXX compiler: /usr/bin/c++ - skipped
[0.214s] -- Detecting CXX compile features
[0.214s] -- Detecting CXX compile features - done
[0.215s] -- Found ament_cmake_auto: 1.3.11 (/opt/ros/humble/share/ament_cmake_auto/cmake)
[0.314s] -- Found Python3: /usr/bin/python3 (found version "3.10.12") found components: Interpreter 
[0.349s] -- Override CMake install command with custom implementation using symlinks instead of copying resources
[0.399s] -- Loading isaac_ros_common extras
[0.399s] -- CMAKE_BUILD_TYPE: Release
[0.415s] -- Looking for pthread.h
[0.471s] -- Looking for pthread.h - found
[0.472s] -- Performing Test CMAKE_HAVE_LIBC_PTHREAD
[0.529s] -- Performing Test CMAKE_HAVE_LIBC_PTHREAD - Success
[0.530s] -- Found Threads: TRUE  
[0.535s] -- Found CUDA: /usr/local/cuda-12.8 (found version "12.8") 
[0.536s] -- CUDA architectures: 89
[0.536s] -- Loading isaac_ros_common extras (modules)
[0.553s] -- Found rosidl_generator_c: 3.1.6 (/opt/ros/humble/share/rosidl_generator_c/cmake)
[0.555s] -- Found rosidl_adapter: 3.1.6 (/opt/ros/humble/share/rosidl_adapter/cmake)
[0.559s] -- Found rosidl_generator_cpp: 3.1.6 (/opt/ros/humble/share/rosidl_generator_cpp/cmake)
[0.565s] -- Using all available rosidl_typesupport_c: rosidl_typesupport_fastrtps_c;rosidl_typesupport_introspection_c
[0.573s] -- Using all available rosidl_typesupport_cpp: rosidl_typesupport_fastrtps_cpp;rosidl_typesupport_introspection_cpp
[0.595s] -- Found rmw_implementation_cmake: 6.1.2 (/opt/ros/humble/share/rmw_implementation_cmake/cmake)
[0.596s] -- Found rmw_fastrtps_cpp: 6.2.7 (/opt/ros/humble/share/rmw_fastrtps_cpp/cmake)
[0.663s] -- Found OpenSSL: /usr/lib/x86_64-linux-gnu/libcrypto.so (found version "3.0.2")  
[0.678s] -- Found FastRTPS: /opt/ros/humble/include  
[0.700s] -- Using RMW implementation 'rmw_fastrtps_cpp' as default
[0.770s] -- Configuring done
[0.772s] -- Generating done
[0.773s] -- Build files have been written to: /home/sophie/visionaid/isaac_ros_ws/build/gxf_isaac_timestamp_correlator
[0.781s] Invoked command in '/home/sophie/visionaid/isaac_ros_ws/build/gxf_isaac_timestamp_correlator' returned '0': AMENT_PREFIX_PATH=/home/sophie/visionaid/isaac_ros_ws/install/isaac_ros_common:${AMENT_PREFIX_PATH} CMAKE_PREFIX_PATH=/home/sophie/visionaid/isaac_ros_ws/install/isaac_ros_common:/opt/ros/humble LD_LIBRARY_PATH=/home/sophie/visionaid/isaac_ros_ws/install/isaac_ros_common/lib:${LD_LIBRARY_PATH} PATH=/home/sophie/visionaid/isaac_ros_ws/install/isaac_ros_common/bin:${PATH} PYTHONPATH=/home/sophie/visionaid/isaac_ros_ws/install/isaac_ros_common/local/lib/python3.10/dist-packages:${PYTHONPATH} /usr/bin/cmake /home/sophie/visionaid/isaac_ros_ws/src/isaac_ros_nitros/isaac_ros_gxf_extensions/gxf_isaac_timestamp_correlator -DCMAKE_BUILD_TYPE=Release -DBUILD_TESTING=OFF -DCMAKE_CUDA_ARCHITECTURES=89 -DAMENT_CMAKE_SYMLINK_INSTALL=1 -DCMAKE_INSTALL_PREFIX=/home/sophie/visionaid/isaac_ros_ws/install/gxf_isaac_timestamp_correlator
[0.781s] Invoking command in '/home/sophie/visionaid/isaac_ros_ws/build/gxf_isaac_timestamp_correlator': AMENT_PREFIX_PATH=/home/sophie/visionaid/isaac_ros_ws/install/isaac_ros_common:${AMENT_PREFIX_PATH} CMAKE_PREFIX_PATH=/home/sophie/visionaid/isaac_ros_ws/install/isaac_ros_common:/opt/ros/humble LD_LIBRARY_PATH=/home/sophie/visionaid/isaac_ros_ws/install/isaac_ros_common/lib:${LD_LIBRARY_PATH} PATH=/home/sophie/visionaid/isaac_ros_ws/install/isaac_ros_common/bin:${PATH} PYTHONPATH=/home/sophie/visionaid/isaac_ros_ws/install/isaac_ros_common/local/lib/python3.10/dist-packages:${PYTHONPATH} /usr/bin/cmake --build /home/sophie/visionaid/isaac_ros_ws/build/gxf_isaac_timestamp_correlator -- -j22 -l22
[0.819s] [100%] [34m[1mGenerating version information as YAML[0m
[0.872s] [100%] Built target generate_version_info_target_gxf_isaac_timestamp_correlator
[0.882s] Invoked command in '/home/sophie/visionaid/isaac_ros_ws/build/gxf_isaac_timestamp_correlator' returned '0': AMENT_PREFIX_PATH=/home/sophie/visionaid/isaac_ros_ws/install/isaac_ros_common:${AMENT_PREFIX_PATH} CMAKE_PREFIX_PATH=/home/sophie/visionaid/isaac_ros_ws/install/isaac_ros_common:/opt/ros/humble LD_LIBRARY_PATH=/home/sophie/visionaid/isaac_ros_ws/install/isaac_ros_common/lib:${LD_LIBRARY_PATH} PATH=/home/sophie/visionaid/isaac_ros_ws/install/isaac_ros_common/bin:${PATH} PYTHONPATH=/home/sophie/visionaid/isaac_ros_ws/install/isaac_ros_common/local/lib/python3.10/dist-packages:${PYTHONPATH} /usr/bin/cmake --build /home/sophie/visionaid/isaac_ros_ws/build/gxf_isaac_timestamp_correlator -- -j22 -l22
[0.883s] Invoking command in '/home/sophie/visionaid/isaac_ros_ws/build/gxf_isaac_timestamp_correlator': AMENT_PREFIX_PATH=/home/sophie/visionaid/isaac_ros_ws/install/isaac_ros_common:${AMENT_PREFIX_PATH} CMAKE_PREFIX_PATH=/home/sophie/visionaid/isaac_ros_ws/install/isaac_ros_common:/opt/ros/humble LD_LIBRARY_PATH=/home/sophie/visionaid/isaac_ros_ws/install/isaac_ros_common/lib:${LD_LIBRARY_PATH} PATH=/home/sophie/visionaid/isaac_ros_ws/install/isaac_ros_common/bin:${PATH} PYTHONPATH=/home/sophie/visionaid/isaac_ros_ws/install/isaac_ros_common/local/lib/python3.10/dist-packages:${PYTHONPATH} /usr/bin/cmake --install /home/sophie/visionaid/isaac_ros_ws/build/gxf_isaac_timestamp_correlator
[0.888s] -- Install configuration: "Release"
[0.888s] -- Execute custom install script
[0.888s] -- Symlinking: /home/sophie/visionaid/isaac_ros_ws/install/gxf_isaac_timestamp_correlator/share/gxf_isaac_timestamp_correlator/gxf/lib/libgxf_isaac_timestamp_correlator.so
[0.896s] -- Symlinking: /home/sophie/visionaid/isaac_ros_ws/install/gxf_isaac_timestamp_correlator/share/gxf_isaac_timestamp_correlator/environment/library_path.sh
[0.903s] -- Symlinking: /home/sophie/visionaid/isaac_ros_ws/install/gxf_isaac_timestamp_correlator/share/gxf_isaac_timestamp_correlator/environment/library_path.dsv
[0.913s] -- Symlinking: /home/sophie/visionaid/isaac_ros_ws/install/gxf_isaac_timestamp_correlator/share/gxf_isaac_timestamp_correlator/version_info.yaml
[0.920s] -- Symlinking: /home/sophie/visionaid/isaac_ros_ws/install/gxf_isaac_timestamp_correlator/share/ament_index/resource_index/package_run_dependencies/gxf_isaac_timestamp_correlator
[0.927s] -- Symlinking: /home/sophie/visionaid/isaac_ros_ws/install/gxf_isaac_timestamp_correlator/share/ament_index/resource_index/parent_prefix_path/gxf_isaac_timestamp_correlator
[0.934s] -- Symlinking: /home/sophie/visionaid/isaac_ros_ws/install/gxf_isaac_timestamp_correlator/share/gxf_isaac_timestamp_correlator/environment/ament_prefix_path.sh
[0.939s] -- Symlinking: /home/sophie/visionaid/isaac_ros_ws/install/gxf_isaac_timestamp_correlator/share/gxf_isaac_timestamp_correlator/environment/ament_prefix_path.dsv
[0.945s] -- Symlinking: /home/sophie/visionaid/isaac_ros_ws/install/gxf_isaac_timestamp_correlator/share/gxf_isaac_timestamp_correlator/environment/path.sh
[0.950s] -- Symlinking: /home/sophie/visionaid/isaac_ros_ws/install/gxf_isaac_timestamp_correlator/share/gxf_isaac_timestamp_correlator/environment/path.dsv
[0.955s] -- Symlinking: /home/sophie/visionaid/isaac_ros_ws/install/gxf_isaac_timestamp_correlator/share/gxf_isaac_timestamp_correlator/local_setup.bash
[0.960s] -- Symlinking: /home/sophie/visionaid/isaac_ros_ws/install/gxf_isaac_timestamp_correlator/share/gxf_isaac_timestamp_correlator/local_setup.sh
[0.965s] -- Symlinking: /home/sophie/visionaid/isaac_ros_ws/install/gxf_isaac_timestamp_correlator/share/gxf_isaac_timestamp_correlator/local_setup.zsh
[0.969s] -- Symlinking: /home/sophie/visionaid/isaac_ros_ws/install/gxf_isaac_timestamp_correlator/share/gxf_isaac_timestamp_correlator/local_setup.dsv
[0.976s] -- Symlinking: /home/sophie/visionaid/isaac_ros_ws/install/gxf_isaac_timestamp_correlator/share/gxf_isaac_timestamp_correlator/package.dsv
[0.982s] -- Symlinking: /home/sophie/visionaid/isaac_ros_ws/install/gxf_isaac_timestamp_correlator/share/ament_index/resource_index/packages/gxf_isaac_timestamp_correlator
[0.988s] -- Symlinking: /home/sophie/visionaid/isaac_ros_ws/install/gxf_isaac_timestamp_correlator/share/gxf_isaac_timestamp_correlator/cmake/ament_cmake_export_targets-extras.cmake
[0.993s] -- Symlinking: /home/sophie/visionaid/isaac_ros_ws/install/gxf_isaac_timestamp_correlator/share/gxf_isaac_timestamp_correlator/cmake/ament_cmake_export_dependencies-extras.cmake
[0.998s] -- Symlinking: /home/sophie/visionaid/isaac_ros_ws/install/gxf_isaac_timestamp_correlator/share/gxf_isaac_timestamp_correlator/cmake/gxf_isaac_timestamp_correlatorConfig.cmake
[1.004s] -- Symlinking: /home/sophie/visionaid/isaac_ros_ws/install/gxf_isaac_timestamp_correlator/share/gxf_isaac_timestamp_correlator/cmake/gxf_isaac_timestamp_correlatorConfig-version.cmake
[1.009s] -- Symlinking: /home/sophie/visionaid/isaac_ros_ws/install/gxf_isaac_timestamp_correlator/share/gxf_isaac_timestamp_correlator/package.xml
[1.014s] -- Installing: /home/sophie/visionaid/isaac_ros_ws/install/gxf_isaac_timestamp_correlator/share/gxf_isaac_timestamp_correlator/cmake/export_gxf_isaac_timestamp_correlatorExport.cmake
[1.015s] Invoked command in '/home/sophie/visionaid/isaac_ros_ws/build/gxf_isaac_timestamp_correlator' returned '0': AMENT_PREFIX_PATH=/home/sophie/visionaid/isaac_ros_ws/install/isaac_ros_common:${AMENT_PREFIX_PATH} CMAKE_PREFIX_PATH=/home/sophie/visionaid/isaac_ros_ws/install/isaac_ros_common:/opt/ros/humble LD_LIBRARY_PATH=/home/sophie/visionaid/isaac_ros_ws/install/isaac_ros_common/lib:${LD_LIBRARY_PATH} PATH=/home/sophie/visionaid/isaac_ros_ws/install/isaac_ros_common/bin:${PATH} PYTHONPATH=/home/sophie/visionaid/isaac_ros_ws/install/isaac_ros_common/local/lib/python3.10/dist-packages:${PYTHONPATH} /usr/bin/cmake --install /home/sophie/visionaid/isaac_ros_ws/build/gxf_isaac_timestamp_correlator
