-- Found ament_cmake_auto: 1.3.11 (/opt/ros/humble/share/ament_cmake_auto/cmake)
-- Override CMake install command with custom implementation using symlinks instead of copying resources
-- Found rosidl_generator_c: 3.1.6 (/opt/ros/humble/share/rosidl_generator_c/cmake)
-- Found rosidl_adapter: 3.1.6 (/opt/ros/humble/share/rosidl_adapter/cmake)
-- Found rosidl_generator_cpp: 3.1.6 (/opt/ros/humble/share/rosidl_generator_cpp/cmake)
-- Using all available rosidl_typesupport_c: rosidl_typesupport_fastrtps_c;rosidl_typesupport_introspection_c
-- Using all available rosidl_typesupport_cpp: rosidl_typesupport_fastrtps_cpp;rosidl_typesupport_introspection_cpp
-- Found rmw_implementation_cmake: 6.1.2 (/opt/ros/humble/share/rmw_implementation_cmake/cmake)
-- Found rmw_fastrtps_cpp: 6.2.7 (/opt/ros/humble/share/rmw_fastrtps_cpp/cmake)
-- Using RMW implementation 'rmw_fastrtps_cpp' as default
-- Loading isaac_ros_common extras
-- CMAKE_BUILD_TYPE: Release
-- CUDA architectures: 89
-- Configuring done
-- Generating done
-- Build files have been written to: /home/sophie/visionaid/isaac_ros_ws/build/isaac_ros_common
[35m[1mConsolidate compiler generated dependencies of target isaac_ros_common[0m
[ 25%] Built target generate_version_info_target_isaac_ros_common
[ 25%] Built target ament_cmake_python_symlink_isaac_ros_common
[100%] Built target isaac_ros_common
running egg_info
writing isaac_ros_common.egg-info/PKG-INFO
writing dependency_links to isaac_ros_common.egg-info/dependency_links.txt
writing top-level names to isaac_ros_common.egg-info/top_level.txt
reading manifest file 'isaac_ros_common.egg-info/SOURCES.txt'
writing manifest file 'isaac_ros_common.egg-info/SOURCES.txt'
[100%] Built target ament_cmake_python_build_isaac_ros_common_egg
-- Install configuration: "Release"
-- Execute custom install script
-- Up-to-date symlink: /home/sophie/visionaid/isaac_ros_ws/install/isaac_ros_common/share/ament_index/resource_index/isaac_ros_common_cmake_path/isaac_ros_common
-- Up-to-date symlink: /home/sophie/visionaid/isaac_ros_ws/install/isaac_ros_common/share/isaac_ros_common/environment/pythonpath.sh
-- Up-to-date symlink: /home/sophie/visionaid/isaac_ros_ws/install/isaac_ros_common/share/isaac_ros_common/environment/pythonpath.dsv
-- Up-to-date symlink: /home/sophie/visionaid/isaac_ros_ws/install/isaac_ros_common/local/lib/python3.10/dist-packages/isaac_ros_common-3.2.5-py3.10.egg-info/PKG-INFO
-- Up-to-date symlink: /home/sophie/visionaid/isaac_ros_ws/install/isaac_ros_common/local/lib/python3.10/dist-packages/isaac_ros_common-3.2.5-py3.10.egg-info/SOURCES.txt
-- Up-to-date symlink: /home/sophie/visionaid/isaac_ros_ws/install/isaac_ros_common/local/lib/python3.10/dist-packages/isaac_ros_common-3.2.5-py3.10.egg-info/dependency_links.txt
-- Up-to-date symlink: /home/sophie/visionaid/isaac_ros_ws/install/isaac_ros_common/local/lib/python3.10/dist-packages/isaac_ros_common-3.2.5-py3.10.egg-info/top_level.txt
-- Up-to-date symlink: /home/sophie/visionaid/isaac_ros_ws/install/isaac_ros_common/local/lib/python3.10/dist-packages/isaac_ros_common/__init__.py
-- Up-to-date symlink: /home/sophie/visionaid/isaac_ros_ws/install/isaac_ros_common/local/lib/python3.10/dist-packages/isaac_ros_common/qos.py
-- Up-to-date symlink: /home/sophie/visionaid/isaac_ros_ws/install/isaac_ros_common/share/ament_index/resource_index/isaac_ros_common_scripts_path/isaac_ros_common
-- Up-to-date symlink: /home/sophie/visionaid/isaac_ros_ws/install/isaac_ros_common/share/isaac_ros_common/version_info.yaml
-- Up-to-date symlink: /home/sophie/visionaid/isaac_ros_ws/install/isaac_ros_common/include/isaac_ros_common/qos.hpp
-- Up-to-date symlink: /home/sophie/visionaid/isaac_ros_ws/install/isaac_ros_common/include/isaac_ros_common/vpi_utilities.hpp
-- Up-to-date symlink: /home/sophie/visionaid/isaac_ros_ws/install/isaac_ros_common/share/isaac_ros_common/environment/library_path.sh
-- Up-to-date symlink: /home/sophie/visionaid/isaac_ros_ws/install/isaac_ros_common/share/isaac_ros_common/environment/library_path.dsv
-- Up-to-date symlink: /home/sophie/visionaid/isaac_ros_ws/install/isaac_ros_common/lib/libisaac_ros_common.so
-- Up-to-date symlink: /home/sophie/visionaid/isaac_ros_ws/install/isaac_ros_common/share/isaac_ros_common/cmake/isaac_ros_common-extras-assets.cmake
-- Up-to-date symlink: /home/sophie/visionaid/isaac_ros_ws/install/isaac_ros_common/share/isaac_ros_common/cmake/isaac_ros_common-extras-modules.cmake
-- Up-to-date symlink: /home/sophie/visionaid/isaac_ros_ws/install/isaac_ros_common/share/isaac_ros_common/cmake/isaac_ros_common-extras.cmake
-- Up-to-date symlink: /home/sophie/visionaid/isaac_ros_ws/install/isaac_ros_common/share/isaac_ros_common/cmake/isaac_ros_common-version-info.cmake
-- Up-to-date symlink: /home/sophie/visionaid/isaac_ros_ws/install/isaac_ros_common/share/isaac_ros_common/cmake/modules/FindTENSORRT.cmake
-- Up-to-date symlink: /home/sophie/visionaid/isaac_ros_ws/install/isaac_ros_common/share/ament_index/resource_index/package_run_dependencies/isaac_ros_common
-- Up-to-date symlink: /home/sophie/visionaid/isaac_ros_ws/install/isaac_ros_common/share/ament_index/resource_index/parent_prefix_path/isaac_ros_common
-- Up-to-date symlink: /home/sophie/visionaid/isaac_ros_ws/install/isaac_ros_common/share/isaac_ros_common/environment/ament_prefix_path.sh
-- Up-to-date symlink: /home/sophie/visionaid/isaac_ros_ws/install/isaac_ros_common/share/isaac_ros_common/environment/ament_prefix_path.dsv
-- Up-to-date symlink: /home/sophie/visionaid/isaac_ros_ws/install/isaac_ros_common/share/isaac_ros_common/environment/path.sh
-- Up-to-date symlink: /home/sophie/visionaid/isaac_ros_ws/install/isaac_ros_common/share/isaac_ros_common/environment/path.dsv
-- Up-to-date symlink: /home/sophie/visionaid/isaac_ros_ws/install/isaac_ros_common/share/isaac_ros_common/local_setup.bash
-- Up-to-date symlink: /home/sophie/visionaid/isaac_ros_ws/install/isaac_ros_common/share/isaac_ros_common/local_setup.sh
-- Up-to-date symlink: /home/sophie/visionaid/isaac_ros_ws/install/isaac_ros_common/share/isaac_ros_common/local_setup.zsh
-- Up-to-date symlink: /home/sophie/visionaid/isaac_ros_ws/install/isaac_ros_common/share/isaac_ros_common/local_setup.dsv
-- Symlinking: /home/sophie/visionaid/isaac_ros_ws/install/isaac_ros_common/share/isaac_ros_common/package.dsv
-- Up-to-date symlink: /home/sophie/visionaid/isaac_ros_ws/install/isaac_ros_common/share/ament_index/resource_index/packages/isaac_ros_common
-- Up-to-date symlink: /home/sophie/visionaid/isaac_ros_ws/install/isaac_ros_common/share/isaac_ros_common/cmake/isaac_ros_common-version-info.cmake
-- Up-to-date symlink: /home/sophie/visionaid/isaac_ros_ws/install/isaac_ros_common/share/isaac_ros_common/cmake/isaac_ros_common-extras.cmake
-- Up-to-date symlink: /home/sophie/visionaid/isaac_ros_ws/install/isaac_ros_common/share/isaac_ros_common/cmake/isaac_ros_common-extras-modules.cmake
-- Up-to-date symlink: /home/sophie/visionaid/isaac_ros_ws/install/isaac_ros_common/share/isaac_ros_common/cmake/isaac_ros_common-extras-assets.cmake
-- Up-to-date symlink: /home/sophie/visionaid/isaac_ros_ws/install/isaac_ros_common/share/isaac_ros_common/cmake/ament_cmake_export_dependencies-extras.cmake
-- Up-to-date symlink: /home/sophie/visionaid/isaac_ros_ws/install/isaac_ros_common/share/isaac_ros_common/cmake/ament_cmake_export_include_directories-extras.cmake
-- Up-to-date symlink: /home/sophie/visionaid/isaac_ros_ws/install/isaac_ros_common/share/isaac_ros_common/cmake/ament_cmake_export_libraries-extras.cmake
-- Up-to-date symlink: /home/sophie/visionaid/isaac_ros_ws/install/isaac_ros_common/share/isaac_ros_common/cmake/isaac_ros_commonConfig.cmake
-- Up-to-date symlink: /home/sophie/visionaid/isaac_ros_ws/install/isaac_ros_common/share/isaac_ros_common/cmake/isaac_ros_commonConfig-version.cmake
-- Up-to-date symlink: /home/sophie/visionaid/isaac_ros_ws/install/isaac_ros_common/share/isaac_ros_common/package.xml
Listing '/home/sophie/visionaid/isaac_ros_ws/install/isaac_ros_common/local/lib/python3.10/dist-packages/isaac_ros_common'...
-- Up-to-date: /home/sophie/visionaid/isaac_ros_ws/install/isaac_ros_common/bin
-- Up-to-date: /home/sophie/visionaid/isaac_ros_ws/install/isaac_ros_common/bin/isaac_ros_generate_bug_report.py
-- Up-to-date: /home/sophie/visionaid/isaac_ros_ws/install/isaac_ros_common/bin/isaac_ros_common-version-info.py
-- Up-to-date: /home/sophie/visionaid/isaac_ros_ws/install/isaac_ros_common/bin/isaac_ros_asset_eula.sh
-- Up-to-date: /home/sophie/visionaid/isaac_ros_ws/install/isaac_ros_common/bin/isaac_ros_version_embed.py
