[0.023s] Invoking command in '/home/sophie/visionaid/isaac_ros_ws/build/isaac_ros_nitros_std_msg_type': AMENT_PREFIX_PATH=/home/sophie/visionaid/isaac_ros_ws/install/isaac_ros_nitros:/home/sophie/visionaid/isaac_ros_ws/install/gxf_isaac_gxf_helpers:/home/sophie/visionaid/isaac_ros_ws/install/gxf_isaac_atlas:/home/sophie/visionaid/isaac_ros_ws/install/gxf_isaac_sight:/home/sophie/visionaid/isaac_ros_ws/install/gxf_isaac_optimizer:/home/sophie/visionaid/isaac_ros_ws/install/gxf_isaac_message_compositor:/home/sophie/visionaid/isaac_ros_ws/install/gxf_isaac_gems:/home/sophie/visionaid/isaac_ros_ws/install/isaac_ros_test:/home/sophie/visionaid/isaac_ros_ws/install/isaac_ros_gxf:/home/sophie/visionaid/isaac_ros_ws/install/isaac_ros_common:${AMENT_PREFIX_PATH} CMAKE_PREFIX_PATH=/home/sophie/visionaid/isaac_ros_ws/install/isaac_ros_nitros:/home/sophie/visionaid/isaac_ros_ws/install/gxf_isaac_gxf_helpers:/home/sophie/visionaid/isaac_ros_ws/install/gxf_isaac_atlas:/home/sophie/visionaid/isaac_ros_ws/install/gxf_isaac_sight:/home/sophie/visionaid/isaac_ros_ws/install/gxf_isaac_optimizer:/home/sophie/visionaid/isaac_ros_ws/install/gxf_isaac_message_compositor:/home/sophie/visionaid/isaac_ros_ws/install/gxf_isaac_gems:/home/sophie/visionaid/isaac_ros_ws/install/isaac_ros_gxf:/home/sophie/visionaid/isaac_ros_ws/install/isaac_ros_common:/opt/ros/humble LD_LIBRARY_PATH=/home/sophie/visionaid/isaac_ros_ws/install/isaac_ros_nitros/lib:/home/sophie/visionaid/isaac_ros_ws/install/gxf_isaac_gxf_helpers/lib:/home/sophie/visionaid/isaac_ros_ws/install/gxf_isaac_atlas/lib:/home/sophie/visionaid/isaac_ros_ws/install/gxf_isaac_sight/lib:/home/sophie/visionaid/isaac_ros_ws/install/gxf_isaac_optimizer/lib:/home/sophie/visionaid/isaac_ros_ws/install/gxf_isaac_message_compositor/lib:/home/sophie/visionaid/isaac_ros_ws/install/gxf_isaac_gems/lib:/home/sophie/visionaid/isaac_ros_ws/install/isaac_ros_gxf/lib:/home/sophie/visionaid/isaac_ros_ws/install/isaac_ros_common/lib:${LD_LIBRARY_PATH} PATH=/home/sophie/visionaid/isaac_ros_ws/install/isaac_ros_common/bin:${PATH} PYTHONPATH=/home/sophie/visionaid/isaac_ros_ws/build/isaac_ros_test:/home/sophie/visionaid/isaac_ros_ws/install/isaac_ros_test/lib/python3.10/site-packages:/home/sophie/visionaid/isaac_ros_ws/install/isaac_ros_common/local/lib/python3.10/dist-packages:${PYTHONPATH} /usr/bin/cmake /home/sophie/visionaid/isaac_ros_ws/src/isaac_ros_nitros/isaac_ros_nitros_type/isaac_ros_nitros_std_msg_type -DCMAKE_BUILD_TYPE=Release -DBUILD_TESTING=OFF -DCMAKE_CUDA_ARCHITECTURES=89 -DAMENT_CMAKE_SYMLINK_INSTALL=1 -DCMAKE_INSTALL_PREFIX=/home/sophie/visionaid/isaac_ros_ws/install/isaac_ros_nitros_std_msg_type
[0.066s] -- The C compiler identification is GNU 11.4.0
[0.103s] -- The CXX compiler identification is GNU 11.4.0
[0.108s] -- Detecting C compiler ABI info
[0.164s] -- Detecting C compiler ABI info - done
[0.171s] -- Check for working C compiler: /usr/bin/cc - skipped
[0.171s] -- Detecting C compile features
[0.171s] -- Detecting C compile features - done
[0.173s] -- Detecting CXX compiler ABI info
[0.235s] -- Detecting CXX compiler ABI info - done
[0.242s] -- Check for working CXX compiler: /usr/bin/c++ - skipped
[0.242s] -- Detecting CXX compile features
[0.243s] -- Detecting CXX compile features - done
[0.244s] -- Found ament_cmake_auto: 1.3.11 (/opt/ros/humble/share/ament_cmake_auto/cmake)
[0.361s] -- Found Python3: /usr/bin/python3 (found version "3.10.12") found components: Interpreter 
[0.401s] -- Override CMake install command with custom implementation using symlinks instead of copying resources
[0.457s] -- Loading isaac_ros_common extras
[0.457s] -- CMAKE_BUILD_TYPE: Release
[0.474s] -- Looking for pthread.h
[0.532s] -- Looking for pthread.h - found
[0.532s] -- Performing Test CMAKE_HAVE_LIBC_PTHREAD
[0.595s] -- Performing Test CMAKE_HAVE_LIBC_PTHREAD - Success
[0.596s] -- Found Threads: TRUE  
[0.602s] -- Found CUDA: /usr/local/cuda-12.8 (found version "12.8") 
[0.603s] -- CUDA architectures: 89
[0.603s] -- Loading isaac_ros_common extras (modules)
[0.625s] -- Found rosidl_generator_c: 3.1.6 (/opt/ros/humble/share/rosidl_generator_c/cmake)
[0.628s] -- Found rosidl_adapter: 3.1.6 (/opt/ros/humble/share/rosidl_adapter/cmake)
[0.632s] -- Found rosidl_generator_cpp: 3.1.6 (/opt/ros/humble/share/rosidl_generator_cpp/cmake)
[0.642s] -- Using all available rosidl_typesupport_c: rosidl_typesupport_fastrtps_c;rosidl_typesupport_introspection_c
[0.651s] -- Using all available rosidl_typesupport_cpp: rosidl_typesupport_fastrtps_cpp;rosidl_typesupport_introspection_cpp
[0.676s] -- Found rmw_implementation_cmake: 6.1.2 (/opt/ros/humble/share/rmw_implementation_cmake/cmake)
[0.677s] -- Found rmw_fastrtps_cpp: 6.2.7 (/opt/ros/humble/share/rmw_fastrtps_cpp/cmake)
[0.739s] -- Found OpenSSL: /usr/lib/x86_64-linux-gnu/libcrypto.so (found version "3.0.2")  
[0.758s] -- Found FastRTPS: /opt/ros/humble/include  
[0.783s] -- Using RMW implementation 'rmw_fastrtps_cpp' as default
[0.861s] -- Loading isaac_ros_gxf extras
[0.913s] -- Configuring done
[0.926s] -- Generating done
[0.928s] -- Build files have been written to: /home/sophie/visionaid/isaac_ros_ws/build/isaac_ros_nitros_std_msg_type
[0.936s] Invoked command in '/home/sophie/visionaid/isaac_ros_ws/build/isaac_ros_nitros_std_msg_type' returned '0': AMENT_PREFIX_PATH=/home/sophie/visionaid/isaac_ros_ws/install/isaac_ros_nitros:/home/sophie/visionaid/isaac_ros_ws/install/gxf_isaac_gxf_helpers:/home/sophie/visionaid/isaac_ros_ws/install/gxf_isaac_atlas:/home/sophie/visionaid/isaac_ros_ws/install/gxf_isaac_sight:/home/sophie/visionaid/isaac_ros_ws/install/gxf_isaac_optimizer:/home/sophie/visionaid/isaac_ros_ws/install/gxf_isaac_message_compositor:/home/sophie/visionaid/isaac_ros_ws/install/gxf_isaac_gems:/home/sophie/visionaid/isaac_ros_ws/install/isaac_ros_test:/home/sophie/visionaid/isaac_ros_ws/install/isaac_ros_gxf:/home/sophie/visionaid/isaac_ros_ws/install/isaac_ros_common:${AMENT_PREFIX_PATH} CMAKE_PREFIX_PATH=/home/sophie/visionaid/isaac_ros_ws/install/isaac_ros_nitros:/home/sophie/visionaid/isaac_ros_ws/install/gxf_isaac_gxf_helpers:/home/sophie/visionaid/isaac_ros_ws/install/gxf_isaac_atlas:/home/sophie/visionaid/isaac_ros_ws/install/gxf_isaac_sight:/home/sophie/visionaid/isaac_ros_ws/install/gxf_isaac_optimizer:/home/sophie/visionaid/isaac_ros_ws/install/gxf_isaac_message_compositor:/home/sophie/visionaid/isaac_ros_ws/install/gxf_isaac_gems:/home/sophie/visionaid/isaac_ros_ws/install/isaac_ros_gxf:/home/sophie/visionaid/isaac_ros_ws/install/isaac_ros_common:/opt/ros/humble LD_LIBRARY_PATH=/home/sophie/visionaid/isaac_ros_ws/install/isaac_ros_nitros/lib:/home/sophie/visionaid/isaac_ros_ws/install/gxf_isaac_gxf_helpers/lib:/home/sophie/visionaid/isaac_ros_ws/install/gxf_isaac_atlas/lib:/home/sophie/visionaid/isaac_ros_ws/install/gxf_isaac_sight/lib:/home/sophie/visionaid/isaac_ros_ws/install/gxf_isaac_optimizer/lib:/home/sophie/visionaid/isaac_ros_ws/install/gxf_isaac_message_compositor/lib:/home/sophie/visionaid/isaac_ros_ws/install/gxf_isaac_gems/lib:/home/sophie/visionaid/isaac_ros_ws/install/isaac_ros_gxf/lib:/home/sophie/visionaid/isaac_ros_ws/install/isaac_ros_common/lib:${LD_LIBRARY_PATH} PATH=/home/sophie/visionaid/isaac_ros_ws/install/isaac_ros_common/bin:${PATH} PYTHONPATH=/home/sophie/visionaid/isaac_ros_ws/build/isaac_ros_test:/home/sophie/visionaid/isaac_ros_ws/install/isaac_ros_test/lib/python3.10/site-packages:/home/sophie/visionaid/isaac_ros_ws/install/isaac_ros_common/local/lib/python3.10/dist-packages:${PYTHONPATH} /usr/bin/cmake /home/sophie/visionaid/isaac_ros_ws/src/isaac_ros_nitros/isaac_ros_nitros_type/isaac_ros_nitros_std_msg_type -DCMAKE_BUILD_TYPE=Release -DBUILD_TESTING=OFF -DCMAKE_CUDA_ARCHITECTURES=89 -DAMENT_CMAKE_SYMLINK_INSTALL=1 -DCMAKE_INSTALL_PREFIX=/home/sophie/visionaid/isaac_ros_ws/install/isaac_ros_nitros_std_msg_type
[0.937s] Invoking command in '/home/sophie/visionaid/isaac_ros_ws/build/isaac_ros_nitros_std_msg_type': AMENT_PREFIX_PATH=/home/sophie/visionaid/isaac_ros_ws/install/isaac_ros_nitros:/home/sophie/visionaid/isaac_ros_ws/install/gxf_isaac_gxf_helpers:/home/sophie/visionaid/isaac_ros_ws/install/gxf_isaac_atlas:/home/sophie/visionaid/isaac_ros_ws/install/gxf_isaac_sight:/home/sophie/visionaid/isaac_ros_ws/install/gxf_isaac_optimizer:/home/sophie/visionaid/isaac_ros_ws/install/gxf_isaac_message_compositor:/home/sophie/visionaid/isaac_ros_ws/install/gxf_isaac_gems:/home/sophie/visionaid/isaac_ros_ws/install/isaac_ros_test:/home/sophie/visionaid/isaac_ros_ws/install/isaac_ros_gxf:/home/sophie/visionaid/isaac_ros_ws/install/isaac_ros_common:${AMENT_PREFIX_PATH} CMAKE_PREFIX_PATH=/home/sophie/visionaid/isaac_ros_ws/install/isaac_ros_nitros:/home/sophie/visionaid/isaac_ros_ws/install/gxf_isaac_gxf_helpers:/home/sophie/visionaid/isaac_ros_ws/install/gxf_isaac_atlas:/home/sophie/visionaid/isaac_ros_ws/install/gxf_isaac_sight:/home/sophie/visionaid/isaac_ros_ws/install/gxf_isaac_optimizer:/home/sophie/visionaid/isaac_ros_ws/install/gxf_isaac_message_compositor:/home/sophie/visionaid/isaac_ros_ws/install/gxf_isaac_gems:/home/sophie/visionaid/isaac_ros_ws/install/isaac_ros_gxf:/home/sophie/visionaid/isaac_ros_ws/install/isaac_ros_common:/opt/ros/humble LD_LIBRARY_PATH=/home/sophie/visionaid/isaac_ros_ws/install/isaac_ros_nitros/lib:/home/sophie/visionaid/isaac_ros_ws/install/gxf_isaac_gxf_helpers/lib:/home/sophie/visionaid/isaac_ros_ws/install/gxf_isaac_atlas/lib:/home/sophie/visionaid/isaac_ros_ws/install/gxf_isaac_sight/lib:/home/sophie/visionaid/isaac_ros_ws/install/gxf_isaac_optimizer/lib:/home/sophie/visionaid/isaac_ros_ws/install/gxf_isaac_message_compositor/lib:/home/sophie/visionaid/isaac_ros_ws/install/gxf_isaac_gems/lib:/home/sophie/visionaid/isaac_ros_ws/install/isaac_ros_gxf/lib:/home/sophie/visionaid/isaac_ros_ws/install/isaac_ros_common/lib:${LD_LIBRARY_PATH} PATH=/home/sophie/visionaid/isaac_ros_ws/install/isaac_ros_common/bin:${PATH} PYTHONPATH=/home/sophie/visionaid/isaac_ros_ws/build/isaac_ros_test:/home/sophie/visionaid/isaac_ros_ws/install/isaac_ros_test/lib/python3.10/site-packages:/home/sophie/visionaid/isaac_ros_ws/install/isaac_ros_common/local/lib/python3.10/dist-packages:${PYTHONPATH} /usr/bin/cmake --build /home/sophie/visionaid/isaac_ros_ws/build/isaac_ros_nitros_std_msg_type -- -j22 -l22
[0.980s] [ 66%] [34m[1mGenerating version information as YAML[0m
[0.980s] [ 66%] [32mBuilding CXX object CMakeFiles/isaac_ros_nitros_std_msg_type.dir/src/nitros_int64.cpp.o[0m
[1.034s] [ 66%] Built target generate_version_info_target_isaac_ros_nitros_std_msg_type
[5.673s] [100%] [32m[1mLinking CXX shared library libisaac_ros_nitros_std_msg_type.so[0m
[5.799s] [100%] Built target isaac_ros_nitros_std_msg_type
[5.810s] Invoked command in '/home/sophie/visionaid/isaac_ros_ws/build/isaac_ros_nitros_std_msg_type' returned '0': AMENT_PREFIX_PATH=/home/sophie/visionaid/isaac_ros_ws/install/isaac_ros_nitros:/home/sophie/visionaid/isaac_ros_ws/install/gxf_isaac_gxf_helpers:/home/sophie/visionaid/isaac_ros_ws/install/gxf_isaac_atlas:/home/sophie/visionaid/isaac_ros_ws/install/gxf_isaac_sight:/home/sophie/visionaid/isaac_ros_ws/install/gxf_isaac_optimizer:/home/sophie/visionaid/isaac_ros_ws/install/gxf_isaac_message_compositor:/home/sophie/visionaid/isaac_ros_ws/install/gxf_isaac_gems:/home/sophie/visionaid/isaac_ros_ws/install/isaac_ros_test:/home/sophie/visionaid/isaac_ros_ws/install/isaac_ros_gxf:/home/sophie/visionaid/isaac_ros_ws/install/isaac_ros_common:${AMENT_PREFIX_PATH} CMAKE_PREFIX_PATH=/home/sophie/visionaid/isaac_ros_ws/install/isaac_ros_nitros:/home/sophie/visionaid/isaac_ros_ws/install/gxf_isaac_gxf_helpers:/home/sophie/visionaid/isaac_ros_ws/install/gxf_isaac_atlas:/home/sophie/visionaid/isaac_ros_ws/install/gxf_isaac_sight:/home/sophie/visionaid/isaac_ros_ws/install/gxf_isaac_optimizer:/home/sophie/visionaid/isaac_ros_ws/install/gxf_isaac_message_compositor:/home/sophie/visionaid/isaac_ros_ws/install/gxf_isaac_gems:/home/sophie/visionaid/isaac_ros_ws/install/isaac_ros_gxf:/home/sophie/visionaid/isaac_ros_ws/install/isaac_ros_common:/opt/ros/humble LD_LIBRARY_PATH=/home/sophie/visionaid/isaac_ros_ws/install/isaac_ros_nitros/lib:/home/sophie/visionaid/isaac_ros_ws/install/gxf_isaac_gxf_helpers/lib:/home/sophie/visionaid/isaac_ros_ws/install/gxf_isaac_atlas/lib:/home/sophie/visionaid/isaac_ros_ws/install/gxf_isaac_sight/lib:/home/sophie/visionaid/isaac_ros_ws/install/gxf_isaac_optimizer/lib:/home/sophie/visionaid/isaac_ros_ws/install/gxf_isaac_message_compositor/lib:/home/sophie/visionaid/isaac_ros_ws/install/gxf_isaac_gems/lib:/home/sophie/visionaid/isaac_ros_ws/install/isaac_ros_gxf/lib:/home/sophie/visionaid/isaac_ros_ws/install/isaac_ros_common/lib:${LD_LIBRARY_PATH} PATH=/home/sophie/visionaid/isaac_ros_ws/install/isaac_ros_common/bin:${PATH} PYTHONPATH=/home/sophie/visionaid/isaac_ros_ws/build/isaac_ros_test:/home/sophie/visionaid/isaac_ros_ws/install/isaac_ros_test/lib/python3.10/site-packages:/home/sophie/visionaid/isaac_ros_ws/install/isaac_ros_common/local/lib/python3.10/dist-packages:${PYTHONPATH} /usr/bin/cmake --build /home/sophie/visionaid/isaac_ros_ws/build/isaac_ros_nitros_std_msg_type -- -j22 -l22
[5.812s] Invoking command in '/home/sophie/visionaid/isaac_ros_ws/build/isaac_ros_nitros_std_msg_type': AMENT_PREFIX_PATH=/home/sophie/visionaid/isaac_ros_ws/install/isaac_ros_nitros:/home/sophie/visionaid/isaac_ros_ws/install/gxf_isaac_gxf_helpers:/home/sophie/visionaid/isaac_ros_ws/install/gxf_isaac_atlas:/home/sophie/visionaid/isaac_ros_ws/install/gxf_isaac_sight:/home/sophie/visionaid/isaac_ros_ws/install/gxf_isaac_optimizer:/home/sophie/visionaid/isaac_ros_ws/install/gxf_isaac_message_compositor:/home/sophie/visionaid/isaac_ros_ws/install/gxf_isaac_gems:/home/sophie/visionaid/isaac_ros_ws/install/isaac_ros_test:/home/sophie/visionaid/isaac_ros_ws/install/isaac_ros_gxf:/home/sophie/visionaid/isaac_ros_ws/install/isaac_ros_common:${AMENT_PREFIX_PATH} CMAKE_PREFIX_PATH=/home/sophie/visionaid/isaac_ros_ws/install/isaac_ros_nitros:/home/sophie/visionaid/isaac_ros_ws/install/gxf_isaac_gxf_helpers:/home/sophie/visionaid/isaac_ros_ws/install/gxf_isaac_atlas:/home/sophie/visionaid/isaac_ros_ws/install/gxf_isaac_sight:/home/sophie/visionaid/isaac_ros_ws/install/gxf_isaac_optimizer:/home/sophie/visionaid/isaac_ros_ws/install/gxf_isaac_message_compositor:/home/sophie/visionaid/isaac_ros_ws/install/gxf_isaac_gems:/home/sophie/visionaid/isaac_ros_ws/install/isaac_ros_gxf:/home/sophie/visionaid/isaac_ros_ws/install/isaac_ros_common:/opt/ros/humble LD_LIBRARY_PATH=/home/sophie/visionaid/isaac_ros_ws/install/isaac_ros_nitros/lib:/home/sophie/visionaid/isaac_ros_ws/install/gxf_isaac_gxf_helpers/lib:/home/sophie/visionaid/isaac_ros_ws/install/gxf_isaac_atlas/lib:/home/sophie/visionaid/isaac_ros_ws/install/gxf_isaac_sight/lib:/home/sophie/visionaid/isaac_ros_ws/install/gxf_isaac_optimizer/lib:/home/sophie/visionaid/isaac_ros_ws/install/gxf_isaac_message_compositor/lib:/home/sophie/visionaid/isaac_ros_ws/install/gxf_isaac_gems/lib:/home/sophie/visionaid/isaac_ros_ws/install/isaac_ros_gxf/lib:/home/sophie/visionaid/isaac_ros_ws/install/isaac_ros_common/lib:${LD_LIBRARY_PATH} PATH=/home/sophie/visionaid/isaac_ros_ws/install/isaac_ros_common/bin:${PATH} PYTHONPATH=/home/sophie/visionaid/isaac_ros_ws/build/isaac_ros_test:/home/sophie/visionaid/isaac_ros_ws/install/isaac_ros_test/lib/python3.10/site-packages:/home/sophie/visionaid/isaac_ros_ws/install/isaac_ros_common/local/lib/python3.10/dist-packages:${PYTHONPATH} /usr/bin/cmake --install /home/sophie/visionaid/isaac_ros_ws/build/isaac_ros_nitros_std_msg_type
[5.817s] -- Install configuration: "Release"
[5.818s] -- Execute custom install script
[5.818s] -- Symlinking: /home/sophie/visionaid/isaac_ros_ws/install/isaac_ros_nitros_std_msg_type/share/isaac_ros_nitros_std_msg_type/version_info.yaml
[5.824s] -- Symlinking: /home/sophie/visionaid/isaac_ros_ws/install/isaac_ros_nitros_std_msg_type/include/isaac_ros_nitros_std_msg_type/nitros_int64.hpp
[5.832s] -- Symlinking: /home/sophie/visionaid/isaac_ros_ws/install/isaac_ros_nitros_std_msg_type/share/isaac_ros_nitros_std_msg_type/environment/library_path.sh
[5.838s] -- Symlinking: /home/sophie/visionaid/isaac_ros_ws/install/isaac_ros_nitros_std_msg_type/share/isaac_ros_nitros_std_msg_type/environment/library_path.dsv
[5.846s] -- Symlinking: /home/sophie/visionaid/isaac_ros_ws/install/isaac_ros_nitros_std_msg_type/lib/libisaac_ros_nitros_std_msg_type.so
[5.852s] -- Symlinking: /home/sophie/visionaid/isaac_ros_ws/install/isaac_ros_nitros_std_msg_type/share/ament_index/resource_index/package_run_dependencies/isaac_ros_nitros_std_msg_type
[5.858s] -- Symlinking: /home/sophie/visionaid/isaac_ros_ws/install/isaac_ros_nitros_std_msg_type/share/ament_index/resource_index/parent_prefix_path/isaac_ros_nitros_std_msg_type
[5.864s] -- Symlinking: /home/sophie/visionaid/isaac_ros_ws/install/isaac_ros_nitros_std_msg_type/share/isaac_ros_nitros_std_msg_type/environment/ament_prefix_path.sh
[5.869s] -- Symlinking: /home/sophie/visionaid/isaac_ros_ws/install/isaac_ros_nitros_std_msg_type/share/isaac_ros_nitros_std_msg_type/environment/ament_prefix_path.dsv
[5.876s] -- Symlinking: /home/sophie/visionaid/isaac_ros_ws/install/isaac_ros_nitros_std_msg_type/share/isaac_ros_nitros_std_msg_type/environment/path.sh
[5.882s] -- Symlinking: /home/sophie/visionaid/isaac_ros_ws/install/isaac_ros_nitros_std_msg_type/share/isaac_ros_nitros_std_msg_type/environment/path.dsv
[5.888s] -- Symlinking: /home/sophie/visionaid/isaac_ros_ws/install/isaac_ros_nitros_std_msg_type/share/isaac_ros_nitros_std_msg_type/local_setup.bash
[5.894s] -- Symlinking: /home/sophie/visionaid/isaac_ros_ws/install/isaac_ros_nitros_std_msg_type/share/isaac_ros_nitros_std_msg_type/local_setup.sh
[5.901s] -- Symlinking: /home/sophie/visionaid/isaac_ros_ws/install/isaac_ros_nitros_std_msg_type/share/isaac_ros_nitros_std_msg_type/local_setup.zsh
[5.906s] -- Symlinking: /home/sophie/visionaid/isaac_ros_ws/install/isaac_ros_nitros_std_msg_type/share/isaac_ros_nitros_std_msg_type/local_setup.dsv
[5.913s] -- Symlinking: /home/sophie/visionaid/isaac_ros_ws/install/isaac_ros_nitros_std_msg_type/share/isaac_ros_nitros_std_msg_type/package.dsv
[5.920s] -- Symlinking: /home/sophie/visionaid/isaac_ros_ws/install/isaac_ros_nitros_std_msg_type/share/ament_index/resource_index/packages/isaac_ros_nitros_std_msg_type
[5.926s] -- Symlinking: /home/sophie/visionaid/isaac_ros_ws/install/isaac_ros_nitros_std_msg_type/share/isaac_ros_nitros_std_msg_type/cmake/ament_cmake_export_dependencies-extras.cmake
[5.932s] -- Symlinking: /home/sophie/visionaid/isaac_ros_ws/install/isaac_ros_nitros_std_msg_type/share/isaac_ros_nitros_std_msg_type/cmake/ament_cmake_export_include_directories-extras.cmake
[5.938s] -- Symlinking: /home/sophie/visionaid/isaac_ros_ws/install/isaac_ros_nitros_std_msg_type/share/isaac_ros_nitros_std_msg_type/cmake/ament_cmake_export_libraries-extras.cmake
[5.943s] -- Symlinking: /home/sophie/visionaid/isaac_ros_ws/install/isaac_ros_nitros_std_msg_type/share/isaac_ros_nitros_std_msg_type/cmake/isaac_ros_nitros_std_msg_typeConfig.cmake
[5.950s] -- Symlinking: /home/sophie/visionaid/isaac_ros_ws/install/isaac_ros_nitros_std_msg_type/share/isaac_ros_nitros_std_msg_type/cmake/isaac_ros_nitros_std_msg_typeConfig-version.cmake
[5.957s] -- Symlinking: /home/sophie/visionaid/isaac_ros_ws/install/isaac_ros_nitros_std_msg_type/share/isaac_ros_nitros_std_msg_type/package.xml
[5.965s] Invoked command in '/home/sophie/visionaid/isaac_ros_ws/build/isaac_ros_nitros_std_msg_type' returned '0': AMENT_PREFIX_PATH=/home/sophie/visionaid/isaac_ros_ws/install/isaac_ros_nitros:/home/sophie/visionaid/isaac_ros_ws/install/gxf_isaac_gxf_helpers:/home/sophie/visionaid/isaac_ros_ws/install/gxf_isaac_atlas:/home/sophie/visionaid/isaac_ros_ws/install/gxf_isaac_sight:/home/sophie/visionaid/isaac_ros_ws/install/gxf_isaac_optimizer:/home/sophie/visionaid/isaac_ros_ws/install/gxf_isaac_message_compositor:/home/sophie/visionaid/isaac_ros_ws/install/gxf_isaac_gems:/home/sophie/visionaid/isaac_ros_ws/install/isaac_ros_test:/home/sophie/visionaid/isaac_ros_ws/install/isaac_ros_gxf:/home/sophie/visionaid/isaac_ros_ws/install/isaac_ros_common:${AMENT_PREFIX_PATH} CMAKE_PREFIX_PATH=/home/sophie/visionaid/isaac_ros_ws/install/isaac_ros_nitros:/home/sophie/visionaid/isaac_ros_ws/install/gxf_isaac_gxf_helpers:/home/sophie/visionaid/isaac_ros_ws/install/gxf_isaac_atlas:/home/sophie/visionaid/isaac_ros_ws/install/gxf_isaac_sight:/home/sophie/visionaid/isaac_ros_ws/install/gxf_isaac_optimizer:/home/sophie/visionaid/isaac_ros_ws/install/gxf_isaac_message_compositor:/home/sophie/visionaid/isaac_ros_ws/install/gxf_isaac_gems:/home/sophie/visionaid/isaac_ros_ws/install/isaac_ros_gxf:/home/sophie/visionaid/isaac_ros_ws/install/isaac_ros_common:/opt/ros/humble LD_LIBRARY_PATH=/home/sophie/visionaid/isaac_ros_ws/install/isaac_ros_nitros/lib:/home/sophie/visionaid/isaac_ros_ws/install/gxf_isaac_gxf_helpers/lib:/home/sophie/visionaid/isaac_ros_ws/install/gxf_isaac_atlas/lib:/home/sophie/visionaid/isaac_ros_ws/install/gxf_isaac_sight/lib:/home/sophie/visionaid/isaac_ros_ws/install/gxf_isaac_optimizer/lib:/home/sophie/visionaid/isaac_ros_ws/install/gxf_isaac_message_compositor/lib:/home/sophie/visionaid/isaac_ros_ws/install/gxf_isaac_gems/lib:/home/sophie/visionaid/isaac_ros_ws/install/isaac_ros_gxf/lib:/home/sophie/visionaid/isaac_ros_ws/install/isaac_ros_common/lib:${LD_LIBRARY_PATH} PATH=/home/sophie/visionaid/isaac_ros_ws/install/isaac_ros_common/bin:${PATH} PYTHONPATH=/home/sophie/visionaid/isaac_ros_ws/build/isaac_ros_test:/home/sophie/visionaid/isaac_ros_ws/install/isaac_ros_test/lib/python3.10/site-packages:/home/sophie/visionaid/isaac_ros_ws/install/isaac_ros_common/local/lib/python3.10/dist-packages:${PYTHONPATH} /usr/bin/cmake --install /home/sophie/visionaid/isaac_ros_ws/build/isaac_ros_nitros_std_msg_type
