[0.072s] Invoking command in '/home/kanye/Documents/visionaid/build/ethz_apriltag2': /usr/bin/cmake /home/kanye/Documents/visionaid/calibration/camera/kalibr/aslam_offline_calibration/ethz_apriltag2 -DCATKIN_INSTALL_INTO_PREFIX_ROOT=0 -DCMAKE_INSTALL_PREFIX=/home/kanye/Documents/visionaid/install/ethz_apriltag2
[1.158s] -- The C compiler identification is GNU 11.4.0
[1.158s] -- The CXX compiler identification is GNU 11.4.0
[1.158s] -- Detecting C compiler ABI info
[1.158s] -- Detecting C compiler ABI info - done
[1.158s] -- Check for working C compiler: /usr/bin/cc - skipped
[1.158s] -- Detecting C compile features
[1.158s] -- Detecting C compile features - done
[1.158s] -- Detecting CXX compiler ABI info
[1.158s] -- Detecting CXX compiler ABI info - done
[1.158s] -- Check for working CXX compiler: /usr/bin/c++ - skipped
[1.158s] -- Detecting CXX compile features
[1.158s] -- Detecting CXX compile features - done
[1.158s] -- Configuring incomplete, errors occurred!
[1.159s] See also "/home/kanye/Documents/visionaid/build/ethz_apriltag2/CMakeFiles/CMakeOutput.log".
[1.159s] [31mCMake Error at CMakeLists.txt:6 (find_package):
[1.159s]   By not providing "Findcatkin.cmake" in CMAKE_MODULE_PATH this project has
[1.159s]   asked CMake to find a package configuration file provided by "catkin", but
[1.159s]   CMake did not find one.
[1.159s] 
[1.159s]   Could not find a package configuration file provided by "catkin" with any
[1.159s]   of the following names:
[1.159s] 
[1.159s]     catkinConfig.cmake
[1.159s]     catkin-config.cmake
[1.159s] 
[1.159s]   Add the installation prefix of "catkin" to CMAKE_PREFIX_PATH or set
[1.159s]   "catkin_DIR" to a directory containing one of the above files.  If "catkin"
[1.159s]   provides a separate development package or SDK, be sure it has been
[1.159s]   installed.
[1.159s] 
[1.159s] [0m
[1.171s] Invoked command in '/home/kanye/Documents/visionaid/build/ethz_apriltag2' returned '1': /usr/bin/cmake /home/kanye/Documents/visionaid/calibration/camera/kalibr/aslam_offline_calibration/ethz_apriltag2 -DCATKIN_INSTALL_INTO_PREFIX_ROOT=0 -DCMAKE_INSTALL_PREFIX=/home/kanye/Documents/visionaid/install/ethz_apriltag2
