[0.080s] Invoking command in '/home/kanye/Documents/visionaid/build/sm_logging': /usr/bin/cmake /home/kanye/Documents/visionaid/calibration/camera/kalibr/Schweizer-Messer/sm_logging -DCATKIN_INSTALL_INTO_PREFIX_ROOT=0 -DCMAKE_INSTALL_PREFIX=/home/kanye/Documents/visionaid/install/sm_logging
[1.163s] -- The C compiler identification is GNU 11.4.0
[1.163s] -- The CXX compiler identification is GNU 11.4.0
[1.163s] -- Detecting C compiler ABI info
[1.163s] -- Detecting C compiler ABI info - done
[1.164s] -- Check for working C compiler: /usr/bin/cc - skipped
[1.164s] -- Detecting C compile features
[1.164s] -- Detecting C compile features - done
[1.164s] -- Detecting CXX compiler ABI info
[1.164s] -- Detecting CXX compiler ABI info - done
[1.164s] -- Check for working CXX compiler: /usr/bin/c++ - skipped
[1.164s] -- Detecting CXX compile features
[1.164s] -- Detecting CXX compile features - done
[1.164s] -- Configuring incomplete, errors occurred!
[1.164s] See also "/home/kanye/Documents/visionaid/build/sm_logging/CMakeFiles/CMakeOutput.log".
[1.165s] [31mCMake Error at CMakeLists.txt:6 (find_package):
[1.165s]   By not providing "Findcatkin.cmake" in CMAKE_MODULE_PATH this project has
[1.165s]   asked CMake to find a package configuration file provided by "catkin", but
[1.165s]   CMake did not find one.
[1.165s] 
[1.165s]   Could not find a package configuration file provided by "catkin" with any
[1.166s]   of the following names:
[1.166s] 
[1.166s]     catkinConfig.cmake
[1.166s]     catkin-config.cmake
[1.166s] 
[1.166s]   Add the installation prefix of "catkin" to CMAKE_PREFIX_PATH or set
[1.166s]   "catkin_DIR" to a directory containing one of the above files.  If "catkin"
[1.166s]   provides a separate development package or SDK, be sure it has been
[1.166s]   installed.
[1.167s] 
[1.167s] [0m
[1.182s] Invoked command in '/home/kanye/Documents/visionaid/build/sm_logging' returned '1': /usr/bin/cmake /home/kanye/Documents/visionaid/calibration/camera/kalibr/Schweizer-Messer/sm_logging -DCATKIN_INSTALL_INTO_PREFIX_ROOT=0 -DCMAKE_INSTALL_PREFIX=/home/kanye/Documents/visionaid/install/sm_logging
