[0.010s] Invoking command in '/home/sophie/visionaid/isaac_ros_ws/build/gxf_isaac_messages': AMENT_PREFIX_PATH=/home/sophie/visionaid/isaac_ros_ws/install/gxf_isaac_gems:/home/sophie/visionaid/isaac_ros_ws/install/isaac_ros_gxf:/home/sophie/visionaid/isaac_ros_ws/install/isaac_ros_common:${AMENT_PREFIX_PATH} CMAKE_PREFIX_PATH=/home/sophie/visionaid/isaac_ros_ws/install/gxf_isaac_gems:/home/sophie/visionaid/isaac_ros_ws/install/isaac_ros_gxf:/home/sophie/visionaid/isaac_ros_ws/install/isaac_ros_common:/opt/ros/humble LD_LIBRARY_PATH=/home/sophie/visionaid/isaac_ros_ws/install/gxf_isaac_gems/lib:/home/sophie/visionaid/isaac_ros_ws/install/isaac_ros_gxf/lib:/home/sophie/visionaid/isaac_ros_ws/install/isaac_ros_common/lib:${LD_LIBRARY_PATH} PATH=/home/sophie/visionaid/isaac_ros_ws/install/isaac_ros_common/bin:${PATH} PYTHONPATH=/home/sophie/visionaid/isaac_ros_ws/install/isaac_ros_common/local/lib/python3.10/dist-packages:${PYTHONPATH} /usr/bin/cmake /home/sophie/visionaid/isaac_ros_ws/src/isaac_ros_nitros/isaac_ros_gxf_extensions/gxf_isaac_messages -DCMAKE_BUILD_TYPE=Release -DBUILD_TESTING=OFF -DCMAKE_CUDA_ARCHITECTURES=89 -DAMENT_CMAKE_SYMLINK_INSTALL=1 -DCMAKE_INSTALL_PREFIX=/home/sophie/visionaid/isaac_ros_ws/install/gxf_isaac_messages
[0.046s] -- The C compiler identification is GNU 11.4.0
[0.081s] -- The CXX compiler identification is GNU 11.4.0
[0.088s] -- Detecting C compiler ABI info
[0.143s] -- Detecting C compiler ABI info - done
[0.150s] -- Check for working C compiler: /usr/bin/cc - skipped
[0.150s] -- Detecting C compile features
[0.150s] -- Detecting C compile features - done
[0.152s] -- Detecting CXX compiler ABI info
[0.214s] -- Detecting CXX compiler ABI info - done
[0.223s] -- Check for working CXX compiler: /usr/bin/c++ - skipped
[0.223s] -- Detecting CXX compile features
[0.223s] -- Detecting CXX compile features - done
[0.225s] -- Found ament_cmake_auto: 1.3.11 (/opt/ros/humble/share/ament_cmake_auto/cmake)
[0.322s] -- Found Python3: /usr/bin/python3 (found version "3.10.12") found components: Interpreter 
[0.363s] -- Override CMake install command with custom implementation using symlinks instead of copying resources
[0.412s] -- Loading isaac_ros_common extras
[0.412s] -- CMAKE_BUILD_TYPE: Release
[0.425s] -- Looking for pthread.h
[0.478s] -- Looking for pthread.h - found
[0.479s] -- Performing Test CMAKE_HAVE_LIBC_PTHREAD
[0.528s] -- Performing Test CMAKE_HAVE_LIBC_PTHREAD - Success
[0.528s] -- Found Threads: TRUE  
[0.534s] -- Found CUDA: /usr/local/cuda-12.8 (found version "12.8") 
[0.534s] -- CUDA architectures: 89
[0.535s] -- Loading isaac_ros_common extras (modules)
[0.553s] -- Found rosidl_generator_c: 3.1.6 (/opt/ros/humble/share/rosidl_generator_c/cmake)
[0.555s] -- Found rosidl_adapter: 3.1.6 (/opt/ros/humble/share/rosidl_adapter/cmake)
[0.559s] -- Found rosidl_generator_cpp: 3.1.6 (/opt/ros/humble/share/rosidl_generator_cpp/cmake)
[0.565s] -- Using all available rosidl_typesupport_c: rosidl_typesupport_fastrtps_c;rosidl_typesupport_introspection_c
[0.573s] -- Using all available rosidl_typesupport_cpp: rosidl_typesupport_fastrtps_cpp;rosidl_typesupport_introspection_cpp
[0.596s] -- Found rmw_implementation_cmake: 6.1.2 (/opt/ros/humble/share/rmw_implementation_cmake/cmake)
[0.597s] -- Found rmw_fastrtps_cpp: 6.2.7 (/opt/ros/humble/share/rmw_fastrtps_cpp/cmake)
[0.651s] -- Found OpenSSL: /usr/lib/x86_64-linux-gnu/libcrypto.so (found version "3.0.2")  
[0.667s] -- Found FastRTPS: /opt/ros/humble/include  
[0.691s] -- Using RMW implementation 'rmw_fastrtps_cpp' as default
[0.727s] -- Loading isaac_ros_gxf extras
[0.765s] -- Configuring done
[0.767s] -- Generating done
[0.768s] -- Build files have been written to: /home/sophie/visionaid/isaac_ros_ws/build/gxf_isaac_messages
[0.775s] Invoked command in '/home/sophie/visionaid/isaac_ros_ws/build/gxf_isaac_messages' returned '0': AMENT_PREFIX_PATH=/home/sophie/visionaid/isaac_ros_ws/install/gxf_isaac_gems:/home/sophie/visionaid/isaac_ros_ws/install/isaac_ros_gxf:/home/sophie/visionaid/isaac_ros_ws/install/isaac_ros_common:${AMENT_PREFIX_PATH} CMAKE_PREFIX_PATH=/home/sophie/visionaid/isaac_ros_ws/install/gxf_isaac_gems:/home/sophie/visionaid/isaac_ros_ws/install/isaac_ros_gxf:/home/sophie/visionaid/isaac_ros_ws/install/isaac_ros_common:/opt/ros/humble LD_LIBRARY_PATH=/home/sophie/visionaid/isaac_ros_ws/install/gxf_isaac_gems/lib:/home/sophie/visionaid/isaac_ros_ws/install/isaac_ros_gxf/lib:/home/sophie/visionaid/isaac_ros_ws/install/isaac_ros_common/lib:${LD_LIBRARY_PATH} PATH=/home/sophie/visionaid/isaac_ros_ws/install/isaac_ros_common/bin:${PATH} PYTHONPATH=/home/sophie/visionaid/isaac_ros_ws/install/isaac_ros_common/local/lib/python3.10/dist-packages:${PYTHONPATH} /usr/bin/cmake /home/sophie/visionaid/isaac_ros_ws/src/isaac_ros_nitros/isaac_ros_gxf_extensions/gxf_isaac_messages -DCMAKE_BUILD_TYPE=Release -DBUILD_TESTING=OFF -DCMAKE_CUDA_ARCHITECTURES=89 -DAMENT_CMAKE_SYMLINK_INSTALL=1 -DCMAKE_INSTALL_PREFIX=/home/sophie/visionaid/isaac_ros_ws/install/gxf_isaac_messages
[0.776s] Invoking command in '/home/sophie/visionaid/isaac_ros_ws/build/gxf_isaac_messages': AMENT_PREFIX_PATH=/home/sophie/visionaid/isaac_ros_ws/install/gxf_isaac_gems:/home/sophie/visionaid/isaac_ros_ws/install/isaac_ros_gxf:/home/sophie/visionaid/isaac_ros_ws/install/isaac_ros_common:${AMENT_PREFIX_PATH} CMAKE_PREFIX_PATH=/home/sophie/visionaid/isaac_ros_ws/install/gxf_isaac_gems:/home/sophie/visionaid/isaac_ros_ws/install/isaac_ros_gxf:/home/sophie/visionaid/isaac_ros_ws/install/isaac_ros_common:/opt/ros/humble LD_LIBRARY_PATH=/home/sophie/visionaid/isaac_ros_ws/install/gxf_isaac_gems/lib:/home/sophie/visionaid/isaac_ros_ws/install/isaac_ros_gxf/lib:/home/sophie/visionaid/isaac_ros_ws/install/isaac_ros_common/lib:${LD_LIBRARY_PATH} PATH=/home/sophie/visionaid/isaac_ros_ws/install/isaac_ros_common/bin:${PATH} PYTHONPATH=/home/sophie/visionaid/isaac_ros_ws/install/isaac_ros_common/local/lib/python3.10/dist-packages:${PYTHONPATH} /usr/bin/cmake --build /home/sophie/visionaid/isaac_ros_ws/build/gxf_isaac_messages -- -j22 -l22
[0.819s] [100%] [34m[1mGenerating version information as YAML[0m
[0.873s] [100%] Built target generate_version_info_target_gxf_isaac_messages
[0.883s] Invoked command in '/home/sophie/visionaid/isaac_ros_ws/build/gxf_isaac_messages' returned '0': AMENT_PREFIX_PATH=/home/sophie/visionaid/isaac_ros_ws/install/gxf_isaac_gems:/home/sophie/visionaid/isaac_ros_ws/install/isaac_ros_gxf:/home/sophie/visionaid/isaac_ros_ws/install/isaac_ros_common:${AMENT_PREFIX_PATH} CMAKE_PREFIX_PATH=/home/sophie/visionaid/isaac_ros_ws/install/gxf_isaac_gems:/home/sophie/visionaid/isaac_ros_ws/install/isaac_ros_gxf:/home/sophie/visionaid/isaac_ros_ws/install/isaac_ros_common:/opt/ros/humble LD_LIBRARY_PATH=/home/sophie/visionaid/isaac_ros_ws/install/gxf_isaac_gems/lib:/home/sophie/visionaid/isaac_ros_ws/install/isaac_ros_gxf/lib:/home/sophie/visionaid/isaac_ros_ws/install/isaac_ros_common/lib:${LD_LIBRARY_PATH} PATH=/home/sophie/visionaid/isaac_ros_ws/install/isaac_ros_common/bin:${PATH} PYTHONPATH=/home/sophie/visionaid/isaac_ros_ws/install/isaac_ros_common/local/lib/python3.10/dist-packages:${PYTHONPATH} /usr/bin/cmake --build /home/sophie/visionaid/isaac_ros_ws/build/gxf_isaac_messages -- -j22 -l22
[0.885s] Invoking command in '/home/sophie/visionaid/isaac_ros_ws/build/gxf_isaac_messages': AMENT_PREFIX_PATH=/home/sophie/visionaid/isaac_ros_ws/install/gxf_isaac_gems:/home/sophie/visionaid/isaac_ros_ws/install/isaac_ros_gxf:/home/sophie/visionaid/isaac_ros_ws/install/isaac_ros_common:${AMENT_PREFIX_PATH} CMAKE_PREFIX_PATH=/home/sophie/visionaid/isaac_ros_ws/install/gxf_isaac_gems:/home/sophie/visionaid/isaac_ros_ws/install/isaac_ros_gxf:/home/sophie/visionaid/isaac_ros_ws/install/isaac_ros_common:/opt/ros/humble LD_LIBRARY_PATH=/home/sophie/visionaid/isaac_ros_ws/install/gxf_isaac_gems/lib:/home/sophie/visionaid/isaac_ros_ws/install/isaac_ros_gxf/lib:/home/sophie/visionaid/isaac_ros_ws/install/isaac_ros_common/lib:${LD_LIBRARY_PATH} PATH=/home/sophie/visionaid/isaac_ros_ws/install/isaac_ros_common/bin:${PATH} PYTHONPATH=/home/sophie/visionaid/isaac_ros_ws/install/isaac_ros_common/local/lib/python3.10/dist-packages:${PYTHONPATH} /usr/bin/cmake --install /home/sophie/visionaid/isaac_ros_ws/build/gxf_isaac_messages
[0.890s] -- Install configuration: "Release"
[0.890s] -- Execute custom install script
[0.890s] -- Symlinking: /home/sophie/visionaid/isaac_ros_ws/install/gxf_isaac_messages/share/gxf_isaac_messages/gxf/lib/libgxf_isaac_messages.so
[0.898s] -- Symlinking: /home/sophie/visionaid/isaac_ros_ws/install/gxf_isaac_messages/share/gxf_isaac_messages/gxf/include/extensions/messages/accelerometer_message.hpp
[0.905s] -- Symlinking: /home/sophie/visionaid/isaac_ros_ws/install/gxf_isaac_messages/share/gxf_isaac_messages/gxf/include/extensions/messages/battery_state_message.hpp
[0.912s] -- Symlinking: /home/sophie/visionaid/isaac_ros_ws/install/gxf_isaac_messages/share/gxf_isaac_messages/gxf/include/extensions/messages/camera_message.hpp
[0.917s] -- Symlinking: /home/sophie/visionaid/isaac_ros_ws/install/gxf_isaac_messages/share/gxf_isaac_messages/gxf/include/extensions/messages/composite_message.hpp
[0.923s] -- Symlinking: /home/sophie/visionaid/isaac_ros_ws/install/gxf_isaac_messages/share/gxf_isaac_messages/gxf/include/extensions/messages/correlated_timestamp_message.hpp
[0.930s] -- Symlinking: /home/sophie/visionaid/isaac_ros_ws/install/gxf_isaac_messages/share/gxf_isaac_messages/gxf/include/extensions/messages/encoder_tick_message.hpp
[0.937s] -- Symlinking: /home/sophie/visionaid/isaac_ros_ws/install/gxf_isaac_messages/share/gxf_isaac_messages/gxf/include/extensions/messages/flatscan_message.hpp
[0.945s] -- Symlinking: /home/sophie/visionaid/isaac_ros_ws/install/gxf_isaac_messages/share/gxf_isaac_messages/gxf/include/extensions/messages/gyroscope_message.hpp
[0.952s] -- Symlinking: /home/sophie/visionaid/isaac_ros_ws/install/gxf_isaac_messages/share/gxf_isaac_messages/gxf/include/extensions/messages/helpers.hpp
[0.957s] -- Symlinking: /home/sophie/visionaid/isaac_ros_ws/install/gxf_isaac_messages/share/gxf_isaac_messages/gxf/include/extensions/messages/imu_message.hpp
[0.964s] -- Symlinking: /home/sophie/visionaid/isaac_ros_ws/install/gxf_isaac_messages/share/gxf_isaac_messages/gxf/include/extensions/messages/json_message.hpp
[0.970s] -- Symlinking: /home/sophie/visionaid/isaac_ros_ws/install/gxf_isaac_messages/share/gxf_isaac_messages/gxf/include/extensions/messages/pose3d_cov_message.hpp
[0.976s] -- Symlinking: /home/sophie/visionaid/isaac_ros_ws/install/gxf_isaac_messages/share/gxf_isaac_messages/environment/library_path.sh
[0.983s] -- Symlinking: /home/sophie/visionaid/isaac_ros_ws/install/gxf_isaac_messages/share/gxf_isaac_messages/environment/library_path.dsv
[0.990s] -- Symlinking: /home/sophie/visionaid/isaac_ros_ws/install/gxf_isaac_messages/share/gxf_isaac_messages/version_info.yaml
[0.995s] -- Symlinking: /home/sophie/visionaid/isaac_ros_ws/install/gxf_isaac_messages/share/ament_index/resource_index/package_run_dependencies/gxf_isaac_messages
[1.003s] -- Symlinking: /home/sophie/visionaid/isaac_ros_ws/install/gxf_isaac_messages/share/ament_index/resource_index/parent_prefix_path/gxf_isaac_messages
[1.007s] -- Symlinking: /home/sophie/visionaid/isaac_ros_ws/install/gxf_isaac_messages/share/gxf_isaac_messages/environment/ament_prefix_path.sh
[1.013s] -- Symlinking: /home/sophie/visionaid/isaac_ros_ws/install/gxf_isaac_messages/share/gxf_isaac_messages/environment/ament_prefix_path.dsv
[1.017s] -- Symlinking: /home/sophie/visionaid/isaac_ros_ws/install/gxf_isaac_messages/share/gxf_isaac_messages/environment/path.sh
[1.024s] -- Symlinking: /home/sophie/visionaid/isaac_ros_ws/install/gxf_isaac_messages/share/gxf_isaac_messages/environment/path.dsv
[1.032s] -- Symlinking: /home/sophie/visionaid/isaac_ros_ws/install/gxf_isaac_messages/share/gxf_isaac_messages/local_setup.bash
[1.037s] -- Symlinking: /home/sophie/visionaid/isaac_ros_ws/install/gxf_isaac_messages/share/gxf_isaac_messages/local_setup.sh
[1.045s] -- Symlinking: /home/sophie/visionaid/isaac_ros_ws/install/gxf_isaac_messages/share/gxf_isaac_messages/local_setup.zsh
[1.053s] -- Symlinking: /home/sophie/visionaid/isaac_ros_ws/install/gxf_isaac_messages/share/gxf_isaac_messages/local_setup.dsv
[1.058s] -- Symlinking: /home/sophie/visionaid/isaac_ros_ws/install/gxf_isaac_messages/share/gxf_isaac_messages/package.dsv
[1.064s] -- Symlinking: /home/sophie/visionaid/isaac_ros_ws/install/gxf_isaac_messages/share/ament_index/resource_index/packages/gxf_isaac_messages
[1.072s] -- Symlinking: /home/sophie/visionaid/isaac_ros_ws/install/gxf_isaac_messages/share/gxf_isaac_messages/cmake/ament_cmake_export_targets-extras.cmake
[1.077s] -- Symlinking: /home/sophie/visionaid/isaac_ros_ws/install/gxf_isaac_messages/share/gxf_isaac_messages/cmake/ament_cmake_export_dependencies-extras.cmake
[1.083s] -- Symlinking: /home/sophie/visionaid/isaac_ros_ws/install/gxf_isaac_messages/share/gxf_isaac_messages/cmake/gxf_isaac_messagesConfig.cmake
[1.087s] -- Symlinking: /home/sophie/visionaid/isaac_ros_ws/install/gxf_isaac_messages/share/gxf_isaac_messages/cmake/gxf_isaac_messagesConfig-version.cmake
[1.093s] -- Symlinking: /home/sophie/visionaid/isaac_ros_ws/install/gxf_isaac_messages/share/gxf_isaac_messages/package.xml
[1.098s] -- Installing: /home/sophie/visionaid/isaac_ros_ws/install/gxf_isaac_messages/share/gxf_isaac_messages/cmake/export_gxf_isaac_messagesExport.cmake
[1.100s] Invoked command in '/home/sophie/visionaid/isaac_ros_ws/build/gxf_isaac_messages' returned '0': AMENT_PREFIX_PATH=/home/sophie/visionaid/isaac_ros_ws/install/gxf_isaac_gems:/home/sophie/visionaid/isaac_ros_ws/install/isaac_ros_gxf:/home/sophie/visionaid/isaac_ros_ws/install/isaac_ros_common:${AMENT_PREFIX_PATH} CMAKE_PREFIX_PATH=/home/sophie/visionaid/isaac_ros_ws/install/gxf_isaac_gems:/home/sophie/visionaid/isaac_ros_ws/install/isaac_ros_gxf:/home/sophie/visionaid/isaac_ros_ws/install/isaac_ros_common:/opt/ros/humble LD_LIBRARY_PATH=/home/sophie/visionaid/isaac_ros_ws/install/gxf_isaac_gems/lib:/home/sophie/visionaid/isaac_ros_ws/install/isaac_ros_gxf/lib:/home/sophie/visionaid/isaac_ros_ws/install/isaac_ros_common/lib:${LD_LIBRARY_PATH} PATH=/home/sophie/visionaid/isaac_ros_ws/install/isaac_ros_common/bin:${PATH} PYTHONPATH=/home/sophie/visionaid/isaac_ros_ws/install/isaac_ros_common/local/lib/python3.10/dist-packages:${PYTHONPATH} /usr/bin/cmake --install /home/sophie/visionaid/isaac_ros_ws/build/gxf_isaac_messages
