-- The C compiler identification is GNU 11.4.0
-- The CXX compiler identification is GNU 11.4.0
-- Detecting C compiler ABI info
-- Detecting C compiler ABI info - done
-- Check for working C compiler: /usr/bin/cc - skipped
-- Detecting C compile features
-- Detecting C compile features - done
-- Detecting CXX compiler ABI info
-- Detecting CXX compiler ABI info - done
-- Check for working CXX compiler: /usr/bin/c++ - skipped
-- Detecting CXX compile features
-- Detecting CXX compile features - done
-- Found ament_cmake_auto: 1.3.11 (/opt/ros/humble/share/ament_cmake_auto/cmake)
-- Found Python3: /usr/bin/python3 (found version "3.10.12") found components: Interpreter 
-- Override CMake install command with custom implementation using symlinks instead of copying resources
-- Loading isaac_ros_common extras
-- CMAKE_BUILD_TYPE: Release
-- Looking for pthread.h
-- Looking for pthread.h - found
-- Performing Test CMAKE_HAVE_LIBC_PTHREAD
-- Performing Test CMAKE_HAVE_LIBC_PTHREAD - Success
-- Found Threads: TRUE  
-- Found CUDA: /usr/local/cuda-12.8 (found version "12.8") 
-- CUDA architectures: 89
-- Loading isaac_ros_common extras (modules)
-- Found rosidl_generator_c: 3.1.6 (/opt/ros/humble/share/rosidl_generator_c/cmake)
-- Found rosidl_adapter: 3.1.6 (/opt/ros/humble/share/rosidl_adapter/cmake)
-- Found rosidl_generator_cpp: 3.1.6 (/opt/ros/humble/share/rosidl_generator_cpp/cmake)
-- Using all available rosidl_typesupport_c: rosidl_typesupport_fastrtps_c;rosidl_typesupport_introspection_c
-- Using all available rosidl_typesupport_cpp: rosidl_typesupport_fastrtps_cpp;rosidl_typesupport_introspection_cpp
-- Found rmw_implementation_cmake: 6.1.2 (/opt/ros/humble/share/rmw_implementation_cmake/cmake)
-- Found rmw_fastrtps_cpp: 6.2.7 (/opt/ros/humble/share/rmw_fastrtps_cpp/cmake)
-- Found OpenSSL: /usr/lib/x86_64-linux-gnu/libcrypto.so (found version "3.0.2")  
-- Found FastRTPS: /opt/ros/humble/include  
-- Using RMW implementation 'rmw_fastrtps_cpp' as default
-- Loading isaac_ros_gxf extras
-- Configuring done
-- Generating done
-- Build files have been written to: /home/sophie/visionaid/isaac_ros_ws/build/isaac_ros_triton
[ 33%] [32mBuilding CXX object CMakeFiles/triton_node.dir/src/triton_node.cpp.o[0m
[ 66%] [34m[1mGenerating version information as YAML[0m
[ 66%] Built target generate_version_info_target_isaac_ros_triton
[100%] [32m[1mLinking CXX shared library libtriton_node.so[0m
[100%] Built target triton_node
-- Install configuration: "Release"
-- Execute custom install script
-- Symlinking: /home/sophie/visionaid/isaac_ros_ws/install/isaac_ros_triton/share/isaac_ros_triton/version_info.yaml
-- Symlinking: /home/sophie/visionaid/isaac_ros_ws/install/isaac_ros_triton/include/isaac_ros_triton_node/triton_node.hpp
-- Symlinking: /home/sophie/visionaid/isaac_ros_ws/install/isaac_ros_triton/share/isaac_ros_triton/environment/library_path.sh
-- Symlinking: /home/sophie/visionaid/isaac_ros_ws/install/isaac_ros_triton/share/isaac_ros_triton/environment/library_path.dsv
-- Symlinking: /home/sophie/visionaid/isaac_ros_ws/install/isaac_ros_triton/lib/libtriton_node.so
-- Symlinking: /home/sophie/visionaid/isaac_ros_ws/install/isaac_ros_triton/share/isaac_ros_triton/config/namespace_injector_rule.yaml
-- Symlinking: /home/sophie/visionaid/isaac_ros_ws/install/isaac_ros_triton/share/isaac_ros_triton/config/triton_node.yaml
-- Symlinking: /home/sophie/visionaid/isaac_ros_ws/install/isaac_ros_triton/share/isaac_ros_triton/launch/isaac_ros_triton.launch.py
-- Symlinking: /home/sophie/visionaid/isaac_ros_ws/install/isaac_ros_triton/share/ament_index/resource_index/package_run_dependencies/isaac_ros_triton
-- Symlinking: /home/sophie/visionaid/isaac_ros_ws/install/isaac_ros_triton/share/ament_index/resource_index/parent_prefix_path/isaac_ros_triton
-- Symlinking: /home/sophie/visionaid/isaac_ros_ws/install/isaac_ros_triton/share/isaac_ros_triton/environment/ament_prefix_path.sh
-- Symlinking: /home/sophie/visionaid/isaac_ros_ws/install/isaac_ros_triton/share/isaac_ros_triton/environment/ament_prefix_path.dsv
-- Symlinking: /home/sophie/visionaid/isaac_ros_ws/install/isaac_ros_triton/share/isaac_ros_triton/environment/path.sh
-- Symlinking: /home/sophie/visionaid/isaac_ros_ws/install/isaac_ros_triton/share/isaac_ros_triton/environment/path.dsv
-- Symlinking: /home/sophie/visionaid/isaac_ros_ws/install/isaac_ros_triton/share/isaac_ros_triton/local_setup.bash
-- Symlinking: /home/sophie/visionaid/isaac_ros_ws/install/isaac_ros_triton/share/isaac_ros_triton/local_setup.sh
-- Symlinking: /home/sophie/visionaid/isaac_ros_ws/install/isaac_ros_triton/share/isaac_ros_triton/local_setup.zsh
-- Symlinking: /home/sophie/visionaid/isaac_ros_ws/install/isaac_ros_triton/share/isaac_ros_triton/local_setup.dsv
-- Symlinking: /home/sophie/visionaid/isaac_ros_ws/install/isaac_ros_triton/share/isaac_ros_triton/package.dsv
-- Symlinking: /home/sophie/visionaid/isaac_ros_ws/install/isaac_ros_triton/share/ament_index/resource_index/packages/isaac_ros_triton
-- Symlinking: /home/sophie/visionaid/isaac_ros_ws/install/isaac_ros_triton/share/ament_index/resource_index/rclcpp_components/isaac_ros_triton
-- Symlinking: /home/sophie/visionaid/isaac_ros_ws/install/isaac_ros_triton/share/isaac_ros_triton/cmake/ament_cmake_export_dependencies-extras.cmake
-- Symlinking: /home/sophie/visionaid/isaac_ros_ws/install/isaac_ros_triton/share/isaac_ros_triton/cmake/ament_cmake_export_include_directories-extras.cmake
-- Symlinking: /home/sophie/visionaid/isaac_ros_ws/install/isaac_ros_triton/share/isaac_ros_triton/cmake/ament_cmake_export_libraries-extras.cmake
-- Symlinking: /home/sophie/visionaid/isaac_ros_ws/install/isaac_ros_triton/share/isaac_ros_triton/cmake/isaac_ros_tritonConfig.cmake
-- Symlinking: /home/sophie/visionaid/isaac_ros_ws/install/isaac_ros_triton/share/isaac_ros_triton/cmake/isaac_ros_tritonConfig-version.cmake
-- Symlinking: /home/sophie/visionaid/isaac_ros_ws/install/isaac_ros_triton/share/isaac_ros_triton/package.xml
