[0.062s] DEBUG:colcon:Command line arguments: ['/usr/bin/colcon', 'build', '--symlink-install']
[0.062s] DEBUG:colcon:Parsed command line arguments: Namespace(log_base=None, log_level=None, verb_name='build', build_base='build', install_base='install', merge_install=False, symlink_install=True, test_result_base=None, continue_on_error=False, executor='parallel', parallel_workers=28, event_handlers=None, ignore_user_meta=False, metas=['./colcon.meta'], base_paths=['.'], packages_ignore=None, packages_ignore_regex=None, paths=None, packages_up_to=None, packages_up_to_regex=None, packages_above=None, packages_above_and_dependencies=None, packages_above_depth=None, packages_select_by_dep=None, packages_skip_by_dep=None, packages_skip_up_to=None, packages_select_build_failed=False, packages_skip_build_finished=False, packages_select_test_failures=False, packages_skip_test_passed=False, packages_select=None, packages_skip=None, packages_select_regex=None, packages_skip_regex=None, packages_start=None, packages_end=None, allow_overriding=[], cmake_args=None, cmake_target=None, cmake_target_skip_unavailable=False, cmake_clean_cache=False, cmake_clean_first=False, cmake_force_configure=False, ament_cmake_args=None, catkin_cmake_args=None, catkin_skip_building_tests=False, verb_parser=<colcon_defaults.argument_parser.defaults.DefaultArgumentsDecorator object at 0x7d4450707100>, verb_extension=<colcon_core.verb.build.BuildVerb object at 0x7d44508845b0>, main=<bound method BuildVerb.main of <colcon_core.verb.build.BuildVerb object at 0x7d44508845b0>>)
[0.170s] Level 1:colcon.colcon_core.package_discovery:discover_packages(colcon_meta) check parameters
[0.170s] Level 1:colcon.colcon_core.package_discovery:discover_packages(recursive) check parameters
[0.170s] Level 1:colcon.colcon_core.package_discovery:discover_packages(ignore) check parameters
[0.170s] Level 1:colcon.colcon_core.package_discovery:discover_packages(path) check parameters
[0.170s] Level 1:colcon.colcon_core.package_discovery:discover_packages(colcon_meta) discover
[0.170s] Level 1:colcon.colcon_core.package_discovery:discover_packages(recursive) discover
[0.170s] INFO:colcon.colcon_core.package_discovery:Crawling recursively for packages in '/home/kanye/Documents/visionaid/isaac_ws'
[0.170s] Level 1:colcon.colcon_core.package_identification:_identify(.) by extensions ['ignore', 'ignore_ament_install']
[0.170s] Level 1:colcon.colcon_core.package_identification:_identify(.) by extension 'ignore'
[0.170s] Level 1:colcon.colcon_core.package_identification:_identify(.) by extension 'ignore_ament_install'
[0.171s] Level 1:colcon.colcon_core.package_identification:_identify(.) by extensions ['colcon_pkg']
[0.171s] Level 1:colcon.colcon_core.package_identification:_identify(.) by extension 'colcon_pkg'
[0.171s] Level 1:colcon.colcon_core.package_identification:_identify(.) by extensions ['colcon_meta']
[0.171s] Level 1:colcon.colcon_core.package_identification:_identify(.) by extension 'colcon_meta'
[0.171s] Level 1:colcon.colcon_core.package_identification:_identify(.) by extensions ['ros']
[0.171s] Level 1:colcon.colcon_core.package_identification:_identify(.) by extension 'ros'
[0.179s] Level 1:colcon.colcon_core.package_identification:_identify(.) by extensions ['cmake', 'python']
[0.179s] Level 1:colcon.colcon_core.package_identification:_identify(.) by extension 'cmake'
[0.179s] Level 1:colcon.colcon_core.package_identification:_identify(.) by extension 'python'
[0.179s] Level 1:colcon.colcon_core.package_identification:_identify(.) by extensions ['python_setup_py']
[0.180s] Level 1:colcon.colcon_core.package_identification:_identify(.) by extension 'python_setup_py'
[0.180s] Level 1:colcon.colcon_core.package_identification:_identify(build) by extensions ['ignore', 'ignore_ament_install']
[0.180s] Level 1:colcon.colcon_core.package_identification:_identify(build) by extension 'ignore'
[0.180s] Level 1:colcon.colcon_core.package_identification:_identify(build) ignored
[0.180s] Level 1:colcon.colcon_core.package_identification:_identify(install) by extensions ['ignore', 'ignore_ament_install']
[0.180s] Level 1:colcon.colcon_core.package_identification:_identify(install) by extension 'ignore'
[0.180s] Level 1:colcon.colcon_core.package_identification:_identify(install) ignored
[0.180s] Level 1:colcon.colcon_core.package_identification:_identify(log) by extensions ['ignore', 'ignore_ament_install']
[0.180s] Level 1:colcon.colcon_core.package_identification:_identify(log) by extension 'ignore'
[0.180s] Level 1:colcon.colcon_core.package_identification:_identify(log) ignored
[0.180s] Level 1:colcon.colcon_core.package_identification:_identify(src) by extensions ['ignore', 'ignore_ament_install']
[0.180s] Level 1:colcon.colcon_core.package_identification:_identify(src) by extension 'ignore'
[0.180s] Level 1:colcon.colcon_core.package_identification:_identify(src) by extension 'ignore_ament_install'
[0.180s] Level 1:colcon.colcon_core.package_identification:_identify(src) by extensions ['colcon_pkg']
[0.180s] Level 1:colcon.colcon_core.package_identification:_identify(src) by extension 'colcon_pkg'
[0.180s] Level 1:colcon.colcon_core.package_identification:_identify(src) by extensions ['colcon_meta']
[0.180s] Level 1:colcon.colcon_core.package_identification:_identify(src) by extension 'colcon_meta'
[0.180s] Level 1:colcon.colcon_core.package_identification:_identify(src) by extensions ['ros']
[0.180s] Level 1:colcon.colcon_core.package_identification:_identify(src) by extension 'ros'
[0.180s] Level 1:colcon.colcon_core.package_identification:_identify(src) by extensions ['cmake', 'python']
[0.180s] Level 1:colcon.colcon_core.package_identification:_identify(src) by extension 'cmake'
[0.180s] Level 1:colcon.colcon_core.package_identification:_identify(src) by extension 'python'
[0.180s] Level 1:colcon.colcon_core.package_identification:_identify(src) by extensions ['python_setup_py']
[0.180s] Level 1:colcon.colcon_core.package_identification:_identify(src) by extension 'python_setup_py'
[0.180s] Level 1:colcon.colcon_core.package_identification:_identify(src/isaac_ros_visual_slam) by extensions ['ignore', 'ignore_ament_install']
[0.181s] Level 1:colcon.colcon_core.package_identification:_identify(src/isaac_ros_visual_slam) by extension 'ignore'
[0.181s] Level 1:colcon.colcon_core.package_identification:_identify(src/isaac_ros_visual_slam) by extension 'ignore_ament_install'
[0.181s] Level 1:colcon.colcon_core.package_identification:_identify(src/isaac_ros_visual_slam) by extensions ['colcon_pkg']
[0.181s] Level 1:colcon.colcon_core.package_identification:_identify(src/isaac_ros_visual_slam) by extension 'colcon_pkg'
[0.181s] Level 1:colcon.colcon_core.package_identification:_identify(src/isaac_ros_visual_slam) by extensions ['colcon_meta']
[0.181s] Level 1:colcon.colcon_core.package_identification:_identify(src/isaac_ros_visual_slam) by extension 'colcon_meta'
[0.181s] Level 1:colcon.colcon_core.package_identification:_identify(src/isaac_ros_visual_slam) by extensions ['ros']
[0.181s] Level 1:colcon.colcon_core.package_identification:_identify(src/isaac_ros_visual_slam) by extension 'ros'
[0.181s] Level 1:colcon.colcon_core.package_identification:_identify(src/isaac_ros_visual_slam) by extensions ['cmake', 'python']
[0.181s] Level 1:colcon.colcon_core.package_identification:_identify(src/isaac_ros_visual_slam) by extension 'cmake'
[0.181s] Level 1:colcon.colcon_core.package_identification:_identify(src/isaac_ros_visual_slam) by extension 'python'
[0.181s] Level 1:colcon.colcon_core.package_identification:_identify(src/isaac_ros_visual_slam) by extensions ['python_setup_py']
[0.181s] Level 1:colcon.colcon_core.package_identification:_identify(src/isaac_ros_visual_slam) by extension 'python_setup_py'
[0.181s] Level 1:colcon.colcon_core.package_identification:_identify(src/isaac_ros_visual_slam/isaac_ros_visual_slam) by extensions ['ignore', 'ignore_ament_install']
[0.181s] Level 1:colcon.colcon_core.package_identification:_identify(src/isaac_ros_visual_slam/isaac_ros_visual_slam) by extension 'ignore'
[0.181s] Level 1:colcon.colcon_core.package_identification:_identify(src/isaac_ros_visual_slam/isaac_ros_visual_slam) by extension 'ignore_ament_install'
[0.181s] Level 1:colcon.colcon_core.package_identification:_identify(src/isaac_ros_visual_slam/isaac_ros_visual_slam) by extensions ['colcon_pkg']
[0.181s] Level 1:colcon.colcon_core.package_identification:_identify(src/isaac_ros_visual_slam/isaac_ros_visual_slam) by extension 'colcon_pkg'
[0.181s] Level 1:colcon.colcon_core.package_identification:_identify(src/isaac_ros_visual_slam/isaac_ros_visual_slam) by extensions ['colcon_meta']
[0.181s] Level 1:colcon.colcon_core.package_identification:_identify(src/isaac_ros_visual_slam/isaac_ros_visual_slam) by extension 'colcon_meta'
[0.181s] Level 1:colcon.colcon_core.package_identification:_identify(src/isaac_ros_visual_slam/isaac_ros_visual_slam) by extensions ['ros']
[0.181s] Level 1:colcon.colcon_core.package_identification:_identify(src/isaac_ros_visual_slam/isaac_ros_visual_slam) by extension 'ros'
[0.184s] DEBUG:colcon.colcon_core.package_identification:Package 'src/isaac_ros_visual_slam/isaac_ros_visual_slam' with type 'ros.ament_cmake' and name 'isaac_ros_visual_slam'
[0.184s] Level 1:colcon.colcon_core.package_identification:_identify(src/isaac_ros_visual_slam/isaac_ros_visual_slam_interfaces) by extensions ['ignore', 'ignore_ament_install']
[0.184s] Level 1:colcon.colcon_core.package_identification:_identify(src/isaac_ros_visual_slam/isaac_ros_visual_slam_interfaces) by extension 'ignore'
[0.184s] Level 1:colcon.colcon_core.package_identification:_identify(src/isaac_ros_visual_slam/isaac_ros_visual_slam_interfaces) by extension 'ignore_ament_install'
[0.184s] Level 1:colcon.colcon_core.package_identification:_identify(src/isaac_ros_visual_slam/isaac_ros_visual_slam_interfaces) by extensions ['colcon_pkg']
[0.184s] Level 1:colcon.colcon_core.package_identification:_identify(src/isaac_ros_visual_slam/isaac_ros_visual_slam_interfaces) by extension 'colcon_pkg'
[0.184s] Level 1:colcon.colcon_core.package_identification:_identify(src/isaac_ros_visual_slam/isaac_ros_visual_slam_interfaces) by extensions ['colcon_meta']
[0.184s] Level 1:colcon.colcon_core.package_identification:_identify(src/isaac_ros_visual_slam/isaac_ros_visual_slam_interfaces) by extension 'colcon_meta'
[0.184s] Level 1:colcon.colcon_core.package_identification:_identify(src/isaac_ros_visual_slam/isaac_ros_visual_slam_interfaces) by extensions ['ros']
[0.184s] Level 1:colcon.colcon_core.package_identification:_identify(src/isaac_ros_visual_slam/isaac_ros_visual_slam_interfaces) by extension 'ros'
[0.185s] DEBUG:colcon.colcon_core.package_identification:Package 'src/isaac_ros_visual_slam/isaac_ros_visual_slam_interfaces' with type 'ros.ament_cmake' and name 'isaac_ros_visual_slam_interfaces'
[0.185s] Level 1:colcon.colcon_core.package_discovery:discover_packages(recursive) using defaults
[0.185s] Level 1:colcon.colcon_core.package_discovery:discover_packages(ignore) discover
[0.185s] Level 1:colcon.colcon_core.package_discovery:discover_packages(ignore) using defaults
[0.185s] Level 1:colcon.colcon_core.package_discovery:discover_packages(path) discover
[0.185s] Level 1:colcon.colcon_core.package_discovery:discover_packages(path) using defaults
[0.201s] Level 1:colcon.colcon_core.package_discovery:discover_packages(prefix_path) check parameters
[0.201s] Level 1:colcon.colcon_core.package_discovery:discover_packages(prefix_path) discover
[0.202s] DEBUG:colcon.colcon_installed_package_information.package_discovery:Found 315 installed packages in /opt/ros/humble
[0.209s] Level 1:colcon.colcon_core.package_discovery:discover_packages(prefix_path) using defaults
[0.237s] Level 5:colcon.colcon_core.verb:set package 'isaac_ros_visual_slam_interfaces' build argument 'cmake_args' from command line to 'None'
[0.237s] Level 5:colcon.colcon_core.verb:set package 'isaac_ros_visual_slam_interfaces' build argument 'cmake_target' from command line to 'None'
[0.237s] Level 5:colcon.colcon_core.verb:set package 'isaac_ros_visual_slam_interfaces' build argument 'cmake_target_skip_unavailable' from command line to 'False'
[0.237s] Level 5:colcon.colcon_core.verb:set package 'isaac_ros_visual_slam_interfaces' build argument 'cmake_clean_cache' from command line to 'False'
[0.237s] Level 5:colcon.colcon_core.verb:set package 'isaac_ros_visual_slam_interfaces' build argument 'cmake_clean_first' from command line to 'False'
[0.237s] Level 5:colcon.colcon_core.verb:set package 'isaac_ros_visual_slam_interfaces' build argument 'cmake_force_configure' from command line to 'False'
[0.237s] Level 5:colcon.colcon_core.verb:set package 'isaac_ros_visual_slam_interfaces' build argument 'ament_cmake_args' from command line to 'None'
[0.237s] Level 5:colcon.colcon_core.verb:set package 'isaac_ros_visual_slam_interfaces' build argument 'catkin_cmake_args' from command line to 'None'
[0.237s] Level 5:colcon.colcon_core.verb:set package 'isaac_ros_visual_slam_interfaces' build argument 'catkin_skip_building_tests' from command line to 'False'
[0.237s] DEBUG:colcon.colcon_core.verb:Building package 'isaac_ros_visual_slam_interfaces' with the following arguments: {'ament_cmake_args': None, 'build_base': '/home/kanye/Documents/visionaid/isaac_ws/build/isaac_ros_visual_slam_interfaces', 'catkin_cmake_args': None, 'catkin_skip_building_tests': False, 'cmake_args': None, 'cmake_clean_cache': False, 'cmake_clean_first': False, 'cmake_force_configure': False, 'cmake_target': None, 'cmake_target_skip_unavailable': False, 'install_base': '/home/kanye/Documents/visionaid/isaac_ws/install/isaac_ros_visual_slam_interfaces', 'merge_install': False, 'path': '/home/kanye/Documents/visionaid/isaac_ws/src/isaac_ros_visual_slam/isaac_ros_visual_slam_interfaces', 'symlink_install': True, 'test_result_base': None}
[0.237s] Level 5:colcon.colcon_core.verb:set package 'isaac_ros_visual_slam' build argument 'cmake_args' from command line to 'None'
[0.237s] Level 5:colcon.colcon_core.verb:set package 'isaac_ros_visual_slam' build argument 'cmake_target' from command line to 'None'
[0.237s] Level 5:colcon.colcon_core.verb:set package 'isaac_ros_visual_slam' build argument 'cmake_target_skip_unavailable' from command line to 'False'
[0.237s] Level 5:colcon.colcon_core.verb:set package 'isaac_ros_visual_slam' build argument 'cmake_clean_cache' from command line to 'False'
[0.237s] Level 5:colcon.colcon_core.verb:set package 'isaac_ros_visual_slam' build argument 'cmake_clean_first' from command line to 'False'
[0.237s] Level 5:colcon.colcon_core.verb:set package 'isaac_ros_visual_slam' build argument 'cmake_force_configure' from command line to 'False'
[0.237s] Level 5:colcon.colcon_core.verb:set package 'isaac_ros_visual_slam' build argument 'ament_cmake_args' from command line to 'None'
[0.237s] Level 5:colcon.colcon_core.verb:set package 'isaac_ros_visual_slam' build argument 'catkin_cmake_args' from command line to 'None'
[0.237s] Level 5:colcon.colcon_core.verb:set package 'isaac_ros_visual_slam' build argument 'catkin_skip_building_tests' from command line to 'False'
[0.237s] DEBUG:colcon.colcon_core.verb:Building package 'isaac_ros_visual_slam' with the following arguments: {'ament_cmake_args': None, 'build_base': '/home/kanye/Documents/visionaid/isaac_ws/build/isaac_ros_visual_slam', 'catkin_cmake_args': None, 'catkin_skip_building_tests': False, 'cmake_args': None, 'cmake_clean_cache': False, 'cmake_clean_first': False, 'cmake_force_configure': False, 'cmake_target': None, 'cmake_target_skip_unavailable': False, 'install_base': '/home/kanye/Documents/visionaid/isaac_ws/install/isaac_ros_visual_slam', 'merge_install': False, 'path': '/home/kanye/Documents/visionaid/isaac_ws/src/isaac_ros_visual_slam/isaac_ros_visual_slam', 'symlink_install': True, 'test_result_base': None}
[0.237s] INFO:colcon.colcon_core.executor:Executing jobs using 'parallel' executor
[0.239s] DEBUG:colcon.colcon_parallel_executor.executor.parallel:run_until_complete
[0.239s] INFO:colcon.colcon_ros.task.ament_cmake.build:Building ROS package in '/home/kanye/Documents/visionaid/isaac_ws/src/isaac_ros_visual_slam/isaac_ros_visual_slam_interfaces' with build type 'ament_cmake'
[0.239s] INFO:colcon.colcon_cmake.task.cmake.build:Building CMake package in '/home/kanye/Documents/visionaid/isaac_ws/src/isaac_ros_visual_slam/isaac_ros_visual_slam_interfaces'
[0.240s] INFO:colcon.colcon_core.plugin_system:Skipping extension 'colcon_core.shell.bat': Not used on non-Windows systems
[0.240s] INFO:colcon.colcon_core.shell:Skip shell extension 'powershell' for command environment: Not usable outside of PowerShell
[0.240s] DEBUG:colcon.colcon_core.shell:Skip shell extension 'dsv' for command environment
[0.248s] DEBUG:colcon.colcon_core.event_handler.log_command:Invoking command in '/home/kanye/Documents/visionaid/isaac_ws/build/isaac_ros_visual_slam_interfaces': CMAKE_PREFIX_PATH=/opt/ros/humble /usr/bin/cmake --build /home/kanye/Documents/visionaid/isaac_ws/build/isaac_ros_visual_slam_interfaces -- -j28 -l28
[0.506s] DEBUG:colcon.colcon_core.event_handler.log_command:Invoked command in '/home/kanye/Documents/visionaid/isaac_ws/build/isaac_ros_visual_slam_interfaces' returned '0': CMAKE_PREFIX_PATH=/opt/ros/humble /usr/bin/cmake --build /home/kanye/Documents/visionaid/isaac_ws/build/isaac_ros_visual_slam_interfaces -- -j28 -l28
[0.518s] DEBUG:colcon.colcon_core.event_handler.log_command:Invoking command in '/home/kanye/Documents/visionaid/isaac_ws/build/isaac_ros_visual_slam_interfaces': CMAKE_PREFIX_PATH=/opt/ros/humble /usr/bin/cmake --install /home/kanye/Documents/visionaid/isaac_ws/build/isaac_ros_visual_slam_interfaces
[0.582s] Level 1:colcon.colcon_core.environment:create_environment_scripts_only(isaac_ros_visual_slam_interfaces)
[0.583s] DEBUG:colcon.colcon_core.event_handler.log_command:Invoked command in '/home/kanye/Documents/visionaid/isaac_ws/build/isaac_ros_visual_slam_interfaces' returned '0': CMAKE_PREFIX_PATH=/opt/ros/humble /usr/bin/cmake --install /home/kanye/Documents/visionaid/isaac_ws/build/isaac_ros_visual_slam_interfaces
[0.585s] Level 1:colcon.colcon_core.environment:checking '/home/kanye/Documents/visionaid/isaac_ws/install/isaac_ros_visual_slam_interfaces' for CMake module files
[0.586s] Level 1:colcon.colcon_core.environment:checking '/home/kanye/Documents/visionaid/isaac_ws/install/isaac_ros_visual_slam_interfaces' for CMake config files
[0.586s] Level 1:colcon.colcon_core.shell:create_environment_hook('isaac_ros_visual_slam_interfaces', 'cmake_prefix_path')
[0.586s] INFO:colcon.colcon_core.shell:Creating environment hook '/home/kanye/Documents/visionaid/isaac_ws/install/isaac_ros_visual_slam_interfaces/share/isaac_ros_visual_slam_interfaces/hook/cmake_prefix_path.ps1'
[0.587s] INFO:colcon.colcon_core.shell:Creating environment descriptor '/home/kanye/Documents/visionaid/isaac_ws/install/isaac_ros_visual_slam_interfaces/share/isaac_ros_visual_slam_interfaces/hook/cmake_prefix_path.dsv'
[0.587s] INFO:colcon.colcon_core.shell:Creating environment hook '/home/kanye/Documents/visionaid/isaac_ws/install/isaac_ros_visual_slam_interfaces/share/isaac_ros_visual_slam_interfaces/hook/cmake_prefix_path.sh'
[0.588s] Level 1:colcon.colcon_core.environment:checking '/home/kanye/Documents/visionaid/isaac_ws/install/isaac_ros_visual_slam_interfaces/lib'
[0.588s] Level 1:colcon.colcon_core.shell:create_environment_hook('isaac_ros_visual_slam_interfaces', 'ld_library_path_lib')
[0.588s] INFO:colcon.colcon_core.shell:Creating environment hook '/home/kanye/Documents/visionaid/isaac_ws/install/isaac_ros_visual_slam_interfaces/share/isaac_ros_visual_slam_interfaces/hook/ld_library_path_lib.ps1'
[0.589s] INFO:colcon.colcon_core.shell:Creating environment descriptor '/home/kanye/Documents/visionaid/isaac_ws/install/isaac_ros_visual_slam_interfaces/share/isaac_ros_visual_slam_interfaces/hook/ld_library_path_lib.dsv'
[0.589s] INFO:colcon.colcon_core.shell:Creating environment hook '/home/kanye/Documents/visionaid/isaac_ws/install/isaac_ros_visual_slam_interfaces/share/isaac_ros_visual_slam_interfaces/hook/ld_library_path_lib.sh'
[0.589s] Level 1:colcon.colcon_core.environment:checking '/home/kanye/Documents/visionaid/isaac_ws/install/isaac_ros_visual_slam_interfaces/bin'
[0.589s] Level 1:colcon.colcon_core.environment:checking '/home/kanye/Documents/visionaid/isaac_ws/install/isaac_ros_visual_slam_interfaces/lib/pkgconfig/isaac_ros_visual_slam_interfaces.pc'
[0.590s] Level 1:colcon.colcon_core.environment:checking '/home/kanye/Documents/visionaid/isaac_ws/install/isaac_ros_visual_slam_interfaces/lib/python3.10/site-packages'
[0.590s] Level 1:colcon.colcon_core.environment:checking '/home/kanye/Documents/visionaid/isaac_ws/install/isaac_ros_visual_slam_interfaces/bin'
[0.590s] INFO:colcon.colcon_core.shell:Creating package script '/home/kanye/Documents/visionaid/isaac_ws/install/isaac_ros_visual_slam_interfaces/share/isaac_ros_visual_slam_interfaces/package.ps1'
[0.591s] INFO:colcon.colcon_core.shell:Creating package descriptor '/home/kanye/Documents/visionaid/isaac_ws/install/isaac_ros_visual_slam_interfaces/share/isaac_ros_visual_slam_interfaces/package.dsv'
[0.592s] INFO:colcon.colcon_core.shell:Creating package script '/home/kanye/Documents/visionaid/isaac_ws/install/isaac_ros_visual_slam_interfaces/share/isaac_ros_visual_slam_interfaces/package.sh'
[0.593s] INFO:colcon.colcon_core.shell:Creating package script '/home/kanye/Documents/visionaid/isaac_ws/install/isaac_ros_visual_slam_interfaces/share/isaac_ros_visual_slam_interfaces/package.bash'
[0.594s] INFO:colcon.colcon_core.shell:Creating package script '/home/kanye/Documents/visionaid/isaac_ws/install/isaac_ros_visual_slam_interfaces/share/isaac_ros_visual_slam_interfaces/package.zsh'
[0.595s] Level 1:colcon.colcon_core.environment:create_file_with_runtime_dependencies(/home/kanye/Documents/visionaid/isaac_ws/install/isaac_ros_visual_slam_interfaces/share/colcon-core/packages/isaac_ros_visual_slam_interfaces)
[0.595s] Level 1:colcon.colcon_core.environment:create_environment_scripts_only(isaac_ros_visual_slam_interfaces)
[0.596s] Level 1:colcon.colcon_core.environment:checking '/home/kanye/Documents/visionaid/isaac_ws/install/isaac_ros_visual_slam_interfaces' for CMake module files
[0.596s] Level 1:colcon.colcon_core.environment:checking '/home/kanye/Documents/visionaid/isaac_ws/install/isaac_ros_visual_slam_interfaces' for CMake config files
[0.597s] Level 1:colcon.colcon_core.shell:create_environment_hook('isaac_ros_visual_slam_interfaces', 'cmake_prefix_path')
[0.597s] INFO:colcon.colcon_core.shell:Creating environment hook '/home/kanye/Documents/visionaid/isaac_ws/install/isaac_ros_visual_slam_interfaces/share/isaac_ros_visual_slam_interfaces/hook/cmake_prefix_path.ps1'
[0.597s] INFO:colcon.colcon_core.shell:Creating environment descriptor '/home/kanye/Documents/visionaid/isaac_ws/install/isaac_ros_visual_slam_interfaces/share/isaac_ros_visual_slam_interfaces/hook/cmake_prefix_path.dsv'
[0.598s] INFO:colcon.colcon_core.shell:Creating environment hook '/home/kanye/Documents/visionaid/isaac_ws/install/isaac_ros_visual_slam_interfaces/share/isaac_ros_visual_slam_interfaces/hook/cmake_prefix_path.sh'
[0.598s] Level 1:colcon.colcon_core.environment:checking '/home/kanye/Documents/visionaid/isaac_ws/install/isaac_ros_visual_slam_interfaces/lib'
[0.598s] Level 1:colcon.colcon_core.shell:create_environment_hook('isaac_ros_visual_slam_interfaces', 'ld_library_path_lib')
[0.599s] INFO:colcon.colcon_core.shell:Creating environment hook '/home/kanye/Documents/visionaid/isaac_ws/install/isaac_ros_visual_slam_interfaces/share/isaac_ros_visual_slam_interfaces/hook/ld_library_path_lib.ps1'
[0.599s] INFO:colcon.colcon_core.shell:Creating environment descriptor '/home/kanye/Documents/visionaid/isaac_ws/install/isaac_ros_visual_slam_interfaces/share/isaac_ros_visual_slam_interfaces/hook/ld_library_path_lib.dsv'
[0.599s] INFO:colcon.colcon_core.shell:Creating environment hook '/home/kanye/Documents/visionaid/isaac_ws/install/isaac_ros_visual_slam_interfaces/share/isaac_ros_visual_slam_interfaces/hook/ld_library_path_lib.sh'
[0.600s] Level 1:colcon.colcon_core.environment:checking '/home/kanye/Documents/visionaid/isaac_ws/install/isaac_ros_visual_slam_interfaces/bin'
[0.600s] Level 1:colcon.colcon_core.environment:checking '/home/kanye/Documents/visionaid/isaac_ws/install/isaac_ros_visual_slam_interfaces/lib/pkgconfig/isaac_ros_visual_slam_interfaces.pc'
[0.600s] Level 1:colcon.colcon_core.environment:checking '/home/kanye/Documents/visionaid/isaac_ws/install/isaac_ros_visual_slam_interfaces/lib/python3.10/site-packages'
[0.600s] Level 1:colcon.colcon_core.environment:checking '/home/kanye/Documents/visionaid/isaac_ws/install/isaac_ros_visual_slam_interfaces/bin'
[0.601s] INFO:colcon.colcon_core.shell:Creating package script '/home/kanye/Documents/visionaid/isaac_ws/install/isaac_ros_visual_slam_interfaces/share/isaac_ros_visual_slam_interfaces/package.ps1'
[0.601s] INFO:colcon.colcon_core.shell:Creating package descriptor '/home/kanye/Documents/visionaid/isaac_ws/install/isaac_ros_visual_slam_interfaces/share/isaac_ros_visual_slam_interfaces/package.dsv'
[0.602s] INFO:colcon.colcon_core.shell:Creating package script '/home/kanye/Documents/visionaid/isaac_ws/install/isaac_ros_visual_slam_interfaces/share/isaac_ros_visual_slam_interfaces/package.sh'
[0.602s] INFO:colcon.colcon_core.shell:Creating package script '/home/kanye/Documents/visionaid/isaac_ws/install/isaac_ros_visual_slam_interfaces/share/isaac_ros_visual_slam_interfaces/package.bash'
[0.603s] INFO:colcon.colcon_core.shell:Creating package script '/home/kanye/Documents/visionaid/isaac_ws/install/isaac_ros_visual_slam_interfaces/share/isaac_ros_visual_slam_interfaces/package.zsh'
[0.603s] Level 1:colcon.colcon_core.environment:create_file_with_runtime_dependencies(/home/kanye/Documents/visionaid/isaac_ws/install/isaac_ros_visual_slam_interfaces/share/colcon-core/packages/isaac_ros_visual_slam_interfaces)
[0.603s] INFO:colcon.colcon_ros.task.ament_cmake.build:Building ROS package in '/home/kanye/Documents/visionaid/isaac_ws/src/isaac_ros_visual_slam/isaac_ros_visual_slam' with build type 'ament_cmake'
[0.603s] INFO:colcon.colcon_cmake.task.cmake.build:Building CMake package in '/home/kanye/Documents/visionaid/isaac_ws/src/isaac_ros_visual_slam/isaac_ros_visual_slam'
[0.604s] INFO:colcon.colcon_core.shell:Skip shell extension 'powershell' for command environment: Not usable outside of PowerShell
[0.604s] DEBUG:colcon.colcon_core.shell:Skip shell extension 'dsv' for command environment
[0.614s] DEBUG:colcon.colcon_core.event_handler.log_command:Invoking command in '/home/kanye/Documents/visionaid/isaac_ws/build/isaac_ros_visual_slam': AMENT_PREFIX_PATH=/home/kanye/Documents/visionaid/isaac_ws/install/isaac_ros_visual_slam_interfaces:${AMENT_PREFIX_PATH} CMAKE_PREFIX_PATH=/home/kanye/Documents/visionaid/isaac_ws/install/isaac_ros_visual_slam_interfaces:/opt/ros/humble LD_LIBRARY_PATH=/home/kanye/Documents/visionaid/isaac_ws/install/isaac_ros_visual_slam_interfaces/lib:${LD_LIBRARY_PATH} PYTHONPATH=/home/kanye/Documents/visionaid/isaac_ws/install/isaac_ros_visual_slam_interfaces/local/lib/python3.10/dist-packages:${PYTHONPATH} /usr/bin/cmake --build /home/kanye/Documents/visionaid/isaac_ws/build/isaac_ros_visual_slam -- -j28 -l28
[35.767s] DEBUG:colcon.colcon_core.event_handler.log_command:Invoked command in '/home/kanye/Documents/visionaid/isaac_ws/build/isaac_ros_visual_slam' returned '0': AMENT_PREFIX_PATH=/home/kanye/Documents/visionaid/isaac_ws/install/isaac_ros_visual_slam_interfaces:${AMENT_PREFIX_PATH} CMAKE_PREFIX_PATH=/home/kanye/Documents/visionaid/isaac_ws/install/isaac_ros_visual_slam_interfaces:/opt/ros/humble LD_LIBRARY_PATH=/home/kanye/Documents/visionaid/isaac_ws/install/isaac_ros_visual_slam_interfaces/lib:${LD_LIBRARY_PATH} PYTHONPATH=/home/kanye/Documents/visionaid/isaac_ws/install/isaac_ros_visual_slam_interfaces/local/lib/python3.10/dist-packages:${PYTHONPATH} /usr/bin/cmake --build /home/kanye/Documents/visionaid/isaac_ws/build/isaac_ros_visual_slam -- -j28 -l28
[35.769s] DEBUG:colcon.colcon_core.event_handler.log_command:Invoking command in '/home/kanye/Documents/visionaid/isaac_ws/build/isaac_ros_visual_slam': AMENT_PREFIX_PATH=/home/kanye/Documents/visionaid/isaac_ws/install/isaac_ros_visual_slam_interfaces:${AMENT_PREFIX_PATH} CMAKE_PREFIX_PATH=/home/kanye/Documents/visionaid/isaac_ws/install/isaac_ros_visual_slam_interfaces:/opt/ros/humble LD_LIBRARY_PATH=/home/kanye/Documents/visionaid/isaac_ws/install/isaac_ros_visual_slam_interfaces/lib:${LD_LIBRARY_PATH} PYTHONPATH=/home/kanye/Documents/visionaid/isaac_ws/install/isaac_ros_visual_slam_interfaces/local/lib/python3.10/dist-packages:${PYTHONPATH} /usr/bin/cmake --install /home/kanye/Documents/visionaid/isaac_ws/build/isaac_ros_visual_slam
[36.078s] Level 1:colcon.colcon_core.environment:create_environment_scripts_only(isaac_ros_visual_slam)
[36.078s] Level 1:colcon.colcon_core.environment:checking '/home/kanye/Documents/visionaid/isaac_ws/install/isaac_ros_visual_slam' for CMake module files
[36.078s] DEBUG:colcon.colcon_core.event_handler.log_command:Invoked command in '/home/kanye/Documents/visionaid/isaac_ws/build/isaac_ros_visual_slam' returned '0': AMENT_PREFIX_PATH=/home/kanye/Documents/visionaid/isaac_ws/install/isaac_ros_visual_slam_interfaces:${AMENT_PREFIX_PATH} CMAKE_PREFIX_PATH=/home/kanye/Documents/visionaid/isaac_ws/install/isaac_ros_visual_slam_interfaces:/opt/ros/humble LD_LIBRARY_PATH=/home/kanye/Documents/visionaid/isaac_ws/install/isaac_ros_visual_slam_interfaces/lib:${LD_LIBRARY_PATH} PYTHONPATH=/home/kanye/Documents/visionaid/isaac_ws/install/isaac_ros_visual_slam_interfaces/local/lib/python3.10/dist-packages:${PYTHONPATH} /usr/bin/cmake --install /home/kanye/Documents/visionaid/isaac_ws/build/isaac_ros_visual_slam
[36.079s] Level 1:colcon.colcon_core.environment:checking '/home/kanye/Documents/visionaid/isaac_ws/install/isaac_ros_visual_slam' for CMake config files
[36.079s] Level 1:colcon.colcon_core.shell:create_environment_hook('isaac_ros_visual_slam', 'cmake_prefix_path')
[36.079s] INFO:colcon.colcon_core.shell:Creating environment hook '/home/kanye/Documents/visionaid/isaac_ws/install/isaac_ros_visual_slam/share/isaac_ros_visual_slam/hook/cmake_prefix_path.ps1'
[36.079s] INFO:colcon.colcon_core.shell:Creating environment descriptor '/home/kanye/Documents/visionaid/isaac_ws/install/isaac_ros_visual_slam/share/isaac_ros_visual_slam/hook/cmake_prefix_path.dsv'
[36.080s] INFO:colcon.colcon_core.shell:Creating environment hook '/home/kanye/Documents/visionaid/isaac_ws/install/isaac_ros_visual_slam/share/isaac_ros_visual_slam/hook/cmake_prefix_path.sh'
[36.080s] Level 1:colcon.colcon_core.environment:checking '/home/kanye/Documents/visionaid/isaac_ws/install/isaac_ros_visual_slam/lib'
[36.080s] Level 1:colcon.colcon_core.shell:create_environment_hook('isaac_ros_visual_slam', 'ld_library_path_lib')
[36.080s] INFO:colcon.colcon_core.shell:Creating environment hook '/home/kanye/Documents/visionaid/isaac_ws/install/isaac_ros_visual_slam/share/isaac_ros_visual_slam/hook/ld_library_path_lib.ps1'
[36.080s] INFO:colcon.colcon_core.shell:Creating environment descriptor '/home/kanye/Documents/visionaid/isaac_ws/install/isaac_ros_visual_slam/share/isaac_ros_visual_slam/hook/ld_library_path_lib.dsv'
[36.080s] INFO:colcon.colcon_core.shell:Creating environment hook '/home/kanye/Documents/visionaid/isaac_ws/install/isaac_ros_visual_slam/share/isaac_ros_visual_slam/hook/ld_library_path_lib.sh'
[36.080s] Level 1:colcon.colcon_core.environment:checking '/home/kanye/Documents/visionaid/isaac_ws/install/isaac_ros_visual_slam/bin'
[36.081s] Level 1:colcon.colcon_core.environment:checking '/home/kanye/Documents/visionaid/isaac_ws/install/isaac_ros_visual_slam/lib/pkgconfig/isaac_ros_visual_slam.pc'
[36.081s] Level 1:colcon.colcon_core.environment:checking '/home/kanye/Documents/visionaid/isaac_ws/install/isaac_ros_visual_slam/lib/python3.10/site-packages'
[36.081s] Level 1:colcon.colcon_core.environment:checking '/home/kanye/Documents/visionaid/isaac_ws/install/isaac_ros_visual_slam/bin'
[36.081s] INFO:colcon.colcon_core.shell:Creating package script '/home/kanye/Documents/visionaid/isaac_ws/install/isaac_ros_visual_slam/share/isaac_ros_visual_slam/package.ps1'
[36.081s] INFO:colcon.colcon_core.shell:Creating package descriptor '/home/kanye/Documents/visionaid/isaac_ws/install/isaac_ros_visual_slam/share/isaac_ros_visual_slam/package.dsv'
[36.082s] INFO:colcon.colcon_core.shell:Creating package script '/home/kanye/Documents/visionaid/isaac_ws/install/isaac_ros_visual_slam/share/isaac_ros_visual_slam/package.sh'
[36.082s] INFO:colcon.colcon_core.shell:Creating package script '/home/kanye/Documents/visionaid/isaac_ws/install/isaac_ros_visual_slam/share/isaac_ros_visual_slam/package.bash'
[36.082s] INFO:colcon.colcon_core.shell:Creating package script '/home/kanye/Documents/visionaid/isaac_ws/install/isaac_ros_visual_slam/share/isaac_ros_visual_slam/package.zsh'
[36.082s] Level 1:colcon.colcon_core.environment:create_file_with_runtime_dependencies(/home/kanye/Documents/visionaid/isaac_ws/install/isaac_ros_visual_slam/share/colcon-core/packages/isaac_ros_visual_slam)
[36.083s] Level 1:colcon.colcon_core.environment:create_environment_scripts_only(isaac_ros_visual_slam)
[36.083s] Level 1:colcon.colcon_core.environment:checking '/home/kanye/Documents/visionaid/isaac_ws/install/isaac_ros_visual_slam' for CMake module files
[36.083s] Level 1:colcon.colcon_core.environment:checking '/home/kanye/Documents/visionaid/isaac_ws/install/isaac_ros_visual_slam' for CMake config files
[36.083s] Level 1:colcon.colcon_core.shell:create_environment_hook('isaac_ros_visual_slam', 'cmake_prefix_path')
[36.083s] INFO:colcon.colcon_core.shell:Creating environment hook '/home/kanye/Documents/visionaid/isaac_ws/install/isaac_ros_visual_slam/share/isaac_ros_visual_slam/hook/cmake_prefix_path.ps1'
[36.084s] INFO:colcon.colcon_core.shell:Creating environment descriptor '/home/kanye/Documents/visionaid/isaac_ws/install/isaac_ros_visual_slam/share/isaac_ros_visual_slam/hook/cmake_prefix_path.dsv'
[36.084s] INFO:colcon.colcon_core.shell:Creating environment hook '/home/kanye/Documents/visionaid/isaac_ws/install/isaac_ros_visual_slam/share/isaac_ros_visual_slam/hook/cmake_prefix_path.sh'
[36.084s] Level 1:colcon.colcon_core.environment:checking '/home/kanye/Documents/visionaid/isaac_ws/install/isaac_ros_visual_slam/lib'
[36.084s] Level 1:colcon.colcon_core.shell:create_environment_hook('isaac_ros_visual_slam', 'ld_library_path_lib')
[36.084s] INFO:colcon.colcon_core.shell:Creating environment hook '/home/kanye/Documents/visionaid/isaac_ws/install/isaac_ros_visual_slam/share/isaac_ros_visual_slam/hook/ld_library_path_lib.ps1'
[36.085s] INFO:colcon.colcon_core.shell:Creating environment descriptor '/home/kanye/Documents/visionaid/isaac_ws/install/isaac_ros_visual_slam/share/isaac_ros_visual_slam/hook/ld_library_path_lib.dsv'
[36.085s] INFO:colcon.colcon_core.shell:Creating environment hook '/home/kanye/Documents/visionaid/isaac_ws/install/isaac_ros_visual_slam/share/isaac_ros_visual_slam/hook/ld_library_path_lib.sh'
[36.085s] Level 1:colcon.colcon_core.environment:checking '/home/kanye/Documents/visionaid/isaac_ws/install/isaac_ros_visual_slam/bin'
[36.085s] Level 1:colcon.colcon_core.environment:checking '/home/kanye/Documents/visionaid/isaac_ws/install/isaac_ros_visual_slam/lib/pkgconfig/isaac_ros_visual_slam.pc'
[36.085s] Level 1:colcon.colcon_core.environment:checking '/home/kanye/Documents/visionaid/isaac_ws/install/isaac_ros_visual_slam/lib/python3.10/site-packages'
[36.085s] Level 1:colcon.colcon_core.environment:checking '/home/kanye/Documents/visionaid/isaac_ws/install/isaac_ros_visual_slam/bin'
[36.085s] INFO:colcon.colcon_core.shell:Creating package script '/home/kanye/Documents/visionaid/isaac_ws/install/isaac_ros_visual_slam/share/isaac_ros_visual_slam/package.ps1'
[36.086s] INFO:colcon.colcon_core.shell:Creating package descriptor '/home/kanye/Documents/visionaid/isaac_ws/install/isaac_ros_visual_slam/share/isaac_ros_visual_slam/package.dsv'
[36.086s] INFO:colcon.colcon_core.shell:Creating package script '/home/kanye/Documents/visionaid/isaac_ws/install/isaac_ros_visual_slam/share/isaac_ros_visual_slam/package.sh'
[36.086s] INFO:colcon.colcon_core.shell:Creating package script '/home/kanye/Documents/visionaid/isaac_ws/install/isaac_ros_visual_slam/share/isaac_ros_visual_slam/package.bash'
[36.086s] INFO:colcon.colcon_core.shell:Creating package script '/home/kanye/Documents/visionaid/isaac_ws/install/isaac_ros_visual_slam/share/isaac_ros_visual_slam/package.zsh'
[36.087s] Level 1:colcon.colcon_core.environment:create_file_with_runtime_dependencies(/home/kanye/Documents/visionaid/isaac_ws/install/isaac_ros_visual_slam/share/colcon-core/packages/isaac_ros_visual_slam)
[36.087s] DEBUG:colcon.colcon_parallel_executor.executor.parallel:closing loop
[36.087s] DEBUG:colcon.colcon_parallel_executor.executor.parallel:loop closed
[36.087s] DEBUG:colcon.colcon_parallel_executor.executor.parallel:run_until_complete finished with '0'
[36.087s] DEBUG:colcon.colcon_core.event_reactor:joining thread
[36.091s] INFO:colcon.colcon_core.plugin_system:Skipping extension 'colcon_notification.desktop_notification.terminal_notifier': Not used on non-Darwin systems
[36.092s] INFO:colcon.colcon_core.plugin_system:Skipping extension 'colcon_notification.desktop_notification.win32': Not used on non-Windows systems
[36.092s] INFO:colcon.colcon_notification.desktop_notification:Sending desktop notification using 'notify2'
[36.100s] DEBUG:colcon.colcon_core.event_reactor:joined thread
[36.101s] INFO:colcon.colcon_core.shell:Creating prefix script '/home/kanye/Documents/visionaid/isaac_ws/install/local_setup.ps1'
[36.101s] INFO:colcon.colcon_core.shell:Creating prefix util module '/home/kanye/Documents/visionaid/isaac_ws/install/_local_setup_util_ps1.py'
[36.102s] INFO:colcon.colcon_core.shell:Creating prefix chain script '/home/kanye/Documents/visionaid/isaac_ws/install/setup.ps1'
[36.102s] INFO:colcon.colcon_core.shell:Creating prefix script '/home/kanye/Documents/visionaid/isaac_ws/install/local_setup.sh'
[36.103s] INFO:colcon.colcon_core.shell:Creating prefix util module '/home/kanye/Documents/visionaid/isaac_ws/install/_local_setup_util_sh.py'
[36.103s] INFO:colcon.colcon_core.shell:Creating prefix chain script '/home/kanye/Documents/visionaid/isaac_ws/install/setup.sh'
[36.104s] INFO:colcon.colcon_core.shell:Creating prefix script '/home/kanye/Documents/visionaid/isaac_ws/install/local_setup.bash'
[36.104s] INFO:colcon.colcon_core.shell:Creating prefix chain script '/home/kanye/Documents/visionaid/isaac_ws/install/setup.bash'
[36.104s] INFO:colcon.colcon_core.shell:Creating prefix script '/home/kanye/Documents/visionaid/isaac_ws/install/local_setup.zsh'
[36.105s] INFO:colcon.colcon_core.shell:Creating prefix chain script '/home/kanye/Documents/visionaid/isaac_ws/install/setup.zsh'
