[0.007s] Invoking command in '/home/kanye/Documents/visionaid/microros_ws/build/micro_ros_msgs': CMAKE_PREFIX_PATH=${CMAKE_PREFIX_PATH}:/opt/ros/humble /usr/bin/cmake /home/kanye/Documents/visionaid/microros_ws/src/uros/micro_ros_msgs -DUAGENT_BUILD_EXECUTABLE=OFF -DUAGENT_P2P_PROFILE=OFF --no-warn-unused-cli -DCMAKE_INSTALL_PREFIX=/home/kanye/Documents/visionaid/microros_ws/install/micro_ros_msgs
[0.012s] Not searching for unused variables given on the command line.
[0.053s] -- The C compiler identification is GNU 11.4.0
[0.112s] -- The CXX compiler identification is GNU 11.4.0
[0.118s] -- Detecting C compiler ABI info
[0.168s] -- Detecting C compiler ABI info - done
[0.178s] -- Check for working C compiler: /usr/bin/cc - skipped
[0.178s] -- Detecting C compile features
[0.178s] -- Detecting C compile features - done
[0.181s] -- Detecting CXX compiler ABI info
[0.245s] -- Detecting CXX compiler ABI info - done
[0.251s] -- Check for working CXX compiler: /usr/bin/c++ - skipped
[0.251s] -- Detecting CXX compile features
[0.251s] -- Detecting CXX compile features - done
[0.253s] -- Found ament_cmake: 1.3.11 (/opt/ros/humble/share/ament_cmake/cmake)
[0.370s] -- Found Python3: /usr/bin/python3 (found version "3.10.12") found components: Interpreter 
[0.430s] -- Found rosidl_default_generators: 1.2.0 (/opt/ros/humble/share/rosidl_default_generators/cmake)
[0.434s] -- Using all available rosidl_typesupport_c: rosidl_typesupport_fastrtps_c;rosidl_typesupport_introspection_c
[0.441s] -- Found rosidl_adapter: 3.1.6 (/opt/ros/humble/share/rosidl_adapter/cmake)
[0.472s] -- Using all available rosidl_typesupport_cpp: rosidl_typesupport_fastrtps_cpp;rosidl_typesupport_introspection_cpp
[0.497s] -- Found ament_lint_auto: 0.12.12 (/opt/ros/humble/share/ament_lint_auto/cmake)
[0.683s] -- Found ament_cmake_ros: 0.10.0 (/opt/ros/humble/share/ament_cmake_ros/cmake)
[0.826s] -- Using all available rosidl_typesupport_c: rosidl_typesupport_fastrtps_c;rosidl_typesupport_introspection_c
[1.035s] -- Using all available rosidl_typesupport_cpp: rosidl_typesupport_fastrtps_cpp;rosidl_typesupport_introspection_cpp
[1.057s] -- Found PythonInterp: /usr/bin/python3 (found suitable version "3.10.12", minimum required is "3.6") 
[1.058s] -- Found python_cmake_module: 0.10.0 (/opt/ros/humble/share/python_cmake_module/cmake)
[1.077s] -- Found PythonLibs: /usr/lib/x86_64-linux-gnu/libpython3.10.so (found suitable version "3.10.12", minimum required is "3.5") 
[1.077s] -- Using PYTHON_EXECUTABLE: /usr/bin/python3
[1.077s] -- Using PYTHON_INCLUDE_DIRS: /usr/include/python3.10
[1.077s] -- Using PYTHON_LIBRARIES: /usr/lib/x86_64-linux-gnu/libpython3.10.so
[1.097s] -- Found PythonExtra: .so  
[1.128s] -- Added test 'copyright' to check source files copyright and LICENSE
[1.132s] -- Added test 'lint_cmake' to check CMake code style
[1.134s] -- Added test 'xmllint' to check XML markup files
[1.137s] -- Configuring done
[1.157s] -- Generating done
[1.164s] -- Build files have been written to: /home/kanye/Documents/visionaid/microros_ws/build/micro_ros_msgs
[1.169s] Invoked command in '/home/kanye/Documents/visionaid/microros_ws/build/micro_ros_msgs' returned '0': CMAKE_PREFIX_PATH=${CMAKE_PREFIX_PATH}:/opt/ros/humble /usr/bin/cmake /home/kanye/Documents/visionaid/microros_ws/src/uros/micro_ros_msgs -DUAGENT_BUILD_EXECUTABLE=OFF -DUAGENT_P2P_PROFILE=OFF --no-warn-unused-cli -DCMAKE_INSTALL_PREFIX=/home/kanye/Documents/visionaid/microros_ws/install/micro_ros_msgs
[1.169s] Invoking command in '/home/kanye/Documents/visionaid/microros_ws/build/micro_ros_msgs': CMAKE_PREFIX_PATH=${CMAKE_PREFIX_PATH}:/opt/ros/humble /usr/bin/cmake --build /home/kanye/Documents/visionaid/microros_ws/build/micro_ros_msgs -- -j28 -l28
[1.200s] [  2%] [34m[1mGenerating C code for ROS interfaces[0m
[1.206s] [  4%] [34m[1mGenerating C++ code for ROS interfaces[0m
[1.212s] [  4%] Built target ament_cmake_python_copy_micro_ros_msgs
[1.364s] running egg_info
[1.365s] creating micro_ros_msgs.egg-info
[1.365s] writing micro_ros_msgs.egg-info/PKG-INFO
[1.365s] writing dependency_links to micro_ros_msgs.egg-info/dependency_links.txt
[1.365s] writing top-level names to micro_ros_msgs.egg-info/top_level.txt
[1.365s] writing manifest file 'micro_ros_msgs.egg-info/SOURCES.txt'
[1.366s] reading manifest file 'micro_ros_msgs.egg-info/SOURCES.txt'
[1.367s] writing manifest file 'micro_ros_msgs.egg-info/SOURCES.txt'
[1.386s] [  4%] Built target ament_cmake_python_build_micro_ros_msgs_egg
[1.434s] [  6%] [32mBuilding C object CMakeFiles/micro_ros_msgs__rosidl_generator_c.dir/rosidl_generator_c/micro_ros_msgs/msg/detail/graph__functions.c.o[0m
[1.434s] [  8%] [32mBuilding C object CMakeFiles/micro_ros_msgs__rosidl_generator_c.dir/rosidl_generator_c/micro_ros_msgs/msg/detail/node__functions.c.o[0m
[1.435s] [ 10%] [32mBuilding C object CMakeFiles/micro_ros_msgs__rosidl_generator_c.dir/rosidl_generator_c/micro_ros_msgs/msg/detail/entity__functions.c.o[0m
[1.467s] [ 10%] Built target micro_ros_msgs__cpp
[1.474s] [ 12%] [34m[1mGenerating C++ type support for eProsima Fast-RTPS[0m
[1.476s] [ 14%] [34m[1mGenerating C++ type support dispatch for ROS interfaces[0m
[1.476s] [ 17%] [34m[1mGenerating C++ introspection for ROS interfaces[0m
[1.480s] [ 19%] [32m[1mLinking C shared library libmicro_ros_msgs__rosidl_generator_c.so[0m
[1.508s] [ 19%] Built target micro_ros_msgs__rosidl_generator_c
[1.517s] [ 21%] [34m[1mGenerating C type support for eProsima Fast-RTPS[0m
[1.517s] [ 23%] [34m[1mGenerating C type support dispatch for ROS interfaces[0m
[1.517s] [ 25%] [34m[1mGenerating C introspection for ROS interfaces[0m
[1.671s] [ 29%] [32mBuilding CXX object CMakeFiles/micro_ros_msgs__rosidl_typesupport_introspection_cpp.dir/rosidl_typesupport_introspection_cpp/micro_ros_msgs/msg/detail/graph__type_support.cpp.o[0m
[1.671s] [ 29%] [32mBuilding CXX object CMakeFiles/micro_ros_msgs__rosidl_typesupport_introspection_cpp.dir/rosidl_typesupport_introspection_cpp/micro_ros_msgs/msg/detail/entity__type_support.cpp.o[0m
[1.671s] [ 31%] [32mBuilding CXX object CMakeFiles/micro_ros_msgs__rosidl_typesupport_introspection_cpp.dir/rosidl_typesupport_introspection_cpp/micro_ros_msgs/msg/detail/node__type_support.cpp.o[0m
[1.681s] [ 36%] [32mBuilding CXX object CMakeFiles/micro_ros_msgs__rosidl_typesupport_fastrtps_cpp.dir/rosidl_typesupport_fastrtps_cpp/micro_ros_msgs/msg/detail/dds_fastrtps/graph__type_support.cpp.o[0m
[1.681s] [ 36%] [32mBuilding CXX object CMakeFiles/micro_ros_msgs__rosidl_typesupport_fastrtps_cpp.dir/rosidl_typesupport_fastrtps_cpp/micro_ros_msgs/msg/detail/dds_fastrtps/node__type_support.cpp.o[0m
[1.683s] [ 38%] [32mBuilding CXX object CMakeFiles/micro_ros_msgs__rosidl_typesupport_fastrtps_cpp.dir/rosidl_typesupport_fastrtps_cpp/micro_ros_msgs/msg/detail/dds_fastrtps/entity__type_support.cpp.o[0m
[1.692s] [ 42%] [32mBuilding CXX object CMakeFiles/micro_ros_msgs__rosidl_typesupport_cpp.dir/rosidl_typesupport_cpp/micro_ros_msgs/msg/entity__type_support.cpp.o[0m
[1.692s] [ 42%] [32mBuilding CXX object CMakeFiles/micro_ros_msgs__rosidl_typesupport_cpp.dir/rosidl_typesupport_cpp/micro_ros_msgs/msg/node__type_support.cpp.o[0m
[1.693s] [ 44%] [32mBuilding CXX object CMakeFiles/micro_ros_msgs__rosidl_typesupport_cpp.dir/rosidl_typesupport_cpp/micro_ros_msgs/msg/graph__type_support.cpp.o[0m
[1.780s] [ 46%] [32mBuilding CXX object CMakeFiles/micro_ros_msgs__rosidl_typesupport_fastrtps_c.dir/rosidl_typesupport_fastrtps_c/micro_ros_msgs/msg/detail/graph__type_support_c.cpp.o[0m
[1.780s] [ 48%] [32mBuilding CXX object CMakeFiles/micro_ros_msgs__rosidl_typesupport_fastrtps_c.dir/rosidl_typesupport_fastrtps_c/micro_ros_msgs/msg/detail/entity__type_support_c.cpp.o[0m
[1.780s] [ 51%] [32mBuilding CXX object CMakeFiles/micro_ros_msgs__rosidl_typesupport_fastrtps_c.dir/rosidl_typesupport_fastrtps_c/micro_ros_msgs/msg/detail/node__type_support_c.cpp.o[0m
[1.797s] [ 53%] [32mBuilding CXX object CMakeFiles/micro_ros_msgs__rosidl_typesupport_c.dir/rosidl_typesupport_c/micro_ros_msgs/msg/graph__type_support.cpp.o[0m
[1.798s] [ 55%] [32mBuilding CXX object CMakeFiles/micro_ros_msgs__rosidl_typesupport_c.dir/rosidl_typesupport_c/micro_ros_msgs/msg/entity__type_support.cpp.o[0m
[1.798s] [ 57%] [32mBuilding CXX object CMakeFiles/micro_ros_msgs__rosidl_typesupport_c.dir/rosidl_typesupport_c/micro_ros_msgs/msg/node__type_support.cpp.o[0m
[1.825s] [ 59%] [32m[1mLinking CXX shared library libmicro_ros_msgs__rosidl_typesupport_c.so[0m
[1.829s] [ 65%] [32mBuilding C object CMakeFiles/micro_ros_msgs__rosidl_typesupport_introspection_c.dir/rosidl_typesupport_introspection_c/micro_ros_msgs/msg/detail/graph__type_support.c.o[0m
[1.829s] [ 65%] [32mBuilding C object CMakeFiles/micro_ros_msgs__rosidl_typesupport_introspection_c.dir/rosidl_typesupport_introspection_c/micro_ros_msgs/msg/detail/entity__type_support.c.o[0m
[1.829s] [ 65%] [32mBuilding C object CMakeFiles/micro_ros_msgs__rosidl_typesupport_introspection_c.dir/rosidl_typesupport_introspection_c/micro_ros_msgs/msg/detail/node__type_support.c.o[0m
[1.858s] [ 65%] Built target micro_ros_msgs__rosidl_typesupport_c
[1.866s] [ 68%] [32m[1mLinking C shared library libmicro_ros_msgs__rosidl_typesupport_introspection_c.so[0m
[1.883s] [ 68%] Built target micro_ros_msgs__rosidl_typesupport_introspection_c
[1.950s] [ 70%] [32m[1mLinking CXX shared library libmicro_ros_msgs__rosidl_typesupport_cpp.so[0m
[1.987s] [ 70%] Built target micro_ros_msgs__rosidl_typesupport_cpp
[2.077s] [ 72%] [32m[1mLinking CXX shared library libmicro_ros_msgs__rosidl_typesupport_fastrtps_cpp.so[0m
[2.079s] [ 74%] [32m[1mLinking CXX shared library libmicro_ros_msgs__rosidl_typesupport_introspection_cpp.so[0m
[2.080s] [ 76%] [32m[1mLinking CXX shared library libmicro_ros_msgs__rosidl_typesupport_fastrtps_c.so[0m
[2.133s] [ 76%] Built target micro_ros_msgs__rosidl_typesupport_fastrtps_c
[2.134s] [ 76%] Built target micro_ros_msgs__rosidl_typesupport_fastrtps_cpp
[2.134s] [ 76%] Built target micro_ros_msgs__rosidl_typesupport_introspection_cpp
[2.149s] [ 76%] Built target micro_ros_msgs
[2.163s] [ 78%] [34m[1mGenerating Python code for ROS interfaces[0m
[2.527s] [ 78%] Built target micro_ros_msgs__py
[2.544s] [ 80%] [32mBuilding C object CMakeFiles/micro_ros_msgs__rosidl_generator_py.dir/rosidl_generator_py/micro_ros_msgs/msg/_graph_s.c.o[0m
[2.545s] [ 82%] [32mBuilding C object CMakeFiles/micro_ros_msgs__rosidl_generator_py.dir/rosidl_generator_py/micro_ros_msgs/msg/_node_s.c.o[0m
[2.545s] [ 85%] [32mBuilding C object CMakeFiles/micro_ros_msgs__rosidl_generator_py.dir/rosidl_generator_py/micro_ros_msgs/msg/_entity_s.c.o[0m
[2.618s] [ 87%] [32m[1mLinking C shared library rosidl_generator_py/micro_ros_msgs/libmicro_ros_msgs__rosidl_generator_py.so[0m
[2.647s] [ 87%] Built target micro_ros_msgs__rosidl_generator_py
[2.663s] [ 89%] [32mBuilding C object CMakeFiles/micro_ros_msgs__rosidl_typesupport_introspection_c__pyext.dir/rosidl_generator_py/micro_ros_msgs/_micro_ros_msgs_s.ep.rosidl_typesupport_introspection_c.c.o[0m
[2.663s] [ 91%] [32mBuilding C object CMakeFiles/micro_ros_msgs__rosidl_typesupport_fastrtps_c__pyext.dir/rosidl_generator_py/micro_ros_msgs/_micro_ros_msgs_s.ep.rosidl_typesupport_fastrtps_c.c.o[0m
[2.663s] [ 93%] [32mBuilding C object CMakeFiles/micro_ros_msgs__rosidl_typesupport_c__pyext.dir/rosidl_generator_py/micro_ros_msgs/_micro_ros_msgs_s.ep.rosidl_typesupport_c.c.o[0m
[2.721s] [ 95%] [32m[1mLinking C shared library rosidl_generator_py/micro_ros_msgs/micro_ros_msgs_s__rosidl_typesupport_c.cpython-310-x86_64-linux-gnu.so[0m
[2.727s] [ 97%] [32m[1mLinking C shared library rosidl_generator_py/micro_ros_msgs/micro_ros_msgs_s__rosidl_typesupport_introspection_c.cpython-310-x86_64-linux-gnu.so[0m
[2.738s] [100%] [32m[1mLinking C shared library rosidl_generator_py/micro_ros_msgs/micro_ros_msgs_s__rosidl_typesupport_fastrtps_c.cpython-310-x86_64-linux-gnu.so[0m
[2.745s] [100%] Built target micro_ros_msgs__rosidl_typesupport_c__pyext
[2.754s] [100%] Built target micro_ros_msgs__rosidl_typesupport_introspection_c__pyext
[2.765s] [100%] Built target micro_ros_msgs__rosidl_typesupport_fastrtps_c__pyext
[2.774s] Invoked command in '/home/kanye/Documents/visionaid/microros_ws/build/micro_ros_msgs' returned '0': CMAKE_PREFIX_PATH=${CMAKE_PREFIX_PATH}:/opt/ros/humble /usr/bin/cmake --build /home/kanye/Documents/visionaid/microros_ws/build/micro_ros_msgs -- -j28 -l28
[2.776s] Invoking command in '/home/kanye/Documents/visionaid/microros_ws/build/micro_ros_msgs': CMAKE_PREFIX_PATH=${CMAKE_PREFIX_PATH}:/opt/ros/humble /usr/bin/cmake --install /home/kanye/Documents/visionaid/microros_ws/build/micro_ros_msgs
[2.786s] -- Install configuration: ""
[2.786s] -- Installing: /home/kanye/Documents/visionaid/microros_ws/install/micro_ros_msgs/share/ament_index/resource_index/rosidl_interfaces/micro_ros_msgs
[2.786s] -- Installing: /home/kanye/Documents/visionaid/microros_ws/install/micro_ros_msgs/include/micro_ros_msgs/micro_ros_msgs
[2.786s] -- Installing: /home/kanye/Documents/visionaid/microros_ws/install/micro_ros_msgs/include/micro_ros_msgs/micro_ros_msgs/msg
[2.786s] -- Installing: /home/kanye/Documents/visionaid/microros_ws/install/micro_ros_msgs/include/micro_ros_msgs/micro_ros_msgs/msg/graph.h
[2.787s] -- Installing: /home/kanye/Documents/visionaid/microros_ws/install/micro_ros_msgs/include/micro_ros_msgs/micro_ros_msgs/msg/rosidl_generator_c__visibility_control.h
[2.787s] -- Installing: /home/kanye/Documents/visionaid/microros_ws/install/micro_ros_msgs/include/micro_ros_msgs/micro_ros_msgs/msg/entity.h
[2.787s] -- Installing: /home/kanye/Documents/visionaid/microros_ws/install/micro_ros_msgs/include/micro_ros_msgs/micro_ros_msgs/msg/detail
[2.787s] -- Installing: /home/kanye/Documents/visionaid/microros_ws/install/micro_ros_msgs/include/micro_ros_msgs/micro_ros_msgs/msg/detail/node__type_support.h
[2.787s] -- Installing: /home/kanye/Documents/visionaid/microros_ws/install/micro_ros_msgs/include/micro_ros_msgs/micro_ros_msgs/msg/detail/entity__struct.h
[2.787s] -- Installing: /home/kanye/Documents/visionaid/microros_ws/install/micro_ros_msgs/include/micro_ros_msgs/micro_ros_msgs/msg/detail/node__functions.h
[2.787s] -- Installing: /home/kanye/Documents/visionaid/microros_ws/install/micro_ros_msgs/include/micro_ros_msgs/micro_ros_msgs/msg/detail/node__functions.c
[2.787s] -- Installing: /home/kanye/Documents/visionaid/microros_ws/install/micro_ros_msgs/include/micro_ros_msgs/micro_ros_msgs/msg/detail/entity__type_support.h
[2.787s] -- Installing: /home/kanye/Documents/visionaid/microros_ws/install/micro_ros_msgs/include/micro_ros_msgs/micro_ros_msgs/msg/detail/graph__struct.h
[2.788s] -- Installing: /home/kanye/Documents/visionaid/microros_ws/install/micro_ros_msgs/include/micro_ros_msgs/micro_ros_msgs/msg/detail/node__struct.h
[2.788s] -- Installing: /home/kanye/Documents/visionaid/microros_ws/install/micro_ros_msgs/include/micro_ros_msgs/micro_ros_msgs/msg/detail/graph__type_support.h
[2.788s] -- Installing: /home/kanye/Documents/visionaid/microros_ws/install/micro_ros_msgs/include/micro_ros_msgs/micro_ros_msgs/msg/detail/graph__functions.c
[2.788s] -- Installing: /home/kanye/Documents/visionaid/microros_ws/install/micro_ros_msgs/include/micro_ros_msgs/micro_ros_msgs/msg/detail/entity__functions.c
[2.788s] -- Installing: /home/kanye/Documents/visionaid/microros_ws/install/micro_ros_msgs/include/micro_ros_msgs/micro_ros_msgs/msg/detail/entity__functions.h
[2.788s] -- Installing: /home/kanye/Documents/visionaid/microros_ws/install/micro_ros_msgs/include/micro_ros_msgs/micro_ros_msgs/msg/detail/graph__functions.h
[2.788s] -- Installing: /home/kanye/Documents/visionaid/microros_ws/install/micro_ros_msgs/include/micro_ros_msgs/micro_ros_msgs/msg/node.h
[2.788s] -- Installing: /home/kanye/Documents/visionaid/microros_ws/install/micro_ros_msgs/share/micro_ros_msgs/environment/library_path.sh
[2.788s] -- Installing: /home/kanye/Documents/visionaid/microros_ws/install/micro_ros_msgs/share/micro_ros_msgs/environment/library_path.dsv
[2.788s] -- Installing: /home/kanye/Documents/visionaid/microros_ws/install/micro_ros_msgs/lib/libmicro_ros_msgs__rosidl_generator_c.so
[2.788s] -- Set runtime path of "/home/kanye/Documents/visionaid/microros_ws/install/micro_ros_msgs/lib/libmicro_ros_msgs__rosidl_generator_c.so" to ""
[2.789s] -- Up-to-date: /home/kanye/Documents/visionaid/microros_ws/install/micro_ros_msgs/include/micro_ros_msgs/micro_ros_msgs
[2.789s] -- Up-to-date: /home/kanye/Documents/visionaid/microros_ws/install/micro_ros_msgs/include/micro_ros_msgs/micro_ros_msgs/msg
[2.789s] -- Installing: /home/kanye/Documents/visionaid/microros_ws/install/micro_ros_msgs/include/micro_ros_msgs/micro_ros_msgs/msg/rosidl_typesupport_fastrtps_c__visibility_control.h
[2.789s] -- Up-to-date: /home/kanye/Documents/visionaid/microros_ws/install/micro_ros_msgs/include/micro_ros_msgs/micro_ros_msgs/msg/detail
[2.789s] -- Installing: /home/kanye/Documents/visionaid/microros_ws/install/micro_ros_msgs/include/micro_ros_msgs/micro_ros_msgs/msg/detail/graph__rosidl_typesupport_fastrtps_c.h
[2.789s] -- Installing: /home/kanye/Documents/visionaid/microros_ws/install/micro_ros_msgs/include/micro_ros_msgs/micro_ros_msgs/msg/detail/entity__rosidl_typesupport_fastrtps_c.h
[2.789s] -- Installing: /home/kanye/Documents/visionaid/microros_ws/install/micro_ros_msgs/include/micro_ros_msgs/micro_ros_msgs/msg/detail/node__rosidl_typesupport_fastrtps_c.h
[2.789s] -- Installing: /home/kanye/Documents/visionaid/microros_ws/install/micro_ros_msgs/lib/libmicro_ros_msgs__rosidl_typesupport_fastrtps_c.so
[2.789s] -- Set runtime path of "/home/kanye/Documents/visionaid/microros_ws/install/micro_ros_msgs/lib/libmicro_ros_msgs__rosidl_typesupport_fastrtps_c.so" to ""
[2.790s] -- Up-to-date: /home/kanye/Documents/visionaid/microros_ws/install/micro_ros_msgs/include/micro_ros_msgs/micro_ros_msgs
[2.790s] -- Up-to-date: /home/kanye/Documents/visionaid/microros_ws/install/micro_ros_msgs/include/micro_ros_msgs/micro_ros_msgs/msg
[2.790s] -- Installing: /home/kanye/Documents/visionaid/microros_ws/install/micro_ros_msgs/include/micro_ros_msgs/micro_ros_msgs/msg/rosidl_typesupport_introspection_c__visibility_control.h
[2.790s] -- Up-to-date: /home/kanye/Documents/visionaid/microros_ws/install/micro_ros_msgs/include/micro_ros_msgs/micro_ros_msgs/msg/detail
[2.790s] -- Installing: /home/kanye/Documents/visionaid/microros_ws/install/micro_ros_msgs/include/micro_ros_msgs/micro_ros_msgs/msg/detail/graph__rosidl_typesupport_introspection_c.h
[2.790s] -- Installing: /home/kanye/Documents/visionaid/microros_ws/install/micro_ros_msgs/include/micro_ros_msgs/micro_ros_msgs/msg/detail/entity__type_support.c
[2.790s] -- Installing: /home/kanye/Documents/visionaid/microros_ws/install/micro_ros_msgs/include/micro_ros_msgs/micro_ros_msgs/msg/detail/graph__type_support.c
[2.790s] -- Installing: /home/kanye/Documents/visionaid/microros_ws/install/micro_ros_msgs/include/micro_ros_msgs/micro_ros_msgs/msg/detail/entity__rosidl_typesupport_introspection_c.h
[2.791s] -- Installing: /home/kanye/Documents/visionaid/microros_ws/install/micro_ros_msgs/include/micro_ros_msgs/micro_ros_msgs/msg/detail/node__type_support.c
[2.791s] -- Installing: /home/kanye/Documents/visionaid/microros_ws/install/micro_ros_msgs/include/micro_ros_msgs/micro_ros_msgs/msg/detail/node__rosidl_typesupport_introspection_c.h
[2.791s] -- Installing: /home/kanye/Documents/visionaid/microros_ws/install/micro_ros_msgs/lib/libmicro_ros_msgs__rosidl_typesupport_introspection_c.so
[2.791s] -- Set runtime path of "/home/kanye/Documents/visionaid/microros_ws/install/micro_ros_msgs/lib/libmicro_ros_msgs__rosidl_typesupport_introspection_c.so" to ""
[2.791s] -- Installing: /home/kanye/Documents/visionaid/microros_ws/install/micro_ros_msgs/lib/libmicro_ros_msgs__rosidl_typesupport_c.so
[2.791s] -- Set runtime path of "/home/kanye/Documents/visionaid/microros_ws/install/micro_ros_msgs/lib/libmicro_ros_msgs__rosidl_typesupport_c.so" to ""
[2.791s] -- Up-to-date: /home/kanye/Documents/visionaid/microros_ws/install/micro_ros_msgs/include/micro_ros_msgs/micro_ros_msgs
[2.791s] -- Up-to-date: /home/kanye/Documents/visionaid/microros_ws/install/micro_ros_msgs/include/micro_ros_msgs/micro_ros_msgs/msg
[2.791s] -- Installing: /home/kanye/Documents/visionaid/microros_ws/install/micro_ros_msgs/include/micro_ros_msgs/micro_ros_msgs/msg/rosidl_generator_cpp__visibility_control.hpp
[2.791s] -- Installing: /home/kanye/Documents/visionaid/microros_ws/install/micro_ros_msgs/include/micro_ros_msgs/micro_ros_msgs/msg/entity.hpp
[2.791s] -- Installing: /home/kanye/Documents/visionaid/microros_ws/install/micro_ros_msgs/include/micro_ros_msgs/micro_ros_msgs/msg/node.hpp
[2.791s] -- Up-to-date: /home/kanye/Documents/visionaid/microros_ws/install/micro_ros_msgs/include/micro_ros_msgs/micro_ros_msgs/msg/detail
[2.791s] -- Installing: /home/kanye/Documents/visionaid/microros_ws/install/micro_ros_msgs/include/micro_ros_msgs/micro_ros_msgs/msg/detail/entity__builder.hpp
[2.791s] -- Installing: /home/kanye/Documents/visionaid/microros_ws/install/micro_ros_msgs/include/micro_ros_msgs/micro_ros_msgs/msg/detail/entity__type_support.hpp
[2.791s] -- Installing: /home/kanye/Documents/visionaid/microros_ws/install/micro_ros_msgs/include/micro_ros_msgs/micro_ros_msgs/msg/detail/node__type_support.hpp
[2.791s] -- Installing: /home/kanye/Documents/visionaid/microros_ws/install/micro_ros_msgs/include/micro_ros_msgs/micro_ros_msgs/msg/detail/entity__struct.hpp
[2.792s] -- Installing: /home/kanye/Documents/visionaid/microros_ws/install/micro_ros_msgs/include/micro_ros_msgs/micro_ros_msgs/msg/detail/node__traits.hpp
[2.792s] -- Installing: /home/kanye/Documents/visionaid/microros_ws/install/micro_ros_msgs/include/micro_ros_msgs/micro_ros_msgs/msg/detail/graph__type_support.hpp
[2.792s] -- Installing: /home/kanye/Documents/visionaid/microros_ws/install/micro_ros_msgs/include/micro_ros_msgs/micro_ros_msgs/msg/detail/node__struct.hpp
[2.792s] -- Installing: /home/kanye/Documents/visionaid/microros_ws/install/micro_ros_msgs/include/micro_ros_msgs/micro_ros_msgs/msg/detail/node__builder.hpp
[2.792s] -- Installing: /home/kanye/Documents/visionaid/microros_ws/install/micro_ros_msgs/include/micro_ros_msgs/micro_ros_msgs/msg/detail/graph__traits.hpp
[2.792s] -- Installing: /home/kanye/Documents/visionaid/microros_ws/install/micro_ros_msgs/include/micro_ros_msgs/micro_ros_msgs/msg/detail/graph__builder.hpp
[2.792s] -- Installing: /home/kanye/Documents/visionaid/microros_ws/install/micro_ros_msgs/include/micro_ros_msgs/micro_ros_msgs/msg/detail/entity__traits.hpp
[2.792s] -- Installing: /home/kanye/Documents/visionaid/microros_ws/install/micro_ros_msgs/include/micro_ros_msgs/micro_ros_msgs/msg/detail/graph__struct.hpp
[2.792s] -- Installing: /home/kanye/Documents/visionaid/microros_ws/install/micro_ros_msgs/include/micro_ros_msgs/micro_ros_msgs/msg/graph.hpp
[2.792s] -- Up-to-date: /home/kanye/Documents/visionaid/microros_ws/install/micro_ros_msgs/include/micro_ros_msgs/micro_ros_msgs
[2.792s] -- Up-to-date: /home/kanye/Documents/visionaid/microros_ws/install/micro_ros_msgs/include/micro_ros_msgs/micro_ros_msgs/msg
[2.792s] -- Installing: /home/kanye/Documents/visionaid/microros_ws/install/micro_ros_msgs/include/micro_ros_msgs/micro_ros_msgs/msg/rosidl_typesupport_fastrtps_cpp__visibility_control.h
[2.792s] -- Up-to-date: /home/kanye/Documents/visionaid/microros_ws/install/micro_ros_msgs/include/micro_ros_msgs/micro_ros_msgs/msg/detail
[2.792s] -- Installing: /home/kanye/Documents/visionaid/microros_ws/install/micro_ros_msgs/include/micro_ros_msgs/micro_ros_msgs/msg/detail/dds_fastrtps
[2.792s] -- Installing: /home/kanye/Documents/visionaid/microros_ws/install/micro_ros_msgs/include/micro_ros_msgs/micro_ros_msgs/msg/detail/node__rosidl_typesupport_fastrtps_cpp.hpp
[2.792s] -- Installing: /home/kanye/Documents/visionaid/microros_ws/install/micro_ros_msgs/include/micro_ros_msgs/micro_ros_msgs/msg/detail/graph__rosidl_typesupport_fastrtps_cpp.hpp
[2.792s] -- Installing: /home/kanye/Documents/visionaid/microros_ws/install/micro_ros_msgs/include/micro_ros_msgs/micro_ros_msgs/msg/detail/entity__rosidl_typesupport_fastrtps_cpp.hpp
[2.792s] -- Installing: /home/kanye/Documents/visionaid/microros_ws/install/micro_ros_msgs/lib/libmicro_ros_msgs__rosidl_typesupport_fastrtps_cpp.so
[2.792s] -- Set runtime path of "/home/kanye/Documents/visionaid/microros_ws/install/micro_ros_msgs/lib/libmicro_ros_msgs__rosidl_typesupport_fastrtps_cpp.so" to ""
[2.792s] -- Up-to-date: /home/kanye/Documents/visionaid/microros_ws/install/micro_ros_msgs/include/micro_ros_msgs/micro_ros_msgs
[2.792s] -- Up-to-date: /home/kanye/Documents/visionaid/microros_ws/install/micro_ros_msgs/include/micro_ros_msgs/micro_ros_msgs/msg
[2.793s] -- Up-to-date: /home/kanye/Documents/visionaid/microros_ws/install/micro_ros_msgs/include/micro_ros_msgs/micro_ros_msgs/msg/detail
[2.793s] -- Installing: /home/kanye/Documents/visionaid/microros_ws/install/micro_ros_msgs/include/micro_ros_msgs/micro_ros_msgs/msg/detail/entity__rosidl_typesupport_introspection_cpp.hpp
[2.793s] -- Installing: /home/kanye/Documents/visionaid/microros_ws/install/micro_ros_msgs/include/micro_ros_msgs/micro_ros_msgs/msg/detail/graph__type_support.cpp
[2.793s] -- Installing: /home/kanye/Documents/visionaid/microros_ws/install/micro_ros_msgs/include/micro_ros_msgs/micro_ros_msgs/msg/detail/graph__rosidl_typesupport_introspection_cpp.hpp
[2.793s] -- Installing: /home/kanye/Documents/visionaid/microros_ws/install/micro_ros_msgs/include/micro_ros_msgs/micro_ros_msgs/msg/detail/entity__type_support.cpp
[2.793s] -- Installing: /home/kanye/Documents/visionaid/microros_ws/install/micro_ros_msgs/include/micro_ros_msgs/micro_ros_msgs/msg/detail/node__type_support.cpp
[2.793s] -- Installing: /home/kanye/Documents/visionaid/microros_ws/install/micro_ros_msgs/include/micro_ros_msgs/micro_ros_msgs/msg/detail/node__rosidl_typesupport_introspection_cpp.hpp
[2.793s] -- Installing: /home/kanye/Documents/visionaid/microros_ws/install/micro_ros_msgs/lib/libmicro_ros_msgs__rosidl_typesupport_introspection_cpp.so
[2.793s] -- Set runtime path of "/home/kanye/Documents/visionaid/microros_ws/install/micro_ros_msgs/lib/libmicro_ros_msgs__rosidl_typesupport_introspection_cpp.so" to ""
[2.793s] -- Installing: /home/kanye/Documents/visionaid/microros_ws/install/micro_ros_msgs/lib/libmicro_ros_msgs__rosidl_typesupport_cpp.so
[2.793s] -- Set runtime path of "/home/kanye/Documents/visionaid/microros_ws/install/micro_ros_msgs/lib/libmicro_ros_msgs__rosidl_typesupport_cpp.so" to ""
[2.793s] -- Installing: /home/kanye/Documents/visionaid/microros_ws/install/micro_ros_msgs/share/micro_ros_msgs/environment/pythonpath.sh
[2.793s] -- Installing: /home/kanye/Documents/visionaid/microros_ws/install/micro_ros_msgs/share/micro_ros_msgs/environment/pythonpath.dsv
[2.793s] -- Installing: /home/kanye/Documents/visionaid/microros_ws/install/micro_ros_msgs/local/lib/python3.10/dist-packages/micro_ros_msgs-3.0.1-py3.10.egg-info
[2.793s] -- Installing: /home/kanye/Documents/visionaid/microros_ws/install/micro_ros_msgs/local/lib/python3.10/dist-packages/micro_ros_msgs-3.0.1-py3.10.egg-info/PKG-INFO
[2.793s] -- Installing: /home/kanye/Documents/visionaid/microros_ws/install/micro_ros_msgs/local/lib/python3.10/dist-packages/micro_ros_msgs-3.0.1-py3.10.egg-info/top_level.txt
[2.793s] -- Installing: /home/kanye/Documents/visionaid/microros_ws/install/micro_ros_msgs/local/lib/python3.10/dist-packages/micro_ros_msgs-3.0.1-py3.10.egg-info/dependency_links.txt
[2.793s] -- Installing: /home/kanye/Documents/visionaid/microros_ws/install/micro_ros_msgs/local/lib/python3.10/dist-packages/micro_ros_msgs-3.0.1-py3.10.egg-info/SOURCES.txt
[2.793s] -- Installing: /home/kanye/Documents/visionaid/microros_ws/install/micro_ros_msgs/local/lib/python3.10/dist-packages/micro_ros_msgs
[2.793s] -- Installing: /home/kanye/Documents/visionaid/microros_ws/install/micro_ros_msgs/local/lib/python3.10/dist-packages/micro_ros_msgs/_micro_ros_msgs_s.ep.rosidl_typesupport_c.c
[2.793s] -- Installing: /home/kanye/Documents/visionaid/microros_ws/install/micro_ros_msgs/local/lib/python3.10/dist-packages/micro_ros_msgs/__init__.py
[2.793s] -- Installing: /home/kanye/Documents/visionaid/microros_ws/install/micro_ros_msgs/local/lib/python3.10/dist-packages/micro_ros_msgs/micro_ros_msgs_s__rosidl_typesupport_introspection_c.cpython-310-x86_64-linux-gnu.so
[2.793s] -- Installing: /home/kanye/Documents/visionaid/microros_ws/install/micro_ros_msgs/local/lib/python3.10/dist-packages/micro_ros_msgs/_micro_ros_msgs_s.ep.rosidl_typesupport_fastrtps_c.c
[2.793s] -- Installing: /home/kanye/Documents/visionaid/microros_ws/install/micro_ros_msgs/local/lib/python3.10/dist-packages/micro_ros_msgs/micro_ros_msgs_s__rosidl_typesupport_c.cpython-310-x86_64-linux-gnu.so
[2.794s] -- Installing: /home/kanye/Documents/visionaid/microros_ws/install/micro_ros_msgs/local/lib/python3.10/dist-packages/micro_ros_msgs/micro_ros_msgs_s__rosidl_typesupport_fastrtps_c.cpython-310-x86_64-linux-gnu.so
[2.794s] -- Installing: /home/kanye/Documents/visionaid/microros_ws/install/micro_ros_msgs/local/lib/python3.10/dist-packages/micro_ros_msgs/msg
[2.794s] -- Installing: /home/kanye/Documents/visionaid/microros_ws/install/micro_ros_msgs/local/lib/python3.10/dist-packages/micro_ros_msgs/msg/_graph.py
[2.794s] -- Installing: /home/kanye/Documents/visionaid/microros_ws/install/micro_ros_msgs/local/lib/python3.10/dist-packages/micro_ros_msgs/msg/_node.py
[2.794s] -- Installing: /home/kanye/Documents/visionaid/microros_ws/install/micro_ros_msgs/local/lib/python3.10/dist-packages/micro_ros_msgs/msg/__init__.py
[2.794s] -- Installing: /home/kanye/Documents/visionaid/microros_ws/install/micro_ros_msgs/local/lib/python3.10/dist-packages/micro_ros_msgs/msg/_node_s.c
[2.794s] -- Installing: /home/kanye/Documents/visionaid/microros_ws/install/micro_ros_msgs/local/lib/python3.10/dist-packages/micro_ros_msgs/msg/_graph_s.c
[2.794s] -- Installing: /home/kanye/Documents/visionaid/microros_ws/install/micro_ros_msgs/local/lib/python3.10/dist-packages/micro_ros_msgs/msg/_entity.py
[2.794s] -- Installing: /home/kanye/Documents/visionaid/microros_ws/install/micro_ros_msgs/local/lib/python3.10/dist-packages/micro_ros_msgs/msg/_entity_s.c
[2.794s] -- Installing: /home/kanye/Documents/visionaid/microros_ws/install/micro_ros_msgs/local/lib/python3.10/dist-packages/micro_ros_msgs/_micro_ros_msgs_s.ep.rosidl_typesupport_introspection_c.c
[2.794s] -- Installing: /home/kanye/Documents/visionaid/microros_ws/install/micro_ros_msgs/local/lib/python3.10/dist-packages/micro_ros_msgs/libmicro_ros_msgs__rosidl_generator_py.so
[2.818s] Listing '/home/kanye/Documents/visionaid/microros_ws/install/micro_ros_msgs/local/lib/python3.10/dist-packages/micro_ros_msgs'...
[2.818s] Compiling '/home/kanye/Documents/visionaid/microros_ws/install/micro_ros_msgs/local/lib/python3.10/dist-packages/micro_ros_msgs/__init__.py'...
[2.818s] Listing '/home/kanye/Documents/visionaid/microros_ws/install/micro_ros_msgs/local/lib/python3.10/dist-packages/micro_ros_msgs/msg'...
[2.818s] Compiling '/home/kanye/Documents/visionaid/microros_ws/install/micro_ros_msgs/local/lib/python3.10/dist-packages/micro_ros_msgs/msg/__init__.py'...
[2.818s] Compiling '/home/kanye/Documents/visionaid/microros_ws/install/micro_ros_msgs/local/lib/python3.10/dist-packages/micro_ros_msgs/msg/_entity.py'...
[2.818s] Compiling '/home/kanye/Documents/visionaid/microros_ws/install/micro_ros_msgs/local/lib/python3.10/dist-packages/micro_ros_msgs/msg/_graph.py'...
[2.818s] Compiling '/home/kanye/Documents/visionaid/microros_ws/install/micro_ros_msgs/local/lib/python3.10/dist-packages/micro_ros_msgs/msg/_node.py'...
[2.821s] -- Installing: /home/kanye/Documents/visionaid/microros_ws/install/micro_ros_msgs/local/lib/python3.10/dist-packages/micro_ros_msgs/micro_ros_msgs_s__rosidl_typesupport_fastrtps_c.cpython-310-x86_64-linux-gnu.so
[2.821s] -- Set runtime path of "/home/kanye/Documents/visionaid/microros_ws/install/micro_ros_msgs/local/lib/python3.10/dist-packages/micro_ros_msgs/micro_ros_msgs_s__rosidl_typesupport_fastrtps_c.cpython-310-x86_64-linux-gnu.so" to ""
[2.821s] -- Installing: /home/kanye/Documents/visionaid/microros_ws/install/micro_ros_msgs/local/lib/python3.10/dist-packages/micro_ros_msgs/micro_ros_msgs_s__rosidl_typesupport_introspection_c.cpython-310-x86_64-linux-gnu.so
[2.821s] -- Set runtime path of "/home/kanye/Documents/visionaid/microros_ws/install/micro_ros_msgs/local/lib/python3.10/dist-packages/micro_ros_msgs/micro_ros_msgs_s__rosidl_typesupport_introspection_c.cpython-310-x86_64-linux-gnu.so" to ""
[2.822s] -- Installing: /home/kanye/Documents/visionaid/microros_ws/install/micro_ros_msgs/local/lib/python3.10/dist-packages/micro_ros_msgs/micro_ros_msgs_s__rosidl_typesupport_c.cpython-310-x86_64-linux-gnu.so
[2.822s] -- Set runtime path of "/home/kanye/Documents/visionaid/microros_ws/install/micro_ros_msgs/local/lib/python3.10/dist-packages/micro_ros_msgs/micro_ros_msgs_s__rosidl_typesupport_c.cpython-310-x86_64-linux-gnu.so" to ""
[2.822s] -- Installing: /home/kanye/Documents/visionaid/microros_ws/install/micro_ros_msgs/lib/libmicro_ros_msgs__rosidl_generator_py.so
[2.822s] -- Set runtime path of "/home/kanye/Documents/visionaid/microros_ws/install/micro_ros_msgs/lib/libmicro_ros_msgs__rosidl_generator_py.so" to ""
[2.822s] -- Installing: /home/kanye/Documents/visionaid/microros_ws/install/micro_ros_msgs/share/micro_ros_msgs/msg/Graph.idl
[2.822s] -- Installing: /home/kanye/Documents/visionaid/microros_ws/install/micro_ros_msgs/share/micro_ros_msgs/msg/Node.idl
[2.822s] -- Installing: /home/kanye/Documents/visionaid/microros_ws/install/micro_ros_msgs/share/micro_ros_msgs/msg/Entity.idl
[2.822s] -- Installing: /home/kanye/Documents/visionaid/microros_ws/install/micro_ros_msgs/share/micro_ros_msgs/msg/Graph.msg
[2.822s] -- Installing: /home/kanye/Documents/visionaid/microros_ws/install/micro_ros_msgs/share/micro_ros_msgs/msg/Node.msg
[2.822s] -- Installing: /home/kanye/Documents/visionaid/microros_ws/install/micro_ros_msgs/share/micro_ros_msgs/msg/Entity.msg
[2.822s] -- Installing: /home/kanye/Documents/visionaid/microros_ws/install/micro_ros_msgs/share/ament_index/resource_index/package_run_dependencies/micro_ros_msgs
[2.822s] -- Installing: /home/kanye/Documents/visionaid/microros_ws/install/micro_ros_msgs/share/ament_index/resource_index/parent_prefix_path/micro_ros_msgs
[2.822s] -- Installing: /home/kanye/Documents/visionaid/microros_ws/install/micro_ros_msgs/share/micro_ros_msgs/environment/ament_prefix_path.sh
[2.822s] -- Installing: /home/kanye/Documents/visionaid/microros_ws/install/micro_ros_msgs/share/micro_ros_msgs/environment/ament_prefix_path.dsv
[2.822s] -- Installing: /home/kanye/Documents/visionaid/microros_ws/install/micro_ros_msgs/share/micro_ros_msgs/environment/path.sh
[2.822s] -- Installing: /home/kanye/Documents/visionaid/microros_ws/install/micro_ros_msgs/share/micro_ros_msgs/environment/path.dsv
[2.822s] -- Installing: /home/kanye/Documents/visionaid/microros_ws/install/micro_ros_msgs/share/micro_ros_msgs/local_setup.bash
[2.822s] -- Installing: /home/kanye/Documents/visionaid/microros_ws/install/micro_ros_msgs/share/micro_ros_msgs/local_setup.sh
[2.822s] -- Installing: /home/kanye/Documents/visionaid/microros_ws/install/micro_ros_msgs/share/micro_ros_msgs/local_setup.zsh
[2.822s] -- Installing: /home/kanye/Documents/visionaid/microros_ws/install/micro_ros_msgs/share/micro_ros_msgs/local_setup.dsv
[2.822s] -- Installing: /home/kanye/Documents/visionaid/microros_ws/install/micro_ros_msgs/share/micro_ros_msgs/package.dsv
[2.822s] -- Installing: /home/kanye/Documents/visionaid/microros_ws/install/micro_ros_msgs/share/ament_index/resource_index/packages/micro_ros_msgs
[2.823s] -- Installing: /home/kanye/Documents/visionaid/microros_ws/install/micro_ros_msgs/share/micro_ros_msgs/cmake/export_micro_ros_msgs__rosidl_generator_cExport.cmake
[2.823s] -- Installing: /home/kanye/Documents/visionaid/microros_ws/install/micro_ros_msgs/share/micro_ros_msgs/cmake/export_micro_ros_msgs__rosidl_generator_cExport-noconfig.cmake
[2.823s] -- Installing: /home/kanye/Documents/visionaid/microros_ws/install/micro_ros_msgs/share/micro_ros_msgs/cmake/export_micro_ros_msgs__rosidl_typesupport_fastrtps_cExport.cmake
[2.823s] -- Installing: /home/kanye/Documents/visionaid/microros_ws/install/micro_ros_msgs/share/micro_ros_msgs/cmake/export_micro_ros_msgs__rosidl_typesupport_fastrtps_cExport-noconfig.cmake
[2.823s] -- Installing: /home/kanye/Documents/visionaid/microros_ws/install/micro_ros_msgs/share/micro_ros_msgs/cmake/micro_ros_msgs__rosidl_typesupport_introspection_cExport.cmake
[2.823s] -- Installing: /home/kanye/Documents/visionaid/microros_ws/install/micro_ros_msgs/share/micro_ros_msgs/cmake/micro_ros_msgs__rosidl_typesupport_introspection_cExport-noconfig.cmake
[2.823s] -- Installing: /home/kanye/Documents/visionaid/microros_ws/install/micro_ros_msgs/share/micro_ros_msgs/cmake/micro_ros_msgs__rosidl_typesupport_cExport.cmake
[2.823s] -- Installing: /home/kanye/Documents/visionaid/microros_ws/install/micro_ros_msgs/share/micro_ros_msgs/cmake/micro_ros_msgs__rosidl_typesupport_cExport-noconfig.cmake
[2.823s] -- Installing: /home/kanye/Documents/visionaid/microros_ws/install/micro_ros_msgs/share/micro_ros_msgs/cmake/export_micro_ros_msgs__rosidl_generator_cppExport.cmake
[2.823s] -- Installing: /home/kanye/Documents/visionaid/microros_ws/install/micro_ros_msgs/share/micro_ros_msgs/cmake/export_micro_ros_msgs__rosidl_typesupport_fastrtps_cppExport.cmake
[2.823s] -- Installing: /home/kanye/Documents/visionaid/microros_ws/install/micro_ros_msgs/share/micro_ros_msgs/cmake/export_micro_ros_msgs__rosidl_typesupport_fastrtps_cppExport-noconfig.cmake
[2.823s] -- Installing: /home/kanye/Documents/visionaid/microros_ws/install/micro_ros_msgs/share/micro_ros_msgs/cmake/micro_ros_msgs__rosidl_typesupport_introspection_cppExport.cmake
[2.823s] -- Installing: /home/kanye/Documents/visionaid/microros_ws/install/micro_ros_msgs/share/micro_ros_msgs/cmake/micro_ros_msgs__rosidl_typesupport_introspection_cppExport-noconfig.cmake
[2.823s] -- Installing: /home/kanye/Documents/visionaid/microros_ws/install/micro_ros_msgs/share/micro_ros_msgs/cmake/micro_ros_msgs__rosidl_typesupport_cppExport.cmake
[2.824s] -- Installing: /home/kanye/Documents/visionaid/microros_ws/install/micro_ros_msgs/share/micro_ros_msgs/cmake/micro_ros_msgs__rosidl_typesupport_cppExport-noconfig.cmake
[2.824s] -- Installing: /home/kanye/Documents/visionaid/microros_ws/install/micro_ros_msgs/share/micro_ros_msgs/cmake/export_micro_ros_msgs__rosidl_generator_pyExport.cmake
[2.824s] -- Installing: /home/kanye/Documents/visionaid/microros_ws/install/micro_ros_msgs/share/micro_ros_msgs/cmake/export_micro_ros_msgs__rosidl_generator_pyExport-noconfig.cmake
[2.824s] -- Installing: /home/kanye/Documents/visionaid/microros_ws/install/micro_ros_msgs/share/micro_ros_msgs/cmake/rosidl_cmake-extras.cmake
[2.824s] -- Installing: /home/kanye/Documents/visionaid/microros_ws/install/micro_ros_msgs/share/micro_ros_msgs/cmake/ament_cmake_export_include_directories-extras.cmake
[2.824s] -- Installing: /home/kanye/Documents/visionaid/microros_ws/install/micro_ros_msgs/share/micro_ros_msgs/cmake/ament_cmake_export_libraries-extras.cmake
[2.824s] -- Installing: /home/kanye/Documents/visionaid/microros_ws/install/micro_ros_msgs/share/micro_ros_msgs/cmake/ament_cmake_export_targets-extras.cmake
[2.824s] -- Installing: /home/kanye/Documents/visionaid/microros_ws/install/micro_ros_msgs/share/micro_ros_msgs/cmake/rosidl_cmake_export_typesupport_targets-extras.cmake
[2.824s] -- Installing: /home/kanye/Documents/visionaid/microros_ws/install/micro_ros_msgs/share/micro_ros_msgs/cmake/ament_cmake_export_dependencies-extras.cmake
[2.824s] -- Installing: /home/kanye/Documents/visionaid/microros_ws/install/micro_ros_msgs/share/micro_ros_msgs/cmake/rosidl_cmake_export_typesupport_libraries-extras.cmake
[2.824s] -- Installing: /home/kanye/Documents/visionaid/microros_ws/install/micro_ros_msgs/share/micro_ros_msgs/cmake/micro_ros_msgsConfig.cmake
[2.824s] -- Installing: /home/kanye/Documents/visionaid/microros_ws/install/micro_ros_msgs/share/micro_ros_msgs/cmake/micro_ros_msgsConfig-version.cmake
[2.824s] -- Installing: /home/kanye/Documents/visionaid/microros_ws/install/micro_ros_msgs/share/micro_ros_msgs/package.xml
[2.826s] Invoked command in '/home/kanye/Documents/visionaid/microros_ws/build/micro_ros_msgs' returned '0': CMAKE_PREFIX_PATH=${CMAKE_PREFIX_PATH}:/opt/ros/humble /usr/bin/cmake --install /home/kanye/Documents/visionaid/microros_ws/build/micro_ros_msgs
