-- Found ament_cmake_auto: 1.3.11 (/opt/ros/humble/share/ament_cmake_auto/cmake)
-- Override CMake install command with custom implementation using symlinks instead of copying resources
-- Loading isaac_ros_common extras
-- CMAKE_BUILD_TYPE: Release
-- CUDA architectures: 89
-- Loading isaac_ros_common extras (modules)
-- Found rosidl_generator_c: 3.1.6 (/opt/ros/humble/share/rosidl_generator_c/cmake)
-- Found rosidl_adapter: 3.1.6 (/opt/ros/humble/share/rosidl_adapter/cmake)
-- Found rosidl_generator_cpp: 3.1.6 (/opt/ros/humble/share/rosidl_generator_cpp/cmake)
-- Using all available rosidl_typesupport_c: rosidl_typesupport_fastrtps_c;rosidl_typesupport_introspection_c
-- Using all available rosidl_typesupport_cpp: rosidl_typesupport_fastrtps_cpp;rosidl_typesupport_introspection_cpp
-- Found rmw_implementation_cmake: 6.1.2 (/opt/ros/humble/share/rmw_implementation_cmake/cmake)
-- Found rmw_fastrtps_cpp: 6.2.7 (/opt/ros/humble/share/rmw_fastrtps_cpp/cmake)
-- Using RMW implementation 'rmw_fastrtps_cpp' as default
-- Loading isaac_ros_gxf extras
-- Configuring done
-- Generating done
-- Build files have been written to: /home/sophie/visionaid/isaac_ros_ws/build/custom_nitros_string
[35m[1mConsolidate compiler generated dependencies of target string_encoder_node[0m
[ 20%] Built target generate_version_info_target_custom_nitros_string
[ 60%] Built target string_encoder_node
[35m[1mConsolidate compiler generated dependencies of target string_decoder_node[0m
[100%] Built target string_decoder_node
-- Install configuration: "Release"
-- Execute custom install script
-- Up-to-date symlink: /home/sophie/visionaid/isaac_ros_ws/install/custom_nitros_string/share/custom_nitros_string/version_info.yaml
-- Up-to-date symlink: /home/sophie/visionaid/isaac_ros_ws/install/custom_nitros_string/include/custom_nitros_string/string_decoder_node.hpp
-- Up-to-date symlink: /home/sophie/visionaid/isaac_ros_ws/install/custom_nitros_string/include/custom_nitros_string/string_encoder_node.hpp
-- Up-to-date symlink: /home/sophie/visionaid/isaac_ros_ws/install/custom_nitros_string/share/custom_nitros_string/environment/library_path.sh
-- Up-to-date symlink: /home/sophie/visionaid/isaac_ros_ws/install/custom_nitros_string/share/custom_nitros_string/environment/library_path.dsv
-- Up-to-date symlink: /home/sophie/visionaid/isaac_ros_ws/install/custom_nitros_string/lib/libstring_encoder_node.so
-- Up-to-date symlink: /home/sophie/visionaid/isaac_ros_ws/install/custom_nitros_string/lib/libstring_decoder_node.so
-- Up-to-date symlink: /home/sophie/visionaid/isaac_ros_ws/install/custom_nitros_string/share/ament_index/resource_index/package_run_dependencies/custom_nitros_string
-- Up-to-date symlink: /home/sophie/visionaid/isaac_ros_ws/install/custom_nitros_string/share/ament_index/resource_index/parent_prefix_path/custom_nitros_string
-- Up-to-date symlink: /home/sophie/visionaid/isaac_ros_ws/install/custom_nitros_string/share/custom_nitros_string/environment/ament_prefix_path.sh
-- Up-to-date symlink: /home/sophie/visionaid/isaac_ros_ws/install/custom_nitros_string/share/custom_nitros_string/environment/ament_prefix_path.dsv
-- Up-to-date symlink: /home/sophie/visionaid/isaac_ros_ws/install/custom_nitros_string/share/custom_nitros_string/environment/path.sh
-- Up-to-date symlink: /home/sophie/visionaid/isaac_ros_ws/install/custom_nitros_string/share/custom_nitros_string/environment/path.dsv
-- Up-to-date symlink: /home/sophie/visionaid/isaac_ros_ws/install/custom_nitros_string/share/custom_nitros_string/local_setup.bash
-- Up-to-date symlink: /home/sophie/visionaid/isaac_ros_ws/install/custom_nitros_string/share/custom_nitros_string/local_setup.sh
-- Up-to-date symlink: /home/sophie/visionaid/isaac_ros_ws/install/custom_nitros_string/share/custom_nitros_string/local_setup.zsh
-- Up-to-date symlink: /home/sophie/visionaid/isaac_ros_ws/install/custom_nitros_string/share/custom_nitros_string/local_setup.dsv
-- Symlinking: /home/sophie/visionaid/isaac_ros_ws/install/custom_nitros_string/share/custom_nitros_string/package.dsv
-- Up-to-date symlink: /home/sophie/visionaid/isaac_ros_ws/install/custom_nitros_string/share/ament_index/resource_index/packages/custom_nitros_string
-- Up-to-date symlink: /home/sophie/visionaid/isaac_ros_ws/install/custom_nitros_string/share/ament_index/resource_index/rclcpp_components/custom_nitros_string
-- Up-to-date symlink: /home/sophie/visionaid/isaac_ros_ws/install/custom_nitros_string/share/custom_nitros_string/cmake/ament_cmake_export_dependencies-extras.cmake
-- Up-to-date symlink: /home/sophie/visionaid/isaac_ros_ws/install/custom_nitros_string/share/custom_nitros_string/cmake/ament_cmake_export_include_directories-extras.cmake
-- Up-to-date symlink: /home/sophie/visionaid/isaac_ros_ws/install/custom_nitros_string/share/custom_nitros_string/cmake/ament_cmake_export_libraries-extras.cmake
-- Up-to-date symlink: /home/sophie/visionaid/isaac_ros_ws/install/custom_nitros_string/share/custom_nitros_string/cmake/custom_nitros_stringConfig.cmake
-- Up-to-date symlink: /home/sophie/visionaid/isaac_ros_ws/install/custom_nitros_string/share/custom_nitros_string/cmake/custom_nitros_stringConfig-version.cmake
-- Up-to-date symlink: /home/sophie/visionaid/isaac_ros_ws/install/custom_nitros_string/share/custom_nitros_string/package.xml
