[0.013s] Invoking command in '/home/sophie/visionaid/isaac_ros_ws/build/isaac_ros_franka_ompl_benchmark': AMENT_PREFIX_PATH=/home/sophie/visionaid/isaac_ros_ws/install/isaac_ros_moveit_benchmark:/home/sophie/visionaid/isaac_ros_ws/install/ros2_benchmark:/home/sophie/visionaid/isaac_ros_ws/install/ros2_benchmark_interfaces:/home/sophie/visionaid/isaac_ros_ws/install/isaac_ros_common:${AMENT_PREFIX_PATH} CMAKE_PREFIX_PATH=/home/sophie/visionaid/isaac_ros_ws/install/isaac_ros_moveit_benchmark:/home/sophie/visionaid/isaac_ros_ws/install/ros2_benchmark:/home/sophie/visionaid/isaac_ros_ws/install/ros2_benchmark_interfaces:/home/sophie/visionaid/isaac_ros_ws/install/isaac_ros_common:/opt/ros/humble LD_LIBRARY_PATH=/home/sophie/visionaid/isaac_ros_ws/install/ros2_benchmark/lib:/home/sophie/visionaid/isaac_ros_ws/install/ros2_benchmark_interfaces/lib:/home/sophie/visionaid/isaac_ros_ws/install/isaac_ros_common/lib:${LD_LIBRARY_PATH} PATH=/home/sophie/visionaid/isaac_ros_ws/install/isaac_ros_common/bin:${PATH} PYTHONPATH=/home/sophie/visionaid/isaac_ros_ws/install/isaac_ros_moveit_benchmark/local/lib/python3.10/dist-packages:/home/sophie/visionaid/isaac_ros_ws/install/ros2_benchmark/local/lib/python3.10/dist-packages:/home/sophie/visionaid/isaac_ros_ws/install/ros2_benchmark_interfaces/local/lib/python3.10/dist-packages:/home/sophie/visionaid/isaac_ros_ws/install/isaac_ros_common/local/lib/python3.10/dist-packages:${PYTHONPATH} /usr/bin/cmake /home/sophie/visionaid/isaac_ros_ws/src/isaac_ros_benchmark/benchmarks/isaac_ros_moveit_benchmark/isaac_ros_moveit_robot_benchmark/franka/isaac_ros_franka_ompl_benchmark -DCMAKE_BUILD_TYPE=Release -DBUILD_TESTING=OFF -DCMAKE_CUDA_ARCHITECTURES=89 -DAMENT_CMAKE_SYMLINK_INSTALL=1 -DCMAKE_INSTALL_PREFIX=/home/sophie/visionaid/isaac_ros_ws/install/isaac_ros_franka_ompl_benchmark
[0.050s] -- The C compiler identification is GNU 11.4.0
[0.084s] -- The CXX compiler identification is GNU 11.4.0
[0.088s] -- Detecting C compiler ABI info
[0.143s] -- Detecting C compiler ABI info - done
[0.149s] -- Check for working C compiler: /usr/bin/cc - skipped
[0.149s] -- Detecting C compile features
[0.149s] -- Detecting C compile features - done
[0.151s] -- Detecting CXX compiler ABI info
[0.210s] -- Detecting CXX compiler ABI info - done
[0.216s] -- Check for working CXX compiler: /usr/bin/c++ - skipped
[0.217s] -- Detecting CXX compile features
[0.217s] -- Detecting CXX compile features - done
[0.218s] -- Found ament_cmake_auto: 1.3.11 (/opt/ros/humble/share/ament_cmake_auto/cmake)
[0.321s] -- Found Python3: /usr/bin/python3 (found version "3.10.12") found components: Interpreter 
[0.364s] -- Override CMake install command with custom implementation using symlinks instead of copying resources
[0.439s] -- Found rosidl_generator_c: 3.1.6 (/opt/ros/humble/share/rosidl_generator_c/cmake)
[0.441s] -- Found rosidl_adapter: 3.1.6 (/opt/ros/humble/share/rosidl_adapter/cmake)
[0.446s] -- Found rosidl_generator_cpp: 3.1.6 (/opt/ros/humble/share/rosidl_generator_cpp/cmake)
[0.452s] -- Using all available rosidl_typesupport_c: rosidl_typesupport_fastrtps_c;rosidl_typesupport_introspection_c
[0.461s] -- Using all available rosidl_typesupport_cpp: rosidl_typesupport_fastrtps_cpp;rosidl_typesupport_introspection_cpp
[0.486s] -- Found rmw_implementation_cmake: 6.1.2 (/opt/ros/humble/share/rmw_implementation_cmake/cmake)
[0.487s] -- Found rmw_fastrtps_cpp: 6.2.7 (/opt/ros/humble/share/rmw_fastrtps_cpp/cmake)
[0.556s] -- Found OpenSSL: /usr/lib/x86_64-linux-gnu/libcrypto.so (found version "3.0.2")  
[0.573s] -- Found FastRTPS: /opt/ros/humble/include  
[0.596s] -- Using RMW implementation 'rmw_fastrtps_cpp' as default
[0.601s] -- Looking for pthread.h
[0.657s] -- Looking for pthread.h - found
[0.657s] -- Performing Test CMAKE_HAVE_LIBC_PTHREAD
[0.715s] -- Performing Test CMAKE_HAVE_LIBC_PTHREAD - Success
[0.717s] -- Found Threads: TRUE  
[0.824s] -- Configuring done
[0.827s] -- Generating done
[0.828s] -- Build files have been written to: /home/sophie/visionaid/isaac_ros_ws/build/isaac_ros_franka_ompl_benchmark
[0.836s] Invoked command in '/home/sophie/visionaid/isaac_ros_ws/build/isaac_ros_franka_ompl_benchmark' returned '0': AMENT_PREFIX_PATH=/home/sophie/visionaid/isaac_ros_ws/install/isaac_ros_moveit_benchmark:/home/sophie/visionaid/isaac_ros_ws/install/ros2_benchmark:/home/sophie/visionaid/isaac_ros_ws/install/ros2_benchmark_interfaces:/home/sophie/visionaid/isaac_ros_ws/install/isaac_ros_common:${AMENT_PREFIX_PATH} CMAKE_PREFIX_PATH=/home/sophie/visionaid/isaac_ros_ws/install/isaac_ros_moveit_benchmark:/home/sophie/visionaid/isaac_ros_ws/install/ros2_benchmark:/home/sophie/visionaid/isaac_ros_ws/install/ros2_benchmark_interfaces:/home/sophie/visionaid/isaac_ros_ws/install/isaac_ros_common:/opt/ros/humble LD_LIBRARY_PATH=/home/sophie/visionaid/isaac_ros_ws/install/ros2_benchmark/lib:/home/sophie/visionaid/isaac_ros_ws/install/ros2_benchmark_interfaces/lib:/home/sophie/visionaid/isaac_ros_ws/install/isaac_ros_common/lib:${LD_LIBRARY_PATH} PATH=/home/sophie/visionaid/isaac_ros_ws/install/isaac_ros_common/bin:${PATH} PYTHONPATH=/home/sophie/visionaid/isaac_ros_ws/install/isaac_ros_moveit_benchmark/local/lib/python3.10/dist-packages:/home/sophie/visionaid/isaac_ros_ws/install/ros2_benchmark/local/lib/python3.10/dist-packages:/home/sophie/visionaid/isaac_ros_ws/install/ros2_benchmark_interfaces/local/lib/python3.10/dist-packages:/home/sophie/visionaid/isaac_ros_ws/install/isaac_ros_common/local/lib/python3.10/dist-packages:${PYTHONPATH} /usr/bin/cmake /home/sophie/visionaid/isaac_ros_ws/src/isaac_ros_benchmark/benchmarks/isaac_ros_moveit_benchmark/isaac_ros_moveit_robot_benchmark/franka/isaac_ros_franka_ompl_benchmark -DCMAKE_BUILD_TYPE=Release -DBUILD_TESTING=OFF -DCMAKE_CUDA_ARCHITECTURES=89 -DAMENT_CMAKE_SYMLINK_INSTALL=1 -DCMAKE_INSTALL_PREFIX=/home/sophie/visionaid/isaac_ros_ws/install/isaac_ros_franka_ompl_benchmark
[0.836s] Invoking command in '/home/sophie/visionaid/isaac_ros_ws/build/isaac_ros_franka_ompl_benchmark': AMENT_PREFIX_PATH=/home/sophie/visionaid/isaac_ros_ws/install/isaac_ros_moveit_benchmark:/home/sophie/visionaid/isaac_ros_ws/install/ros2_benchmark:/home/sophie/visionaid/isaac_ros_ws/install/ros2_benchmark_interfaces:/home/sophie/visionaid/isaac_ros_ws/install/isaac_ros_common:${AMENT_PREFIX_PATH} CMAKE_PREFIX_PATH=/home/sophie/visionaid/isaac_ros_ws/install/isaac_ros_moveit_benchmark:/home/sophie/visionaid/isaac_ros_ws/install/ros2_benchmark:/home/sophie/visionaid/isaac_ros_ws/install/ros2_benchmark_interfaces:/home/sophie/visionaid/isaac_ros_ws/install/isaac_ros_common:/opt/ros/humble LD_LIBRARY_PATH=/home/sophie/visionaid/isaac_ros_ws/install/ros2_benchmark/lib:/home/sophie/visionaid/isaac_ros_ws/install/ros2_benchmark_interfaces/lib:/home/sophie/visionaid/isaac_ros_ws/install/isaac_ros_common/lib:${LD_LIBRARY_PATH} PATH=/home/sophie/visionaid/isaac_ros_ws/install/isaac_ros_common/bin:${PATH} PYTHONPATH=/home/sophie/visionaid/isaac_ros_ws/install/isaac_ros_moveit_benchmark/local/lib/python3.10/dist-packages:/home/sophie/visionaid/isaac_ros_ws/install/ros2_benchmark/local/lib/python3.10/dist-packages:/home/sophie/visionaid/isaac_ros_ws/install/ros2_benchmark_interfaces/local/lib/python3.10/dist-packages:/home/sophie/visionaid/isaac_ros_ws/install/isaac_ros_common/local/lib/python3.10/dist-packages:${PYTHONPATH} /usr/bin/cmake --build /home/sophie/visionaid/isaac_ros_ws/build/isaac_ros_franka_ompl_benchmark -- -j22 -l22
[0.882s] Built target ament_cmake_python_symlink_isaac_ros_franka_ompl_benchmark
[1.004s] running egg_info
[1.005s] creating isaac_ros_franka_ompl_benchmark.egg-info
[1.005s] writing isaac_ros_franka_ompl_benchmark.egg-info/PKG-INFO
[1.005s] writing dependency_links to isaac_ros_franka_ompl_benchmark.egg-info/dependency_links.txt
[1.005s] writing top-level names to isaac_ros_franka_ompl_benchmark.egg-info/top_level.txt
[1.005s] writing manifest file 'isaac_ros_franka_ompl_benchmark.egg-info/SOURCES.txt'
[1.006s] reading manifest file 'isaac_ros_franka_ompl_benchmark.egg-info/SOURCES.txt'
[1.006s] writing manifest file 'isaac_ros_franka_ompl_benchmark.egg-info/SOURCES.txt'
[1.025s] Built target ament_cmake_python_build_isaac_ros_franka_ompl_benchmark_egg
[1.036s] Invoked command in '/home/sophie/visionaid/isaac_ros_ws/build/isaac_ros_franka_ompl_benchmark' returned '0': AMENT_PREFIX_PATH=/home/sophie/visionaid/isaac_ros_ws/install/isaac_ros_moveit_benchmark:/home/sophie/visionaid/isaac_ros_ws/install/ros2_benchmark:/home/sophie/visionaid/isaac_ros_ws/install/ros2_benchmark_interfaces:/home/sophie/visionaid/isaac_ros_ws/install/isaac_ros_common:${AMENT_PREFIX_PATH} CMAKE_PREFIX_PATH=/home/sophie/visionaid/isaac_ros_ws/install/isaac_ros_moveit_benchmark:/home/sophie/visionaid/isaac_ros_ws/install/ros2_benchmark:/home/sophie/visionaid/isaac_ros_ws/install/ros2_benchmark_interfaces:/home/sophie/visionaid/isaac_ros_ws/install/isaac_ros_common:/opt/ros/humble LD_LIBRARY_PATH=/home/sophie/visionaid/isaac_ros_ws/install/ros2_benchmark/lib:/home/sophie/visionaid/isaac_ros_ws/install/ros2_benchmark_interfaces/lib:/home/sophie/visionaid/isaac_ros_ws/install/isaac_ros_common/lib:${LD_LIBRARY_PATH} PATH=/home/sophie/visionaid/isaac_ros_ws/install/isaac_ros_common/bin:${PATH} PYTHONPATH=/home/sophie/visionaid/isaac_ros_ws/install/isaac_ros_moveit_benchmark/local/lib/python3.10/dist-packages:/home/sophie/visionaid/isaac_ros_ws/install/ros2_benchmark/local/lib/python3.10/dist-packages:/home/sophie/visionaid/isaac_ros_ws/install/ros2_benchmark_interfaces/local/lib/python3.10/dist-packages:/home/sophie/visionaid/isaac_ros_ws/install/isaac_ros_common/local/lib/python3.10/dist-packages:${PYTHONPATH} /usr/bin/cmake --build /home/sophie/visionaid/isaac_ros_ws/build/isaac_ros_franka_ompl_benchmark -- -j22 -l22
[1.038s] Invoking command in '/home/sophie/visionaid/isaac_ros_ws/build/isaac_ros_franka_ompl_benchmark': AMENT_PREFIX_PATH=/home/sophie/visionaid/isaac_ros_ws/install/isaac_ros_moveit_benchmark:/home/sophie/visionaid/isaac_ros_ws/install/ros2_benchmark:/home/sophie/visionaid/isaac_ros_ws/install/ros2_benchmark_interfaces:/home/sophie/visionaid/isaac_ros_ws/install/isaac_ros_common:${AMENT_PREFIX_PATH} CMAKE_PREFIX_PATH=/home/sophie/visionaid/isaac_ros_ws/install/isaac_ros_moveit_benchmark:/home/sophie/visionaid/isaac_ros_ws/install/ros2_benchmark:/home/sophie/visionaid/isaac_ros_ws/install/ros2_benchmark_interfaces:/home/sophie/visionaid/isaac_ros_ws/install/isaac_ros_common:/opt/ros/humble LD_LIBRARY_PATH=/home/sophie/visionaid/isaac_ros_ws/install/ros2_benchmark/lib:/home/sophie/visionaid/isaac_ros_ws/install/ros2_benchmark_interfaces/lib:/home/sophie/visionaid/isaac_ros_ws/install/isaac_ros_common/lib:${LD_LIBRARY_PATH} PATH=/home/sophie/visionaid/isaac_ros_ws/install/isaac_ros_common/bin:${PATH} PYTHONPATH=/home/sophie/visionaid/isaac_ros_ws/install/isaac_ros_moveit_benchmark/local/lib/python3.10/dist-packages:/home/sophie/visionaid/isaac_ros_ws/install/ros2_benchmark/local/lib/python3.10/dist-packages:/home/sophie/visionaid/isaac_ros_ws/install/ros2_benchmark_interfaces/local/lib/python3.10/dist-packages:/home/sophie/visionaid/isaac_ros_ws/install/isaac_ros_common/local/lib/python3.10/dist-packages:${PYTHONPATH} /usr/bin/cmake --install /home/sophie/visionaid/isaac_ros_ws/build/isaac_ros_franka_ompl_benchmark
[1.043s] -- Install configuration: "Release"
[1.043s] -- Execute custom install script
[1.043s] -- Symlinking: /home/sophie/visionaid/isaac_ros_ws/install/isaac_ros_franka_ompl_benchmark/share/isaac_ros_franka_ompl_benchmark/environment/pythonpath.sh
[1.048s] -- Symlinking: /home/sophie/visionaid/isaac_ros_ws/install/isaac_ros_franka_ompl_benchmark/share/isaac_ros_franka_ompl_benchmark/environment/pythonpath.dsv
[1.055s] -- Symlinking: /home/sophie/visionaid/isaac_ros_ws/install/isaac_ros_franka_ompl_benchmark/local/lib/python3.10/dist-packages/isaac_ros_franka_ompl_benchmark-3.2.5-py3.10.egg-info/PKG-INFO
[1.062s] -- Symlinking: /home/sophie/visionaid/isaac_ros_ws/install/isaac_ros_franka_ompl_benchmark/local/lib/python3.10/dist-packages/isaac_ros_franka_ompl_benchmark-3.2.5-py3.10.egg-info/SOURCES.txt
[1.068s] -- Symlinking: /home/sophie/visionaid/isaac_ros_ws/install/isaac_ros_franka_ompl_benchmark/local/lib/python3.10/dist-packages/isaac_ros_franka_ompl_benchmark-3.2.5-py3.10.egg-info/dependency_links.txt
[1.075s] -- Symlinking: /home/sophie/visionaid/isaac_ros_ws/install/isaac_ros_franka_ompl_benchmark/local/lib/python3.10/dist-packages/isaac_ros_franka_ompl_benchmark-3.2.5-py3.10.egg-info/top_level.txt
[1.082s] -- Symlinking: /home/sophie/visionaid/isaac_ros_ws/install/isaac_ros_franka_ompl_benchmark/local/lib/python3.10/dist-packages/isaac_ros_franka_ompl_benchmark/__init__.py
[1.087s] -- Symlinking: /home/sophie/visionaid/isaac_ros_ws/install/isaac_ros_franka_ompl_benchmark/share/isaac_ros_franka_ompl_benchmark/franka_ompl_benchmark_scripts/franka_ompl_easy.py
[1.094s] -- Symlinking: /home/sophie/visionaid/isaac_ros_ws/install/isaac_ros_franka_ompl_benchmark/share/isaac_ros_franka_ompl_benchmark/franka_ompl_benchmark_scripts/franka_ompl_hard.py
[1.100s] -- Symlinking: /home/sophie/visionaid/isaac_ros_ws/install/isaac_ros_franka_ompl_benchmark/share/isaac_ros_franka_ompl_benchmark/franka_ompl_benchmark_scripts/franka_ompl_mbm.py
[1.107s] -- Symlinking: /home/sophie/visionaid/isaac_ros_ws/install/isaac_ros_franka_ompl_benchmark/share/isaac_ros_franka_ompl_benchmark/franka_ompl_benchmark_scripts/franka_ompl_medium.py
[1.114s] -- Symlinking: /home/sophie/visionaid/isaac_ros_ws/install/isaac_ros_franka_ompl_benchmark/share/ament_index/resource_index/package_run_dependencies/isaac_ros_franka_ompl_benchmark
[1.119s] -- Symlinking: /home/sophie/visionaid/isaac_ros_ws/install/isaac_ros_franka_ompl_benchmark/share/ament_index/resource_index/parent_prefix_path/isaac_ros_franka_ompl_benchmark
[1.124s] -- Symlinking: /home/sophie/visionaid/isaac_ros_ws/install/isaac_ros_franka_ompl_benchmark/share/isaac_ros_franka_ompl_benchmark/environment/ament_prefix_path.sh
[1.131s] -- Symlinking: /home/sophie/visionaid/isaac_ros_ws/install/isaac_ros_franka_ompl_benchmark/share/isaac_ros_franka_ompl_benchmark/environment/ament_prefix_path.dsv
[1.136s] -- Symlinking: /home/sophie/visionaid/isaac_ros_ws/install/isaac_ros_franka_ompl_benchmark/share/isaac_ros_franka_ompl_benchmark/environment/path.sh
[1.141s] -- Symlinking: /home/sophie/visionaid/isaac_ros_ws/install/isaac_ros_franka_ompl_benchmark/share/isaac_ros_franka_ompl_benchmark/environment/path.dsv
[1.146s] -- Symlinking: /home/sophie/visionaid/isaac_ros_ws/install/isaac_ros_franka_ompl_benchmark/share/isaac_ros_franka_ompl_benchmark/local_setup.bash
[1.152s] -- Symlinking: /home/sophie/visionaid/isaac_ros_ws/install/isaac_ros_franka_ompl_benchmark/share/isaac_ros_franka_ompl_benchmark/local_setup.sh
[1.158s] -- Symlinking: /home/sophie/visionaid/isaac_ros_ws/install/isaac_ros_franka_ompl_benchmark/share/isaac_ros_franka_ompl_benchmark/local_setup.zsh
[1.163s] -- Symlinking: /home/sophie/visionaid/isaac_ros_ws/install/isaac_ros_franka_ompl_benchmark/share/isaac_ros_franka_ompl_benchmark/local_setup.dsv
[1.167s] -- Symlinking: /home/sophie/visionaid/isaac_ros_ws/install/isaac_ros_franka_ompl_benchmark/share/isaac_ros_franka_ompl_benchmark/package.dsv
[1.172s] -- Symlinking: /home/sophie/visionaid/isaac_ros_ws/install/isaac_ros_franka_ompl_benchmark/share/ament_index/resource_index/packages/isaac_ros_franka_ompl_benchmark
[1.176s] -- Symlinking: /home/sophie/visionaid/isaac_ros_ws/install/isaac_ros_franka_ompl_benchmark/share/isaac_ros_franka_ompl_benchmark/cmake/ament_cmake_export_dependencies-extras.cmake
[1.184s] -- Symlinking: /home/sophie/visionaid/isaac_ros_ws/install/isaac_ros_franka_ompl_benchmark/share/isaac_ros_franka_ompl_benchmark/cmake/isaac_ros_franka_ompl_benchmarkConfig.cmake
[1.188s] -- Symlinking: /home/sophie/visionaid/isaac_ros_ws/install/isaac_ros_franka_ompl_benchmark/share/isaac_ros_franka_ompl_benchmark/cmake/isaac_ros_franka_ompl_benchmarkConfig-version.cmake
[1.193s] -- Symlinking: /home/sophie/visionaid/isaac_ros_ws/install/isaac_ros_franka_ompl_benchmark/share/isaac_ros_franka_ompl_benchmark/package.xml
[1.220s] Listing '/home/sophie/visionaid/isaac_ros_ws/install/isaac_ros_franka_ompl_benchmark/local/lib/python3.10/dist-packages/isaac_ros_franka_ompl_benchmark'...
[1.221s] Compiling '/home/sophie/visionaid/isaac_ros_ws/install/isaac_ros_franka_ompl_benchmark/local/lib/python3.10/dist-packages/isaac_ros_franka_ompl_benchmark/__init__.py'...
[1.226s] Invoked command in '/home/sophie/visionaid/isaac_ros_ws/build/isaac_ros_franka_ompl_benchmark' returned '0': AMENT_PREFIX_PATH=/home/sophie/visionaid/isaac_ros_ws/install/isaac_ros_moveit_benchmark:/home/sophie/visionaid/isaac_ros_ws/install/ros2_benchmark:/home/sophie/visionaid/isaac_ros_ws/install/ros2_benchmark_interfaces:/home/sophie/visionaid/isaac_ros_ws/install/isaac_ros_common:${AMENT_PREFIX_PATH} CMAKE_PREFIX_PATH=/home/sophie/visionaid/isaac_ros_ws/install/isaac_ros_moveit_benchmark:/home/sophie/visionaid/isaac_ros_ws/install/ros2_benchmark:/home/sophie/visionaid/isaac_ros_ws/install/ros2_benchmark_interfaces:/home/sophie/visionaid/isaac_ros_ws/install/isaac_ros_common:/opt/ros/humble LD_LIBRARY_PATH=/home/sophie/visionaid/isaac_ros_ws/install/ros2_benchmark/lib:/home/sophie/visionaid/isaac_ros_ws/install/ros2_benchmark_interfaces/lib:/home/sophie/visionaid/isaac_ros_ws/install/isaac_ros_common/lib:${LD_LIBRARY_PATH} PATH=/home/sophie/visionaid/isaac_ros_ws/install/isaac_ros_common/bin:${PATH} PYTHONPATH=/home/sophie/visionaid/isaac_ros_ws/install/isaac_ros_moveit_benchmark/local/lib/python3.10/dist-packages:/home/sophie/visionaid/isaac_ros_ws/install/ros2_benchmark/local/lib/python3.10/dist-packages:/home/sophie/visionaid/isaac_ros_ws/install/ros2_benchmark_interfaces/local/lib/python3.10/dist-packages:/home/sophie/visionaid/isaac_ros_ws/install/isaac_ros_common/local/lib/python3.10/dist-packages:${PYTHONPATH} /usr/bin/cmake --install /home/sophie/visionaid/isaac_ros_ws/build/isaac_ros_franka_ompl_benchmark
