-- The C compiler identification is GNU 11.4.0
-- The CXX compiler identification is GNU 11.4.0
-- Detecting C compiler ABI info
-- Detecting C compiler ABI info - done
-- Check for working C compiler: /usr/bin/cc - skipped
-- Detecting C compile features
-- Detecting C compile features - done
-- Detecting CXX compiler ABI info
-- Detecting CXX compiler ABI info - done
-- Check for working CXX compiler: /usr/bin/c++ - skipped
-- Detecting CXX compile features
-- Detecting CXX compile features - done
-- Found ament_cmake: 1.3.11 (/opt/ros/humble/share/ament_cmake/cmake)
-- Found Python3: /usr/bin/python3 (found version "3.10.12") found components: Interpreter 
-- Override CMake install command with custom implementation using symlinks instead of copying resources
-- Configuring done
-- Generating done
-- Build files have been written to: /home/sophie/visionaid/isaac_ros_ws/build/isaac_ros_image_pipeline
-- Install configuration: "Release"
-- Execute custom install script
-- Symlinking: /home/sophie/visionaid/isaac_ros_ws/install/isaac_ros_image_pipeline/share/ament_index/resource_index/package_run_dependencies/isaac_ros_image_pipeline
-- Symlinking: /home/sophie/visionaid/isaac_ros_ws/install/isaac_ros_image_pipeline/share/ament_index/resource_index/parent_prefix_path/isaac_ros_image_pipeline
-- Symlinking: /home/sophie/visionaid/isaac_ros_ws/install/isaac_ros_image_pipeline/share/isaac_ros_image_pipeline/environment/ament_prefix_path.sh
-- Symlinking: /home/sophie/visionaid/isaac_ros_ws/install/isaac_ros_image_pipeline/share/isaac_ros_image_pipeline/environment/ament_prefix_path.dsv
-- Symlinking: /home/sophie/visionaid/isaac_ros_ws/install/isaac_ros_image_pipeline/share/isaac_ros_image_pipeline/environment/path.sh
-- Symlinking: /home/sophie/visionaid/isaac_ros_ws/install/isaac_ros_image_pipeline/share/isaac_ros_image_pipeline/environment/path.dsv
-- Symlinking: /home/sophie/visionaid/isaac_ros_ws/install/isaac_ros_image_pipeline/share/isaac_ros_image_pipeline/local_setup.bash
-- Symlinking: /home/sophie/visionaid/isaac_ros_ws/install/isaac_ros_image_pipeline/share/isaac_ros_image_pipeline/local_setup.sh
-- Symlinking: /home/sophie/visionaid/isaac_ros_ws/install/isaac_ros_image_pipeline/share/isaac_ros_image_pipeline/local_setup.zsh
-- Symlinking: /home/sophie/visionaid/isaac_ros_ws/install/isaac_ros_image_pipeline/share/isaac_ros_image_pipeline/local_setup.dsv
-- Symlinking: /home/sophie/visionaid/isaac_ros_ws/install/isaac_ros_image_pipeline/share/isaac_ros_image_pipeline/package.dsv
-- Symlinking: /home/sophie/visionaid/isaac_ros_ws/install/isaac_ros_image_pipeline/share/ament_index/resource_index/packages/isaac_ros_image_pipeline
-- Symlinking: /home/sophie/visionaid/isaac_ros_ws/install/isaac_ros_image_pipeline/share/isaac_ros_image_pipeline/cmake/isaac_ros_image_pipelineConfig.cmake
-- Symlinking: /home/sophie/visionaid/isaac_ros_ws/install/isaac_ros_image_pipeline/share/isaac_ros_image_pipeline/cmake/isaac_ros_image_pipelineConfig-version.cmake
-- Symlinking: /home/sophie/visionaid/isaac_ros_ws/install/isaac_ros_image_pipeline/share/isaac_ros_image_pipeline/package.xml
