-- Install configuration: ""
-- Installing: /home/kanye/Documents/visionaid/install/my_robot_localization/share/my_robot_localization/launch
-- Installing: /home/kanye/Documents/visionaid/install/my_robot_localization/share/my_robot_localization/launch/ekf_gps_imu.launch.py
-- Installing: /home/kanye/Documents/visionaid/install/my_robot_localization/share/my_robot_localization/launch/stero_odom.launch.py
-- Installing: /home/kanye/Documents/visionaid/install/my_robot_localization/share/my_robot_localization/launch/rs_camera_launch.py
-- Installing: /home/kanye/Documents/visionaid/install/my_robot_localization/share/my_robot_localization/launch/imu_filter.launch.py
-- Installing: /home/kanye/Documents/visionaid/install/my_robot_localization/share/my_robot_localization/launch/rs_imu_pub.launch.py
-- Installing: /home/kanye/Documents/visionaid/install/my_robot_localization/lib/my_robot_localization/imu_pub.py
-- Installing: /home/kanye/Documents/visionaid/install/my_robot_localization/share/ament_index/resource_index/package_run_dependencies/my_robot_localization
-- Installing: /home/kanye/Documents/visionaid/install/my_robot_localization/share/ament_index/resource_index/parent_prefix_path/my_robot_localization
-- Installing: /home/kanye/Documents/visionaid/install/my_robot_localization/share/my_robot_localization/environment/ament_prefix_path.sh
-- Installing: /home/kanye/Documents/visionaid/install/my_robot_localization/share/my_robot_localization/environment/ament_prefix_path.dsv
-- Installing: /home/kanye/Documents/visionaid/install/my_robot_localization/share/my_robot_localization/environment/path.sh
-- Installing: /home/kanye/Documents/visionaid/install/my_robot_localization/share/my_robot_localization/environment/path.dsv
-- Installing: /home/kanye/Documents/visionaid/install/my_robot_localization/share/my_robot_localization/local_setup.bash
-- Installing: /home/kanye/Documents/visionaid/install/my_robot_localization/share/my_robot_localization/local_setup.sh
-- Installing: /home/kanye/Documents/visionaid/install/my_robot_localization/share/my_robot_localization/local_setup.zsh
-- Installing: /home/kanye/Documents/visionaid/install/my_robot_localization/share/my_robot_localization/local_setup.dsv
-- Installing: /home/kanye/Documents/visionaid/install/my_robot_localization/share/my_robot_localization/package.dsv
-- Installing: /home/kanye/Documents/visionaid/install/my_robot_localization/share/ament_index/resource_index/packages/my_robot_localization
-- Installing: /home/kanye/Documents/visionaid/install/my_robot_localization/share/my_robot_localization/cmake/my_robot_localizationConfig.cmake
-- Installing: /home/kanye/Documents/visionaid/install/my_robot_localization/share/my_robot_localization/cmake/my_robot_localizationConfig-version.cmake
-- Installing: /home/kanye/Documents/visionaid/install/my_robot_localization/share/my_robot_localization/package.xml
