[0.446s] Invoking command in '/home/kanye/Documents/visionaid/build/my_robot_localization': CMAKE_PREFIX_PATH=${CMAKE_PREFIX_PATH}:/opt/ros/humble /usr/bin/cmake --build /home/kanye/Documents/visionaid/build/my_robot_localization -- -j28 -l28
[1.573s] Invoked command in '/home/kanye/Documents/visionaid/build/my_robot_localization' returned '0': CMAKE_PREFIX_PATH=${CMAKE_PREFIX_PATH}:/opt/ros/humble /usr/bin/cmake --build /home/kanye/Documents/visionaid/build/my_robot_localization -- -j28 -l28
[1.575s] Invoking command in '/home/kanye/Documents/visionaid/build/my_robot_localization': CMAKE_PREFIX_PATH=${CMAKE_PREFIX_PATH}:/opt/ros/humble /usr/bin/cmake --install /home/kanye/Documents/visionaid/build/my_robot_localization
[1.620s] -- Install configuration: ""
[1.620s] -- Installing: /home/kanye/Documents/visionaid/install/my_robot_localization/share/my_robot_localization/launch
[1.620s] -- Installing: /home/kanye/Documents/visionaid/install/my_robot_localization/share/my_robot_localization/launch/ekf_gps_imu.launch.py
[1.620s] -- Installing: /home/kanye/Documents/visionaid/install/my_robot_localization/share/my_robot_localization/launch/stero_odom.launch.py
[1.620s] -- Installing: /home/kanye/Documents/visionaid/install/my_robot_localization/share/my_robot_localization/launch/rs_camera_launch.py
[1.620s] -- Installing: /home/kanye/Documents/visionaid/install/my_robot_localization/share/my_robot_localization/launch/imu_filter.launch.py
[1.620s] -- Installing: /home/kanye/Documents/visionaid/install/my_robot_localization/share/my_robot_localization/launch/rs_imu_pub.launch.py
[1.620s] -- Installing: /home/kanye/Documents/visionaid/install/my_robot_localization/lib/my_robot_localization/imu_pub.py
[1.620s] -- Installing: /home/kanye/Documents/visionaid/install/my_robot_localization/share/ament_index/resource_index/package_run_dependencies/my_robot_localization
[1.620s] -- Installing: /home/kanye/Documents/visionaid/install/my_robot_localization/share/ament_index/resource_index/parent_prefix_path/my_robot_localization
[1.624s] -- Installing: /home/kanye/Documents/visionaid/install/my_robot_localization/share/my_robot_localization/environment/ament_prefix_path.sh
[1.624s] -- Installing: /home/kanye/Documents/visionaid/install/my_robot_localization/share/my_robot_localization/environment/ament_prefix_path.dsv
[1.625s] -- Installing: /home/kanye/Documents/visionaid/install/my_robot_localization/share/my_robot_localization/environment/path.sh
[1.625s] -- Installing: /home/kanye/Documents/visionaid/install/my_robot_localization/share/my_robot_localization/environment/path.dsv
[1.625s] -- Installing: /home/kanye/Documents/visionaid/install/my_robot_localization/share/my_robot_localization/local_setup.bash
[1.625s] -- Installing: /home/kanye/Documents/visionaid/install/my_robot_localization/share/my_robot_localization/local_setup.sh
[1.625s] -- Installing: /home/kanye/Documents/visionaid/install/my_robot_localization/share/my_robot_localization/local_setup.zsh
[1.625s] -- Installing: /home/kanye/Documents/visionaid/install/my_robot_localization/share/my_robot_localization/local_setup.dsv
[1.625s] -- Installing: /home/kanye/Documents/visionaid/install/my_robot_localization/share/my_robot_localization/package.dsv
[1.625s] -- Installing: /home/kanye/Documents/visionaid/install/my_robot_localization/share/ament_index/resource_index/packages/my_robot_localization
[1.625s] -- Installing: /home/kanye/Documents/visionaid/install/my_robot_localization/share/my_robot_localization/cmake/my_robot_localizationConfig.cmake
[1.625s] -- Installing: /home/kanye/Documents/visionaid/install/my_robot_localization/share/my_robot_localization/cmake/my_robot_localizationConfig-version.cmake
[1.625s] -- Installing: /home/kanye/Documents/visionaid/install/my_robot_localization/share/my_robot_localization/package.xml
[1.718s] Invoked command in '/home/kanye/Documents/visionaid/build/my_robot_localization' returned '0': CMAKE_PREFIX_PATH=${CMAKE_PREFIX_PATH}:/opt/ros/humble /usr/bin/cmake --install /home/kanye/Documents/visionaid/build/my_robot_localization
