[0.064s] Invoking command in '/home/kanye/Documents/visionaid/build/ethz_apriltag2': /usr/bin/cmake /home/kanye/Documents/visionaid/calibration/camera/kalibr/aslam_offline_calibration/ethz_apriltag2 -DCATKIN_INSTALL_INTO_PREFIX_ROOT=0 -DCMAKE_INSTALL_PREFIX=/home/kanye/Documents/visionaid/install/ethz_apriltag2
[1.496s] -- Configuring incomplete, errors occurred!
[1.496s] See also "/home/kanye/Documents/visionaid/build/ethz_apriltag2/CMakeFiles/CMakeOutput.log".
[1.496s] [31mCMake Error at CMakeLists.txt:6 (find_package):
[1.496s]   By not providing "Findcatkin.cmake" in CMAKE_MODULE_PATH this project has
[1.496s]   asked CMake to find a package configuration file provided by "catkin", but
[1.496s]   CMake did not find one.
[1.496s] 
[1.496s]   Could not find a package configuration file provided by "catkin" with any
[1.496s]   of the following names:
[1.496s] 
[1.497s]     catkinConfig.cmake
[1.503s]     catkin-config.cmake
[1.504s] 
[1.504s]   Add the installation prefix of "catkin" to CMAKE_PREFIX_PATH or set
[1.504s]   "catkin_DIR" to a directory containing one of the above files.  If "catkin"
[1.504s]   provides a separate development package or SDK, be sure it has been
[1.504s]   installed.
[1.504s] 
[1.504s] [0m
[1.652s] Invoked command in '/home/kanye/Documents/visionaid/build/ethz_apriltag2' returned '1': /usr/bin/cmake /home/kanye/Documents/visionaid/calibration/camera/kalibr/aslam_offline_calibration/ethz_apriltag2 -DCATKIN_INSTALL_INTO_PREFIX_ROOT=0 -DCMAKE_INSTALL_PREFIX=/home/kanye/Documents/visionaid/install/ethz_apriltag2
