[0.010s] Invoking command in '/home/sophie/visionaid/isaac_ros_ws/build/gxf_isaac_range_scan_processing': AMENT_PREFIX_PATH=/home/sophie/visionaid/isaac_ros_ws/install/isaac_ros_gxf:/home/sophie/visionaid/isaac_ros_ws/install/isaac_ros_common:${AMENT_PREFIX_PATH} CMAKE_PREFIX_PATH=/home/sophie/visionaid/isaac_ros_ws/install/isaac_ros_gxf:/home/sophie/visionaid/isaac_ros_ws/install/isaac_ros_common:/opt/ros/humble LD_LIBRARY_PATH=/home/sophie/visionaid/isaac_ros_ws/install/isaac_ros_gxf/lib:/home/sophie/visionaid/isaac_ros_ws/install/isaac_ros_common/lib:${LD_LIBRARY_PATH} PATH=/home/sophie/visionaid/isaac_ros_ws/install/isaac_ros_common/bin:${PATH} PYTHONPATH=/home/sophie/visionaid/isaac_ros_ws/install/isaac_ros_common/local/lib/python3.10/dist-packages:${PYTHONPATH} /usr/bin/cmake /home/sophie/visionaid/isaac_ros_ws/src/isaac_ros_nitros/isaac_ros_gxf_extensions/gxf_isaac_range_scan_processing -DCMAKE_BUILD_TYPE=Release -DBUILD_TESTING=OFF -DCMAKE_CUDA_ARCHITECTURES=89 -DAMENT_CMAKE_SYMLINK_INSTALL=1 -DCMAKE_INSTALL_PREFIX=/home/sophie/visionaid/isaac_ros_ws/install/gxf_isaac_range_scan_processing
[0.052s] -- The C compiler identification is GNU 11.4.0
[0.092s] -- The CXX compiler identification is GNU 11.4.0
[0.097s] -- Detecting C compiler ABI info
[0.151s] -- Detecting C compiler ABI info - done
[0.156s] -- Check for working C compiler: /usr/bin/cc - skipped
[0.157s] -- Detecting C compile features
[0.157s] -- Detecting C compile features - done
[0.159s] -- Detecting CXX compiler ABI info
[0.216s] -- Detecting CXX compiler ABI info - done
[0.223s] -- Check for working CXX compiler: /usr/bin/c++ - skipped
[0.223s] -- Detecting CXX compile features
[0.223s] -- Detecting CXX compile features - done
[0.224s] -- Found ament_cmake_auto: 1.3.11 (/opt/ros/humble/share/ament_cmake_auto/cmake)
[0.325s] -- Found Python3: /usr/bin/python3 (found version "3.10.12") found components: Interpreter 
[0.363s] -- Override CMake install command with custom implementation using symlinks instead of copying resources
[0.408s] -- Loading isaac_ros_common extras
[0.408s] -- CMAKE_BUILD_TYPE: Release
[0.424s] -- Looking for pthread.h
[0.485s] -- Looking for pthread.h - found
[0.485s] -- Performing Test CMAKE_HAVE_LIBC_PTHREAD
[0.540s] -- Performing Test CMAKE_HAVE_LIBC_PTHREAD - Success
[0.541s] -- Found Threads: TRUE  
[0.547s] -- Found CUDA: /usr/local/cuda-12.8 (found version "12.8") 
[0.548s] -- CUDA architectures: 89
[0.548s] -- Loading isaac_ros_common extras (modules)
[0.566s] -- Found rosidl_generator_c: 3.1.6 (/opt/ros/humble/share/rosidl_generator_c/cmake)
[0.569s] -- Found rosidl_adapter: 3.1.6 (/opt/ros/humble/share/rosidl_adapter/cmake)
[0.573s] -- Found rosidl_generator_cpp: 3.1.6 (/opt/ros/humble/share/rosidl_generator_cpp/cmake)
[0.580s] -- Using all available rosidl_typesupport_c: rosidl_typesupport_fastrtps_c;rosidl_typesupport_introspection_c
[0.589s] -- Using all available rosidl_typesupport_cpp: rosidl_typesupport_fastrtps_cpp;rosidl_typesupport_introspection_cpp
[0.613s] -- Found rmw_implementation_cmake: 6.1.2 (/opt/ros/humble/share/rmw_implementation_cmake/cmake)
[0.614s] -- Found rmw_fastrtps_cpp: 6.2.7 (/opt/ros/humble/share/rmw_fastrtps_cpp/cmake)
[0.685s] -- Found OpenSSL: /usr/lib/x86_64-linux-gnu/libcrypto.so (found version "3.0.2")  
[0.703s] -- Found FastRTPS: /opt/ros/humble/include  
[0.727s] -- Using RMW implementation 'rmw_fastrtps_cpp' as default
[0.757s] -- Loading isaac_ros_gxf extras
[0.798s] -- Configuring done
[0.800s] -- Generating done
[0.801s] -- Build files have been written to: /home/sophie/visionaid/isaac_ros_ws/build/gxf_isaac_range_scan_processing
[0.810s] Invoked command in '/home/sophie/visionaid/isaac_ros_ws/build/gxf_isaac_range_scan_processing' returned '0': AMENT_PREFIX_PATH=/home/sophie/visionaid/isaac_ros_ws/install/isaac_ros_gxf:/home/sophie/visionaid/isaac_ros_ws/install/isaac_ros_common:${AMENT_PREFIX_PATH} CMAKE_PREFIX_PATH=/home/sophie/visionaid/isaac_ros_ws/install/isaac_ros_gxf:/home/sophie/visionaid/isaac_ros_ws/install/isaac_ros_common:/opt/ros/humble LD_LIBRARY_PATH=/home/sophie/visionaid/isaac_ros_ws/install/isaac_ros_gxf/lib:/home/sophie/visionaid/isaac_ros_ws/install/isaac_ros_common/lib:${LD_LIBRARY_PATH} PATH=/home/sophie/visionaid/isaac_ros_ws/install/isaac_ros_common/bin:${PATH} PYTHONPATH=/home/sophie/visionaid/isaac_ros_ws/install/isaac_ros_common/local/lib/python3.10/dist-packages:${PYTHONPATH} /usr/bin/cmake /home/sophie/visionaid/isaac_ros_ws/src/isaac_ros_nitros/isaac_ros_gxf_extensions/gxf_isaac_range_scan_processing -DCMAKE_BUILD_TYPE=Release -DBUILD_TESTING=OFF -DCMAKE_CUDA_ARCHITECTURES=89 -DAMENT_CMAKE_SYMLINK_INSTALL=1 -DCMAKE_INSTALL_PREFIX=/home/sophie/visionaid/isaac_ros_ws/install/gxf_isaac_range_scan_processing
[0.811s] Invoking command in '/home/sophie/visionaid/isaac_ros_ws/build/gxf_isaac_range_scan_processing': AMENT_PREFIX_PATH=/home/sophie/visionaid/isaac_ros_ws/install/isaac_ros_gxf:/home/sophie/visionaid/isaac_ros_ws/install/isaac_ros_common:${AMENT_PREFIX_PATH} CMAKE_PREFIX_PATH=/home/sophie/visionaid/isaac_ros_ws/install/isaac_ros_gxf:/home/sophie/visionaid/isaac_ros_ws/install/isaac_ros_common:/opt/ros/humble LD_LIBRARY_PATH=/home/sophie/visionaid/isaac_ros_ws/install/isaac_ros_gxf/lib:/home/sophie/visionaid/isaac_ros_ws/install/isaac_ros_common/lib:${LD_LIBRARY_PATH} PATH=/home/sophie/visionaid/isaac_ros_ws/install/isaac_ros_common/bin:${PATH} PYTHONPATH=/home/sophie/visionaid/isaac_ros_ws/install/isaac_ros_common/local/lib/python3.10/dist-packages:${PYTHONPATH} /usr/bin/cmake --build /home/sophie/visionaid/isaac_ros_ws/build/gxf_isaac_range_scan_processing -- -j22 -l22
[0.849s] [100%] [34m[1mGenerating version information as YAML[0m
[0.900s] [100%] Built target generate_version_info_target_gxf_isaac_range_scan_processing
[0.907s] Invoked command in '/home/sophie/visionaid/isaac_ros_ws/build/gxf_isaac_range_scan_processing' returned '0': AMENT_PREFIX_PATH=/home/sophie/visionaid/isaac_ros_ws/install/isaac_ros_gxf:/home/sophie/visionaid/isaac_ros_ws/install/isaac_ros_common:${AMENT_PREFIX_PATH} CMAKE_PREFIX_PATH=/home/sophie/visionaid/isaac_ros_ws/install/isaac_ros_gxf:/home/sophie/visionaid/isaac_ros_ws/install/isaac_ros_common:/opt/ros/humble LD_LIBRARY_PATH=/home/sophie/visionaid/isaac_ros_ws/install/isaac_ros_gxf/lib:/home/sophie/visionaid/isaac_ros_ws/install/isaac_ros_common/lib:${LD_LIBRARY_PATH} PATH=/home/sophie/visionaid/isaac_ros_ws/install/isaac_ros_common/bin:${PATH} PYTHONPATH=/home/sophie/visionaid/isaac_ros_ws/install/isaac_ros_common/local/lib/python3.10/dist-packages:${PYTHONPATH} /usr/bin/cmake --build /home/sophie/visionaid/isaac_ros_ws/build/gxf_isaac_range_scan_processing -- -j22 -l22
[0.909s] Invoking command in '/home/sophie/visionaid/isaac_ros_ws/build/gxf_isaac_range_scan_processing': AMENT_PREFIX_PATH=/home/sophie/visionaid/isaac_ros_ws/install/isaac_ros_gxf:/home/sophie/visionaid/isaac_ros_ws/install/isaac_ros_common:${AMENT_PREFIX_PATH} CMAKE_PREFIX_PATH=/home/sophie/visionaid/isaac_ros_ws/install/isaac_ros_gxf:/home/sophie/visionaid/isaac_ros_ws/install/isaac_ros_common:/opt/ros/humble LD_LIBRARY_PATH=/home/sophie/visionaid/isaac_ros_ws/install/isaac_ros_gxf/lib:/home/sophie/visionaid/isaac_ros_ws/install/isaac_ros_common/lib:${LD_LIBRARY_PATH} PATH=/home/sophie/visionaid/isaac_ros_ws/install/isaac_ros_common/bin:${PATH} PYTHONPATH=/home/sophie/visionaid/isaac_ros_ws/install/isaac_ros_common/local/lib/python3.10/dist-packages:${PYTHONPATH} /usr/bin/cmake --install /home/sophie/visionaid/isaac_ros_ws/build/gxf_isaac_range_scan_processing
[0.916s] -- Install configuration: "Release"
[0.916s] -- Execute custom install script
[0.916s] -- Symlinking: /home/sophie/visionaid/isaac_ros_ws/install/gxf_isaac_range_scan_processing/share/gxf_isaac_range_scan_processing/gxf/lib/libgxf_isaac_range_scan_processing.so
[0.922s] -- Symlinking: /home/sophie/visionaid/isaac_ros_ws/install/gxf_isaac_range_scan_processing/share/gxf_isaac_range_scan_processing/environment/library_path.sh
[0.928s] -- Symlinking: /home/sophie/visionaid/isaac_ros_ws/install/gxf_isaac_range_scan_processing/share/gxf_isaac_range_scan_processing/environment/library_path.dsv
[0.935s] -- Symlinking: /home/sophie/visionaid/isaac_ros_ws/install/gxf_isaac_range_scan_processing/share/gxf_isaac_range_scan_processing/version_info.yaml
[0.941s] -- Symlinking: /home/sophie/visionaid/isaac_ros_ws/install/gxf_isaac_range_scan_processing/share/ament_index/resource_index/package_run_dependencies/gxf_isaac_range_scan_processing
[0.945s] -- Symlinking: /home/sophie/visionaid/isaac_ros_ws/install/gxf_isaac_range_scan_processing/share/ament_index/resource_index/parent_prefix_path/gxf_isaac_range_scan_processing
[0.950s] -- Symlinking: /home/sophie/visionaid/isaac_ros_ws/install/gxf_isaac_range_scan_processing/share/gxf_isaac_range_scan_processing/environment/ament_prefix_path.sh
[0.956s] -- Symlinking: /home/sophie/visionaid/isaac_ros_ws/install/gxf_isaac_range_scan_processing/share/gxf_isaac_range_scan_processing/environment/ament_prefix_path.dsv
[0.961s] -- Symlinking: /home/sophie/visionaid/isaac_ros_ws/install/gxf_isaac_range_scan_processing/share/gxf_isaac_range_scan_processing/environment/path.sh
[0.967s] -- Symlinking: /home/sophie/visionaid/isaac_ros_ws/install/gxf_isaac_range_scan_processing/share/gxf_isaac_range_scan_processing/environment/path.dsv
[0.971s] -- Symlinking: /home/sophie/visionaid/isaac_ros_ws/install/gxf_isaac_range_scan_processing/share/gxf_isaac_range_scan_processing/local_setup.bash
[0.980s] -- Symlinking: /home/sophie/visionaid/isaac_ros_ws/install/gxf_isaac_range_scan_processing/share/gxf_isaac_range_scan_processing/local_setup.sh
[0.985s] -- Symlinking: /home/sophie/visionaid/isaac_ros_ws/install/gxf_isaac_range_scan_processing/share/gxf_isaac_range_scan_processing/local_setup.zsh
[0.991s] -- Symlinking: /home/sophie/visionaid/isaac_ros_ws/install/gxf_isaac_range_scan_processing/share/gxf_isaac_range_scan_processing/local_setup.dsv
[0.996s] -- Symlinking: /home/sophie/visionaid/isaac_ros_ws/install/gxf_isaac_range_scan_processing/share/gxf_isaac_range_scan_processing/package.dsv
[1.002s] -- Symlinking: /home/sophie/visionaid/isaac_ros_ws/install/gxf_isaac_range_scan_processing/share/ament_index/resource_index/packages/gxf_isaac_range_scan_processing
[1.010s] -- Symlinking: /home/sophie/visionaid/isaac_ros_ws/install/gxf_isaac_range_scan_processing/share/gxf_isaac_range_scan_processing/cmake/ament_cmake_export_targets-extras.cmake
[1.015s] -- Symlinking: /home/sophie/visionaid/isaac_ros_ws/install/gxf_isaac_range_scan_processing/share/gxf_isaac_range_scan_processing/cmake/ament_cmake_export_dependencies-extras.cmake
[1.022s] -- Symlinking: /home/sophie/visionaid/isaac_ros_ws/install/gxf_isaac_range_scan_processing/share/gxf_isaac_range_scan_processing/cmake/gxf_isaac_range_scan_processingConfig.cmake
[1.028s] -- Symlinking: /home/sophie/visionaid/isaac_ros_ws/install/gxf_isaac_range_scan_processing/share/gxf_isaac_range_scan_processing/cmake/gxf_isaac_range_scan_processingConfig-version.cmake
[1.033s] -- Symlinking: /home/sophie/visionaid/isaac_ros_ws/install/gxf_isaac_range_scan_processing/share/gxf_isaac_range_scan_processing/package.xml
[1.040s] -- Installing: /home/sophie/visionaid/isaac_ros_ws/install/gxf_isaac_range_scan_processing/share/gxf_isaac_range_scan_processing/cmake/export_gxf_isaac_range_scan_processingExport.cmake
[1.042s] Invoked command in '/home/sophie/visionaid/isaac_ros_ws/build/gxf_isaac_range_scan_processing' returned '0': AMENT_PREFIX_PATH=/home/sophie/visionaid/isaac_ros_ws/install/isaac_ros_gxf:/home/sophie/visionaid/isaac_ros_ws/install/isaac_ros_common:${AMENT_PREFIX_PATH} CMAKE_PREFIX_PATH=/home/sophie/visionaid/isaac_ros_ws/install/isaac_ros_gxf:/home/sophie/visionaid/isaac_ros_ws/install/isaac_ros_common:/opt/ros/humble LD_LIBRARY_PATH=/home/sophie/visionaid/isaac_ros_ws/install/isaac_ros_gxf/lib:/home/sophie/visionaid/isaac_ros_ws/install/isaac_ros_common/lib:${LD_LIBRARY_PATH} PATH=/home/sophie/visionaid/isaac_ros_ws/install/isaac_ros_common/bin:${PATH} PYTHONPATH=/home/sophie/visionaid/isaac_ros_ws/install/isaac_ros_common/local/lib/python3.10/dist-packages:${PYTHONPATH} /usr/bin/cmake --install /home/sophie/visionaid/isaac_ros_ws/build/gxf_isaac_range_scan_processing
