[0.688s] Invoking command in '/home/kanye/Documents/visionaid/build/shared_interfaces': CMAKE_PREFIX_PATH=${CMAKE_PREFIX_PATH}:/opt/ros/humble /usr/bin/cmake /home/kanye/Documents/visionaid/isaac_ros_ws/src/shared_interfaces -DCMAKE_INSTALL_PREFIX=/home/kanye/Documents/visionaid/install/shared_interfaces
[1.125s] -- The C compiler identification is GNU 11.4.0
[1.125s] -- The CXX compiler identification is GNU 11.4.0
[1.125s] -- Detecting C compiler ABI info
[1.125s] -- Detecting C compiler ABI info - done
[1.125s] -- Check for working C compiler: /usr/bin/cc - skipped
[1.125s] -- Detecting C compile features
[1.125s] -- Detecting C compile features - done
[1.125s] -- Detecting CXX compiler ABI info
[1.125s] -- Detecting CXX compiler ABI info - done
[1.125s] -- Check for working CXX compiler: /usr/bin/c++ - skipped
[1.125s] -- Detecting CXX compile features
[1.125s] -- Detecting CXX compile features - done
[1.125s] -- Found ament_cmake: 1.3.11 (/opt/ros/humble/share/ament_cmake/cmake)
[1.126s] -- Found Python3: /usr/bin/python3 (found version "3.10.12") found components: Interpreter 
[1.126s] -- Found ament_lint_auto: 0.12.12 (/opt/ros/humble/share/ament_lint_auto/cmake)
[1.166s] -- Added test 'lint_cmake' to check CMake code style
[1.168s] -- Added test 'xmllint' to check XML markup files
[1.169s] -- Configuring done
[1.171s] -- Generating done
[1.173s] -- Build files have been written to: /home/kanye/Documents/visionaid/build/shared_interfaces
