-- Found ament_cmake_auto: 1.3.11 (/opt/ros/humble/share/ament_cmake_auto/cmake)
-- Override CMake install command with custom implementation using symlinks instead of copying resources
-- Loading isaac_ros_common extras
-- CMAKE_BUILD_TYPE: Release
-- CUDA architectures: 89
-- Loading isaac_ros_common extras (modules)
-- Found rosidl_generator_c: 3.1.6 (/opt/ros/humble/share/rosidl_generator_c/cmake)
-- Found rosidl_adapter: 3.1.6 (/opt/ros/humble/share/rosidl_adapter/cmake)
-- Found rosidl_generator_cpp: 3.1.6 (/opt/ros/humble/share/rosidl_generator_cpp/cmake)
-- Using all available rosidl_typesupport_c: rosidl_typesupport_fastrtps_c;rosidl_typesupport_introspection_c
-- Using all available rosidl_typesupport_cpp: rosidl_typesupport_fastrtps_cpp;rosidl_typesupport_introspection_cpp
-- Found rmw_implementation_cmake: 6.1.2 (/opt/ros/humble/share/rmw_implementation_cmake/cmake)
-- Found rmw_fastrtps_cpp: 6.2.7 (/opt/ros/humble/share/rmw_fastrtps_cpp/cmake)
-- Using RMW implementation 'rmw_fastrtps_cpp' as default
-- Loading isaac_ros_gxf extras
-- Configuring done
-- Generating done
-- Build files have been written to: /home/sophie/visionaid/isaac_ros_ws/build/isaac_ros_image_proc
[35m[1mConsolidate compiler generated dependencies of target alpha_blend_node[0m
[  5%] Built target generate_version_info_target_isaac_ros_image_proc
[ 16%] [32mBuilding CXX object CMakeFiles/alpha_blend_node.dir/src/alpha_blend_node.cpp.o[0m
[ 16%] [32mBuilding CUDA object CMakeFiles/alpha_blend_node.dir/src/alpha_blend.cu.cpp.o[0m
[ 22%] [32m[1mLinking CXX shared library libalpha_blend_node.so[0m
[ 22%] Built target alpha_blend_node
[35m[1mConsolidate compiler generated dependencies of target image_format_converter_node[0m
[ 27%] [32mBuilding CXX object CMakeFiles/image_format_converter_node.dir/src/image_format_converter_node.cpp.o[0m
[ 33%] [32m[1mLinking CXX shared library libimage_format_converter_node.so[0m
[ 33%] Built target image_format_converter_node
[35m[1mConsolidate compiler generated dependencies of target rectify_node[0m
[ 38%] [32mBuilding CXX object CMakeFiles/rectify_node.dir/src/rectify_node.cpp.o[0m
[ 44%] [32m[1mLinking CXX shared library librectify_node.so[0m
[ 44%] Built target rectify_node
[35m[1mConsolidate compiler generated dependencies of target resize_node[0m
[ 50%] [32mBuilding CXX object CMakeFiles/resize_node.dir/src/resize_node.cpp.o[0m
[ 55%] [32m[1mLinking CXX shared library libresize_node.so[0m
[ 55%] Built target resize_node
[35m[1mConsolidate compiler generated dependencies of target flip_node[0m
[ 61%] [32mBuilding CXX object CMakeFiles/flip_node.dir/src/image_flip_node.cpp.o[0m
[ 66%] [32m[1mLinking CXX shared library libflip_node.so[0m
[ 66%] Built target flip_node
[35m[1mConsolidate compiler generated dependencies of target crop_node[0m
[ 72%] [32mBuilding CXX object CMakeFiles/crop_node.dir/src/crop_node.cpp.o[0m
[ 77%] [32m[1mLinking CXX shared library libcrop_node.so[0m
[ 77%] Built target crop_node
[35m[1mConsolidate compiler generated dependencies of target pad_node[0m
[ 83%] [32mBuilding CXX object CMakeFiles/pad_node.dir/src/pad_node.cpp.o[0m
[ 88%] [32m[1mLinking CXX shared library libpad_node.so[0m
[ 88%] Built target pad_node
[35m[1mConsolidate compiler generated dependencies of target image_normalize_node[0m
[ 94%] [32mBuilding CXX object CMakeFiles/image_normalize_node.dir/src/image_normalize_node.cpp.o[0m
[100%] [32m[1mLinking CXX shared library libimage_normalize_node.so[0m
[100%] Built target image_normalize_node
-- Install configuration: "Release"
-- Execute custom install script
-- Up-to-date symlink: /home/sophie/visionaid/isaac_ros_ws/install/isaac_ros_image_proc/share/isaac_ros_image_proc/version_info.yaml
-- Up-to-date symlink: /home/sophie/visionaid/isaac_ros_ws/install/isaac_ros_image_proc/include/isaac_ros_image_proc/alpha_blend.cu.hpp
-- Up-to-date symlink: /home/sophie/visionaid/isaac_ros_ws/install/isaac_ros_image_proc/include/isaac_ros_image_proc/alpha_blend_node.hpp
-- Up-to-date symlink: /home/sophie/visionaid/isaac_ros_ws/install/isaac_ros_image_proc/include/isaac_ros_image_proc/crop_node.hpp
-- Up-to-date symlink: /home/sophie/visionaid/isaac_ros_ws/install/isaac_ros_image_proc/include/isaac_ros_image_proc/image_flip_node.hpp
-- Up-to-date symlink: /home/sophie/visionaid/isaac_ros_ws/install/isaac_ros_image_proc/include/isaac_ros_image_proc/image_format_converter_node.hpp
-- Up-to-date symlink: /home/sophie/visionaid/isaac_ros_ws/install/isaac_ros_image_proc/include/isaac_ros_image_proc/image_normalize_node.hpp
-- Up-to-date symlink: /home/sophie/visionaid/isaac_ros_ws/install/isaac_ros_image_proc/include/isaac_ros_image_proc/pad_node.hpp
-- Up-to-date symlink: /home/sophie/visionaid/isaac_ros_ws/install/isaac_ros_image_proc/include/isaac_ros_image_proc/rectify_node.hpp
-- Up-to-date symlink: /home/sophie/visionaid/isaac_ros_ws/install/isaac_ros_image_proc/include/isaac_ros_image_proc/resize_node.hpp
-- Up-to-date symlink: /home/sophie/visionaid/isaac_ros_ws/install/isaac_ros_image_proc/share/isaac_ros_image_proc/environment/library_path.sh
-- Up-to-date symlink: /home/sophie/visionaid/isaac_ros_ws/install/isaac_ros_image_proc/share/isaac_ros_image_proc/environment/library_path.dsv
-- Up-to-date symlink: /home/sophie/visionaid/isaac_ros_ws/install/isaac_ros_image_proc/lib/libalpha_blend_node.so
-- Up-to-date symlink: /home/sophie/visionaid/isaac_ros_ws/install/isaac_ros_image_proc/lib/libimage_format_converter_node.so
-- Up-to-date symlink: /home/sophie/visionaid/isaac_ros_ws/install/isaac_ros_image_proc/lib/librectify_node.so
-- Up-to-date symlink: /home/sophie/visionaid/isaac_ros_ws/install/isaac_ros_image_proc/lib/libresize_node.so
-- Up-to-date symlink: /home/sophie/visionaid/isaac_ros_ws/install/isaac_ros_image_proc/lib/libflip_node.so
-- Up-to-date symlink: /home/sophie/visionaid/isaac_ros_ws/install/isaac_ros_image_proc/lib/libcrop_node.so
-- Up-to-date symlink: /home/sophie/visionaid/isaac_ros_ws/install/isaac_ros_image_proc/lib/libpad_node.so
-- Up-to-date symlink: /home/sophie/visionaid/isaac_ros_ws/install/isaac_ros_image_proc/lib/libimage_normalize_node.so
-- Up-to-date symlink: /home/sophie/visionaid/isaac_ros_ws/install/isaac_ros_image_proc/share/isaac_ros_image_proc/launch/isaac_ros_image_color_conversion.launch.py
-- Up-to-date symlink: /home/sophie/visionaid/isaac_ros_ws/install/isaac_ros_image_proc/share/isaac_ros_image_proc/launch/isaac_ros_image_color_conversion_core.launch.py
-- Up-to-date symlink: /home/sophie/visionaid/isaac_ros_ws/install/isaac_ros_image_proc/share/isaac_ros_image_proc/launch/isaac_ros_image_crop.launch.py
-- Up-to-date symlink: /home/sophie/visionaid/isaac_ros_ws/install/isaac_ros_image_proc/share/isaac_ros_image_proc/launch/isaac_ros_image_crop_core.launch.py
-- Up-to-date symlink: /home/sophie/visionaid/isaac_ros_ws/install/isaac_ros_image_proc/share/isaac_ros_image_proc/launch/isaac_ros_image_flip.launch.py
-- Up-to-date symlink: /home/sophie/visionaid/isaac_ros_ws/install/isaac_ros_image_proc/share/isaac_ros_image_proc/launch/isaac_ros_image_flip_core.launch.py
-- Up-to-date symlink: /home/sophie/visionaid/isaac_ros_ws/install/isaac_ros_image_proc/share/isaac_ros_image_proc/launch/isaac_ros_image_rectify.launch.py
-- Up-to-date symlink: /home/sophie/visionaid/isaac_ros_ws/install/isaac_ros_image_proc/share/isaac_ros_image_proc/launch/isaac_ros_image_rectify_mono_core.launch.py
-- Up-to-date symlink: /home/sophie/visionaid/isaac_ros_ws/install/isaac_ros_image_proc/share/isaac_ros_image_proc/launch/isaac_ros_image_rectify_stereo_core.launch.py
-- Up-to-date symlink: /home/sophie/visionaid/isaac_ros_ws/install/isaac_ros_image_proc/share/isaac_ros_image_proc/launch/isaac_ros_image_resize.launch.py
-- Up-to-date symlink: /home/sophie/visionaid/isaac_ros_ws/install/isaac_ros_image_proc/share/isaac_ros_image_proc/launch/isaac_ros_image_resize_core.launch.py
-- Up-to-date symlink: /home/sophie/visionaid/isaac_ros_ws/install/isaac_ros_image_proc/share/isaac_ros_image_proc/launch/isaac_ros_image_resize_rectify_stereo_core.launch.py
-- Up-to-date symlink: /home/sophie/visionaid/isaac_ros_ws/install/isaac_ros_image_proc/share/isaac_ros_image_proc/config/isaac_ros_image_proc_namespace_injector_rule.yaml
-- Up-to-date symlink: /home/sophie/visionaid/isaac_ros_ws/install/isaac_ros_image_proc/share/isaac_ros_image_proc/config/namespace_injector_rule_crop.yaml
-- Up-to-date symlink: /home/sophie/visionaid/isaac_ros_ws/install/isaac_ros_image_proc/share/isaac_ros_image_proc/config/namespace_injector_rule_image_format_converter.yaml
-- Up-to-date symlink: /home/sophie/visionaid/isaac_ros_ws/install/isaac_ros_image_proc/share/isaac_ros_image_proc/config/namespace_injector_rule_rectify.yaml
-- Up-to-date symlink: /home/sophie/visionaid/isaac_ros_ws/install/isaac_ros_image_proc/share/isaac_ros_image_proc/config/nitros_crop_node.yaml
-- Up-to-date symlink: /home/sophie/visionaid/isaac_ros_ws/install/isaac_ros_image_proc/share/isaac_ros_image_proc/config/nitros_image_flip_node.yaml
-- Up-to-date symlink: /home/sophie/visionaid/isaac_ros_ws/install/isaac_ros_image_proc/share/isaac_ros_image_proc/config/nitros_image_format_converter_node.yaml
-- Up-to-date symlink: /home/sophie/visionaid/isaac_ros_ws/install/isaac_ros_image_proc/share/isaac_ros_image_proc/config/nitros_rectify_node.yaml
-- Up-to-date symlink: /home/sophie/visionaid/isaac_ros_ws/install/isaac_ros_image_proc/share/isaac_ros_image_proc/config/nitros_resize_node.yaml
-- Up-to-date symlink: /home/sophie/visionaid/isaac_ros_ws/install/isaac_ros_image_proc/share/isaac_ros_image_proc/config/resize_substitution_rule.yaml
-- Up-to-date symlink: /home/sophie/visionaid/isaac_ros_ws/install/isaac_ros_image_proc/share/ament_index/resource_index/package_run_dependencies/isaac_ros_image_proc
-- Up-to-date symlink: /home/sophie/visionaid/isaac_ros_ws/install/isaac_ros_image_proc/share/ament_index/resource_index/parent_prefix_path/isaac_ros_image_proc
-- Up-to-date symlink: /home/sophie/visionaid/isaac_ros_ws/install/isaac_ros_image_proc/share/isaac_ros_image_proc/environment/ament_prefix_path.sh
-- Up-to-date symlink: /home/sophie/visionaid/isaac_ros_ws/install/isaac_ros_image_proc/share/isaac_ros_image_proc/environment/ament_prefix_path.dsv
-- Up-to-date symlink: /home/sophie/visionaid/isaac_ros_ws/install/isaac_ros_image_proc/share/isaac_ros_image_proc/environment/path.sh
-- Up-to-date symlink: /home/sophie/visionaid/isaac_ros_ws/install/isaac_ros_image_proc/share/isaac_ros_image_proc/environment/path.dsv
-- Up-to-date symlink: /home/sophie/visionaid/isaac_ros_ws/install/isaac_ros_image_proc/share/isaac_ros_image_proc/local_setup.bash
-- Up-to-date symlink: /home/sophie/visionaid/isaac_ros_ws/install/isaac_ros_image_proc/share/isaac_ros_image_proc/local_setup.sh
-- Up-to-date symlink: /home/sophie/visionaid/isaac_ros_ws/install/isaac_ros_image_proc/share/isaac_ros_image_proc/local_setup.zsh
-- Up-to-date symlink: /home/sophie/visionaid/isaac_ros_ws/install/isaac_ros_image_proc/share/isaac_ros_image_proc/local_setup.dsv
-- Symlinking: /home/sophie/visionaid/isaac_ros_ws/install/isaac_ros_image_proc/share/isaac_ros_image_proc/package.dsv
-- Up-to-date symlink: /home/sophie/visionaid/isaac_ros_ws/install/isaac_ros_image_proc/share/ament_index/resource_index/packages/isaac_ros_image_proc
-- Up-to-date symlink: /home/sophie/visionaid/isaac_ros_ws/install/isaac_ros_image_proc/share/ament_index/resource_index/rclcpp_components/isaac_ros_image_proc
-- Up-to-date symlink: /home/sophie/visionaid/isaac_ros_ws/install/isaac_ros_image_proc/share/isaac_ros_image_proc/cmake/ament_cmake_export_dependencies-extras.cmake
-- Up-to-date symlink: /home/sophie/visionaid/isaac_ros_ws/install/isaac_ros_image_proc/share/isaac_ros_image_proc/cmake/ament_cmake_export_include_directories-extras.cmake
-- Up-to-date symlink: /home/sophie/visionaid/isaac_ros_ws/install/isaac_ros_image_proc/share/isaac_ros_image_proc/cmake/ament_cmake_export_libraries-extras.cmake
-- Up-to-date symlink: /home/sophie/visionaid/isaac_ros_ws/install/isaac_ros_image_proc/share/isaac_ros_image_proc/cmake/isaac_ros_image_procConfig.cmake
-- Up-to-date symlink: /home/sophie/visionaid/isaac_ros_ws/install/isaac_ros_image_proc/share/isaac_ros_image_proc/cmake/isaac_ros_image_procConfig-version.cmake
-- Up-to-date symlink: /home/sophie/visionaid/isaac_ros_ws/install/isaac_ros_image_proc/share/isaac_ros_image_proc/package.xml
