[0.008s] Invoking command in '/home/sophie/visionaid/isaac_ros_ws/build/gxf_isaac_flatscan_localization': AMENT_PREFIX_PATH=/home/sophie/visionaid/isaac_ros_ws/install/isaac_ros_gxf:/home/sophie/visionaid/isaac_ros_ws/install/isaac_ros_common:${AMENT_PREFIX_PATH} CMAKE_PREFIX_PATH=/home/sophie/visionaid/isaac_ros_ws/install/isaac_ros_gxf:/home/sophie/visionaid/isaac_ros_ws/install/isaac_ros_common:/opt/ros/humble LD_LIBRARY_PATH=/home/sophie/visionaid/isaac_ros_ws/install/isaac_ros_gxf/lib:/home/sophie/visionaid/isaac_ros_ws/install/isaac_ros_common/lib:${LD_LIBRARY_PATH} PATH=/home/sophie/visionaid/isaac_ros_ws/install/isaac_ros_common/bin:${PATH} PYTHONPATH=/home/sophie/visionaid/isaac_ros_ws/install/isaac_ros_common/local/lib/python3.10/dist-packages:${PYTHONPATH} /usr/bin/cmake /home/sophie/visionaid/isaac_ros_ws/src/isaac_ros_nitros/isaac_ros_gxf_extensions/gxf_isaac_flatscan_localization -DCMAKE_BUILD_TYPE=Release -DBUILD_TESTING=OFF -DCMAKE_CUDA_ARCHITECTURES=89 -DAMENT_CMAKE_SYMLINK_INSTALL=1 -DCMAKE_INSTALL_PREFIX=/home/sophie/visionaid/isaac_ros_ws/install/gxf_isaac_flatscan_localization
[0.050s] -- The C compiler identification is GNU 11.4.0
[0.086s] -- The CXX compiler identification is GNU 11.4.0
[0.091s] -- Detecting C compiler ABI info
[0.141s] -- Detecting C compiler ABI info - done
[0.147s] -- Check for working C compiler: /usr/bin/cc - skipped
[0.147s] -- Detecting C compile features
[0.147s] -- Detecting C compile features - done
[0.148s] -- Detecting CXX compiler ABI info
[0.200s] -- Detecting CXX compiler ABI info - done
[0.207s] -- Check for working CXX compiler: /usr/bin/c++ - skipped
[0.208s] -- Detecting CXX compile features
[0.208s] -- Detecting CXX compile features - done
[0.208s] -- Found ament_cmake_auto: 1.3.11 (/opt/ros/humble/share/ament_cmake_auto/cmake)
[0.300s] -- Found Python3: /usr/bin/python3 (found version "3.10.12") found components: Interpreter 
[0.341s] -- Override CMake install command with custom implementation using symlinks instead of copying resources
[0.388s] -- Loading isaac_ros_common extras
[0.388s] -- CMAKE_BUILD_TYPE: Release
[0.402s] -- Looking for pthread.h
[0.452s] -- Looking for pthread.h - found
[0.452s] -- Performing Test CMAKE_HAVE_LIBC_PTHREAD
[0.502s] -- Performing Test CMAKE_HAVE_LIBC_PTHREAD - Success
[0.503s] -- Found Threads: TRUE  
[0.509s] -- Found CUDA: /usr/local/cuda-12.8 (found version "12.8") 
[0.509s] -- CUDA architectures: 89
[0.509s] -- Loading isaac_ros_common extras (modules)
[0.529s] -- Found rosidl_generator_c: 3.1.6 (/opt/ros/humble/share/rosidl_generator_c/cmake)
[0.531s] -- Found rosidl_adapter: 3.1.6 (/opt/ros/humble/share/rosidl_adapter/cmake)
[0.536s] -- Found rosidl_generator_cpp: 3.1.6 (/opt/ros/humble/share/rosidl_generator_cpp/cmake)
[0.543s] -- Using all available rosidl_typesupport_c: rosidl_typesupport_fastrtps_c;rosidl_typesupport_introspection_c
[0.552s] -- Using all available rosidl_typesupport_cpp: rosidl_typesupport_fastrtps_cpp;rosidl_typesupport_introspection_cpp
[0.579s] -- Found rmw_implementation_cmake: 6.1.2 (/opt/ros/humble/share/rmw_implementation_cmake/cmake)
[0.580s] -- Found rmw_fastrtps_cpp: 6.2.7 (/opt/ros/humble/share/rmw_fastrtps_cpp/cmake)
[0.641s] -- Found OpenSSL: /usr/lib/x86_64-linux-gnu/libcrypto.so (found version "3.0.2")  
[0.656s] -- Found FastRTPS: /opt/ros/humble/include  
[0.679s] -- Using RMW implementation 'rmw_fastrtps_cpp' as default
[0.712s] -- Loading isaac_ros_gxf extras
[0.757s] -- Configuring done
[0.760s] -- Generating done
[0.761s] -- Build files have been written to: /home/sophie/visionaid/isaac_ros_ws/build/gxf_isaac_flatscan_localization
[0.770s] Invoked command in '/home/sophie/visionaid/isaac_ros_ws/build/gxf_isaac_flatscan_localization' returned '0': AMENT_PREFIX_PATH=/home/sophie/visionaid/isaac_ros_ws/install/isaac_ros_gxf:/home/sophie/visionaid/isaac_ros_ws/install/isaac_ros_common:${AMENT_PREFIX_PATH} CMAKE_PREFIX_PATH=/home/sophie/visionaid/isaac_ros_ws/install/isaac_ros_gxf:/home/sophie/visionaid/isaac_ros_ws/install/isaac_ros_common:/opt/ros/humble LD_LIBRARY_PATH=/home/sophie/visionaid/isaac_ros_ws/install/isaac_ros_gxf/lib:/home/sophie/visionaid/isaac_ros_ws/install/isaac_ros_common/lib:${LD_LIBRARY_PATH} PATH=/home/sophie/visionaid/isaac_ros_ws/install/isaac_ros_common/bin:${PATH} PYTHONPATH=/home/sophie/visionaid/isaac_ros_ws/install/isaac_ros_common/local/lib/python3.10/dist-packages:${PYTHONPATH} /usr/bin/cmake /home/sophie/visionaid/isaac_ros_ws/src/isaac_ros_nitros/isaac_ros_gxf_extensions/gxf_isaac_flatscan_localization -DCMAKE_BUILD_TYPE=Release -DBUILD_TESTING=OFF -DCMAKE_CUDA_ARCHITECTURES=89 -DAMENT_CMAKE_SYMLINK_INSTALL=1 -DCMAKE_INSTALL_PREFIX=/home/sophie/visionaid/isaac_ros_ws/install/gxf_isaac_flatscan_localization
[0.771s] Invoking command in '/home/sophie/visionaid/isaac_ros_ws/build/gxf_isaac_flatscan_localization': AMENT_PREFIX_PATH=/home/sophie/visionaid/isaac_ros_ws/install/isaac_ros_gxf:/home/sophie/visionaid/isaac_ros_ws/install/isaac_ros_common:${AMENT_PREFIX_PATH} CMAKE_PREFIX_PATH=/home/sophie/visionaid/isaac_ros_ws/install/isaac_ros_gxf:/home/sophie/visionaid/isaac_ros_ws/install/isaac_ros_common:/opt/ros/humble LD_LIBRARY_PATH=/home/sophie/visionaid/isaac_ros_ws/install/isaac_ros_gxf/lib:/home/sophie/visionaid/isaac_ros_ws/install/isaac_ros_common/lib:${LD_LIBRARY_PATH} PATH=/home/sophie/visionaid/isaac_ros_ws/install/isaac_ros_common/bin:${PATH} PYTHONPATH=/home/sophie/visionaid/isaac_ros_ws/install/isaac_ros_common/local/lib/python3.10/dist-packages:${PYTHONPATH} /usr/bin/cmake --build /home/sophie/visionaid/isaac_ros_ws/build/gxf_isaac_flatscan_localization -- -j22 -l22
[0.808s] [100%] [34m[1mGenerating version information as YAML[0m
[0.866s] [100%] Built target generate_version_info_target_gxf_isaac_flatscan_localization
[0.873s] Invoked command in '/home/sophie/visionaid/isaac_ros_ws/build/gxf_isaac_flatscan_localization' returned '0': AMENT_PREFIX_PATH=/home/sophie/visionaid/isaac_ros_ws/install/isaac_ros_gxf:/home/sophie/visionaid/isaac_ros_ws/install/isaac_ros_common:${AMENT_PREFIX_PATH} CMAKE_PREFIX_PATH=/home/sophie/visionaid/isaac_ros_ws/install/isaac_ros_gxf:/home/sophie/visionaid/isaac_ros_ws/install/isaac_ros_common:/opt/ros/humble LD_LIBRARY_PATH=/home/sophie/visionaid/isaac_ros_ws/install/isaac_ros_gxf/lib:/home/sophie/visionaid/isaac_ros_ws/install/isaac_ros_common/lib:${LD_LIBRARY_PATH} PATH=/home/sophie/visionaid/isaac_ros_ws/install/isaac_ros_common/bin:${PATH} PYTHONPATH=/home/sophie/visionaid/isaac_ros_ws/install/isaac_ros_common/local/lib/python3.10/dist-packages:${PYTHONPATH} /usr/bin/cmake --build /home/sophie/visionaid/isaac_ros_ws/build/gxf_isaac_flatscan_localization -- -j22 -l22
[0.874s] Invoking command in '/home/sophie/visionaid/isaac_ros_ws/build/gxf_isaac_flatscan_localization': AMENT_PREFIX_PATH=/home/sophie/visionaid/isaac_ros_ws/install/isaac_ros_gxf:/home/sophie/visionaid/isaac_ros_ws/install/isaac_ros_common:${AMENT_PREFIX_PATH} CMAKE_PREFIX_PATH=/home/sophie/visionaid/isaac_ros_ws/install/isaac_ros_gxf:/home/sophie/visionaid/isaac_ros_ws/install/isaac_ros_common:/opt/ros/humble LD_LIBRARY_PATH=/home/sophie/visionaid/isaac_ros_ws/install/isaac_ros_gxf/lib:/home/sophie/visionaid/isaac_ros_ws/install/isaac_ros_common/lib:${LD_LIBRARY_PATH} PATH=/home/sophie/visionaid/isaac_ros_ws/install/isaac_ros_common/bin:${PATH} PYTHONPATH=/home/sophie/visionaid/isaac_ros_ws/install/isaac_ros_common/local/lib/python3.10/dist-packages:${PYTHONPATH} /usr/bin/cmake --install /home/sophie/visionaid/isaac_ros_ws/build/gxf_isaac_flatscan_localization
[0.878s] -- Install configuration: "Release"
[0.878s] -- Execute custom install script
[0.878s] -- Symlinking: /home/sophie/visionaid/isaac_ros_ws/install/gxf_isaac_flatscan_localization/share/gxf_isaac_flatscan_localization/gxf/lib/libgxf_isaac_flatscan_localization.so
[0.885s] -- Symlinking: /home/sophie/visionaid/isaac_ros_ws/install/gxf_isaac_flatscan_localization/share/gxf_isaac_flatscan_localization/environment/library_path.sh
[0.892s] -- Symlinking: /home/sophie/visionaid/isaac_ros_ws/install/gxf_isaac_flatscan_localization/share/gxf_isaac_flatscan_localization/environment/library_path.dsv
[0.899s] -- Symlinking: /home/sophie/visionaid/isaac_ros_ws/install/gxf_isaac_flatscan_localization/share/gxf_isaac_flatscan_localization/version_info.yaml
[0.906s] -- Symlinking: /home/sophie/visionaid/isaac_ros_ws/install/gxf_isaac_flatscan_localization/share/ament_index/resource_index/package_run_dependencies/gxf_isaac_flatscan_localization
[0.912s] -- Symlinking: /home/sophie/visionaid/isaac_ros_ws/install/gxf_isaac_flatscan_localization/share/ament_index/resource_index/parent_prefix_path/gxf_isaac_flatscan_localization
[0.918s] -- Symlinking: /home/sophie/visionaid/isaac_ros_ws/install/gxf_isaac_flatscan_localization/share/gxf_isaac_flatscan_localization/environment/ament_prefix_path.sh
[0.922s] -- Symlinking: /home/sophie/visionaid/isaac_ros_ws/install/gxf_isaac_flatscan_localization/share/gxf_isaac_flatscan_localization/environment/ament_prefix_path.dsv
[0.927s] -- Symlinking: /home/sophie/visionaid/isaac_ros_ws/install/gxf_isaac_flatscan_localization/share/gxf_isaac_flatscan_localization/environment/path.sh
[0.932s] -- Symlinking: /home/sophie/visionaid/isaac_ros_ws/install/gxf_isaac_flatscan_localization/share/gxf_isaac_flatscan_localization/environment/path.dsv
[0.936s] -- Symlinking: /home/sophie/visionaid/isaac_ros_ws/install/gxf_isaac_flatscan_localization/share/gxf_isaac_flatscan_localization/local_setup.bash
[0.941s] -- Symlinking: /home/sophie/visionaid/isaac_ros_ws/install/gxf_isaac_flatscan_localization/share/gxf_isaac_flatscan_localization/local_setup.sh
[0.946s] -- Symlinking: /home/sophie/visionaid/isaac_ros_ws/install/gxf_isaac_flatscan_localization/share/gxf_isaac_flatscan_localization/local_setup.zsh
[0.952s] -- Symlinking: /home/sophie/visionaid/isaac_ros_ws/install/gxf_isaac_flatscan_localization/share/gxf_isaac_flatscan_localization/local_setup.dsv
[0.958s] -- Symlinking: /home/sophie/visionaid/isaac_ros_ws/install/gxf_isaac_flatscan_localization/share/gxf_isaac_flatscan_localization/package.dsv
[0.962s] -- Symlinking: /home/sophie/visionaid/isaac_ros_ws/install/gxf_isaac_flatscan_localization/share/ament_index/resource_index/packages/gxf_isaac_flatscan_localization
[0.966s] -- Symlinking: /home/sophie/visionaid/isaac_ros_ws/install/gxf_isaac_flatscan_localization/share/gxf_isaac_flatscan_localization/cmake/ament_cmake_export_targets-extras.cmake
[0.972s] -- Symlinking: /home/sophie/visionaid/isaac_ros_ws/install/gxf_isaac_flatscan_localization/share/gxf_isaac_flatscan_localization/cmake/ament_cmake_export_dependencies-extras.cmake
[0.977s] -- Symlinking: /home/sophie/visionaid/isaac_ros_ws/install/gxf_isaac_flatscan_localization/share/gxf_isaac_flatscan_localization/cmake/gxf_isaac_flatscan_localizationConfig.cmake
[0.982s] -- Symlinking: /home/sophie/visionaid/isaac_ros_ws/install/gxf_isaac_flatscan_localization/share/gxf_isaac_flatscan_localization/cmake/gxf_isaac_flatscan_localizationConfig-version.cmake
[0.986s] -- Symlinking: /home/sophie/visionaid/isaac_ros_ws/install/gxf_isaac_flatscan_localization/share/gxf_isaac_flatscan_localization/package.xml
[0.991s] -- Installing: /home/sophie/visionaid/isaac_ros_ws/install/gxf_isaac_flatscan_localization/share/gxf_isaac_flatscan_localization/cmake/export_gxf_isaac_flatscan_localizationExport.cmake
[0.993s] Invoked command in '/home/sophie/visionaid/isaac_ros_ws/build/gxf_isaac_flatscan_localization' returned '0': AMENT_PREFIX_PATH=/home/sophie/visionaid/isaac_ros_ws/install/isaac_ros_gxf:/home/sophie/visionaid/isaac_ros_ws/install/isaac_ros_common:${AMENT_PREFIX_PATH} CMAKE_PREFIX_PATH=/home/sophie/visionaid/isaac_ros_ws/install/isaac_ros_gxf:/home/sophie/visionaid/isaac_ros_ws/install/isaac_ros_common:/opt/ros/humble LD_LIBRARY_PATH=/home/sophie/visionaid/isaac_ros_ws/install/isaac_ros_gxf/lib:/home/sophie/visionaid/isaac_ros_ws/install/isaac_ros_common/lib:${LD_LIBRARY_PATH} PATH=/home/sophie/visionaid/isaac_ros_ws/install/isaac_ros_common/bin:${PATH} PYTHONPATH=/home/sophie/visionaid/isaac_ros_ws/install/isaac_ros_common/local/lib/python3.10/dist-packages:${PYTHONPATH} /usr/bin/cmake --install /home/sophie/visionaid/isaac_ros_ws/build/gxf_isaac_flatscan_localization
