[0.067s] Invoking command in '/home/kanye/Documents/visionaid/build/catkin_simple': /usr/bin/cmake /home/kanye/Documents/visionaid/calibration/camera/kalibr/catkin_simple -DCATKIN_INSTALL_INTO_PREFIX_ROOT=0 -DCMAKE_INSTALL_PREFIX=/home/kanye/Documents/visionaid/install/catkin_simple
[1.484s] -- Configuring incomplete, errors occurred!
[1.485s] See also "/home/kanye/Documents/visionaid/build/catkin_simple/CMakeFiles/CMakeOutput.log".
[1.489s] [31mCMake Error at CMakeLists.txt:4 (find_package):
[1.489s]   By not providing "Findcatkin.cmake" in CMAKE_MODULE_PATH this project has
[1.489s]   asked CMake to find a package configuration file provided by "catkin", but
[1.489s]   CMake did not find one.
[1.489s] 
[1.489s]   Could not find a package configuration file provided by "catkin" with any
[1.489s]   of the following names:
[1.489s] 
[1.490s]     catkinConfig.cmake
[1.490s]     catkin-config.cmake
[1.490s] 
[1.490s]   Add the installation prefix of "catkin" to CMAKE_PREFIX_PATH or set
[1.490s]   "catkin_DIR" to a directory containing one of the above files.  If "catkin"
[1.490s]   provides a separate development package or SDK, be sure it has been
[1.490s]   installed.
[1.490s] 
[1.490s] [0m
[1.571s] Invoked command in '/home/kanye/Documents/visionaid/build/catkin_simple' returned '1': /usr/bin/cmake /home/kanye/Documents/visionaid/calibration/camera/kalibr/catkin_simple -DCATKIN_INSTALL_INTO_PREFIX_ROOT=0 -DCMAKE_INSTALL_PREFIX=/home/kanye/Documents/visionaid/install/catkin_simple
