[0.011s] Invoking command in '/home/sophie/visionaid/isaac_ros_ws/build/gxf_isaac_atlas': AMENT_PREFIX_PATH=/home/sophie/visionaid/isaac_ros_ws/install/gxf_isaac_gems:/home/sophie/visionaid/isaac_ros_ws/install/isaac_ros_gxf:/home/sophie/visionaid/isaac_ros_ws/install/isaac_ros_common:${AMENT_PREFIX_PATH} CMAKE_PREFIX_PATH=/home/sophie/visionaid/isaac_ros_ws/install/gxf_isaac_gems:/home/sophie/visionaid/isaac_ros_ws/install/isaac_ros_gxf:/home/sophie/visionaid/isaac_ros_ws/install/isaac_ros_common:/opt/ros/humble LD_LIBRARY_PATH=/home/sophie/visionaid/isaac_ros_ws/install/gxf_isaac_gems/lib:/home/sophie/visionaid/isaac_ros_ws/install/isaac_ros_gxf/lib:/home/sophie/visionaid/isaac_ros_ws/install/isaac_ros_common/lib:${LD_LIBRARY_PATH} PATH=/home/sophie/visionaid/isaac_ros_ws/install/isaac_ros_common/bin:${PATH} PYTHONPATH=/home/sophie/visionaid/isaac_ros_ws/install/isaac_ros_common/local/lib/python3.10/dist-packages:${PYTHONPATH} /usr/bin/cmake /home/sophie/visionaid/isaac_ros_ws/src/isaac_ros_nitros/isaac_ros_gxf_extensions/gxf_isaac_atlas -DCMAKE_BUILD_TYPE=Release -DBUILD_TESTING=OFF -DCMAKE_CUDA_ARCHITECTURES=89 -DAMENT_CMAKE_SYMLINK_INSTALL=1 -DCMAKE_INSTALL_PREFIX=/home/sophie/visionaid/isaac_ros_ws/install/gxf_isaac_atlas
[0.048s] -- The C compiler identification is GNU 11.4.0
[0.081s] -- The CXX compiler identification is GNU 11.4.0
[0.087s] -- Detecting C compiler ABI info
[0.138s] -- Detecting C compiler ABI info - done
[0.144s] -- Check for working C compiler: /usr/bin/cc - skipped
[0.144s] -- Detecting C compile features
[0.144s] -- Detecting C compile features - done
[0.146s] -- Detecting CXX compiler ABI info
[0.200s] -- Detecting CXX compiler ABI info - done
[0.207s] -- Check for working CXX compiler: /usr/bin/c++ - skipped
[0.208s] -- Detecting CXX compile features
[0.208s] -- Detecting CXX compile features - done
[0.210s] -- Found ament_cmake_auto: 1.3.11 (/opt/ros/humble/share/ament_cmake_auto/cmake)
[0.304s] -- Found Python3: /usr/bin/python3 (found version "3.10.12") found components: Interpreter 
[0.340s] -- Override CMake install command with custom implementation using symlinks instead of copying resources
[0.389s] -- Loading isaac_ros_common extras
[0.389s] -- CMAKE_BUILD_TYPE: Release
[0.403s] -- Looking for pthread.h
[0.453s] -- Looking for pthread.h - found
[0.453s] -- Performing Test CMAKE_HAVE_LIBC_PTHREAD
[0.505s] -- Performing Test CMAKE_HAVE_LIBC_PTHREAD - Success
[0.505s] -- Found Threads: TRUE  
[0.514s] -- Found CUDA: /usr/local/cuda-12.8 (found version "12.8") 
[0.515s] -- CUDA architectures: 89
[0.515s] -- Loading isaac_ros_common extras (modules)
[0.534s] -- Found rosidl_generator_c: 3.1.6 (/opt/ros/humble/share/rosidl_generator_c/cmake)
[0.537s] -- Found rosidl_adapter: 3.1.6 (/opt/ros/humble/share/rosidl_adapter/cmake)
[0.541s] -- Found rosidl_generator_cpp: 3.1.6 (/opt/ros/humble/share/rosidl_generator_cpp/cmake)
[0.547s] -- Using all available rosidl_typesupport_c: rosidl_typesupport_fastrtps_c;rosidl_typesupport_introspection_c
[0.555s] -- Using all available rosidl_typesupport_cpp: rosidl_typesupport_fastrtps_cpp;rosidl_typesupport_introspection_cpp
[0.578s] -- Found rmw_implementation_cmake: 6.1.2 (/opt/ros/humble/share/rmw_implementation_cmake/cmake)
[0.579s] -- Found rmw_fastrtps_cpp: 6.2.7 (/opt/ros/humble/share/rmw_fastrtps_cpp/cmake)
[0.636s] -- Found OpenSSL: /usr/lib/x86_64-linux-gnu/libcrypto.so (found version "3.0.2")  
[0.653s] -- Found FastRTPS: /opt/ros/humble/include  
[0.679s] -- Using RMW implementation 'rmw_fastrtps_cpp' as default
[0.711s] -- Loading isaac_ros_gxf extras
[0.752s] -- Configuring done
[0.755s] -- Generating done
[0.756s] -- Build files have been written to: /home/sophie/visionaid/isaac_ros_ws/build/gxf_isaac_atlas
[0.765s] Invoked command in '/home/sophie/visionaid/isaac_ros_ws/build/gxf_isaac_atlas' returned '0': AMENT_PREFIX_PATH=/home/sophie/visionaid/isaac_ros_ws/install/gxf_isaac_gems:/home/sophie/visionaid/isaac_ros_ws/install/isaac_ros_gxf:/home/sophie/visionaid/isaac_ros_ws/install/isaac_ros_common:${AMENT_PREFIX_PATH} CMAKE_PREFIX_PATH=/home/sophie/visionaid/isaac_ros_ws/install/gxf_isaac_gems:/home/sophie/visionaid/isaac_ros_ws/install/isaac_ros_gxf:/home/sophie/visionaid/isaac_ros_ws/install/isaac_ros_common:/opt/ros/humble LD_LIBRARY_PATH=/home/sophie/visionaid/isaac_ros_ws/install/gxf_isaac_gems/lib:/home/sophie/visionaid/isaac_ros_ws/install/isaac_ros_gxf/lib:/home/sophie/visionaid/isaac_ros_ws/install/isaac_ros_common/lib:${LD_LIBRARY_PATH} PATH=/home/sophie/visionaid/isaac_ros_ws/install/isaac_ros_common/bin:${PATH} PYTHONPATH=/home/sophie/visionaid/isaac_ros_ws/install/isaac_ros_common/local/lib/python3.10/dist-packages:${PYTHONPATH} /usr/bin/cmake /home/sophie/visionaid/isaac_ros_ws/src/isaac_ros_nitros/isaac_ros_gxf_extensions/gxf_isaac_atlas -DCMAKE_BUILD_TYPE=Release -DBUILD_TESTING=OFF -DCMAKE_CUDA_ARCHITECTURES=89 -DAMENT_CMAKE_SYMLINK_INSTALL=1 -DCMAKE_INSTALL_PREFIX=/home/sophie/visionaid/isaac_ros_ws/install/gxf_isaac_atlas
[0.766s] Invoking command in '/home/sophie/visionaid/isaac_ros_ws/build/gxf_isaac_atlas': AMENT_PREFIX_PATH=/home/sophie/visionaid/isaac_ros_ws/install/gxf_isaac_gems:/home/sophie/visionaid/isaac_ros_ws/install/isaac_ros_gxf:/home/sophie/visionaid/isaac_ros_ws/install/isaac_ros_common:${AMENT_PREFIX_PATH} CMAKE_PREFIX_PATH=/home/sophie/visionaid/isaac_ros_ws/install/gxf_isaac_gems:/home/sophie/visionaid/isaac_ros_ws/install/isaac_ros_gxf:/home/sophie/visionaid/isaac_ros_ws/install/isaac_ros_common:/opt/ros/humble LD_LIBRARY_PATH=/home/sophie/visionaid/isaac_ros_ws/install/gxf_isaac_gems/lib:/home/sophie/visionaid/isaac_ros_ws/install/isaac_ros_gxf/lib:/home/sophie/visionaid/isaac_ros_ws/install/isaac_ros_common/lib:${LD_LIBRARY_PATH} PATH=/home/sophie/visionaid/isaac_ros_ws/install/isaac_ros_common/bin:${PATH} PYTHONPATH=/home/sophie/visionaid/isaac_ros_ws/install/isaac_ros_common/local/lib/python3.10/dist-packages:${PYTHONPATH} /usr/bin/cmake --build /home/sophie/visionaid/isaac_ros_ws/build/gxf_isaac_atlas -- -j22 -l22
[0.802s] [100%] [34m[1mGenerating version information as YAML[0m
[0.859s] [100%] Built target generate_version_info_target_gxf_isaac_atlas
[0.868s] Invoked command in '/home/sophie/visionaid/isaac_ros_ws/build/gxf_isaac_atlas' returned '0': AMENT_PREFIX_PATH=/home/sophie/visionaid/isaac_ros_ws/install/gxf_isaac_gems:/home/sophie/visionaid/isaac_ros_ws/install/isaac_ros_gxf:/home/sophie/visionaid/isaac_ros_ws/install/isaac_ros_common:${AMENT_PREFIX_PATH} CMAKE_PREFIX_PATH=/home/sophie/visionaid/isaac_ros_ws/install/gxf_isaac_gems:/home/sophie/visionaid/isaac_ros_ws/install/isaac_ros_gxf:/home/sophie/visionaid/isaac_ros_ws/install/isaac_ros_common:/opt/ros/humble LD_LIBRARY_PATH=/home/sophie/visionaid/isaac_ros_ws/install/gxf_isaac_gems/lib:/home/sophie/visionaid/isaac_ros_ws/install/isaac_ros_gxf/lib:/home/sophie/visionaid/isaac_ros_ws/install/isaac_ros_common/lib:${LD_LIBRARY_PATH} PATH=/home/sophie/visionaid/isaac_ros_ws/install/isaac_ros_common/bin:${PATH} PYTHONPATH=/home/sophie/visionaid/isaac_ros_ws/install/isaac_ros_common/local/lib/python3.10/dist-packages:${PYTHONPATH} /usr/bin/cmake --build /home/sophie/visionaid/isaac_ros_ws/build/gxf_isaac_atlas -- -j22 -l22
[0.869s] Invoking command in '/home/sophie/visionaid/isaac_ros_ws/build/gxf_isaac_atlas': AMENT_PREFIX_PATH=/home/sophie/visionaid/isaac_ros_ws/install/gxf_isaac_gems:/home/sophie/visionaid/isaac_ros_ws/install/isaac_ros_gxf:/home/sophie/visionaid/isaac_ros_ws/install/isaac_ros_common:${AMENT_PREFIX_PATH} CMAKE_PREFIX_PATH=/home/sophie/visionaid/isaac_ros_ws/install/gxf_isaac_gems:/home/sophie/visionaid/isaac_ros_ws/install/isaac_ros_gxf:/home/sophie/visionaid/isaac_ros_ws/install/isaac_ros_common:/opt/ros/humble LD_LIBRARY_PATH=/home/sophie/visionaid/isaac_ros_ws/install/gxf_isaac_gems/lib:/home/sophie/visionaid/isaac_ros_ws/install/isaac_ros_gxf/lib:/home/sophie/visionaid/isaac_ros_ws/install/isaac_ros_common/lib:${LD_LIBRARY_PATH} PATH=/home/sophie/visionaid/isaac_ros_ws/install/isaac_ros_common/bin:${PATH} PYTHONPATH=/home/sophie/visionaid/isaac_ros_ws/install/isaac_ros_common/local/lib/python3.10/dist-packages:${PYTHONPATH} /usr/bin/cmake --install /home/sophie/visionaid/isaac_ros_ws/build/gxf_isaac_atlas
[0.875s] -- Install configuration: "Release"
[0.875s] -- Execute custom install script
[0.875s] -- Symlinking: /home/sophie/visionaid/isaac_ros_ws/install/gxf_isaac_atlas/share/gxf_isaac_atlas/gxf/lib/libgxf_isaac_atlas.so
[0.882s] -- Symlinking: /home/sophie/visionaid/isaac_ros_ws/install/gxf_isaac_atlas/share/gxf_isaac_atlas/gxf/include/extensions/atlas/composite_schema_server.hpp
[0.887s] -- Symlinking: /home/sophie/visionaid/isaac_ros_ws/install/gxf_isaac_atlas/share/gxf_isaac_atlas/gxf/include/extensions/atlas/pose_tree_frame.hpp
[0.893s] -- Symlinking: /home/sophie/visionaid/isaac_ros_ws/install/gxf_isaac_atlas/share/gxf_isaac_atlas/environment/library_path.sh
[0.899s] -- Symlinking: /home/sophie/visionaid/isaac_ros_ws/install/gxf_isaac_atlas/share/gxf_isaac_atlas/environment/library_path.dsv
[0.904s] -- Symlinking: /home/sophie/visionaid/isaac_ros_ws/install/gxf_isaac_atlas/share/gxf_isaac_atlas/version_info.yaml
[0.910s] -- Symlinking: /home/sophie/visionaid/isaac_ros_ws/install/gxf_isaac_atlas/share/ament_index/resource_index/package_run_dependencies/gxf_isaac_atlas
[0.915s] -- Symlinking: /home/sophie/visionaid/isaac_ros_ws/install/gxf_isaac_atlas/share/ament_index/resource_index/parent_prefix_path/gxf_isaac_atlas
[0.919s] -- Symlinking: /home/sophie/visionaid/isaac_ros_ws/install/gxf_isaac_atlas/share/gxf_isaac_atlas/environment/ament_prefix_path.sh
[0.923s] -- Symlinking: /home/sophie/visionaid/isaac_ros_ws/install/gxf_isaac_atlas/share/gxf_isaac_atlas/environment/ament_prefix_path.dsv
[0.927s] -- Symlinking: /home/sophie/visionaid/isaac_ros_ws/install/gxf_isaac_atlas/share/gxf_isaac_atlas/environment/path.sh
[0.932s] -- Symlinking: /home/sophie/visionaid/isaac_ros_ws/install/gxf_isaac_atlas/share/gxf_isaac_atlas/environment/path.dsv
[0.939s] -- Symlinking: /home/sophie/visionaid/isaac_ros_ws/install/gxf_isaac_atlas/share/gxf_isaac_atlas/local_setup.bash
[0.944s] -- Symlinking: /home/sophie/visionaid/isaac_ros_ws/install/gxf_isaac_atlas/share/gxf_isaac_atlas/local_setup.sh
[0.948s] -- Symlinking: /home/sophie/visionaid/isaac_ros_ws/install/gxf_isaac_atlas/share/gxf_isaac_atlas/local_setup.zsh
[0.954s] -- Symlinking: /home/sophie/visionaid/isaac_ros_ws/install/gxf_isaac_atlas/share/gxf_isaac_atlas/local_setup.dsv
[0.960s] -- Symlinking: /home/sophie/visionaid/isaac_ros_ws/install/gxf_isaac_atlas/share/gxf_isaac_atlas/package.dsv
[0.965s] -- Symlinking: /home/sophie/visionaid/isaac_ros_ws/install/gxf_isaac_atlas/share/ament_index/resource_index/packages/gxf_isaac_atlas
[0.969s] -- Symlinking: /home/sophie/visionaid/isaac_ros_ws/install/gxf_isaac_atlas/share/gxf_isaac_atlas/cmake/ament_cmake_export_targets-extras.cmake
[0.974s] -- Symlinking: /home/sophie/visionaid/isaac_ros_ws/install/gxf_isaac_atlas/share/gxf_isaac_atlas/cmake/ament_cmake_export_dependencies-extras.cmake
[0.981s] -- Symlinking: /home/sophie/visionaid/isaac_ros_ws/install/gxf_isaac_atlas/share/gxf_isaac_atlas/cmake/gxf_isaac_atlasConfig.cmake
[0.988s] -- Symlinking: /home/sophie/visionaid/isaac_ros_ws/install/gxf_isaac_atlas/share/gxf_isaac_atlas/cmake/gxf_isaac_atlasConfig-version.cmake
[0.993s] -- Symlinking: /home/sophie/visionaid/isaac_ros_ws/install/gxf_isaac_atlas/share/gxf_isaac_atlas/package.xml
[1.001s] -- Installing: /home/sophie/visionaid/isaac_ros_ws/install/gxf_isaac_atlas/share/gxf_isaac_atlas/cmake/export_gxf_isaac_atlasExport.cmake
[1.003s] Invoked command in '/home/sophie/visionaid/isaac_ros_ws/build/gxf_isaac_atlas' returned '0': AMENT_PREFIX_PATH=/home/sophie/visionaid/isaac_ros_ws/install/gxf_isaac_gems:/home/sophie/visionaid/isaac_ros_ws/install/isaac_ros_gxf:/home/sophie/visionaid/isaac_ros_ws/install/isaac_ros_common:${AMENT_PREFIX_PATH} CMAKE_PREFIX_PATH=/home/sophie/visionaid/isaac_ros_ws/install/gxf_isaac_gems:/home/sophie/visionaid/isaac_ros_ws/install/isaac_ros_gxf:/home/sophie/visionaid/isaac_ros_ws/install/isaac_ros_common:/opt/ros/humble LD_LIBRARY_PATH=/home/sophie/visionaid/isaac_ros_ws/install/gxf_isaac_gems/lib:/home/sophie/visionaid/isaac_ros_ws/install/isaac_ros_gxf/lib:/home/sophie/visionaid/isaac_ros_ws/install/isaac_ros_common/lib:${LD_LIBRARY_PATH} PATH=/home/sophie/visionaid/isaac_ros_ws/install/isaac_ros_common/bin:${PATH} PYTHONPATH=/home/sophie/visionaid/isaac_ros_ws/install/isaac_ros_common/local/lib/python3.10/dist-packages:${PYTHONPATH} /usr/bin/cmake --install /home/sophie/visionaid/isaac_ros_ws/build/gxf_isaac_atlas
