[0.902s] Invoking command in '/home/sophie/visionaid/isaac_ros_ws/build/traffic_crossing_assistant': PYTHONPATH=/home/sophie/visionaid/isaac_ros_ws/build/traffic_crossing_assistant/prefix_override:/usr/lib/python3/dist-packages/colcon_core/task/python/colcon_distutils_commands:/home/sophie/visionaid/isaac_ros_ws/install/traffic_crossing_assistant/lib/python3.10/site-packages:${PYTHONPATH} /usr/bin/python3 -W ignore:setup.py install is deprecated -W ignore:easy_install command is deprecated setup.py develop --editable --build-directory /home/sophie/visionaid/isaac_ros_ws/build/traffic_crossing_assistant/build --no-deps symlink_data
[1.072s] running develop
[1.163s] running egg_info
[1.164s] creating traffic_crossing_assistant.egg-info
[1.164s] writing traffic_crossing_assistant.egg-info/PKG-INFO
[1.164s] writing dependency_links to traffic_crossing_assistant.egg-info/dependency_links.txt
[1.164s] writing entry points to traffic_crossing_assistant.egg-info/entry_points.txt
[1.164s] writing requirements to traffic_crossing_assistant.egg-info/requires.txt
[1.164s] writing top-level names to traffic_crossing_assistant.egg-info/top_level.txt
[1.164s] writing manifest file 'traffic_crossing_assistant.egg-info/SOURCES.txt'
[1.165s] reading manifest file 'traffic_crossing_assistant.egg-info/SOURCES.txt'
[1.165s] writing manifest file 'traffic_crossing_assistant.egg-info/SOURCES.txt'
[1.193s] running build_ext
[1.193s] Creating /home/sophie/visionaid/isaac_ros_ws/install/traffic_crossing_assistant/lib/python3.10/site-packages/traffic-crossing-assistant.egg-link (link to .)
[1.193s] 
[1.194s] Installed /home/sophie/visionaid/isaac_ros_ws/build/traffic_crossing_assistant
[1.194s] running symlink_data
[1.194s] creating /home/sophie/visionaid/isaac_ros_ws/install/traffic_crossing_assistant/share/ament_index
[1.194s] creating /home/sophie/visionaid/isaac_ros_ws/install/traffic_crossing_assistant/share/ament_index/resource_index
[1.194s] creating /home/sophie/visionaid/isaac_ros_ws/install/traffic_crossing_assistant/share/ament_index/resource_index/packages
[1.194s] symbolically linking /home/sophie/visionaid/isaac_ros_ws/build/traffic_crossing_assistant/resource/traffic_crossing_assistant -> /home/sophie/visionaid/isaac_ros_ws/install/traffic_crossing_assistant/share/ament_index/resource_index/packages
[1.194s] symbolically linking /home/sophie/visionaid/isaac_ros_ws/build/traffic_crossing_assistant/package.xml -> /home/sophie/visionaid/isaac_ros_ws/install/traffic_crossing_assistant/share/traffic_crossing_assistant
[1.233s] Invoked command in '/home/sophie/visionaid/isaac_ros_ws/build/traffic_crossing_assistant' returned '0': PYTHONPATH=/home/sophie/visionaid/isaac_ros_ws/build/traffic_crossing_assistant/prefix_override:/usr/lib/python3/dist-packages/colcon_core/task/python/colcon_distutils_commands:/home/sophie/visionaid/isaac_ros_ws/install/traffic_crossing_assistant/lib/python3.10/site-packages:${PYTHONPATH} /usr/bin/python3 -W ignore:setup.py install is deprecated -W ignore:easy_install command is deprecated setup.py develop --editable --build-directory /home/sophie/visionaid/isaac_ros_ws/build/traffic_crossing_assistant/build --no-deps symlink_data
