running egg_info
writing ../../build/yolov8_bdd100k_detection/yolov8_bdd100k_detection.egg-info/PKG-INFO
writing dependency_links to ../../build/yolov8_bdd100k_detection/yolov8_bdd100k_detection.egg-info/dependency_links.txt
writing entry points to ../../build/yolov8_bdd100k_detection/yolov8_bdd100k_detection.egg-info/entry_points.txt
writing requirements to ../../build/yolov8_bdd100k_detection/yolov8_bdd100k_detection.egg-info/requires.txt
writing top-level names to ../../build/yolov8_bdd100k_detection/yolov8_bdd100k_detection.egg-info/top_level.txt
reading manifest file '../../build/yolov8_bdd100k_detection/yolov8_bdd100k_detection.egg-info/SOURCES.txt'
writing manifest file '../../build/yolov8_bdd100k_detection/yolov8_bdd100k_detection.egg-info/SOURCES.txt'
running build
running build_py
running install
running install_lib
running install_data
copying launch/yolov8_slam_integration.launch.py -> /home/sophie/visionaid/isaac_ros_ws/install/yolov8_bdd100k_detection/share/yolov8_bdd100k_detection/launch
running install_egg_info
removing '/home/sophie/visionaid/isaac_ros_ws/install/yolov8_bdd100k_detection/lib/python3.10/site-packages/yolov8_bdd100k_detection-0.0.1-py3.10.egg-info' (and everything under it)
Copying ../../build/yolov8_bdd100k_detection/yolov8_bdd100k_detection.egg-info to /home/sophie/visionaid/isaac_ros_ws/install/yolov8_bdd100k_detection/lib/python3.10/site-packages/yolov8_bdd100k_detection-0.0.1-py3.10.egg-info
running install_scripts
Installing detection_processor.py script to /home/sophie/visionaid/isaac_ros_ws/install/yolov8_bdd100k_detection/lib/yolov8_bdd100k_detection
Installing yolov8_camera_node script to /home/sophie/visionaid/isaac_ros_ws/install/yolov8_bdd100k_detection/lib/yolov8_bdd100k_detection
writing list of installed files to '/home/sophie/visionaid/isaac_ros_ws/build/yolov8_bdd100k_detection/install.log'
