[0.006s] Invoking command in '/home/sophie/visionaid/isaac_ros_ws/build/isaac_ros_visual_slam_interfaces': AMENT_PREFIX_PATH=/home/sophie/visionaid/isaac_ros_ws/install/isaac_ros_common:${AMENT_PREFIX_PATH} CMAKE_PREFIX_PATH=/home/sophie/visionaid/isaac_ros_ws/install/isaac_ros_common:/opt/ros/humble LD_LIBRARY_PATH=/home/sophie/visionaid/isaac_ros_ws/install/isaac_ros_common/lib:${LD_LIBRARY_PATH} PATH=/home/sophie/visionaid/isaac_ros_ws/install/isaac_ros_common/bin:${PATH} PYTHONPATH=/home/sophie/visionaid/isaac_ros_ws/install/isaac_ros_common/local/lib/python3.10/dist-packages:${PYTHONPATH} /usr/bin/cmake /home/sophie/visionaid/isaac_ros_ws/src/isaac_ros_visual_odometry/isaac_ros_visual_slam_interfaces -DCMAKE_BUILD_TYPE=Release -DBUILD_TESTING=OFF -DCMAKE_CUDA_ARCHITECTURES=89 -DAMENT_CMAKE_SYMLINK_INSTALL=1 -DCMAKE_INSTALL_PREFIX=/home/sophie/visionaid/isaac_ros_ws/install/isaac_ros_visual_slam_interfaces
[0.050s] -- The C compiler identification is GNU 11.4.0
[0.088s] -- The CXX compiler identification is GNU 11.4.0
[0.092s] -- Detecting C compiler ABI info
[0.139s] -- Detecting C compiler ABI info - done
[0.144s] -- Check for working C compiler: /usr/bin/cc - skipped
[0.144s] -- Detecting C compile features
[0.144s] -- Detecting C compile features - done
[0.146s] -- Detecting CXX compiler ABI info
[0.205s] -- Detecting CXX compiler ABI info - done
[0.212s] -- Check for working CXX compiler: /usr/bin/c++ - skipped
[0.212s] -- Detecting CXX compile features
[0.212s] -- Detecting CXX compile features - done
[0.213s] -- Found ament_cmake_auto: 1.3.11 (/opt/ros/humble/share/ament_cmake_auto/cmake)
[0.308s] -- Found Python3: /usr/bin/python3 (found version "3.10.12") found components: Interpreter 
[0.344s] -- Override CMake install command with custom implementation using symlinks instead of copying resources
[0.394s] -- Using all available rosidl_typesupport_c: rosidl_typesupport_fastrtps_c;rosidl_typesupport_introspection_c
[0.397s] -- Found rosidl_adapter: 3.1.6 (/opt/ros/humble/share/rosidl_adapter/cmake)
[0.416s] -- Using all available rosidl_typesupport_cpp: rosidl_typesupport_fastrtps_cpp;rosidl_typesupport_introspection_cpp
[0.432s] -- Loading isaac_ros_common extras
[0.432s] -- CMAKE_BUILD_TYPE: Release
[0.447s] -- Looking for pthread.h
[0.500s] -- Looking for pthread.h - found
[0.500s] -- Performing Test CMAKE_HAVE_LIBC_PTHREAD
[0.553s] -- Performing Test CMAKE_HAVE_LIBC_PTHREAD - Success
[0.553s] -- Found Threads: TRUE  
[0.556s] -- Found CUDA: /usr/local/cuda-12.8 (found version "12.8") 
[0.556s] -- CUDA architectures: 89
[0.556s] -- Loading isaac_ros_common extras (modules)
[0.582s] -- Found rmw_implementation_cmake: 6.1.2 (/opt/ros/humble/share/rmw_implementation_cmake/cmake)
[0.583s] -- Found rmw_fastrtps_cpp: 6.2.7 (/opt/ros/humble/share/rmw_fastrtps_cpp/cmake)
[0.642s] -- Found OpenSSL: /usr/lib/x86_64-linux-gnu/libcrypto.so (found version "3.0.2")  
[0.657s] -- Found FastRTPS: /opt/ros/humble/include  
[0.682s] -- Using RMW implementation 'rmw_fastrtps_cpp' as default
[0.889s] -- Found ament_cmake_ros: 0.10.0 (/opt/ros/humble/share/ament_cmake_ros/cmake)
[1.060s] -- Using all available rosidl_typesupport_c: rosidl_typesupport_fastrtps_c;rosidl_typesupport_introspection_c
[1.307s] -- Using all available rosidl_typesupport_cpp: rosidl_typesupport_fastrtps_cpp;rosidl_typesupport_introspection_cpp
[1.322s] -- Found PythonInterp: /usr/bin/python3 (found suitable version "3.10.12", minimum required is "3.6") 
[1.323s] -- Found python_cmake_module: 0.10.0 (/opt/ros/humble/share/python_cmake_module/cmake)
[1.343s] -- Found PythonLibs: /usr/lib/x86_64-linux-gnu/libpython3.10.so (found suitable version "3.10.12", minimum required is "3.5") 
[1.343s] -- Using PYTHON_EXECUTABLE: /usr/bin/python3
[1.343s] -- Using PYTHON_INCLUDE_DIRS: /usr/include/python3.10
[1.343s] -- Using PYTHON_LIBRARIES: /usr/lib/x86_64-linux-gnu/libpython3.10.so
[1.358s] -- Found PythonExtra: .so  
[1.444s] -- Configuring done
[1.473s] -- Generating done
[1.481s] -- Build files have been written to: /home/sophie/visionaid/isaac_ros_ws/build/isaac_ros_visual_slam_interfaces
[1.491s] Invoked command in '/home/sophie/visionaid/isaac_ros_ws/build/isaac_ros_visual_slam_interfaces' returned '0': AMENT_PREFIX_PATH=/home/sophie/visionaid/isaac_ros_ws/install/isaac_ros_common:${AMENT_PREFIX_PATH} CMAKE_PREFIX_PATH=/home/sophie/visionaid/isaac_ros_ws/install/isaac_ros_common:/opt/ros/humble LD_LIBRARY_PATH=/home/sophie/visionaid/isaac_ros_ws/install/isaac_ros_common/lib:${LD_LIBRARY_PATH} PATH=/home/sophie/visionaid/isaac_ros_ws/install/isaac_ros_common/bin:${PATH} PYTHONPATH=/home/sophie/visionaid/isaac_ros_ws/install/isaac_ros_common/local/lib/python3.10/dist-packages:${PYTHONPATH} /usr/bin/cmake /home/sophie/visionaid/isaac_ros_ws/src/isaac_ros_visual_odometry/isaac_ros_visual_slam_interfaces -DCMAKE_BUILD_TYPE=Release -DBUILD_TESTING=OFF -DCMAKE_CUDA_ARCHITECTURES=89 -DAMENT_CMAKE_SYMLINK_INSTALL=1 -DCMAKE_INSTALL_PREFIX=/home/sophie/visionaid/isaac_ros_ws/install/isaac_ros_visual_slam_interfaces
[1.492s] Invoking command in '/home/sophie/visionaid/isaac_ros_ws/build/isaac_ros_visual_slam_interfaces': AMENT_PREFIX_PATH=/home/sophie/visionaid/isaac_ros_ws/install/isaac_ros_common:${AMENT_PREFIX_PATH} CMAKE_PREFIX_PATH=/home/sophie/visionaid/isaac_ros_ws/install/isaac_ros_common:/opt/ros/humble LD_LIBRARY_PATH=/home/sophie/visionaid/isaac_ros_ws/install/isaac_ros_common/lib:${LD_LIBRARY_PATH} PATH=/home/sophie/visionaid/isaac_ros_ws/install/isaac_ros_common/bin:${PATH} PYTHONPATH=/home/sophie/visionaid/isaac_ros_ws/install/isaac_ros_common/local/lib/python3.10/dist-packages:${PYTHONPATH} /usr/bin/cmake --build /home/sophie/visionaid/isaac_ros_ws/build/isaac_ros_visual_slam_interfaces -- -j22 -l22
[1.525s] [  1%] [34m[1mGenerating C code for ROS interfaces[0m
[1.532s] [  2%] [34m[1mGenerating C++ code for ROS interfaces[0m
[1.534s] [  4%] [34m[1mGenerating version information as YAML[0m
[1.540s] [  4%] Built target ament_cmake_python_symlink_isaac_ros_visual_slam_interfaces
[1.587s] [  4%] Built target generate_version_info_target_isaac_ros_visual_slam_interfaces
[1.673s] running egg_info
[1.673s] creating isaac_ros_visual_slam_interfaces.egg-info
[1.673s] writing isaac_ros_visual_slam_interfaces.egg-info/PKG-INFO
[1.673s] writing dependency_links to isaac_ros_visual_slam_interfaces.egg-info/dependency_links.txt
[1.673s] writing top-level names to isaac_ros_visual_slam_interfaces.egg-info/top_level.txt
[1.673s] writing manifest file 'isaac_ros_visual_slam_interfaces.egg-info/SOURCES.txt'
[1.674s] reading manifest file 'isaac_ros_visual_slam_interfaces.egg-info/SOURCES.txt'
[1.675s] writing manifest file 'isaac_ros_visual_slam_interfaces.egg-info/SOURCES.txt'
[1.693s] [  4%] Built target ament_cmake_python_build_isaac_ros_visual_slam_interfaces_egg
[1.965s] [  4%] Built target isaac_ros_visual_slam_interfaces__cpp
[1.972s] [  6%] [34m[1mGenerating C++ type support for eProsima Fast-RTPS[0m
[1.972s] [  6%] [34m[1mGenerating C++ introspection for ROS interfaces[0m
[1.972s] [  8%] [34m[1mGenerating C++ type support dispatch for ROS interfaces[0m
[2.000s] [  9%] [32mBuilding C object CMakeFiles/isaac_ros_visual_slam_interfaces__rosidl_generator_c.dir/rosidl_generator_c/isaac_ros_visual_slam_interfaces/srv/detail/get_all_poses__functions.c.o[0m
[2.000s] [ 11%] [32mBuilding C object CMakeFiles/isaac_ros_visual_slam_interfaces__rosidl_generator_c.dir/rosidl_generator_c/isaac_ros_visual_slam_interfaces/srv/detail/file_path__functions.c.o[0m
[2.001s] [ 12%] [32mBuilding C object CMakeFiles/isaac_ros_visual_slam_interfaces__rosidl_generator_c.dir/rosidl_generator_c/isaac_ros_visual_slam_interfaces/srv/detail/reset__functions.c.o[0m
[2.001s] [ 13%] [32mBuilding C object CMakeFiles/isaac_ros_visual_slam_interfaces__rosidl_generator_c.dir/rosidl_generator_c/isaac_ros_visual_slam_interfaces/msg/detail/visual_slam_status__functions.c.o[0m
[2.001s] [ 16%] [32mBuilding C object CMakeFiles/isaac_ros_visual_slam_interfaces__rosidl_generator_c.dir/rosidl_generator_c/isaac_ros_visual_slam_interfaces/srv/detail/localize_in_map__functions.c.o[0m
[2.001s] [ 16%] [32mBuilding C object CMakeFiles/isaac_ros_visual_slam_interfaces__rosidl_generator_c.dir/rosidl_generator_c/isaac_ros_visual_slam_interfaces/srv/detail/set_slam_pose__functions.c.o[0m
[2.121s] [ 18%] [32m[1mLinking C shared library libisaac_ros_visual_slam_interfaces__rosidl_generator_c.so[0m
[2.150s] [ 18%] Built target isaac_ros_visual_slam_interfaces__rosidl_generator_c
[2.156s] [ 20%] [34m[1mGenerating C type support dispatch for ROS interfaces[0m
[2.156s] [ 20%] [34m[1mGenerating C introspection for ROS interfaces[0m
[2.158s] [ 22%] [34m[1mGenerating C type support for eProsima Fast-RTPS[0m
[2.302s] [ 23%] [32mBuilding CXX object CMakeFiles/isaac_ros_visual_slam_interfaces__rosidl_typesupport_cpp.dir/rosidl_typesupport_cpp/isaac_ros_visual_slam_interfaces/srv/get_all_poses__type_support.cpp.o[0m
[2.302s] [ 25%] [32mBuilding CXX object CMakeFiles/isaac_ros_visual_slam_interfaces__rosidl_typesupport_cpp.dir/rosidl_typesupport_cpp/isaac_ros_visual_slam_interfaces/srv/set_slam_pose__type_support.cpp.o[0m
[2.303s] [ 26%] [32mBuilding CXX object CMakeFiles/isaac_ros_visual_slam_interfaces__rosidl_typesupport_cpp.dir/rosidl_typesupport_cpp/isaac_ros_visual_slam_interfaces/msg/visual_slam_status__type_support.cpp.o[0m
[2.304s] [ 27%] [32mBuilding CXX object CMakeFiles/isaac_ros_visual_slam_interfaces__rosidl_typesupport_cpp.dir/rosidl_typesupport_cpp/isaac_ros_visual_slam_interfaces/srv/reset__type_support.cpp.o[0m
[2.304s] [ 29%] [32mBuilding CXX object CMakeFiles/isaac_ros_visual_slam_interfaces__rosidl_typesupport_cpp.dir/rosidl_typesupport_cpp/isaac_ros_visual_slam_interfaces/srv/file_path__type_support.cpp.o[0m
[2.304s] [ 30%] [32mBuilding CXX object CMakeFiles/isaac_ros_visual_slam_interfaces__rosidl_typesupport_cpp.dir/rosidl_typesupport_cpp/isaac_ros_visual_slam_interfaces/srv/localize_in_map__type_support.cpp.o[0m
[2.454s] [ 36%] [32mBuilding CXX object CMakeFiles/isaac_ros_visual_slam_interfaces__rosidl_typesupport_fastrtps_cpp.dir/rosidl_typesupport_fastrtps_cpp/isaac_ros_visual_slam_interfaces/srv/detail/dds_fastrtps/set_slam_pose__type_support.cpp.o[0m
[2.454s] [ 36%] [32mBuilding CXX object CMakeFiles/isaac_ros_visual_slam_interfaces__rosidl_typesupport_fastrtps_cpp.dir/rosidl_typesupport_fastrtps_cpp/isaac_ros_visual_slam_interfaces/srv/detail/dds_fastrtps/localize_in_map__type_support.cpp.o[0m
[2.454s] [ 36%] [32mBuilding CXX object CMakeFiles/isaac_ros_visual_slam_interfaces__rosidl_typesupport_fastrtps_cpp.dir/rosidl_typesupport_fastrtps_cpp/isaac_ros_visual_slam_interfaces/srv/detail/dds_fastrtps/get_all_poses__type_support.cpp.o[0m
[2.454s] [ 36%] [32mBuilding CXX object CMakeFiles/isaac_ros_visual_slam_interfaces__rosidl_typesupport_fastrtps_cpp.dir/rosidl_typesupport_fastrtps_cpp/isaac_ros_visual_slam_interfaces/srv/detail/dds_fastrtps/file_path__type_support.cpp.o[0m
[2.454s] [ 37%] [32mBuilding CXX object CMakeFiles/isaac_ros_visual_slam_interfaces__rosidl_typesupport_fastrtps_cpp.dir/rosidl_typesupport_fastrtps_cpp/isaac_ros_visual_slam_interfaces/msg/detail/dds_fastrtps/visual_slam_status__type_support.cpp.o[0m
[2.455s] [ 38%] [32mBuilding CXX object CMakeFiles/isaac_ros_visual_slam_interfaces__rosidl_typesupport_fastrtps_cpp.dir/rosidl_typesupport_fastrtps_cpp/isaac_ros_visual_slam_interfaces/srv/detail/dds_fastrtps/reset__type_support.cpp.o[0m
[2.516s] [ 40%] [32mBuilding CXX object CMakeFiles/isaac_ros_visual_slam_interfaces__rosidl_typesupport_introspection_cpp.dir/rosidl_typesupport_introspection_cpp/isaac_ros_visual_slam_interfaces/srv/detail/localize_in_map__type_support.cpp.o[0m
[2.516s] [ 41%] [32mBuilding CXX object CMakeFiles/isaac_ros_visual_slam_interfaces__rosidl_typesupport_introspection_cpp.dir/rosidl_typesupport_introspection_cpp/isaac_ros_visual_slam_interfaces/srv/detail/file_path__type_support.cpp.o[0m
[2.516s] [ 43%] [32mBuilding CXX object CMakeFiles/isaac_ros_visual_slam_interfaces__rosidl_typesupport_introspection_cpp.dir/rosidl_typesupport_introspection_cpp/isaac_ros_visual_slam_interfaces/srv/detail/reset__type_support.cpp.o[0m
[2.516s] [ 44%] [32mBuilding CXX object CMakeFiles/isaac_ros_visual_slam_interfaces__rosidl_typesupport_introspection_cpp.dir/rosidl_typesupport_introspection_cpp/isaac_ros_visual_slam_interfaces/srv/detail/get_all_poses__type_support.cpp.o[0m
[2.520s] [ 45%] [32mBuilding CXX object CMakeFiles/isaac_ros_visual_slam_interfaces__rosidl_typesupport_introspection_cpp.dir/rosidl_typesupport_introspection_cpp/isaac_ros_visual_slam_interfaces/msg/detail/visual_slam_status__type_support.cpp.o[0m
[2.520s] [ 47%] [32mBuilding CXX object CMakeFiles/isaac_ros_visual_slam_interfaces__rosidl_typesupport_introspection_cpp.dir/rosidl_typesupport_introspection_cpp/isaac_ros_visual_slam_interfaces/srv/detail/set_slam_pose__type_support.cpp.o[0m
[2.549s] [ 48%] [32m[1mLinking CXX shared library libisaac_ros_visual_slam_interfaces__rosidl_typesupport_cpp.so[0m
[2.602s] [ 48%] Built target isaac_ros_visual_slam_interfaces__rosidl_typesupport_cpp
[2.625s] [ 52%] [32mBuilding CXX object CMakeFiles/isaac_ros_visual_slam_interfaces__rosidl_typesupport_c.dir/rosidl_typesupport_c/isaac_ros_visual_slam_interfaces/srv/file_path__type_support.cpp.o[0m
[2.625s] [ 52%] [32mBuilding CXX object CMakeFiles/isaac_ros_visual_slam_interfaces__rosidl_typesupport_c.dir/rosidl_typesupport_c/isaac_ros_visual_slam_interfaces/srv/set_slam_pose__type_support.cpp.o[0m
[2.625s] [ 52%] [32mBuilding CXX object CMakeFiles/isaac_ros_visual_slam_interfaces__rosidl_typesupport_c.dir/rosidl_typesupport_c/isaac_ros_visual_slam_interfaces/srv/localize_in_map__type_support.cpp.o[0m
[2.625s] [ 54%] [32mBuilding CXX object CMakeFiles/isaac_ros_visual_slam_interfaces__rosidl_typesupport_c.dir/rosidl_typesupport_c/isaac_ros_visual_slam_interfaces/srv/reset__type_support.cpp.o[0m
[2.625s] [ 56%] [32mBuilding CXX object CMakeFiles/isaac_ros_visual_slam_interfaces__rosidl_typesupport_c.dir/rosidl_typesupport_c/isaac_ros_visual_slam_interfaces/msg/visual_slam_status__type_support.cpp.o[0m
[2.625s] [ 56%] [32mBuilding CXX object CMakeFiles/isaac_ros_visual_slam_interfaces__rosidl_typesupport_c.dir/rosidl_typesupport_c/isaac_ros_visual_slam_interfaces/srv/get_all_poses__type_support.cpp.o[0m
[2.674s] [ 58%] [32m[1mLinking CXX shared library libisaac_ros_visual_slam_interfaces__rosidl_typesupport_c.so[0m
[2.715s] [ 58%] Built target isaac_ros_visual_slam_interfaces__rosidl_typesupport_c
[2.858s] [ 59%] [32mBuilding C object CMakeFiles/isaac_ros_visual_slam_interfaces__rosidl_typesupport_introspection_c.dir/rosidl_typesupport_introspection_c/isaac_ros_visual_slam_interfaces/srv/detail/localize_in_map__type_support.c.o[0m
[2.859s] [ 61%] [32mBuilding C object CMakeFiles/isaac_ros_visual_slam_interfaces__rosidl_typesupport_introspection_c.dir/rosidl_typesupport_introspection_c/isaac_ros_visual_slam_interfaces/srv/detail/get_all_poses__type_support.c.o[0m
[2.859s] [ 62%] [32mBuilding C object CMakeFiles/isaac_ros_visual_slam_interfaces__rosidl_typesupport_introspection_c.dir/rosidl_typesupport_introspection_c/isaac_ros_visual_slam_interfaces/msg/detail/visual_slam_status__type_support.c.o[0m
[2.859s] [ 63%] [32mBuilding C object CMakeFiles/isaac_ros_visual_slam_interfaces__rosidl_typesupport_introspection_c.dir/rosidl_typesupport_introspection_c/isaac_ros_visual_slam_interfaces/srv/detail/set_slam_pose__type_support.c.o[0m
[2.859s] [ 65%] [32mBuilding C object CMakeFiles/isaac_ros_visual_slam_interfaces__rosidl_typesupport_introspection_c.dir/rosidl_typesupport_introspection_c/isaac_ros_visual_slam_interfaces/srv/detail/file_path__type_support.c.o[0m
[2.860s] [ 66%] [32mBuilding C object CMakeFiles/isaac_ros_visual_slam_interfaces__rosidl_typesupport_introspection_c.dir/rosidl_typesupport_introspection_c/isaac_ros_visual_slam_interfaces/srv/detail/reset__type_support.c.o[0m
[2.906s] [ 68%] [32m[1mLinking C shared library libisaac_ros_visual_slam_interfaces__rosidl_typesupport_introspection_c.so[0m
[2.908s] [ 69%] [32m[1mLinking CXX shared library libisaac_ros_visual_slam_interfaces__rosidl_typesupport_fastrtps_cpp.so[0m
[2.930s] [ 69%] Built target isaac_ros_visual_slam_interfaces__rosidl_typesupport_introspection_c
[2.947s] [ 70%] [32m[1mLinking CXX shared library libisaac_ros_visual_slam_interfaces__rosidl_typesupport_introspection_cpp.so[0m
[2.955s] [ 70%] Built target isaac_ros_visual_slam_interfaces__rosidl_typesupport_fastrtps_cpp
[2.958s] [ 73%] [32mBuilding CXX object CMakeFiles/isaac_ros_visual_slam_interfaces__rosidl_typesupport_fastrtps_c.dir/rosidl_typesupport_fastrtps_c/isaac_ros_visual_slam_interfaces/srv/detail/reset__type_support_c.cpp.o[0m
[2.958s] [ 73%] [32mBuilding CXX object CMakeFiles/isaac_ros_visual_slam_interfaces__rosidl_typesupport_fastrtps_c.dir/rosidl_typesupport_fastrtps_c/isaac_ros_visual_slam_interfaces/srv/detail/get_all_poses__type_support_c.cpp.o[0m
[2.958s] [ 75%] [32mBuilding CXX object CMakeFiles/isaac_ros_visual_slam_interfaces__rosidl_typesupport_fastrtps_c.dir/rosidl_typesupport_fastrtps_c/isaac_ros_visual_slam_interfaces/srv/detail/set_slam_pose__type_support_c.cpp.o[0m
[2.958s] [ 76%] [32mBuilding CXX object CMakeFiles/isaac_ros_visual_slam_interfaces__rosidl_typesupport_fastrtps_c.dir/rosidl_typesupport_fastrtps_c/isaac_ros_visual_slam_interfaces/srv/detail/localize_in_map__type_support_c.cpp.o[0m
[2.958s] [ 77%] [32mBuilding CXX object CMakeFiles/isaac_ros_visual_slam_interfaces__rosidl_typesupport_fastrtps_c.dir/rosidl_typesupport_fastrtps_c/isaac_ros_visual_slam_interfaces/srv/detail/file_path__type_support_c.cpp.o[0m
[2.959s] [ 79%] [32mBuilding CXX object CMakeFiles/isaac_ros_visual_slam_interfaces__rosidl_typesupport_fastrtps_c.dir/rosidl_typesupport_fastrtps_c/isaac_ros_visual_slam_interfaces/msg/detail/visual_slam_status__type_support_c.cpp.o[0m
[3.009s] [ 79%] Built target isaac_ros_visual_slam_interfaces__rosidl_typesupport_introspection_cpp
[3.264s] [ 80%] [32m[1mLinking CXX shared library libisaac_ros_visual_slam_interfaces__rosidl_typesupport_fastrtps_c.so[0m
[3.315s] [ 80%] Built target isaac_ros_visual_slam_interfaces__rosidl_typesupport_fastrtps_c
[3.333s] [ 80%] Built target isaac_ros_visual_slam_interfaces
[3.352s] [ 81%] [34m[1mGenerating Python code for ROS interfaces[0m
[4.080s] [ 81%] Built target isaac_ros_visual_slam_interfaces__py
[4.094s] [ 84%] [32mBuilding C object CMakeFiles/isaac_ros_visual_slam_interfaces__rosidl_generator_py.dir/rosidl_generator_py/isaac_ros_visual_slam_interfaces/srv/_file_path_s.c.o[0m
[4.094s] [ 84%] [32mBuilding C object CMakeFiles/isaac_ros_visual_slam_interfaces__rosidl_generator_py.dir/rosidl_generator_py/isaac_ros_visual_slam_interfaces/srv/_localize_in_map_s.c.o[0m
[4.095s] [ 86%] [32mBuilding C object CMakeFiles/isaac_ros_visual_slam_interfaces__rosidl_generator_py.dir/rosidl_generator_py/isaac_ros_visual_slam_interfaces/msg/_visual_slam_status_s.c.o[0m
[4.095s] [ 87%] [32mBuilding C object CMakeFiles/isaac_ros_visual_slam_interfaces__rosidl_generator_py.dir/rosidl_generator_py/isaac_ros_visual_slam_interfaces/srv/_get_all_poses_s.c.o[0m
[4.096s] [ 88%] [32mBuilding C object CMakeFiles/isaac_ros_visual_slam_interfaces__rosidl_generator_py.dir/rosidl_generator_py/isaac_ros_visual_slam_interfaces/srv/_reset_s.c.o[0m
[4.096s] [ 90%] [32mBuilding C object CMakeFiles/isaac_ros_visual_slam_interfaces__rosidl_generator_py.dir/rosidl_generator_py/isaac_ros_visual_slam_interfaces/srv/_set_slam_pose_s.c.o[0m
[4.203s] [ 91%] [32m[1mLinking C shared library rosidl_generator_py/isaac_ros_visual_slam_interfaces/libisaac_ros_visual_slam_interfaces__rosidl_generator_py.so[0m
[4.233s] [ 91%] Built target isaac_ros_visual_slam_interfaces__rosidl_generator_py
[4.248s] [ 93%] [32mBuilding C object CMakeFiles/isaac_ros_visual_slam_interfaces__rosidl_typesupport_fastrtps_c__pyext.dir/rosidl_generator_py/isaac_ros_visual_slam_interfaces/_isaac_ros_visual_slam_interfaces_s.ep.rosidl_typesupport_fastrtps_c.c.o[0m
[4.249s] [ 94%] [32mBuilding C object CMakeFiles/isaac_ros_visual_slam_interfaces__rosidl_typesupport_c__pyext.dir/rosidl_generator_py/isaac_ros_visual_slam_interfaces/_isaac_ros_visual_slam_interfaces_s.ep.rosidl_typesupport_c.c.o[0m
[4.249s] [ 95%] [32mBuilding C object CMakeFiles/isaac_ros_visual_slam_interfaces__rosidl_typesupport_introspection_c__pyext.dir/rosidl_generator_py/isaac_ros_visual_slam_interfaces/_isaac_ros_visual_slam_interfaces_s.ep.rosidl_typesupport_introspection_c.c.o[0m
[4.380s] [ 97%] [32m[1mLinking C shared library rosidl_generator_py/isaac_ros_visual_slam_interfaces/isaac_ros_visual_slam_interfaces_s__rosidl_typesupport_fastrtps_c.cpython-310-x86_64-linux-gnu.so[0m
[4.394s] [ 98%] [32m[1mLinking C shared library rosidl_generator_py/isaac_ros_visual_slam_interfaces/isaac_ros_visual_slam_interfaces_s__rosidl_typesupport_introspection_c.cpython-310-x86_64-linux-gnu.so[0m
[4.405s] [100%] [32m[1mLinking C shared library rosidl_generator_py/isaac_ros_visual_slam_interfaces/isaac_ros_visual_slam_interfaces_s__rosidl_typesupport_c.cpython-310-x86_64-linux-gnu.so[0m
[4.412s] [100%] Built target isaac_ros_visual_slam_interfaces__rosidl_typesupport_fastrtps_c__pyext
[4.424s] [100%] Built target isaac_ros_visual_slam_interfaces__rosidl_typesupport_introspection_c__pyext
[4.435s] [100%] Built target isaac_ros_visual_slam_interfaces__rosidl_typesupport_c__pyext
[4.443s] Invoked command in '/home/sophie/visionaid/isaac_ros_ws/build/isaac_ros_visual_slam_interfaces' returned '0': AMENT_PREFIX_PATH=/home/sophie/visionaid/isaac_ros_ws/install/isaac_ros_common:${AMENT_PREFIX_PATH} CMAKE_PREFIX_PATH=/home/sophie/visionaid/isaac_ros_ws/install/isaac_ros_common:/opt/ros/humble LD_LIBRARY_PATH=/home/sophie/visionaid/isaac_ros_ws/install/isaac_ros_common/lib:${LD_LIBRARY_PATH} PATH=/home/sophie/visionaid/isaac_ros_ws/install/isaac_ros_common/bin:${PATH} PYTHONPATH=/home/sophie/visionaid/isaac_ros_ws/install/isaac_ros_common/local/lib/python3.10/dist-packages:${PYTHONPATH} /usr/bin/cmake --build /home/sophie/visionaid/isaac_ros_ws/build/isaac_ros_visual_slam_interfaces -- -j22 -l22
[4.445s] Invoking command in '/home/sophie/visionaid/isaac_ros_ws/build/isaac_ros_visual_slam_interfaces': AMENT_PREFIX_PATH=/home/sophie/visionaid/isaac_ros_ws/install/isaac_ros_common:${AMENT_PREFIX_PATH} CMAKE_PREFIX_PATH=/home/sophie/visionaid/isaac_ros_ws/install/isaac_ros_common:/opt/ros/humble LD_LIBRARY_PATH=/home/sophie/visionaid/isaac_ros_ws/install/isaac_ros_common/lib:${LD_LIBRARY_PATH} PATH=/home/sophie/visionaid/isaac_ros_ws/install/isaac_ros_common/bin:${PATH} PYTHONPATH=/home/sophie/visionaid/isaac_ros_ws/install/isaac_ros_common/local/lib/python3.10/dist-packages:${PYTHONPATH} /usr/bin/cmake --install /home/sophie/visionaid/isaac_ros_ws/build/isaac_ros_visual_slam_interfaces
[4.451s] -- Install configuration: "Release"
[4.451s] -- Execute custom install script
[4.452s] -- Symlinking: /home/sophie/visionaid/isaac_ros_ws/install/isaac_ros_visual_slam_interfaces/share/ament_index/resource_index/rosidl_interfaces/isaac_ros_visual_slam_interfaces
[4.457s] -- Symlinking: /home/sophie/visionaid/isaac_ros_ws/install/isaac_ros_visual_slam_interfaces/include/isaac_ros_visual_slam_interfaces/isaac_ros_visual_slam_interfaces/msg/detail/visual_slam_status__functions.h
[4.462s] -- Symlinking: /home/sophie/visionaid/isaac_ros_ws/install/isaac_ros_visual_slam_interfaces/include/isaac_ros_visual_slam_interfaces/isaac_ros_visual_slam_interfaces/msg/detail/visual_slam_status__struct.h
[4.467s] -- Symlinking: /home/sophie/visionaid/isaac_ros_ws/install/isaac_ros_visual_slam_interfaces/include/isaac_ros_visual_slam_interfaces/isaac_ros_visual_slam_interfaces/msg/detail/visual_slam_status__type_support.h
[4.472s] -- Symlinking: /home/sophie/visionaid/isaac_ros_ws/install/isaac_ros_visual_slam_interfaces/include/isaac_ros_visual_slam_interfaces/isaac_ros_visual_slam_interfaces/msg/rosidl_generator_c__visibility_control.h
[4.476s] -- Symlinking: /home/sophie/visionaid/isaac_ros_ws/install/isaac_ros_visual_slam_interfaces/include/isaac_ros_visual_slam_interfaces/isaac_ros_visual_slam_interfaces/msg/visual_slam_status.h
[4.481s] -- Symlinking: /home/sophie/visionaid/isaac_ros_ws/install/isaac_ros_visual_slam_interfaces/include/isaac_ros_visual_slam_interfaces/isaac_ros_visual_slam_interfaces/srv/detail/file_path__functions.h
[4.486s] -- Symlinking: /home/sophie/visionaid/isaac_ros_ws/install/isaac_ros_visual_slam_interfaces/include/isaac_ros_visual_slam_interfaces/isaac_ros_visual_slam_interfaces/srv/detail/file_path__struct.h
[4.491s] -- Symlinking: /home/sophie/visionaid/isaac_ros_ws/install/isaac_ros_visual_slam_interfaces/include/isaac_ros_visual_slam_interfaces/isaac_ros_visual_slam_interfaces/srv/detail/file_path__type_support.h
[4.494s] -- Symlinking: /home/sophie/visionaid/isaac_ros_ws/install/isaac_ros_visual_slam_interfaces/include/isaac_ros_visual_slam_interfaces/isaac_ros_visual_slam_interfaces/srv/detail/get_all_poses__functions.h
[4.502s] -- Symlinking: /home/sophie/visionaid/isaac_ros_ws/install/isaac_ros_visual_slam_interfaces/include/isaac_ros_visual_slam_interfaces/isaac_ros_visual_slam_interfaces/srv/detail/get_all_poses__struct.h
[4.509s] -- Symlinking: /home/sophie/visionaid/isaac_ros_ws/install/isaac_ros_visual_slam_interfaces/include/isaac_ros_visual_slam_interfaces/isaac_ros_visual_slam_interfaces/srv/detail/get_all_poses__type_support.h
[4.514s] -- Symlinking: /home/sophie/visionaid/isaac_ros_ws/install/isaac_ros_visual_slam_interfaces/include/isaac_ros_visual_slam_interfaces/isaac_ros_visual_slam_interfaces/srv/detail/localize_in_map__functions.h
[4.519s] -- Symlinking: /home/sophie/visionaid/isaac_ros_ws/install/isaac_ros_visual_slam_interfaces/include/isaac_ros_visual_slam_interfaces/isaac_ros_visual_slam_interfaces/srv/detail/localize_in_map__struct.h
[4.525s] -- Symlinking: /home/sophie/visionaid/isaac_ros_ws/install/isaac_ros_visual_slam_interfaces/include/isaac_ros_visual_slam_interfaces/isaac_ros_visual_slam_interfaces/srv/detail/localize_in_map__type_support.h
[4.534s] -- Symlinking: /home/sophie/visionaid/isaac_ros_ws/install/isaac_ros_visual_slam_interfaces/include/isaac_ros_visual_slam_interfaces/isaac_ros_visual_slam_interfaces/srv/detail/reset__functions.h
[4.538s] -- Symlinking: /home/sophie/visionaid/isaac_ros_ws/install/isaac_ros_visual_slam_interfaces/include/isaac_ros_visual_slam_interfaces/isaac_ros_visual_slam_interfaces/srv/detail/reset__struct.h
[4.544s] -- Symlinking: /home/sophie/visionaid/isaac_ros_ws/install/isaac_ros_visual_slam_interfaces/include/isaac_ros_visual_slam_interfaces/isaac_ros_visual_slam_interfaces/srv/detail/reset__type_support.h
[4.550s] -- Symlinking: /home/sophie/visionaid/isaac_ros_ws/install/isaac_ros_visual_slam_interfaces/include/isaac_ros_visual_slam_interfaces/isaac_ros_visual_slam_interfaces/srv/detail/set_slam_pose__functions.h
[4.555s] -- Symlinking: /home/sophie/visionaid/isaac_ros_ws/install/isaac_ros_visual_slam_interfaces/include/isaac_ros_visual_slam_interfaces/isaac_ros_visual_slam_interfaces/srv/detail/set_slam_pose__struct.h
[4.559s] -- Symlinking: /home/sophie/visionaid/isaac_ros_ws/install/isaac_ros_visual_slam_interfaces/include/isaac_ros_visual_slam_interfaces/isaac_ros_visual_slam_interfaces/srv/detail/set_slam_pose__type_support.h
[4.566s] -- Symlinking: /home/sophie/visionaid/isaac_ros_ws/install/isaac_ros_visual_slam_interfaces/include/isaac_ros_visual_slam_interfaces/isaac_ros_visual_slam_interfaces/srv/file_path.h
[4.573s] -- Symlinking: /home/sophie/visionaid/isaac_ros_ws/install/isaac_ros_visual_slam_interfaces/include/isaac_ros_visual_slam_interfaces/isaac_ros_visual_slam_interfaces/srv/get_all_poses.h
[4.579s] -- Symlinking: /home/sophie/visionaid/isaac_ros_ws/install/isaac_ros_visual_slam_interfaces/include/isaac_ros_visual_slam_interfaces/isaac_ros_visual_slam_interfaces/srv/localize_in_map.h
[4.586s] -- Symlinking: /home/sophie/visionaid/isaac_ros_ws/install/isaac_ros_visual_slam_interfaces/include/isaac_ros_visual_slam_interfaces/isaac_ros_visual_slam_interfaces/srv/reset.h
[4.592s] -- Symlinking: /home/sophie/visionaid/isaac_ros_ws/install/isaac_ros_visual_slam_interfaces/include/isaac_ros_visual_slam_interfaces/isaac_ros_visual_slam_interfaces/srv/set_slam_pose.h
[4.596s] -- Symlinking: /home/sophie/visionaid/isaac_ros_ws/install/isaac_ros_visual_slam_interfaces/share/isaac_ros_visual_slam_interfaces/environment/library_path.sh
[4.603s] -- Symlinking: /home/sophie/visionaid/isaac_ros_ws/install/isaac_ros_visual_slam_interfaces/share/isaac_ros_visual_slam_interfaces/environment/library_path.dsv
[4.610s] -- Symlinking: /home/sophie/visionaid/isaac_ros_ws/install/isaac_ros_visual_slam_interfaces/include/isaac_ros_visual_slam_interfaces/isaac_ros_visual_slam_interfaces/msg/detail/visual_slam_status__rosidl_typesupport_fastrtps_c.h
[4.615s] -- Symlinking: /home/sophie/visionaid/isaac_ros_ws/install/isaac_ros_visual_slam_interfaces/include/isaac_ros_visual_slam_interfaces/isaac_ros_visual_slam_interfaces/msg/rosidl_typesupport_fastrtps_c__visibility_control.h
[4.622s] -- Symlinking: /home/sophie/visionaid/isaac_ros_ws/install/isaac_ros_visual_slam_interfaces/include/isaac_ros_visual_slam_interfaces/isaac_ros_visual_slam_interfaces/srv/detail/file_path__rosidl_typesupport_fastrtps_c.h
[4.630s] -- Symlinking: /home/sophie/visionaid/isaac_ros_ws/install/isaac_ros_visual_slam_interfaces/include/isaac_ros_visual_slam_interfaces/isaac_ros_visual_slam_interfaces/srv/detail/get_all_poses__rosidl_typesupport_fastrtps_c.h
[4.637s] -- Symlinking: /home/sophie/visionaid/isaac_ros_ws/install/isaac_ros_visual_slam_interfaces/include/isaac_ros_visual_slam_interfaces/isaac_ros_visual_slam_interfaces/srv/detail/localize_in_map__rosidl_typesupport_fastrtps_c.h
[4.643s] -- Symlinking: /home/sophie/visionaid/isaac_ros_ws/install/isaac_ros_visual_slam_interfaces/include/isaac_ros_visual_slam_interfaces/isaac_ros_visual_slam_interfaces/srv/detail/reset__rosidl_typesupport_fastrtps_c.h
[4.650s] -- Symlinking: /home/sophie/visionaid/isaac_ros_ws/install/isaac_ros_visual_slam_interfaces/include/isaac_ros_visual_slam_interfaces/isaac_ros_visual_slam_interfaces/srv/detail/set_slam_pose__rosidl_typesupport_fastrtps_c.h
[4.656s] -- Symlinking: /home/sophie/visionaid/isaac_ros_ws/install/isaac_ros_visual_slam_interfaces/include/isaac_ros_visual_slam_interfaces/isaac_ros_visual_slam_interfaces/msg/detail/visual_slam_status__rosidl_typesupport_introspection_c.h
[4.662s] -- Symlinking: /home/sophie/visionaid/isaac_ros_ws/install/isaac_ros_visual_slam_interfaces/include/isaac_ros_visual_slam_interfaces/isaac_ros_visual_slam_interfaces/msg/rosidl_typesupport_introspection_c__visibility_control.h
[4.666s] -- Symlinking: /home/sophie/visionaid/isaac_ros_ws/install/isaac_ros_visual_slam_interfaces/include/isaac_ros_visual_slam_interfaces/isaac_ros_visual_slam_interfaces/srv/detail/file_path__rosidl_typesupport_introspection_c.h
[4.671s] -- Symlinking: /home/sophie/visionaid/isaac_ros_ws/install/isaac_ros_visual_slam_interfaces/include/isaac_ros_visual_slam_interfaces/isaac_ros_visual_slam_interfaces/srv/detail/get_all_poses__rosidl_typesupport_introspection_c.h
[4.677s] -- Symlinking: /home/sophie/visionaid/isaac_ros_ws/install/isaac_ros_visual_slam_interfaces/include/isaac_ros_visual_slam_interfaces/isaac_ros_visual_slam_interfaces/srv/detail/localize_in_map__rosidl_typesupport_introspection_c.h
[4.683s] -- Symlinking: /home/sophie/visionaid/isaac_ros_ws/install/isaac_ros_visual_slam_interfaces/include/isaac_ros_visual_slam_interfaces/isaac_ros_visual_slam_interfaces/srv/detail/reset__rosidl_typesupport_introspection_c.h
[4.689s] -- Symlinking: /home/sophie/visionaid/isaac_ros_ws/install/isaac_ros_visual_slam_interfaces/include/isaac_ros_visual_slam_interfaces/isaac_ros_visual_slam_interfaces/srv/detail/set_slam_pose__rosidl_typesupport_introspection_c.h
[4.696s] -- Symlinking: /home/sophie/visionaid/isaac_ros_ws/install/isaac_ros_visual_slam_interfaces/include/isaac_ros_visual_slam_interfaces/isaac_ros_visual_slam_interfaces/msg/detail/visual_slam_status__builder.hpp
[4.701s] -- Symlinking: /home/sophie/visionaid/isaac_ros_ws/install/isaac_ros_visual_slam_interfaces/include/isaac_ros_visual_slam_interfaces/isaac_ros_visual_slam_interfaces/msg/detail/visual_slam_status__struct.hpp
[4.706s] -- Symlinking: /home/sophie/visionaid/isaac_ros_ws/install/isaac_ros_visual_slam_interfaces/include/isaac_ros_visual_slam_interfaces/isaac_ros_visual_slam_interfaces/msg/detail/visual_slam_status__traits.hpp
[4.710s] -- Symlinking: /home/sophie/visionaid/isaac_ros_ws/install/isaac_ros_visual_slam_interfaces/include/isaac_ros_visual_slam_interfaces/isaac_ros_visual_slam_interfaces/msg/detail/visual_slam_status__type_support.hpp
[4.718s] -- Symlinking: /home/sophie/visionaid/isaac_ros_ws/install/isaac_ros_visual_slam_interfaces/include/isaac_ros_visual_slam_interfaces/isaac_ros_visual_slam_interfaces/msg/rosidl_generator_cpp__visibility_control.hpp
[4.723s] -- Symlinking: /home/sophie/visionaid/isaac_ros_ws/install/isaac_ros_visual_slam_interfaces/include/isaac_ros_visual_slam_interfaces/isaac_ros_visual_slam_interfaces/msg/visual_slam_status.hpp
[4.730s] -- Symlinking: /home/sophie/visionaid/isaac_ros_ws/install/isaac_ros_visual_slam_interfaces/include/isaac_ros_visual_slam_interfaces/isaac_ros_visual_slam_interfaces/srv/detail/file_path__builder.hpp
[4.735s] -- Symlinking: /home/sophie/visionaid/isaac_ros_ws/install/isaac_ros_visual_slam_interfaces/include/isaac_ros_visual_slam_interfaces/isaac_ros_visual_slam_interfaces/srv/detail/file_path__struct.hpp
[4.741s] -- Symlinking: /home/sophie/visionaid/isaac_ros_ws/install/isaac_ros_visual_slam_interfaces/include/isaac_ros_visual_slam_interfaces/isaac_ros_visual_slam_interfaces/srv/detail/file_path__traits.hpp
[4.746s] -- Symlinking: /home/sophie/visionaid/isaac_ros_ws/install/isaac_ros_visual_slam_interfaces/include/isaac_ros_visual_slam_interfaces/isaac_ros_visual_slam_interfaces/srv/detail/file_path__type_support.hpp
[4.751s] -- Symlinking: /home/sophie/visionaid/isaac_ros_ws/install/isaac_ros_visual_slam_interfaces/include/isaac_ros_visual_slam_interfaces/isaac_ros_visual_slam_interfaces/srv/detail/get_all_poses__builder.hpp
[4.756s] -- Symlinking: /home/sophie/visionaid/isaac_ros_ws/install/isaac_ros_visual_slam_interfaces/include/isaac_ros_visual_slam_interfaces/isaac_ros_visual_slam_interfaces/srv/detail/get_all_poses__struct.hpp
[4.760s] -- Symlinking: /home/sophie/visionaid/isaac_ros_ws/install/isaac_ros_visual_slam_interfaces/include/isaac_ros_visual_slam_interfaces/isaac_ros_visual_slam_interfaces/srv/detail/get_all_poses__traits.hpp
[4.766s] -- Symlinking: /home/sophie/visionaid/isaac_ros_ws/install/isaac_ros_visual_slam_interfaces/include/isaac_ros_visual_slam_interfaces/isaac_ros_visual_slam_interfaces/srv/detail/get_all_poses__type_support.hpp
[4.771s] -- Symlinking: /home/sophie/visionaid/isaac_ros_ws/install/isaac_ros_visual_slam_interfaces/include/isaac_ros_visual_slam_interfaces/isaac_ros_visual_slam_interfaces/srv/detail/localize_in_map__builder.hpp
[4.776s] -- Symlinking: /home/sophie/visionaid/isaac_ros_ws/install/isaac_ros_visual_slam_interfaces/include/isaac_ros_visual_slam_interfaces/isaac_ros_visual_slam_interfaces/srv/detail/localize_in_map__struct.hpp
[4.783s] -- Symlinking: /home/sophie/visionaid/isaac_ros_ws/install/isaac_ros_visual_slam_interfaces/include/isaac_ros_visual_slam_interfaces/isaac_ros_visual_slam_interfaces/srv/detail/localize_in_map__traits.hpp
[4.788s] -- Symlinking: /home/sophie/visionaid/isaac_ros_ws/install/isaac_ros_visual_slam_interfaces/include/isaac_ros_visual_slam_interfaces/isaac_ros_visual_slam_interfaces/srv/detail/localize_in_map__type_support.hpp
[4.792s] -- Symlinking: /home/sophie/visionaid/isaac_ros_ws/install/isaac_ros_visual_slam_interfaces/include/isaac_ros_visual_slam_interfaces/isaac_ros_visual_slam_interfaces/srv/detail/reset__builder.hpp
[4.796s] -- Symlinking: /home/sophie/visionaid/isaac_ros_ws/install/isaac_ros_visual_slam_interfaces/include/isaac_ros_visual_slam_interfaces/isaac_ros_visual_slam_interfaces/srv/detail/reset__struct.hpp
[4.803s] -- Symlinking: /home/sophie/visionaid/isaac_ros_ws/install/isaac_ros_visual_slam_interfaces/include/isaac_ros_visual_slam_interfaces/isaac_ros_visual_slam_interfaces/srv/detail/reset__traits.hpp
[4.808s] -- Symlinking: /home/sophie/visionaid/isaac_ros_ws/install/isaac_ros_visual_slam_interfaces/include/isaac_ros_visual_slam_interfaces/isaac_ros_visual_slam_interfaces/srv/detail/reset__type_support.hpp
[4.813s] -- Symlinking: /home/sophie/visionaid/isaac_ros_ws/install/isaac_ros_visual_slam_interfaces/include/isaac_ros_visual_slam_interfaces/isaac_ros_visual_slam_interfaces/srv/detail/set_slam_pose__builder.hpp
[4.820s] -- Symlinking: /home/sophie/visionaid/isaac_ros_ws/install/isaac_ros_visual_slam_interfaces/include/isaac_ros_visual_slam_interfaces/isaac_ros_visual_slam_interfaces/srv/detail/set_slam_pose__struct.hpp
[4.826s] -- Symlinking: /home/sophie/visionaid/isaac_ros_ws/install/isaac_ros_visual_slam_interfaces/include/isaac_ros_visual_slam_interfaces/isaac_ros_visual_slam_interfaces/srv/detail/set_slam_pose__traits.hpp
[4.832s] -- Symlinking: /home/sophie/visionaid/isaac_ros_ws/install/isaac_ros_visual_slam_interfaces/include/isaac_ros_visual_slam_interfaces/isaac_ros_visual_slam_interfaces/srv/detail/set_slam_pose__type_support.hpp
[4.838s] -- Symlinking: /home/sophie/visionaid/isaac_ros_ws/install/isaac_ros_visual_slam_interfaces/include/isaac_ros_visual_slam_interfaces/isaac_ros_visual_slam_interfaces/srv/file_path.hpp
[4.844s] -- Symlinking: /home/sophie/visionaid/isaac_ros_ws/install/isaac_ros_visual_slam_interfaces/include/isaac_ros_visual_slam_interfaces/isaac_ros_visual_slam_interfaces/srv/get_all_poses.hpp
[4.850s] -- Symlinking: /home/sophie/visionaid/isaac_ros_ws/install/isaac_ros_visual_slam_interfaces/include/isaac_ros_visual_slam_interfaces/isaac_ros_visual_slam_interfaces/srv/localize_in_map.hpp
[4.856s] -- Symlinking: /home/sophie/visionaid/isaac_ros_ws/install/isaac_ros_visual_slam_interfaces/include/isaac_ros_visual_slam_interfaces/isaac_ros_visual_slam_interfaces/srv/reset.hpp
[4.862s] -- Symlinking: /home/sophie/visionaid/isaac_ros_ws/install/isaac_ros_visual_slam_interfaces/include/isaac_ros_visual_slam_interfaces/isaac_ros_visual_slam_interfaces/srv/set_slam_pose.hpp
[4.868s] -- Symlinking: /home/sophie/visionaid/isaac_ros_ws/install/isaac_ros_visual_slam_interfaces/include/isaac_ros_visual_slam_interfaces/isaac_ros_visual_slam_interfaces/msg/detail/visual_slam_status__rosidl_typesupport_fastrtps_cpp.hpp
[4.873s] -- Symlinking: /home/sophie/visionaid/isaac_ros_ws/install/isaac_ros_visual_slam_interfaces/include/isaac_ros_visual_slam_interfaces/isaac_ros_visual_slam_interfaces/msg/rosidl_typesupport_fastrtps_cpp__visibility_control.h
[4.879s] -- Symlinking: /home/sophie/visionaid/isaac_ros_ws/install/isaac_ros_visual_slam_interfaces/include/isaac_ros_visual_slam_interfaces/isaac_ros_visual_slam_interfaces/srv/detail/file_path__rosidl_typesupport_fastrtps_cpp.hpp
[4.885s] -- Symlinking: /home/sophie/visionaid/isaac_ros_ws/install/isaac_ros_visual_slam_interfaces/include/isaac_ros_visual_slam_interfaces/isaac_ros_visual_slam_interfaces/srv/detail/get_all_poses__rosidl_typesupport_fastrtps_cpp.hpp
[4.891s] -- Symlinking: /home/sophie/visionaid/isaac_ros_ws/install/isaac_ros_visual_slam_interfaces/include/isaac_ros_visual_slam_interfaces/isaac_ros_visual_slam_interfaces/srv/detail/localize_in_map__rosidl_typesupport_fastrtps_cpp.hpp
[4.899s] -- Symlinking: /home/sophie/visionaid/isaac_ros_ws/install/isaac_ros_visual_slam_interfaces/include/isaac_ros_visual_slam_interfaces/isaac_ros_visual_slam_interfaces/srv/detail/reset__rosidl_typesupport_fastrtps_cpp.hpp
[4.906s] -- Symlinking: /home/sophie/visionaid/isaac_ros_ws/install/isaac_ros_visual_slam_interfaces/include/isaac_ros_visual_slam_interfaces/isaac_ros_visual_slam_interfaces/srv/detail/set_slam_pose__rosidl_typesupport_fastrtps_cpp.hpp
[4.914s] -- Symlinking: /home/sophie/visionaid/isaac_ros_ws/install/isaac_ros_visual_slam_interfaces/include/isaac_ros_visual_slam_interfaces/isaac_ros_visual_slam_interfaces/msg/detail/visual_slam_status__rosidl_typesupport_introspection_cpp.hpp
[4.921s] -- Symlinking: /home/sophie/visionaid/isaac_ros_ws/install/isaac_ros_visual_slam_interfaces/include/isaac_ros_visual_slam_interfaces/isaac_ros_visual_slam_interfaces/srv/detail/file_path__rosidl_typesupport_introspection_cpp.hpp
[4.925s] -- Symlinking: /home/sophie/visionaid/isaac_ros_ws/install/isaac_ros_visual_slam_interfaces/include/isaac_ros_visual_slam_interfaces/isaac_ros_visual_slam_interfaces/srv/detail/get_all_poses__rosidl_typesupport_introspection_cpp.hpp
[4.931s] -- Symlinking: /home/sophie/visionaid/isaac_ros_ws/install/isaac_ros_visual_slam_interfaces/include/isaac_ros_visual_slam_interfaces/isaac_ros_visual_slam_interfaces/srv/detail/localize_in_map__rosidl_typesupport_introspection_cpp.hpp
[4.937s] -- Symlinking: /home/sophie/visionaid/isaac_ros_ws/install/isaac_ros_visual_slam_interfaces/include/isaac_ros_visual_slam_interfaces/isaac_ros_visual_slam_interfaces/srv/detail/reset__rosidl_typesupport_introspection_cpp.hpp
[4.943s] -- Symlinking: /home/sophie/visionaid/isaac_ros_ws/install/isaac_ros_visual_slam_interfaces/include/isaac_ros_visual_slam_interfaces/isaac_ros_visual_slam_interfaces/srv/detail/set_slam_pose__rosidl_typesupport_introspection_cpp.hpp
[4.948s] -- Symlinking: /home/sophie/visionaid/isaac_ros_ws/install/isaac_ros_visual_slam_interfaces/share/isaac_ros_visual_slam_interfaces/environment/pythonpath.sh
[4.954s] -- Symlinking: /home/sophie/visionaid/isaac_ros_ws/install/isaac_ros_visual_slam_interfaces/share/isaac_ros_visual_slam_interfaces/environment/pythonpath.dsv
[4.960s] -- Symlinking: /home/sophie/visionaid/isaac_ros_ws/install/isaac_ros_visual_slam_interfaces/local/lib/python3.10/dist-packages/isaac_ros_visual_slam_interfaces-3.2.5-py3.10.egg-info/PKG-INFO
[4.965s] -- Symlinking: /home/sophie/visionaid/isaac_ros_ws/install/isaac_ros_visual_slam_interfaces/local/lib/python3.10/dist-packages/isaac_ros_visual_slam_interfaces-3.2.5-py3.10.egg-info/SOURCES.txt
[4.971s] -- Symlinking: /home/sophie/visionaid/isaac_ros_ws/install/isaac_ros_visual_slam_interfaces/local/lib/python3.10/dist-packages/isaac_ros_visual_slam_interfaces-3.2.5-py3.10.egg-info/dependency_links.txt
[4.976s] -- Symlinking: /home/sophie/visionaid/isaac_ros_ws/install/isaac_ros_visual_slam_interfaces/local/lib/python3.10/dist-packages/isaac_ros_visual_slam_interfaces-3.2.5-py3.10.egg-info/top_level.txt
[4.983s] -- Symlinking: /home/sophie/visionaid/isaac_ros_ws/install/isaac_ros_visual_slam_interfaces/local/lib/python3.10/dist-packages/isaac_ros_visual_slam_interfaces/__init__.py
[4.989s] -- Symlinking: /home/sophie/visionaid/isaac_ros_ws/install/isaac_ros_visual_slam_interfaces/local/lib/python3.10/dist-packages/isaac_ros_visual_slam_interfaces/_isaac_ros_visual_slam_interfaces_s.ep.rosidl_typesupport_c.c
[4.994s] -- Symlinking: /home/sophie/visionaid/isaac_ros_ws/install/isaac_ros_visual_slam_interfaces/local/lib/python3.10/dist-packages/isaac_ros_visual_slam_interfaces/_isaac_ros_visual_slam_interfaces_s.ep.rosidl_typesupport_fastrtps_c.c
[4.999s] -- Symlinking: /home/sophie/visionaid/isaac_ros_ws/install/isaac_ros_visual_slam_interfaces/local/lib/python3.10/dist-packages/isaac_ros_visual_slam_interfaces/_isaac_ros_visual_slam_interfaces_s.ep.rosidl_typesupport_introspection_c.c
[5.006s] -- Symlinking: /home/sophie/visionaid/isaac_ros_ws/install/isaac_ros_visual_slam_interfaces/local/lib/python3.10/dist-packages/isaac_ros_visual_slam_interfaces/isaac_ros_visual_slam_interfaces_s__rosidl_typesupport_c.cpython-310-x86_64-linux-gnu.so
[5.012s] -- Symlinking: /home/sophie/visionaid/isaac_ros_ws/install/isaac_ros_visual_slam_interfaces/local/lib/python3.10/dist-packages/isaac_ros_visual_slam_interfaces/isaac_ros_visual_slam_interfaces_s__rosidl_typesupport_fastrtps_c.cpython-310-x86_64-linux-gnu.so
[5.018s] -- Symlinking: /home/sophie/visionaid/isaac_ros_ws/install/isaac_ros_visual_slam_interfaces/local/lib/python3.10/dist-packages/isaac_ros_visual_slam_interfaces/isaac_ros_visual_slam_interfaces_s__rosidl_typesupport_introspection_c.cpython-310-x86_64-linux-gnu.so
[5.024s] -- Symlinking: /home/sophie/visionaid/isaac_ros_ws/install/isaac_ros_visual_slam_interfaces/local/lib/python3.10/dist-packages/isaac_ros_visual_slam_interfaces/libisaac_ros_visual_slam_interfaces__rosidl_generator_py.so
[5.031s] -- Symlinking: /home/sophie/visionaid/isaac_ros_ws/install/isaac_ros_visual_slam_interfaces/local/lib/python3.10/dist-packages/isaac_ros_visual_slam_interfaces/msg/__init__.py
[5.037s] -- Symlinking: /home/sophie/visionaid/isaac_ros_ws/install/isaac_ros_visual_slam_interfaces/local/lib/python3.10/dist-packages/isaac_ros_visual_slam_interfaces/msg/_visual_slam_status.py
[5.044s] -- Symlinking: /home/sophie/visionaid/isaac_ros_ws/install/isaac_ros_visual_slam_interfaces/local/lib/python3.10/dist-packages/isaac_ros_visual_slam_interfaces/msg/_visual_slam_status_s.c
[5.051s] -- Symlinking: /home/sophie/visionaid/isaac_ros_ws/install/isaac_ros_visual_slam_interfaces/local/lib/python3.10/dist-packages/isaac_ros_visual_slam_interfaces/srv/__init__.py
[5.057s] -- Symlinking: /home/sophie/visionaid/isaac_ros_ws/install/isaac_ros_visual_slam_interfaces/local/lib/python3.10/dist-packages/isaac_ros_visual_slam_interfaces/srv/_file_path.py
[5.062s] -- Symlinking: /home/sophie/visionaid/isaac_ros_ws/install/isaac_ros_visual_slam_interfaces/local/lib/python3.10/dist-packages/isaac_ros_visual_slam_interfaces/srv/_file_path_s.c
[5.067s] -- Symlinking: /home/sophie/visionaid/isaac_ros_ws/install/isaac_ros_visual_slam_interfaces/local/lib/python3.10/dist-packages/isaac_ros_visual_slam_interfaces/srv/_get_all_poses.py
[5.073s] -- Symlinking: /home/sophie/visionaid/isaac_ros_ws/install/isaac_ros_visual_slam_interfaces/local/lib/python3.10/dist-packages/isaac_ros_visual_slam_interfaces/srv/_get_all_poses_s.c
[5.080s] -- Symlinking: /home/sophie/visionaid/isaac_ros_ws/install/isaac_ros_visual_slam_interfaces/local/lib/python3.10/dist-packages/isaac_ros_visual_slam_interfaces/srv/_localize_in_map.py
[5.087s] -- Symlinking: /home/sophie/visionaid/isaac_ros_ws/install/isaac_ros_visual_slam_interfaces/local/lib/python3.10/dist-packages/isaac_ros_visual_slam_interfaces/srv/_localize_in_map_s.c
[5.094s] -- Symlinking: /home/sophie/visionaid/isaac_ros_ws/install/isaac_ros_visual_slam_interfaces/local/lib/python3.10/dist-packages/isaac_ros_visual_slam_interfaces/srv/_reset.py
[5.099s] -- Symlinking: /home/sophie/visionaid/isaac_ros_ws/install/isaac_ros_visual_slam_interfaces/local/lib/python3.10/dist-packages/isaac_ros_visual_slam_interfaces/srv/_reset_s.c
[5.106s] -- Symlinking: /home/sophie/visionaid/isaac_ros_ws/install/isaac_ros_visual_slam_interfaces/local/lib/python3.10/dist-packages/isaac_ros_visual_slam_interfaces/srv/_set_slam_pose.py
[5.113s] -- Symlinking: /home/sophie/visionaid/isaac_ros_ws/install/isaac_ros_visual_slam_interfaces/local/lib/python3.10/dist-packages/isaac_ros_visual_slam_interfaces/srv/_set_slam_pose_s.c
[5.118s] -- Up-to-date symlink: /home/sophie/visionaid/isaac_ros_ws/install/isaac_ros_visual_slam_interfaces/local/lib/python3.10/dist-packages/isaac_ros_visual_slam_interfaces/isaac_ros_visual_slam_interfaces_s__rosidl_typesupport_fastrtps_c.cpython-310-x86_64-linux-gnu.so
[5.118s] -- Up-to-date symlink: /home/sophie/visionaid/isaac_ros_ws/install/isaac_ros_visual_slam_interfaces/local/lib/python3.10/dist-packages/isaac_ros_visual_slam_interfaces/isaac_ros_visual_slam_interfaces_s__rosidl_typesupport_introspection_c.cpython-310-x86_64-linux-gnu.so
[5.118s] -- Up-to-date symlink: /home/sophie/visionaid/isaac_ros_ws/install/isaac_ros_visual_slam_interfaces/local/lib/python3.10/dist-packages/isaac_ros_visual_slam_interfaces/isaac_ros_visual_slam_interfaces_s__rosidl_typesupport_c.cpython-310-x86_64-linux-gnu.so
[5.118s] -- Symlinking: /home/sophie/visionaid/isaac_ros_ws/install/isaac_ros_visual_slam_interfaces/share/isaac_ros_visual_slam_interfaces/msg/VisualSlamStatus.idl
[5.124s] -- Symlinking: /home/sophie/visionaid/isaac_ros_ws/install/isaac_ros_visual_slam_interfaces/share/isaac_ros_visual_slam_interfaces/srv/GetAllPoses.idl
[5.131s] -- Symlinking: /home/sophie/visionaid/isaac_ros_ws/install/isaac_ros_visual_slam_interfaces/share/isaac_ros_visual_slam_interfaces/srv/Reset.idl
[5.136s] -- Symlinking: /home/sophie/visionaid/isaac_ros_ws/install/isaac_ros_visual_slam_interfaces/share/isaac_ros_visual_slam_interfaces/srv/SetSlamPose.idl
[5.143s] -- Symlinking: /home/sophie/visionaid/isaac_ros_ws/install/isaac_ros_visual_slam_interfaces/share/isaac_ros_visual_slam_interfaces/srv/FilePath.idl
[5.150s] -- Symlinking: /home/sophie/visionaid/isaac_ros_ws/install/isaac_ros_visual_slam_interfaces/share/isaac_ros_visual_slam_interfaces/srv/LocalizeInMap.idl
[5.157s] -- Symlinking: /home/sophie/visionaid/isaac_ros_ws/install/isaac_ros_visual_slam_interfaces/share/isaac_ros_visual_slam_interfaces/msg/VisualSlamStatus.msg
[5.163s] -- Symlinking: /home/sophie/visionaid/isaac_ros_ws/install/isaac_ros_visual_slam_interfaces/share/isaac_ros_visual_slam_interfaces/srv/GetAllPoses.srv
[5.169s] -- Symlinking: /home/sophie/visionaid/isaac_ros_ws/install/isaac_ros_visual_slam_interfaces/share/isaac_ros_visual_slam_interfaces/srv/GetAllPoses_Request.msg
[5.175s] -- Symlinking: /home/sophie/visionaid/isaac_ros_ws/install/isaac_ros_visual_slam_interfaces/share/isaac_ros_visual_slam_interfaces/srv/GetAllPoses_Response.msg
[5.182s] -- Symlinking: /home/sophie/visionaid/isaac_ros_ws/install/isaac_ros_visual_slam_interfaces/share/isaac_ros_visual_slam_interfaces/srv/Reset.srv
[5.188s] -- Symlinking: /home/sophie/visionaid/isaac_ros_ws/install/isaac_ros_visual_slam_interfaces/share/isaac_ros_visual_slam_interfaces/srv/Reset_Request.msg
[5.194s] -- Symlinking: /home/sophie/visionaid/isaac_ros_ws/install/isaac_ros_visual_slam_interfaces/share/isaac_ros_visual_slam_interfaces/srv/Reset_Response.msg
[5.201s] -- Symlinking: /home/sophie/visionaid/isaac_ros_ws/install/isaac_ros_visual_slam_interfaces/share/isaac_ros_visual_slam_interfaces/srv/SetSlamPose.srv
[5.207s] -- Symlinking: /home/sophie/visionaid/isaac_ros_ws/install/isaac_ros_visual_slam_interfaces/share/isaac_ros_visual_slam_interfaces/srv/SetSlamPose_Request.msg
[5.214s] -- Symlinking: /home/sophie/visionaid/isaac_ros_ws/install/isaac_ros_visual_slam_interfaces/share/isaac_ros_visual_slam_interfaces/srv/SetSlamPose_Response.msg
[5.222s] -- Symlinking: /home/sophie/visionaid/isaac_ros_ws/install/isaac_ros_visual_slam_interfaces/share/isaac_ros_visual_slam_interfaces/srv/FilePath.srv
[5.227s] -- Symlinking: /home/sophie/visionaid/isaac_ros_ws/install/isaac_ros_visual_slam_interfaces/share/isaac_ros_visual_slam_interfaces/srv/FilePath_Request.msg
[5.235s] -- Symlinking: /home/sophie/visionaid/isaac_ros_ws/install/isaac_ros_visual_slam_interfaces/share/isaac_ros_visual_slam_interfaces/srv/FilePath_Response.msg
[5.242s] -- Symlinking: /home/sophie/visionaid/isaac_ros_ws/install/isaac_ros_visual_slam_interfaces/share/isaac_ros_visual_slam_interfaces/srv/LocalizeInMap.srv
[5.246s] -- Symlinking: /home/sophie/visionaid/isaac_ros_ws/install/isaac_ros_visual_slam_interfaces/share/isaac_ros_visual_slam_interfaces/srv/LocalizeInMap_Request.msg
[5.254s] -- Symlinking: /home/sophie/visionaid/isaac_ros_ws/install/isaac_ros_visual_slam_interfaces/share/isaac_ros_visual_slam_interfaces/srv/LocalizeInMap_Response.msg
[5.260s] -- Symlinking: /home/sophie/visionaid/isaac_ros_ws/install/isaac_ros_visual_slam_interfaces/share/isaac_ros_visual_slam_interfaces/version_info.yaml
[5.266s] -- Symlinking: /home/sophie/visionaid/isaac_ros_ws/install/isaac_ros_visual_slam_interfaces/share/ament_index/resource_index/package_run_dependencies/isaac_ros_visual_slam_interfaces
[5.274s] -- Symlinking: /home/sophie/visionaid/isaac_ros_ws/install/isaac_ros_visual_slam_interfaces/share/ament_index/resource_index/parent_prefix_path/isaac_ros_visual_slam_interfaces
[5.280s] -- Symlinking: /home/sophie/visionaid/isaac_ros_ws/install/isaac_ros_visual_slam_interfaces/share/isaac_ros_visual_slam_interfaces/environment/ament_prefix_path.sh
[5.286s] -- Symlinking: /home/sophie/visionaid/isaac_ros_ws/install/isaac_ros_visual_slam_interfaces/share/isaac_ros_visual_slam_interfaces/environment/ament_prefix_path.dsv
[5.292s] -- Symlinking: /home/sophie/visionaid/isaac_ros_ws/install/isaac_ros_visual_slam_interfaces/share/isaac_ros_visual_slam_interfaces/environment/path.sh
[5.301s] -- Symlinking: /home/sophie/visionaid/isaac_ros_ws/install/isaac_ros_visual_slam_interfaces/share/isaac_ros_visual_slam_interfaces/environment/path.dsv
[5.307s] -- Symlinking: /home/sophie/visionaid/isaac_ros_ws/install/isaac_ros_visual_slam_interfaces/share/isaac_ros_visual_slam_interfaces/local_setup.bash
[5.313s] -- Symlinking: /home/sophie/visionaid/isaac_ros_ws/install/isaac_ros_visual_slam_interfaces/share/isaac_ros_visual_slam_interfaces/local_setup.sh
[5.319s] -- Symlinking: /home/sophie/visionaid/isaac_ros_ws/install/isaac_ros_visual_slam_interfaces/share/isaac_ros_visual_slam_interfaces/local_setup.zsh
[5.326s] -- Symlinking: /home/sophie/visionaid/isaac_ros_ws/install/isaac_ros_visual_slam_interfaces/share/isaac_ros_visual_slam_interfaces/local_setup.dsv
[5.335s] -- Symlinking: /home/sophie/visionaid/isaac_ros_ws/install/isaac_ros_visual_slam_interfaces/share/isaac_ros_visual_slam_interfaces/package.dsv
[5.343s] -- Symlinking: /home/sophie/visionaid/isaac_ros_ws/install/isaac_ros_visual_slam_interfaces/share/ament_index/resource_index/packages/isaac_ros_visual_slam_interfaces
[5.351s] -- Symlinking: /home/sophie/visionaid/isaac_ros_ws/install/isaac_ros_visual_slam_interfaces/share/isaac_ros_visual_slam_interfaces/cmake/rosidl_cmake-extras.cmake
[5.359s] -- Symlinking: /home/sophie/visionaid/isaac_ros_ws/install/isaac_ros_visual_slam_interfaces/share/isaac_ros_visual_slam_interfaces/cmake/ament_cmake_export_dependencies-extras.cmake
[5.368s] -- Symlinking: /home/sophie/visionaid/isaac_ros_ws/install/isaac_ros_visual_slam_interfaces/share/isaac_ros_visual_slam_interfaces/cmake/ament_cmake_export_include_directories-extras.cmake
[5.376s] -- Symlinking: /home/sophie/visionaid/isaac_ros_ws/install/isaac_ros_visual_slam_interfaces/share/isaac_ros_visual_slam_interfaces/cmake/ament_cmake_export_libraries-extras.cmake
[5.383s] -- Symlinking: /home/sophie/visionaid/isaac_ros_ws/install/isaac_ros_visual_slam_interfaces/share/isaac_ros_visual_slam_interfaces/cmake/ament_cmake_export_targets-extras.cmake
[5.391s] -- Symlinking: /home/sophie/visionaid/isaac_ros_ws/install/isaac_ros_visual_slam_interfaces/share/isaac_ros_visual_slam_interfaces/cmake/rosidl_cmake_export_typesupport_targets-extras.cmake
[5.397s] -- Symlinking: /home/sophie/visionaid/isaac_ros_ws/install/isaac_ros_visual_slam_interfaces/share/isaac_ros_visual_slam_interfaces/cmake/rosidl_cmake_export_typesupport_libraries-extras.cmake
[5.404s] -- Symlinking: /home/sophie/visionaid/isaac_ros_ws/install/isaac_ros_visual_slam_interfaces/share/isaac_ros_visual_slam_interfaces/cmake/isaac_ros_visual_slam_interfacesConfig.cmake
[5.410s] -- Symlinking: /home/sophie/visionaid/isaac_ros_ws/install/isaac_ros_visual_slam_interfaces/share/isaac_ros_visual_slam_interfaces/cmake/isaac_ros_visual_slam_interfacesConfig-version.cmake
[5.416s] -- Symlinking: /home/sophie/visionaid/isaac_ros_ws/install/isaac_ros_visual_slam_interfaces/share/isaac_ros_visual_slam_interfaces/package.xml
[5.422s] -- Installing: /home/sophie/visionaid/isaac_ros_ws/install/isaac_ros_visual_slam_interfaces/lib/libisaac_ros_visual_slam_interfaces__rosidl_generator_c.so
[5.422s] -- Set runtime path of "/home/sophie/visionaid/isaac_ros_ws/install/isaac_ros_visual_slam_interfaces/lib/libisaac_ros_visual_slam_interfaces__rosidl_generator_c.so" to ""
[5.422s] -- Installing: /home/sophie/visionaid/isaac_ros_ws/install/isaac_ros_visual_slam_interfaces/lib/libisaac_ros_visual_slam_interfaces__rosidl_typesupport_fastrtps_c.so
[5.422s] -- Set runtime path of "/home/sophie/visionaid/isaac_ros_ws/install/isaac_ros_visual_slam_interfaces/lib/libisaac_ros_visual_slam_interfaces__rosidl_typesupport_fastrtps_c.so" to ""
[5.423s] -- Installing: /home/sophie/visionaid/isaac_ros_ws/install/isaac_ros_visual_slam_interfaces/lib/libisaac_ros_visual_slam_interfaces__rosidl_typesupport_introspection_c.so
[5.423s] -- Set runtime path of "/home/sophie/visionaid/isaac_ros_ws/install/isaac_ros_visual_slam_interfaces/lib/libisaac_ros_visual_slam_interfaces__rosidl_typesupport_introspection_c.so" to ""
[5.423s] -- Installing: /home/sophie/visionaid/isaac_ros_ws/install/isaac_ros_visual_slam_interfaces/lib/libisaac_ros_visual_slam_interfaces__rosidl_typesupport_c.so
[5.423s] -- Set runtime path of "/home/sophie/visionaid/isaac_ros_ws/install/isaac_ros_visual_slam_interfaces/lib/libisaac_ros_visual_slam_interfaces__rosidl_typesupport_c.so" to ""
[5.423s] -- Installing: /home/sophie/visionaid/isaac_ros_ws/install/isaac_ros_visual_slam_interfaces/lib/libisaac_ros_visual_slam_interfaces__rosidl_typesupport_fastrtps_cpp.so
[5.423s] -- Set runtime path of "/home/sophie/visionaid/isaac_ros_ws/install/isaac_ros_visual_slam_interfaces/lib/libisaac_ros_visual_slam_interfaces__rosidl_typesupport_fastrtps_cpp.so" to ""
[5.423s] -- Installing: /home/sophie/visionaid/isaac_ros_ws/install/isaac_ros_visual_slam_interfaces/lib/libisaac_ros_visual_slam_interfaces__rosidl_typesupport_introspection_cpp.so
[5.423s] -- Set runtime path of "/home/sophie/visionaid/isaac_ros_ws/install/isaac_ros_visual_slam_interfaces/lib/libisaac_ros_visual_slam_interfaces__rosidl_typesupport_introspection_cpp.so" to ""
[5.423s] -- Installing: /home/sophie/visionaid/isaac_ros_ws/install/isaac_ros_visual_slam_interfaces/lib/libisaac_ros_visual_slam_interfaces__rosidl_typesupport_cpp.so
[5.423s] -- Set runtime path of "/home/sophie/visionaid/isaac_ros_ws/install/isaac_ros_visual_slam_interfaces/lib/libisaac_ros_visual_slam_interfaces__rosidl_typesupport_cpp.so" to ""
[5.453s] Listing '/home/sophie/visionaid/isaac_ros_ws/install/isaac_ros_visual_slam_interfaces/local/lib/python3.10/dist-packages/isaac_ros_visual_slam_interfaces'...
[5.453s] Compiling '/home/sophie/visionaid/isaac_ros_ws/install/isaac_ros_visual_slam_interfaces/local/lib/python3.10/dist-packages/isaac_ros_visual_slam_interfaces/__init__.py'...
[5.453s] Listing '/home/sophie/visionaid/isaac_ros_ws/install/isaac_ros_visual_slam_interfaces/local/lib/python3.10/dist-packages/isaac_ros_visual_slam_interfaces/msg'...
[5.453s] Compiling '/home/sophie/visionaid/isaac_ros_ws/install/isaac_ros_visual_slam_interfaces/local/lib/python3.10/dist-packages/isaac_ros_visual_slam_interfaces/msg/__init__.py'...
[5.453s] Compiling '/home/sophie/visionaid/isaac_ros_ws/install/isaac_ros_visual_slam_interfaces/local/lib/python3.10/dist-packages/isaac_ros_visual_slam_interfaces/msg/_visual_slam_status.py'...
[5.453s] Listing '/home/sophie/visionaid/isaac_ros_ws/install/isaac_ros_visual_slam_interfaces/local/lib/python3.10/dist-packages/isaac_ros_visual_slam_interfaces/srv'...
[5.453s] Compiling '/home/sophie/visionaid/isaac_ros_ws/install/isaac_ros_visual_slam_interfaces/local/lib/python3.10/dist-packages/isaac_ros_visual_slam_interfaces/srv/__init__.py'...
[5.454s] Compiling '/home/sophie/visionaid/isaac_ros_ws/install/isaac_ros_visual_slam_interfaces/local/lib/python3.10/dist-packages/isaac_ros_visual_slam_interfaces/srv/_file_path.py'...
[5.454s] Compiling '/home/sophie/visionaid/isaac_ros_ws/install/isaac_ros_visual_slam_interfaces/local/lib/python3.10/dist-packages/isaac_ros_visual_slam_interfaces/srv/_get_all_poses.py'...
[5.454s] Compiling '/home/sophie/visionaid/isaac_ros_ws/install/isaac_ros_visual_slam_interfaces/local/lib/python3.10/dist-packages/isaac_ros_visual_slam_interfaces/srv/_localize_in_map.py'...
[5.454s] Compiling '/home/sophie/visionaid/isaac_ros_ws/install/isaac_ros_visual_slam_interfaces/local/lib/python3.10/dist-packages/isaac_ros_visual_slam_interfaces/srv/_reset.py'...
[5.454s] Compiling '/home/sophie/visionaid/isaac_ros_ws/install/isaac_ros_visual_slam_interfaces/local/lib/python3.10/dist-packages/isaac_ros_visual_slam_interfaces/srv/_set_slam_pose.py'...
[5.457s] -- Installing: /home/sophie/visionaid/isaac_ros_ws/install/isaac_ros_visual_slam_interfaces/lib/libisaac_ros_visual_slam_interfaces__rosidl_generator_py.so
[5.457s] -- Set runtime path of "/home/sophie/visionaid/isaac_ros_ws/install/isaac_ros_visual_slam_interfaces/lib/libisaac_ros_visual_slam_interfaces__rosidl_generator_py.so" to ""
[5.457s] -- Installing: /home/sophie/visionaid/isaac_ros_ws/install/isaac_ros_visual_slam_interfaces/share/isaac_ros_visual_slam_interfaces/cmake/export_isaac_ros_visual_slam_interfaces__rosidl_generator_cExport.cmake
[5.457s] -- Installing: /home/sophie/visionaid/isaac_ros_ws/install/isaac_ros_visual_slam_interfaces/share/isaac_ros_visual_slam_interfaces/cmake/export_isaac_ros_visual_slam_interfaces__rosidl_generator_cExport-release.cmake
[5.457s] -- Installing: /home/sophie/visionaid/isaac_ros_ws/install/isaac_ros_visual_slam_interfaces/share/isaac_ros_visual_slam_interfaces/cmake/export_isaac_ros_visual_slam_interfaces__rosidl_typesupport_fastrtps_cExport.cmake
[5.457s] -- Installing: /home/sophie/visionaid/isaac_ros_ws/install/isaac_ros_visual_slam_interfaces/share/isaac_ros_visual_slam_interfaces/cmake/export_isaac_ros_visual_slam_interfaces__rosidl_typesupport_fastrtps_cExport-release.cmake
[5.458s] -- Installing: /home/sophie/visionaid/isaac_ros_ws/install/isaac_ros_visual_slam_interfaces/share/isaac_ros_visual_slam_interfaces/cmake/isaac_ros_visual_slam_interfaces__rosidl_typesupport_introspection_cExport.cmake
[5.458s] -- Installing: /home/sophie/visionaid/isaac_ros_ws/install/isaac_ros_visual_slam_interfaces/share/isaac_ros_visual_slam_interfaces/cmake/isaac_ros_visual_slam_interfaces__rosidl_typesupport_introspection_cExport-release.cmake
[5.458s] -- Installing: /home/sophie/visionaid/isaac_ros_ws/install/isaac_ros_visual_slam_interfaces/share/isaac_ros_visual_slam_interfaces/cmake/isaac_ros_visual_slam_interfaces__rosidl_typesupport_cExport.cmake
[5.458s] -- Installing: /home/sophie/visionaid/isaac_ros_ws/install/isaac_ros_visual_slam_interfaces/share/isaac_ros_visual_slam_interfaces/cmake/isaac_ros_visual_slam_interfaces__rosidl_typesupport_cExport-release.cmake
[5.458s] -- Installing: /home/sophie/visionaid/isaac_ros_ws/install/isaac_ros_visual_slam_interfaces/share/isaac_ros_visual_slam_interfaces/cmake/export_isaac_ros_visual_slam_interfaces__rosidl_generator_cppExport.cmake
[5.458s] -- Installing: /home/sophie/visionaid/isaac_ros_ws/install/isaac_ros_visual_slam_interfaces/share/isaac_ros_visual_slam_interfaces/cmake/export_isaac_ros_visual_slam_interfaces__rosidl_typesupport_fastrtps_cppExport.cmake
[5.458s] -- Installing: /home/sophie/visionaid/isaac_ros_ws/install/isaac_ros_visual_slam_interfaces/share/isaac_ros_visual_slam_interfaces/cmake/export_isaac_ros_visual_slam_interfaces__rosidl_typesupport_fastrtps_cppExport-release.cmake
[5.458s] -- Installing: /home/sophie/visionaid/isaac_ros_ws/install/isaac_ros_visual_slam_interfaces/share/isaac_ros_visual_slam_interfaces/cmake/isaac_ros_visual_slam_interfaces__rosidl_typesupport_introspection_cppExport.cmake
[5.458s] -- Installing: /home/sophie/visionaid/isaac_ros_ws/install/isaac_ros_visual_slam_interfaces/share/isaac_ros_visual_slam_interfaces/cmake/isaac_ros_visual_slam_interfaces__rosidl_typesupport_introspection_cppExport-release.cmake
[5.458s] -- Installing: /home/sophie/visionaid/isaac_ros_ws/install/isaac_ros_visual_slam_interfaces/share/isaac_ros_visual_slam_interfaces/cmake/isaac_ros_visual_slam_interfaces__rosidl_typesupport_cppExport.cmake
[5.459s] -- Installing: /home/sophie/visionaid/isaac_ros_ws/install/isaac_ros_visual_slam_interfaces/share/isaac_ros_visual_slam_interfaces/cmake/isaac_ros_visual_slam_interfaces__rosidl_typesupport_cppExport-release.cmake
[5.459s] -- Installing: /home/sophie/visionaid/isaac_ros_ws/install/isaac_ros_visual_slam_interfaces/share/isaac_ros_visual_slam_interfaces/cmake/export_isaac_ros_visual_slam_interfaces__rosidl_generator_pyExport.cmake
[5.459s] -- Installing: /home/sophie/visionaid/isaac_ros_ws/install/isaac_ros_visual_slam_interfaces/share/isaac_ros_visual_slam_interfaces/cmake/export_isaac_ros_visual_slam_interfaces__rosidl_generator_pyExport-release.cmake
[5.461s] Invoked command in '/home/sophie/visionaid/isaac_ros_ws/build/isaac_ros_visual_slam_interfaces' returned '0': AMENT_PREFIX_PATH=/home/sophie/visionaid/isaac_ros_ws/install/isaac_ros_common:${AMENT_PREFIX_PATH} CMAKE_PREFIX_PATH=/home/sophie/visionaid/isaac_ros_ws/install/isaac_ros_common:/opt/ros/humble LD_LIBRARY_PATH=/home/sophie/visionaid/isaac_ros_ws/install/isaac_ros_common/lib:${LD_LIBRARY_PATH} PATH=/home/sophie/visionaid/isaac_ros_ws/install/isaac_ros_common/bin:${PATH} PYTHONPATH=/home/sophie/visionaid/isaac_ros_ws/install/isaac_ros_common/local/lib/python3.10/dist-packages:${PYTHONPATH} /usr/bin/cmake --install /home/sophie/visionaid/isaac_ros_ws/build/isaac_ros_visual_slam_interfaces
