[0.079s] Invoking command in '/home/kanye/Documents/visionaid/build/sm_common': /usr/bin/cmake /home/kanye/Documents/visionaid/calibration/camera/kalibr/Schweizer-Messer/sm_common -DCATKIN_INSTALL_INTO_PREFIX_ROOT=0 -DCMAKE_INSTALL_PREFIX=/home/kanye/Documents/visionaid/install/sm_common
[1.382s] -- Configuring incomplete, errors occurred!
[1.382s] See also "/home/kanye/Documents/visionaid/build/sm_common/CMakeFiles/CMakeOutput.log".
[1.388s] [31mCMake Error at CMakeLists.txt:6 (find_package):
[1.388s]   By not providing "Findcatkin.cmake" in CMAKE_MODULE_PATH this project has
[1.388s]   asked CMake to find a package configuration file provided by "catkin", but
[1.388s]   CMake did not find one.
[1.388s] 
[1.388s]   Could not find a package configuration file provided by "catkin" with any
[1.388s]   of the following names:
[1.388s] 
[1.388s]     catkinConfig.cmake
[1.388s]     catkin-config.cmake
[1.388s] 
[1.388s]   Add the installation prefix of "catkin" to CMAKE_PREFIX_PATH or set
[1.388s]   "catkin_DIR" to a directory containing one of the above files.  If "catkin"
[1.388s]   provides a separate development package or SDK, be sure it has been
[1.388s]   installed.
[1.388s] 
[1.388s] [0m
