[0.071s] Invoking command in '/home/kanye/Documents/visionaid/build/ur5_gripper_moveit_config': CMAKE_PREFIX_PATH=${CMAKE_PREFIX_PATH}:/opt/ros/humble /usr/bin/cmake /home/kanye/Documents/visionaid/isaac_ros_ws/src/isaac_ros_benchmark/benchmarks/isaac_ros_moveit_benchmark/robot_configs/ur5_gripper_moveit_config -DCMAKE_INSTALL_PREFIX=/home/kanye/Documents/visionaid/install/ur5_gripper_moveit_config
[1.156s] -- The C compiler identification is GNU 11.4.0
[1.156s] -- The CXX compiler identification is GNU 11.4.0
[1.156s] -- Detecting C compiler ABI info
[1.156s] -- Detecting C compiler ABI info - done
[1.156s] -- Check for working C compiler: /usr/bin/cc - skipped
[1.156s] -- Detecting C compile features
[1.156s] -- Detecting C compile features - done
[1.157s] -- Detecting CXX compiler ABI info
[1.157s] -- Detecting CXX compiler ABI info - done
[1.157s] -- Check for working CXX compiler: /usr/bin/c++ - skipped
[1.157s] -- Detecting CXX compile features
[1.157s] -- Detecting CXX compile features - done
[1.157s] -- Found ament_cmake: 1.3.11 (/opt/ros/humble/share/ament_cmake/cmake)
[1.157s] -- Found Python3: /usr/bin/python3 (found version "3.10.12") found components: Interpreter 
[1.157s] -- Configuring done
[1.157s] -- Generating done
[1.157s] -- Build files have been written to: /home/kanye/Documents/visionaid/build/ur5_gripper_moveit_config
[1.171s] Invoked command in '/home/kanye/Documents/visionaid/build/ur5_gripper_moveit_config' returned '0': CMAKE_PREFIX_PATH=${CMAKE_PREFIX_PATH}:/opt/ros/humble /usr/bin/cmake /home/kanye/Documents/visionaid/isaac_ros_ws/src/isaac_ros_benchmark/benchmarks/isaac_ros_moveit_benchmark/robot_configs/ur5_gripper_moveit_config -DCMAKE_INSTALL_PREFIX=/home/kanye/Documents/visionaid/install/ur5_gripper_moveit_config
[1.173s] Invoking command in '/home/kanye/Documents/visionaid/build/ur5_gripper_moveit_config': CMAKE_PREFIX_PATH=${CMAKE_PREFIX_PATH}:/opt/ros/humble /usr/bin/cmake --build /home/kanye/Documents/visionaid/build/ur5_gripper_moveit_config -- -j28 -l28
