-- Found ament_cmake: 1.3.11 (/opt/ros/humble/share/ament_cmake/cmake)
-- Override CMake install command with custom implementation using symlinks instead of copying resources
-- Configuring done
-- Generating done
-- Build files have been written to: /home/sophie/visionaid/isaac_ros_ws/build/isaac_ros_image_pipeline
-- Install configuration: "Release"
-- Execute custom install script
-- Up-to-date symlink: /home/sophie/visionaid/isaac_ros_ws/install/isaac_ros_image_pipeline/share/ament_index/resource_index/package_run_dependencies/isaac_ros_image_pipeline
-- Up-to-date symlink: /home/sophie/visionaid/isaac_ros_ws/install/isaac_ros_image_pipeline/share/ament_index/resource_index/parent_prefix_path/isaac_ros_image_pipeline
-- Up-to-date symlink: /home/sophie/visionaid/isaac_ros_ws/install/isaac_ros_image_pipeline/share/isaac_ros_image_pipeline/environment/ament_prefix_path.sh
-- Up-to-date symlink: /home/sophie/visionaid/isaac_ros_ws/install/isaac_ros_image_pipeline/share/isaac_ros_image_pipeline/environment/ament_prefix_path.dsv
-- Up-to-date symlink: /home/sophie/visionaid/isaac_ros_ws/install/isaac_ros_image_pipeline/share/isaac_ros_image_pipeline/environment/path.sh
-- Up-to-date symlink: /home/sophie/visionaid/isaac_ros_ws/install/isaac_ros_image_pipeline/share/isaac_ros_image_pipeline/environment/path.dsv
-- Up-to-date symlink: /home/sophie/visionaid/isaac_ros_ws/install/isaac_ros_image_pipeline/share/isaac_ros_image_pipeline/local_setup.bash
-- Up-to-date symlink: /home/sophie/visionaid/isaac_ros_ws/install/isaac_ros_image_pipeline/share/isaac_ros_image_pipeline/local_setup.sh
-- Up-to-date symlink: /home/sophie/visionaid/isaac_ros_ws/install/isaac_ros_image_pipeline/share/isaac_ros_image_pipeline/local_setup.zsh
-- Up-to-date symlink: /home/sophie/visionaid/isaac_ros_ws/install/isaac_ros_image_pipeline/share/isaac_ros_image_pipeline/local_setup.dsv
-- Symlinking: /home/sophie/visionaid/isaac_ros_ws/install/isaac_ros_image_pipeline/share/isaac_ros_image_pipeline/package.dsv
-- Up-to-date symlink: /home/sophie/visionaid/isaac_ros_ws/install/isaac_ros_image_pipeline/share/ament_index/resource_index/packages/isaac_ros_image_pipeline
-- Up-to-date symlink: /home/sophie/visionaid/isaac_ros_ws/install/isaac_ros_image_pipeline/share/isaac_ros_image_pipeline/cmake/isaac_ros_image_pipelineConfig.cmake
-- Up-to-date symlink: /home/sophie/visionaid/isaac_ros_ws/install/isaac_ros_image_pipeline/share/isaac_ros_image_pipeline/cmake/isaac_ros_image_pipelineConfig-version.cmake
-- Up-to-date symlink: /home/sophie/visionaid/isaac_ros_ws/install/isaac_ros_image_pipeline/share/isaac_ros_image_pipeline/package.xml
