[0.012s] Invoking command in '/home/sophie/visionaid/isaac_ros_ws/build/gxf_isaac_sgm': AMENT_PREFIX_PATH=/home/sophie/visionaid/isaac_ros_ws/install/gxf_isaac_messages:/home/sophie/visionaid/isaac_ros_ws/install/gxf_isaac_gems:/home/sophie/visionaid/isaac_ros_ws/install/isaac_ros_gxf:/home/sophie/visionaid/isaac_ros_ws/install/isaac_ros_common:${AMENT_PREFIX_PATH} CMAKE_PREFIX_PATH=/home/sophie/visionaid/isaac_ros_ws/install/gxf_isaac_messages:/home/sophie/visionaid/isaac_ros_ws/install/gxf_isaac_gems:/home/sophie/visionaid/isaac_ros_ws/install/isaac_ros_gxf:/home/sophie/visionaid/isaac_ros_ws/install/isaac_ros_common:/opt/ros/humble LD_LIBRARY_PATH=/home/sophie/visionaid/isaac_ros_ws/install/gxf_isaac_messages/lib:/home/sophie/visionaid/isaac_ros_ws/install/gxf_isaac_gems/lib:/home/sophie/visionaid/isaac_ros_ws/install/isaac_ros_gxf/lib:/home/sophie/visionaid/isaac_ros_ws/install/isaac_ros_common/lib:${LD_LIBRARY_PATH} PATH=/home/sophie/visionaid/isaac_ros_ws/install/isaac_ros_common/bin:${PATH} PYTHONPATH=/home/sophie/visionaid/isaac_ros_ws/install/isaac_ros_common/local/lib/python3.10/dist-packages:${PYTHONPATH} /usr/bin/cmake /home/sophie/visionaid/isaac_ros_ws/src/isaac_ros_image_pipeline/isaac_ros_gxf_extensions/gxf_isaac_sgm -DCMAKE_BUILD_TYPE=Release -DBUILD_TESTING=OFF -DCMAKE_CUDA_ARCHITECTURES=89 -DAMENT_CMAKE_SYMLINK_INSTALL=1 -DCMAKE_INSTALL_PREFIX=/home/sophie/visionaid/isaac_ros_ws/install/gxf_isaac_sgm
[0.052s] -- The C compiler identification is GNU 11.4.0
[0.095s] -- The CXX compiler identification is GNU 11.4.0
[0.099s] -- Detecting C compiler ABI info
[0.153s] -- Detecting C compiler ABI info - done
[0.160s] -- Check for working C compiler: /usr/bin/cc - skipped
[0.160s] -- Detecting C compile features
[0.160s] -- Detecting C compile features - done
[0.162s] -- Detecting CXX compiler ABI info
[0.219s] -- Detecting CXX compiler ABI info - done
[0.224s] -- Check for working CXX compiler: /usr/bin/c++ - skipped
[0.224s] -- Detecting CXX compile features
[0.224s] -- Detecting CXX compile features - done
[0.225s] -- Found ament_cmake_auto: 1.3.11 (/opt/ros/humble/share/ament_cmake_auto/cmake)
[0.322s] -- Found Python3: /usr/bin/python3 (found version "3.10.12") found components: Interpreter 
[0.364s] -- Override CMake install command with custom implementation using symlinks instead of copying resources
[0.417s] -- Loading isaac_ros_common extras
[0.417s] -- CMAKE_BUILD_TYPE: Release
[0.433s] -- Looking for pthread.h
[0.487s] -- Looking for pthread.h - found
[0.487s] -- Performing Test CMAKE_HAVE_LIBC_PTHREAD
[0.545s] -- Performing Test CMAKE_HAVE_LIBC_PTHREAD - Success
[0.546s] -- Found Threads: TRUE  
[0.551s] -- Found CUDA: /usr/local/cuda-12.8 (found version "12.8") 
[0.552s] -- CUDA architectures: 89
[0.552s] -- Loading isaac_ros_common extras (modules)
[0.573s] -- Found rosidl_generator_c: 3.1.6 (/opt/ros/humble/share/rosidl_generator_c/cmake)
[0.576s] -- Found rosidl_adapter: 3.1.6 (/opt/ros/humble/share/rosidl_adapter/cmake)
[0.580s] -- Found rosidl_generator_cpp: 3.1.6 (/opt/ros/humble/share/rosidl_generator_cpp/cmake)
[0.587s] -- Using all available rosidl_typesupport_c: rosidl_typesupport_fastrtps_c;rosidl_typesupport_introspection_c
[0.596s] -- Using all available rosidl_typesupport_cpp: rosidl_typesupport_fastrtps_cpp;rosidl_typesupport_introspection_cpp
[0.622s] -- Found rmw_implementation_cmake: 6.1.2 (/opt/ros/humble/share/rmw_implementation_cmake/cmake)
[0.623s] -- Found rmw_fastrtps_cpp: 6.2.7 (/opt/ros/humble/share/rmw_fastrtps_cpp/cmake)
[0.688s] -- Found OpenSSL: /usr/lib/x86_64-linux-gnu/libcrypto.so (found version "3.0.2")  
[0.709s] -- Found FastRTPS: /opt/ros/humble/include  
[0.735s] -- Using RMW implementation 'rmw_fastrtps_cpp' as default
[0.769s] -- Loading isaac_ros_gxf extras
[0.818s] -- Configuring done
[0.827s] -- Generating done
[0.829s] -- Build files have been written to: /home/sophie/visionaid/isaac_ros_ws/build/gxf_isaac_sgm
[0.836s] Invoked command in '/home/sophie/visionaid/isaac_ros_ws/build/gxf_isaac_sgm' returned '0': AMENT_PREFIX_PATH=/home/sophie/visionaid/isaac_ros_ws/install/gxf_isaac_messages:/home/sophie/visionaid/isaac_ros_ws/install/gxf_isaac_gems:/home/sophie/visionaid/isaac_ros_ws/install/isaac_ros_gxf:/home/sophie/visionaid/isaac_ros_ws/install/isaac_ros_common:${AMENT_PREFIX_PATH} CMAKE_PREFIX_PATH=/home/sophie/visionaid/isaac_ros_ws/install/gxf_isaac_messages:/home/sophie/visionaid/isaac_ros_ws/install/gxf_isaac_gems:/home/sophie/visionaid/isaac_ros_ws/install/isaac_ros_gxf:/home/sophie/visionaid/isaac_ros_ws/install/isaac_ros_common:/opt/ros/humble LD_LIBRARY_PATH=/home/sophie/visionaid/isaac_ros_ws/install/gxf_isaac_messages/lib:/home/sophie/visionaid/isaac_ros_ws/install/gxf_isaac_gems/lib:/home/sophie/visionaid/isaac_ros_ws/install/isaac_ros_gxf/lib:/home/sophie/visionaid/isaac_ros_ws/install/isaac_ros_common/lib:${LD_LIBRARY_PATH} PATH=/home/sophie/visionaid/isaac_ros_ws/install/isaac_ros_common/bin:${PATH} PYTHONPATH=/home/sophie/visionaid/isaac_ros_ws/install/isaac_ros_common/local/lib/python3.10/dist-packages:${PYTHONPATH} /usr/bin/cmake /home/sophie/visionaid/isaac_ros_ws/src/isaac_ros_image_pipeline/isaac_ros_gxf_extensions/gxf_isaac_sgm -DCMAKE_BUILD_TYPE=Release -DBUILD_TESTING=OFF -DCMAKE_CUDA_ARCHITECTURES=89 -DAMENT_CMAKE_SYMLINK_INSTALL=1 -DCMAKE_INSTALL_PREFIX=/home/sophie/visionaid/isaac_ros_ws/install/gxf_isaac_sgm
[0.837s] Invoking command in '/home/sophie/visionaid/isaac_ros_ws/build/gxf_isaac_sgm': AMENT_PREFIX_PATH=/home/sophie/visionaid/isaac_ros_ws/install/gxf_isaac_messages:/home/sophie/visionaid/isaac_ros_ws/install/gxf_isaac_gems:/home/sophie/visionaid/isaac_ros_ws/install/isaac_ros_gxf:/home/sophie/visionaid/isaac_ros_ws/install/isaac_ros_common:${AMENT_PREFIX_PATH} CMAKE_PREFIX_PATH=/home/sophie/visionaid/isaac_ros_ws/install/gxf_isaac_messages:/home/sophie/visionaid/isaac_ros_ws/install/gxf_isaac_gems:/home/sophie/visionaid/isaac_ros_ws/install/isaac_ros_gxf:/home/sophie/visionaid/isaac_ros_ws/install/isaac_ros_common:/opt/ros/humble LD_LIBRARY_PATH=/home/sophie/visionaid/isaac_ros_ws/install/gxf_isaac_messages/lib:/home/sophie/visionaid/isaac_ros_ws/install/gxf_isaac_gems/lib:/home/sophie/visionaid/isaac_ros_ws/install/isaac_ros_gxf/lib:/home/sophie/visionaid/isaac_ros_ws/install/isaac_ros_common/lib:${LD_LIBRARY_PATH} PATH=/home/sophie/visionaid/isaac_ros_ws/install/isaac_ros_common/bin:${PATH} PYTHONPATH=/home/sophie/visionaid/isaac_ros_ws/install/isaac_ros_common/local/lib/python3.10/dist-packages:${PYTHONPATH} /usr/bin/cmake --build /home/sophie/visionaid/isaac_ros_ws/build/gxf_isaac_sgm -- -j22 -l22
[0.877s] [ 11%] [34m[1mGenerating version information as YAML[0m
[0.877s] [ 22%] [32mBuilding CXX object CMakeFiles/gxf_isaac_sgm.dir/gxf/extensions/tensorops/components/ImageUtils.cpp.o[0m
[0.877s] [ 33%] [32mBuilding CXX object CMakeFiles/gxf_isaac_sgm.dir/gxf/gems/vpi/image_wrapper.cpp.o[0m
[0.877s] [ 44%] [32mBuilding CXX object CMakeFiles/gxf_isaac_sgm.dir/gxf/gems/vpi/constants.cpp.o[0m
[0.878s] [ 55%] [32mBuilding CXX object CMakeFiles/gxf_isaac_sgm.dir/gxf/extensions/sgm/sgm.cpp.o[0m
[0.879s] [ 66%] [32mBuilding CXX object CMakeFiles/gxf_isaac_sgm.dir/gxf/extensions/sgm/camera_message_compositor.cpp.o[0m
[0.879s] [ 88%] [32mBuilding CXX object CMakeFiles/gxf_isaac_sgm.dir/gxf/extensions/sgm/sgm_disparity.cpp.o[0m
[0.879s] [ 88%] [32mBuilding CXX object CMakeFiles/gxf_isaac_sgm.dir/gxf/extensions/sgm/disparity_compositor.cpp.o[0m
[0.946s] [ 88%] Built target generate_version_info_target_gxf_isaac_sgm
[3.807s] [100%] [32m[1mLinking CXX shared library libgxf_isaac_sgm.so[0m
[3.918s] [100%] Built target gxf_isaac_sgm
[3.928s] Invoked command in '/home/sophie/visionaid/isaac_ros_ws/build/gxf_isaac_sgm' returned '0': AMENT_PREFIX_PATH=/home/sophie/visionaid/isaac_ros_ws/install/gxf_isaac_messages:/home/sophie/visionaid/isaac_ros_ws/install/gxf_isaac_gems:/home/sophie/visionaid/isaac_ros_ws/install/isaac_ros_gxf:/home/sophie/visionaid/isaac_ros_ws/install/isaac_ros_common:${AMENT_PREFIX_PATH} CMAKE_PREFIX_PATH=/home/sophie/visionaid/isaac_ros_ws/install/gxf_isaac_messages:/home/sophie/visionaid/isaac_ros_ws/install/gxf_isaac_gems:/home/sophie/visionaid/isaac_ros_ws/install/isaac_ros_gxf:/home/sophie/visionaid/isaac_ros_ws/install/isaac_ros_common:/opt/ros/humble LD_LIBRARY_PATH=/home/sophie/visionaid/isaac_ros_ws/install/gxf_isaac_messages/lib:/home/sophie/visionaid/isaac_ros_ws/install/gxf_isaac_gems/lib:/home/sophie/visionaid/isaac_ros_ws/install/isaac_ros_gxf/lib:/home/sophie/visionaid/isaac_ros_ws/install/isaac_ros_common/lib:${LD_LIBRARY_PATH} PATH=/home/sophie/visionaid/isaac_ros_ws/install/isaac_ros_common/bin:${PATH} PYTHONPATH=/home/sophie/visionaid/isaac_ros_ws/install/isaac_ros_common/local/lib/python3.10/dist-packages:${PYTHONPATH} /usr/bin/cmake --build /home/sophie/visionaid/isaac_ros_ws/build/gxf_isaac_sgm -- -j22 -l22
[3.929s] Invoking command in '/home/sophie/visionaid/isaac_ros_ws/build/gxf_isaac_sgm': AMENT_PREFIX_PATH=/home/sophie/visionaid/isaac_ros_ws/install/gxf_isaac_messages:/home/sophie/visionaid/isaac_ros_ws/install/gxf_isaac_gems:/home/sophie/visionaid/isaac_ros_ws/install/isaac_ros_gxf:/home/sophie/visionaid/isaac_ros_ws/install/isaac_ros_common:${AMENT_PREFIX_PATH} CMAKE_PREFIX_PATH=/home/sophie/visionaid/isaac_ros_ws/install/gxf_isaac_messages:/home/sophie/visionaid/isaac_ros_ws/install/gxf_isaac_gems:/home/sophie/visionaid/isaac_ros_ws/install/isaac_ros_gxf:/home/sophie/visionaid/isaac_ros_ws/install/isaac_ros_common:/opt/ros/humble LD_LIBRARY_PATH=/home/sophie/visionaid/isaac_ros_ws/install/gxf_isaac_messages/lib:/home/sophie/visionaid/isaac_ros_ws/install/gxf_isaac_gems/lib:/home/sophie/visionaid/isaac_ros_ws/install/isaac_ros_gxf/lib:/home/sophie/visionaid/isaac_ros_ws/install/isaac_ros_common/lib:${LD_LIBRARY_PATH} PATH=/home/sophie/visionaid/isaac_ros_ws/install/isaac_ros_common/bin:${PATH} PYTHONPATH=/home/sophie/visionaid/isaac_ros_ws/install/isaac_ros_common/local/lib/python3.10/dist-packages:${PYTHONPATH} /usr/bin/cmake --install /home/sophie/visionaid/isaac_ros_ws/build/gxf_isaac_sgm
[3.936s] -- Install configuration: "Release"
[3.936s] -- Execute custom install script
[3.936s] -- Symlinking: /home/sophie/visionaid/isaac_ros_ws/install/gxf_isaac_sgm/share/gxf_isaac_sgm/gxf/lib/libgxf_isaac_sgm.so
[3.946s] -- Symlinking: /home/sophie/visionaid/isaac_ros_ws/install/gxf_isaac_sgm/share/gxf_isaac_sgm/version_info.yaml
[3.952s] -- Symlinking: /home/sophie/visionaid/isaac_ros_ws/install/gxf_isaac_sgm/share/gxf_isaac_sgm/environment/library_path.sh
[3.959s] -- Symlinking: /home/sophie/visionaid/isaac_ros_ws/install/gxf_isaac_sgm/share/gxf_isaac_sgm/environment/library_path.dsv
[3.965s] -- Symlinking: /home/sophie/visionaid/isaac_ros_ws/install/gxf_isaac_sgm/lib/libgxf_isaac_sgm.so
[3.971s] -- Symlinking: /home/sophie/visionaid/isaac_ros_ws/install/gxf_isaac_sgm/share/ament_index/resource_index/package_run_dependencies/gxf_isaac_sgm
[3.978s] -- Symlinking: /home/sophie/visionaid/isaac_ros_ws/install/gxf_isaac_sgm/share/ament_index/resource_index/parent_prefix_path/gxf_isaac_sgm
[3.984s] -- Symlinking: /home/sophie/visionaid/isaac_ros_ws/install/gxf_isaac_sgm/share/gxf_isaac_sgm/environment/ament_prefix_path.sh
[3.990s] -- Symlinking: /home/sophie/visionaid/isaac_ros_ws/install/gxf_isaac_sgm/share/gxf_isaac_sgm/environment/ament_prefix_path.dsv
[3.997s] -- Symlinking: /home/sophie/visionaid/isaac_ros_ws/install/gxf_isaac_sgm/share/gxf_isaac_sgm/environment/path.sh
[4.004s] -- Symlinking: /home/sophie/visionaid/isaac_ros_ws/install/gxf_isaac_sgm/share/gxf_isaac_sgm/environment/path.dsv
[4.012s] -- Symlinking: /home/sophie/visionaid/isaac_ros_ws/install/gxf_isaac_sgm/share/gxf_isaac_sgm/local_setup.bash
[4.018s] -- Symlinking: /home/sophie/visionaid/isaac_ros_ws/install/gxf_isaac_sgm/share/gxf_isaac_sgm/local_setup.sh
[4.026s] -- Symlinking: /home/sophie/visionaid/isaac_ros_ws/install/gxf_isaac_sgm/share/gxf_isaac_sgm/local_setup.zsh
[4.031s] -- Symlinking: /home/sophie/visionaid/isaac_ros_ws/install/gxf_isaac_sgm/share/gxf_isaac_sgm/local_setup.dsv
[4.037s] -- Symlinking: /home/sophie/visionaid/isaac_ros_ws/install/gxf_isaac_sgm/share/gxf_isaac_sgm/package.dsv
[4.044s] -- Symlinking: /home/sophie/visionaid/isaac_ros_ws/install/gxf_isaac_sgm/share/ament_index/resource_index/packages/gxf_isaac_sgm
[4.051s] -- Symlinking: /home/sophie/visionaid/isaac_ros_ws/install/gxf_isaac_sgm/share/gxf_isaac_sgm/cmake/ament_cmake_export_dependencies-extras.cmake
[4.056s] -- Symlinking: /home/sophie/visionaid/isaac_ros_ws/install/gxf_isaac_sgm/share/gxf_isaac_sgm/cmake/ament_cmake_export_libraries-extras.cmake
[4.063s] -- Symlinking: /home/sophie/visionaid/isaac_ros_ws/install/gxf_isaac_sgm/share/gxf_isaac_sgm/cmake/gxf_isaac_sgmConfig.cmake
[4.068s] -- Symlinking: /home/sophie/visionaid/isaac_ros_ws/install/gxf_isaac_sgm/share/gxf_isaac_sgm/cmake/gxf_isaac_sgmConfig-version.cmake
[4.074s] -- Symlinking: /home/sophie/visionaid/isaac_ros_ws/install/gxf_isaac_sgm/share/gxf_isaac_sgm/package.xml
[4.083s] Invoked command in '/home/sophie/visionaid/isaac_ros_ws/build/gxf_isaac_sgm' returned '0': AMENT_PREFIX_PATH=/home/sophie/visionaid/isaac_ros_ws/install/gxf_isaac_messages:/home/sophie/visionaid/isaac_ros_ws/install/gxf_isaac_gems:/home/sophie/visionaid/isaac_ros_ws/install/isaac_ros_gxf:/home/sophie/visionaid/isaac_ros_ws/install/isaac_ros_common:${AMENT_PREFIX_PATH} CMAKE_PREFIX_PATH=/home/sophie/visionaid/isaac_ros_ws/install/gxf_isaac_messages:/home/sophie/visionaid/isaac_ros_ws/install/gxf_isaac_gems:/home/sophie/visionaid/isaac_ros_ws/install/isaac_ros_gxf:/home/sophie/visionaid/isaac_ros_ws/install/isaac_ros_common:/opt/ros/humble LD_LIBRARY_PATH=/home/sophie/visionaid/isaac_ros_ws/install/gxf_isaac_messages/lib:/home/sophie/visionaid/isaac_ros_ws/install/gxf_isaac_gems/lib:/home/sophie/visionaid/isaac_ros_ws/install/isaac_ros_gxf/lib:/home/sophie/visionaid/isaac_ros_ws/install/isaac_ros_common/lib:${LD_LIBRARY_PATH} PATH=/home/sophie/visionaid/isaac_ros_ws/install/isaac_ros_common/bin:${PATH} PYTHONPATH=/home/sophie/visionaid/isaac_ros_ws/install/isaac_ros_common/local/lib/python3.10/dist-packages:${PYTHONPATH} /usr/bin/cmake --install /home/sophie/visionaid/isaac_ros_ws/build/gxf_isaac_sgm
