running egg_info
writing ../../../build/traffic_crossing_assistant/traffic_crossing_assistant.egg-info/PKG-INFO
writing dependency_links to ../../../build/traffic_crossing_assistant/traffic_crossing_assistant.egg-info/dependency_links.txt
writing entry points to ../../../build/traffic_crossing_assistant/traffic_crossing_assistant.egg-info/entry_points.txt
writing requirements to ../../../build/traffic_crossing_assistant/traffic_crossing_assistant.egg-info/requires.txt
writing top-level names to ../../../build/traffic_crossing_assistant/traffic_crossing_assistant.egg-info/top_level.txt
reading manifest file '../../../build/traffic_crossing_assistant/traffic_crossing_assistant.egg-info/SOURCES.txt'
writing manifest file '../../../build/traffic_crossing_assistant/traffic_crossing_assistant.egg-info/SOURCES.txt'
running build
running build_py
running install
running install_lib
running install_data
running install_egg_info
removing '/home/sophie/visionaid-1/install/traffic_crossing_assistant/lib/python3.10/site-packages/traffic_crossing_assistant-0.0.0-py3.10.egg-info' (and everything under it)
Copying ../../../build/traffic_crossing_assistant/traffic_crossing_assistant.egg-info to /home/sophie/visionaid-1/install/traffic_crossing_assistant/lib/python3.10/site-packages/traffic_crossing_assistant-0.0.0-py3.10.egg-info
running install_scripts
Installing audio_feedback_system script to /home/sophie/visionaid-1/install/traffic_crossing_assistant/lib/traffic_crossing_assistant
Installing crosswalk_analyzer script to /home/sophie/visionaid-1/install/traffic_crossing_assistant/lib/traffic_crossing_assistant
Installing decision_engine script to /home/sophie/visionaid-1/install/traffic_crossing_assistant/lib/traffic_crossing_assistant
Installing ego_motion_compensator script to /home/sophie/visionaid-1/install/traffic_crossing_assistant/lib/traffic_crossing_assistant
Installing enhanced_audio_system script to /home/sophie/visionaid-1/install/traffic_crossing_assistant/lib/traffic_crossing_assistant
Installing multimodal_safety_coordinator script to /home/sophie/visionaid-1/install/traffic_crossing_assistant/lib/traffic_crossing_assistant
Installing simple_3d_analyzer script to /home/sophie/visionaid-1/install/traffic_crossing_assistant/lib/traffic_crossing_assistant
Installing test_complete_system script to /home/sophie/visionaid-1/install/traffic_crossing_assistant/lib/traffic_crossing_assistant
Installing test_enhanced_3d_system script to /home/sophie/visionaid-1/install/traffic_crossing_assistant/lib/traffic_crossing_assistant
Installing test_vlm_integration script to /home/sophie/visionaid-1/install/traffic_crossing_assistant/lib/traffic_crossing_assistant
Installing traffic_light_analyzer script to /home/sophie/visionaid-1/install/traffic_crossing_assistant/lib/traffic_crossing_assistant
Installing validate_system script to /home/sophie/visionaid-1/install/traffic_crossing_assistant/lib/traffic_crossing_assistant
Installing vehicle_movement_analyzer script to /home/sophie/visionaid-1/install/traffic_crossing_assistant/lib/traffic_crossing_assistant
writing list of installed files to '/home/sophie/visionaid-1/build/traffic_crossing_assistant/install.log'
