[0.009s] Invoking command in '/home/kanye/Documents/visionaid/microros_ws/build/builtin_interfaces': CMAKE_PREFIX_PATH=${CMAKE_PREFIX_PATH}:/opt/ros/humble /usr/bin/cmake --build /home/kanye/Documents/visionaid/microros_ws/build/builtin_interfaces -- -j28 -l28
[0.044s] [35m[1mConsolidate compiler generated dependencies of target builtin_interfaces__rosidl_generator_c[0m
[0.052s] [  2%] Built target builtin_interfaces__cpp
[0.052s] [ 12%] Built target builtin_interfaces__rosidl_generator_c
[0.059s] [ 12%] Built target ament_cmake_python_copy_builtin_interfaces
[0.060s] [35m[1mConsolidate compiler generated dependencies of target builtin_interfaces__rosidl_typesupport_introspection_c[0m
[0.061s] [35m[1mConsolidate compiler generated dependencies of target builtin_interfaces__rosidl_typesupport_c[0m
[0.062s] [35m[1mConsolidate compiler generated dependencies of target builtin_interfaces__rosidl_typesupport_fastrtps_c[0m
[0.063s] [35m[1mConsolidate compiler generated dependencies of target builtin_interfaces__rosidl_typesupport_cpp[0m
[0.063s] [35m[1mConsolidate compiler generated dependencies of target builtin_interfaces__rosidl_typesupport_introspection_cpp[0m
[0.064s] [35m[1mConsolidate compiler generated dependencies of target builtin_interfaces__rosidl_typesupport_fastrtps_cpp[0m
[0.068s] [ 23%] Built target builtin_interfaces__rosidl_typesupport_introspection_c
[0.070s] [ 33%] Built target builtin_interfaces__rosidl_typesupport_c
[0.075s] [ 43%] Built target builtin_interfaces__rosidl_typesupport_fastrtps_cpp
[0.075s] [ 53%] Built target builtin_interfaces__rosidl_typesupport_fastrtps_c
[0.076s] [ 64%] Built target builtin_interfaces__rosidl_typesupport_introspection_cpp
[0.076s] [ 74%] Built target builtin_interfaces__rosidl_typesupport_cpp
[0.093s] [ 74%] Built target builtin_interfaces
[0.108s] [ 76%] Built target builtin_interfaces__py
[0.118s] [35m[1mConsolidate compiler generated dependencies of target builtin_interfaces__rosidl_generator_py[0m
[0.129s] [ 84%] Built target builtin_interfaces__rosidl_generator_py
[0.137s] [35m[1mConsolidate compiler generated dependencies of target builtin_interfaces__rosidl_typesupport_introspection_c__pyext[0m
[0.138s] [35m[1mConsolidate compiler generated dependencies of target builtin_interfaces__rosidl_typesupport_fastrtps_c__pyext[0m
[0.138s] [35m[1mConsolidate compiler generated dependencies of target builtin_interfaces__rosidl_typesupport_c__pyext[0m
[0.147s] [ 89%] Built target builtin_interfaces__rosidl_typesupport_introspection_c__pyext
[0.148s] [100%] Built target builtin_interfaces__rosidl_typesupport_fastrtps_c__pyext
[0.148s] [100%] Built target builtin_interfaces__rosidl_typesupport_c__pyext
[0.219s] running egg_info
[0.219s] writing builtin_interfaces.egg-info/PKG-INFO
[0.220s] writing dependency_links to builtin_interfaces.egg-info/dependency_links.txt
[0.220s] writing top-level names to builtin_interfaces.egg-info/top_level.txt
[0.221s] reading manifest file 'builtin_interfaces.egg-info/SOURCES.txt'
[0.221s] writing manifest file 'builtin_interfaces.egg-info/SOURCES.txt'
[0.238s] [100%] Built target ament_cmake_python_build_builtin_interfaces_egg
[0.248s] Invoked command in '/home/kanye/Documents/visionaid/microros_ws/build/builtin_interfaces' returned '0': CMAKE_PREFIX_PATH=${CMAKE_PREFIX_PATH}:/opt/ros/humble /usr/bin/cmake --build /home/kanye/Documents/visionaid/microros_ws/build/builtin_interfaces -- -j28 -l28
[0.255s] Invoking command in '/home/kanye/Documents/visionaid/microros_ws/build/builtin_interfaces': CMAKE_PREFIX_PATH=${CMAKE_PREFIX_PATH}:/opt/ros/humble /usr/bin/cmake --install /home/kanye/Documents/visionaid/microros_ws/build/builtin_interfaces
[0.262s] -- Install configuration: ""
[0.262s] -- Up-to-date: /home/kanye/Documents/visionaid/microros_ws/install/builtin_interfaces/share/ament_index/resource_index/rosidl_interfaces/builtin_interfaces
[0.262s] -- Up-to-date: /home/kanye/Documents/visionaid/microros_ws/install/builtin_interfaces/include/builtin_interfaces/builtin_interfaces
[0.262s] -- Up-to-date: /home/kanye/Documents/visionaid/microros_ws/install/builtin_interfaces/include/builtin_interfaces/builtin_interfaces/msg
[0.262s] -- Up-to-date: /home/kanye/Documents/visionaid/microros_ws/install/builtin_interfaces/include/builtin_interfaces/builtin_interfaces/msg/rosidl_generator_c__visibility_control.h
[0.262s] -- Up-to-date: /home/kanye/Documents/visionaid/microros_ws/install/builtin_interfaces/include/builtin_interfaces/builtin_interfaces/msg/detail
[0.262s] -- Up-to-date: /home/kanye/Documents/visionaid/microros_ws/install/builtin_interfaces/include/builtin_interfaces/builtin_interfaces/msg/detail/time__functions.c
[0.263s] -- Up-to-date: /home/kanye/Documents/visionaid/microros_ws/install/builtin_interfaces/include/builtin_interfaces/builtin_interfaces/msg/detail/duration__type_support.h
[0.263s] -- Up-to-date: /home/kanye/Documents/visionaid/microros_ws/install/builtin_interfaces/include/builtin_interfaces/builtin_interfaces/msg/detail/duration__struct.h
[0.263s] -- Up-to-date: /home/kanye/Documents/visionaid/microros_ws/install/builtin_interfaces/include/builtin_interfaces/builtin_interfaces/msg/detail/duration__functions.h
[0.263s] -- Up-to-date: /home/kanye/Documents/visionaid/microros_ws/install/builtin_interfaces/include/builtin_interfaces/builtin_interfaces/msg/detail/time__type_support.h
[0.263s] -- Up-to-date: /home/kanye/Documents/visionaid/microros_ws/install/builtin_interfaces/include/builtin_interfaces/builtin_interfaces/msg/detail/time__struct.h
[0.263s] -- Up-to-date: /home/kanye/Documents/visionaid/microros_ws/install/builtin_interfaces/include/builtin_interfaces/builtin_interfaces/msg/detail/time__functions.h
[0.263s] -- Up-to-date: /home/kanye/Documents/visionaid/microros_ws/install/builtin_interfaces/include/builtin_interfaces/builtin_interfaces/msg/detail/duration__functions.c
[0.263s] -- Up-to-date: /home/kanye/Documents/visionaid/microros_ws/install/builtin_interfaces/include/builtin_interfaces/builtin_interfaces/msg/duration.h
[0.263s] -- Up-to-date: /home/kanye/Documents/visionaid/microros_ws/install/builtin_interfaces/include/builtin_interfaces/builtin_interfaces/msg/time.h
[0.263s] -- Up-to-date: /home/kanye/Documents/visionaid/microros_ws/install/builtin_interfaces/share/builtin_interfaces/environment/library_path.sh
[0.263s] -- Up-to-date: /home/kanye/Documents/visionaid/microros_ws/install/builtin_interfaces/share/builtin_interfaces/environment/library_path.dsv
[0.263s] -- Up-to-date: /home/kanye/Documents/visionaid/microros_ws/install/builtin_interfaces/lib/libbuiltin_interfaces__rosidl_generator_c.so
[0.263s] -- Up-to-date: /home/kanye/Documents/visionaid/microros_ws/install/builtin_interfaces/include/builtin_interfaces/builtin_interfaces
[0.263s] -- Up-to-date: /home/kanye/Documents/visionaid/microros_ws/install/builtin_interfaces/include/builtin_interfaces/builtin_interfaces/msg
[0.264s] -- Up-to-date: /home/kanye/Documents/visionaid/microros_ws/install/builtin_interfaces/include/builtin_interfaces/builtin_interfaces/msg/rosidl_typesupport_fastrtps_c__visibility_control.h
[0.264s] -- Up-to-date: /home/kanye/Documents/visionaid/microros_ws/install/builtin_interfaces/include/builtin_interfaces/builtin_interfaces/msg/detail
[0.264s] -- Up-to-date: /home/kanye/Documents/visionaid/microros_ws/install/builtin_interfaces/include/builtin_interfaces/builtin_interfaces/msg/detail/time__rosidl_typesupport_fastrtps_c.h
[0.264s] -- Up-to-date: /home/kanye/Documents/visionaid/microros_ws/install/builtin_interfaces/include/builtin_interfaces/builtin_interfaces/msg/detail/duration__rosidl_typesupport_fastrtps_c.h
[0.264s] -- Up-to-date: /home/kanye/Documents/visionaid/microros_ws/install/builtin_interfaces/lib/libbuiltin_interfaces__rosidl_typesupport_fastrtps_c.so
[0.264s] -- Up-to-date: /home/kanye/Documents/visionaid/microros_ws/install/builtin_interfaces/include/builtin_interfaces/builtin_interfaces
[0.264s] -- Up-to-date: /home/kanye/Documents/visionaid/microros_ws/install/builtin_interfaces/include/builtin_interfaces/builtin_interfaces/msg
[0.264s] -- Up-to-date: /home/kanye/Documents/visionaid/microros_ws/install/builtin_interfaces/include/builtin_interfaces/builtin_interfaces/msg/rosidl_typesupport_introspection_c__visibility_control.h
[0.264s] -- Up-to-date: /home/kanye/Documents/visionaid/microros_ws/install/builtin_interfaces/include/builtin_interfaces/builtin_interfaces/msg/detail
[0.264s] -- Up-to-date: /home/kanye/Documents/visionaid/microros_ws/install/builtin_interfaces/include/builtin_interfaces/builtin_interfaces/msg/detail/duration__type_support.c
[0.264s] -- Up-to-date: /home/kanye/Documents/visionaid/microros_ws/install/builtin_interfaces/include/builtin_interfaces/builtin_interfaces/msg/detail/time__type_support.c
[0.264s] -- Up-to-date: /home/kanye/Documents/visionaid/microros_ws/install/builtin_interfaces/include/builtin_interfaces/builtin_interfaces/msg/detail/duration__rosidl_typesupport_introspection_c.h
[0.264s] -- Up-to-date: /home/kanye/Documents/visionaid/microros_ws/install/builtin_interfaces/include/builtin_interfaces/builtin_interfaces/msg/detail/time__rosidl_typesupport_introspection_c.h
[0.264s] -- Up-to-date: /home/kanye/Documents/visionaid/microros_ws/install/builtin_interfaces/lib/libbuiltin_interfaces__rosidl_typesupport_introspection_c.so
[0.265s] -- Up-to-date: /home/kanye/Documents/visionaid/microros_ws/install/builtin_interfaces/lib/libbuiltin_interfaces__rosidl_typesupport_c.so
[0.265s] -- Up-to-date: /home/kanye/Documents/visionaid/microros_ws/install/builtin_interfaces/include/builtin_interfaces/builtin_interfaces
[0.265s] -- Up-to-date: /home/kanye/Documents/visionaid/microros_ws/install/builtin_interfaces/include/builtin_interfaces/builtin_interfaces/msg
[0.265s] -- Up-to-date: /home/kanye/Documents/visionaid/microros_ws/install/builtin_interfaces/include/builtin_interfaces/builtin_interfaces/msg/rosidl_generator_cpp__visibility_control.hpp
[0.265s] -- Up-to-date: /home/kanye/Documents/visionaid/microros_ws/install/builtin_interfaces/include/builtin_interfaces/builtin_interfaces/msg/duration.hpp
[0.265s] -- Up-to-date: /home/kanye/Documents/visionaid/microros_ws/install/builtin_interfaces/include/builtin_interfaces/builtin_interfaces/msg/detail
[0.265s] -- Up-to-date: /home/kanye/Documents/visionaid/microros_ws/install/builtin_interfaces/include/builtin_interfaces/builtin_interfaces/msg/detail/duration__struct.hpp
[0.265s] -- Up-to-date: /home/kanye/Documents/visionaid/microros_ws/install/builtin_interfaces/include/builtin_interfaces/builtin_interfaces/msg/detail/time__struct.hpp
[0.265s] -- Up-to-date: /home/kanye/Documents/visionaid/microros_ws/install/builtin_interfaces/include/builtin_interfaces/builtin_interfaces/msg/detail/duration__type_support.hpp
[0.265s] -- Up-to-date: /home/kanye/Documents/visionaid/microros_ws/install/builtin_interfaces/include/builtin_interfaces/builtin_interfaces/msg/detail/time__builder.hpp
[0.265s] -- Up-to-date: /home/kanye/Documents/visionaid/microros_ws/install/builtin_interfaces/include/builtin_interfaces/builtin_interfaces/msg/detail/duration__builder.hpp
[0.265s] -- Up-to-date: /home/kanye/Documents/visionaid/microros_ws/install/builtin_interfaces/include/builtin_interfaces/builtin_interfaces/msg/detail/time__type_support.hpp
[0.265s] -- Up-to-date: /home/kanye/Documents/visionaid/microros_ws/install/builtin_interfaces/include/builtin_interfaces/builtin_interfaces/msg/detail/time__traits.hpp
[0.265s] -- Up-to-date: /home/kanye/Documents/visionaid/microros_ws/install/builtin_interfaces/include/builtin_interfaces/builtin_interfaces/msg/detail/duration__traits.hpp
[0.265s] -- Up-to-date: /home/kanye/Documents/visionaid/microros_ws/install/builtin_interfaces/include/builtin_interfaces/builtin_interfaces/msg/time.hpp
[0.266s] -- Up-to-date: /home/kanye/Documents/visionaid/microros_ws/install/builtin_interfaces/include/builtin_interfaces/builtin_interfaces
[0.266s] -- Up-to-date: /home/kanye/Documents/visionaid/microros_ws/install/builtin_interfaces/include/builtin_interfaces/builtin_interfaces/msg
[0.266s] -- Up-to-date: /home/kanye/Documents/visionaid/microros_ws/install/builtin_interfaces/include/builtin_interfaces/builtin_interfaces/msg/rosidl_typesupport_fastrtps_cpp__visibility_control.h
[0.266s] -- Up-to-date: /home/kanye/Documents/visionaid/microros_ws/install/builtin_interfaces/include/builtin_interfaces/builtin_interfaces/msg/detail
[0.266s] -- Up-to-date: /home/kanye/Documents/visionaid/microros_ws/install/builtin_interfaces/include/builtin_interfaces/builtin_interfaces/msg/detail/time__rosidl_typesupport_fastrtps_cpp.hpp
[0.266s] -- Up-to-date: /home/kanye/Documents/visionaid/microros_ws/install/builtin_interfaces/include/builtin_interfaces/builtin_interfaces/msg/detail/duration__rosidl_typesupport_fastrtps_cpp.hpp
[0.266s] -- Up-to-date: /home/kanye/Documents/visionaid/microros_ws/install/builtin_interfaces/include/builtin_interfaces/builtin_interfaces/msg/detail/dds_fastrtps
[0.266s] -- Up-to-date: /home/kanye/Documents/visionaid/microros_ws/install/builtin_interfaces/lib/libbuiltin_interfaces__rosidl_typesupport_fastrtps_cpp.so
[0.266s] -- Up-to-date: /home/kanye/Documents/visionaid/microros_ws/install/builtin_interfaces/include/builtin_interfaces/builtin_interfaces
[0.266s] -- Up-to-date: /home/kanye/Documents/visionaid/microros_ws/install/builtin_interfaces/include/builtin_interfaces/builtin_interfaces/msg
[0.266s] -- Up-to-date: /home/kanye/Documents/visionaid/microros_ws/install/builtin_interfaces/include/builtin_interfaces/builtin_interfaces/msg/detail
[0.266s] -- Up-to-date: /home/kanye/Documents/visionaid/microros_ws/install/builtin_interfaces/include/builtin_interfaces/builtin_interfaces/msg/detail/time__rosidl_typesupport_introspection_cpp.hpp
[0.266s] -- Up-to-date: /home/kanye/Documents/visionaid/microros_ws/install/builtin_interfaces/include/builtin_interfaces/builtin_interfaces/msg/detail/duration__rosidl_typesupport_introspection_cpp.hpp
[0.266s] -- Up-to-date: /home/kanye/Documents/visionaid/microros_ws/install/builtin_interfaces/include/builtin_interfaces/builtin_interfaces/msg/detail/time__type_support.cpp
[0.266s] -- Up-to-date: /home/kanye/Documents/visionaid/microros_ws/install/builtin_interfaces/include/builtin_interfaces/builtin_interfaces/msg/detail/duration__type_support.cpp
[0.267s] -- Up-to-date: /home/kanye/Documents/visionaid/microros_ws/install/builtin_interfaces/lib/libbuiltin_interfaces__rosidl_typesupport_introspection_cpp.so
[0.267s] -- Up-to-date: /home/kanye/Documents/visionaid/microros_ws/install/builtin_interfaces/lib/libbuiltin_interfaces__rosidl_typesupport_cpp.so
[0.267s] -- Up-to-date: /home/kanye/Documents/visionaid/microros_ws/install/builtin_interfaces/share/builtin_interfaces/environment/pythonpath.sh
[0.267s] -- Up-to-date: /home/kanye/Documents/visionaid/microros_ws/install/builtin_interfaces/share/builtin_interfaces/environment/pythonpath.dsv
[0.267s] -- Up-to-date: /home/kanye/Documents/visionaid/microros_ws/install/builtin_interfaces/local/lib/python3.10/dist-packages/builtin_interfaces-1.2.1-py3.10.egg-info
[0.267s] -- Installing: /home/kanye/Documents/visionaid/microros_ws/install/builtin_interfaces/local/lib/python3.10/dist-packages/builtin_interfaces-1.2.1-py3.10.egg-info/PKG-INFO
[0.267s] -- Installing: /home/kanye/Documents/visionaid/microros_ws/install/builtin_interfaces/local/lib/python3.10/dist-packages/builtin_interfaces-1.2.1-py3.10.egg-info/top_level.txt
[0.267s] -- Installing: /home/kanye/Documents/visionaid/microros_ws/install/builtin_interfaces/local/lib/python3.10/dist-packages/builtin_interfaces-1.2.1-py3.10.egg-info/dependency_links.txt
[0.267s] -- Installing: /home/kanye/Documents/visionaid/microros_ws/install/builtin_interfaces/local/lib/python3.10/dist-packages/builtin_interfaces-1.2.1-py3.10.egg-info/SOURCES.txt
[0.267s] -- Up-to-date: /home/kanye/Documents/visionaid/microros_ws/install/builtin_interfaces/local/lib/python3.10/dist-packages/builtin_interfaces
[0.267s] -- Up-to-date: /home/kanye/Documents/visionaid/microros_ws/install/builtin_interfaces/local/lib/python3.10/dist-packages/builtin_interfaces/_builtin_interfaces_s.ep.rosidl_typesupport_c.c
[0.267s] -- Up-to-date: /home/kanye/Documents/visionaid/microros_ws/install/builtin_interfaces/local/lib/python3.10/dist-packages/builtin_interfaces/_builtin_interfaces_s.ep.rosidl_typesupport_fastrtps_c.c
[0.267s] -- Up-to-date: /home/kanye/Documents/visionaid/microros_ws/install/builtin_interfaces/local/lib/python3.10/dist-packages/builtin_interfaces/_builtin_interfaces_s.ep.rosidl_typesupport_introspection_c.c
[0.267s] -- Up-to-date: /home/kanye/Documents/visionaid/microros_ws/install/builtin_interfaces/local/lib/python3.10/dist-packages/builtin_interfaces/libbuiltin_interfaces__rosidl_generator_py.so
[0.267s] -- Up-to-date: /home/kanye/Documents/visionaid/microros_ws/install/builtin_interfaces/local/lib/python3.10/dist-packages/builtin_interfaces/__init__.py
[0.267s] -- Up-to-date: /home/kanye/Documents/visionaid/microros_ws/install/builtin_interfaces/local/lib/python3.10/dist-packages/builtin_interfaces/builtin_interfaces_s__rosidl_typesupport_introspection_c.cpython-310-x86_64-linux-gnu.so
[0.268s] -- Up-to-date: /home/kanye/Documents/visionaid/microros_ws/install/builtin_interfaces/local/lib/python3.10/dist-packages/builtin_interfaces/msg
[0.268s] -- Up-to-date: /home/kanye/Documents/visionaid/microros_ws/install/builtin_interfaces/local/lib/python3.10/dist-packages/builtin_interfaces/msg/_time.py
[0.268s] -- Up-to-date: /home/kanye/Documents/visionaid/microros_ws/install/builtin_interfaces/local/lib/python3.10/dist-packages/builtin_interfaces/msg/__init__.py
[0.268s] -- Up-to-date: /home/kanye/Documents/visionaid/microros_ws/install/builtin_interfaces/local/lib/python3.10/dist-packages/builtin_interfaces/msg/_duration_s.c
[0.268s] -- Up-to-date: /home/kanye/Documents/visionaid/microros_ws/install/builtin_interfaces/local/lib/python3.10/dist-packages/builtin_interfaces/msg/_duration.py
[0.268s] -- Up-to-date: /home/kanye/Documents/visionaid/microros_ws/install/builtin_interfaces/local/lib/python3.10/dist-packages/builtin_interfaces/msg/_time_s.c
[0.268s] -- Up-to-date: /home/kanye/Documents/visionaid/microros_ws/install/builtin_interfaces/local/lib/python3.10/dist-packages/builtin_interfaces/builtin_interfaces_s__rosidl_typesupport_fastrtps_c.cpython-310-x86_64-linux-gnu.so
[0.268s] -- Up-to-date: /home/kanye/Documents/visionaid/microros_ws/install/builtin_interfaces/local/lib/python3.10/dist-packages/builtin_interfaces/builtin_interfaces_s__rosidl_typesupport_c.cpython-310-x86_64-linux-gnu.so
[0.287s] Listing '/home/kanye/Documents/visionaid/microros_ws/install/builtin_interfaces/local/lib/python3.10/dist-packages/builtin_interfaces'...
[0.287s] Listing '/home/kanye/Documents/visionaid/microros_ws/install/builtin_interfaces/local/lib/python3.10/dist-packages/builtin_interfaces/msg'...
[0.290s] -- Up-to-date: /home/kanye/Documents/visionaid/microros_ws/install/builtin_interfaces/local/lib/python3.10/dist-packages/builtin_interfaces/builtin_interfaces_s__rosidl_typesupport_fastrtps_c.cpython-310-x86_64-linux-gnu.so
[0.290s] -- Up-to-date: /home/kanye/Documents/visionaid/microros_ws/install/builtin_interfaces/local/lib/python3.10/dist-packages/builtin_interfaces/builtin_interfaces_s__rosidl_typesupport_introspection_c.cpython-310-x86_64-linux-gnu.so
[0.290s] -- Up-to-date: /home/kanye/Documents/visionaid/microros_ws/install/builtin_interfaces/local/lib/python3.10/dist-packages/builtin_interfaces/builtin_interfaces_s__rosidl_typesupport_c.cpython-310-x86_64-linux-gnu.so
[0.290s] -- Up-to-date: /home/kanye/Documents/visionaid/microros_ws/install/builtin_interfaces/lib/libbuiltin_interfaces__rosidl_generator_py.so
[0.290s] -- Up-to-date: /home/kanye/Documents/visionaid/microros_ws/install/builtin_interfaces/share/builtin_interfaces/msg/Duration.idl
[0.290s] -- Up-to-date: /home/kanye/Documents/visionaid/microros_ws/install/builtin_interfaces/share/builtin_interfaces/msg/Time.idl
[0.290s] -- Up-to-date: /home/kanye/Documents/visionaid/microros_ws/install/builtin_interfaces/share/builtin_interfaces/msg/Duration.msg
[0.290s] -- Up-to-date: /home/kanye/Documents/visionaid/microros_ws/install/builtin_interfaces/share/builtin_interfaces/msg/Time.msg
[0.290s] -- Up-to-date: /home/kanye/Documents/visionaid/microros_ws/install/builtin_interfaces/share/ament_index/resource_index/package_run_dependencies/builtin_interfaces
[0.290s] -- Up-to-date: /home/kanye/Documents/visionaid/microros_ws/install/builtin_interfaces/share/ament_index/resource_index/parent_prefix_path/builtin_interfaces
[0.290s] -- Up-to-date: /home/kanye/Documents/visionaid/microros_ws/install/builtin_interfaces/share/builtin_interfaces/environment/ament_prefix_path.sh
[0.290s] -- Up-to-date: /home/kanye/Documents/visionaid/microros_ws/install/builtin_interfaces/share/builtin_interfaces/environment/ament_prefix_path.dsv
[0.290s] -- Up-to-date: /home/kanye/Documents/visionaid/microros_ws/install/builtin_interfaces/share/builtin_interfaces/environment/path.sh
[0.290s] -- Up-to-date: /home/kanye/Documents/visionaid/microros_ws/install/builtin_interfaces/share/builtin_interfaces/environment/path.dsv
[0.290s] -- Up-to-date: /home/kanye/Documents/visionaid/microros_ws/install/builtin_interfaces/share/builtin_interfaces/local_setup.bash
[0.290s] -- Up-to-date: /home/kanye/Documents/visionaid/microros_ws/install/builtin_interfaces/share/builtin_interfaces/local_setup.sh
[0.290s] -- Up-to-date: /home/kanye/Documents/visionaid/microros_ws/install/builtin_interfaces/share/builtin_interfaces/local_setup.zsh
[0.290s] -- Up-to-date: /home/kanye/Documents/visionaid/microros_ws/install/builtin_interfaces/share/builtin_interfaces/local_setup.dsv
[0.290s] -- Installing: /home/kanye/Documents/visionaid/microros_ws/install/builtin_interfaces/share/builtin_interfaces/package.dsv
[0.290s] -- Up-to-date: /home/kanye/Documents/visionaid/microros_ws/install/builtin_interfaces/share/ament_index/resource_index/packages/builtin_interfaces
[0.290s] -- Up-to-date: /home/kanye/Documents/visionaid/microros_ws/install/builtin_interfaces/share/builtin_interfaces/cmake/export_builtin_interfaces__rosidl_generator_cExport.cmake
[0.291s] -- Up-to-date: /home/kanye/Documents/visionaid/microros_ws/install/builtin_interfaces/share/builtin_interfaces/cmake/export_builtin_interfaces__rosidl_generator_cExport-noconfig.cmake
[0.291s] -- Up-to-date: /home/kanye/Documents/visionaid/microros_ws/install/builtin_interfaces/share/builtin_interfaces/cmake/export_builtin_interfaces__rosidl_typesupport_fastrtps_cExport.cmake
[0.291s] -- Up-to-date: /home/kanye/Documents/visionaid/microros_ws/install/builtin_interfaces/share/builtin_interfaces/cmake/export_builtin_interfaces__rosidl_typesupport_fastrtps_cExport-noconfig.cmake
[0.291s] -- Up-to-date: /home/kanye/Documents/visionaid/microros_ws/install/builtin_interfaces/share/builtin_interfaces/cmake/builtin_interfaces__rosidl_typesupport_introspection_cExport.cmake
[0.291s] -- Up-to-date: /home/kanye/Documents/visionaid/microros_ws/install/builtin_interfaces/share/builtin_interfaces/cmake/builtin_interfaces__rosidl_typesupport_introspection_cExport-noconfig.cmake
[0.291s] -- Up-to-date: /home/kanye/Documents/visionaid/microros_ws/install/builtin_interfaces/share/builtin_interfaces/cmake/builtin_interfaces__rosidl_typesupport_cExport.cmake
[0.291s] -- Up-to-date: /home/kanye/Documents/visionaid/microros_ws/install/builtin_interfaces/share/builtin_interfaces/cmake/builtin_interfaces__rosidl_typesupport_cExport-noconfig.cmake
[0.291s] -- Up-to-date: /home/kanye/Documents/visionaid/microros_ws/install/builtin_interfaces/share/builtin_interfaces/cmake/export_builtin_interfaces__rosidl_generator_cppExport.cmake
[0.291s] -- Up-to-date: /home/kanye/Documents/visionaid/microros_ws/install/builtin_interfaces/share/builtin_interfaces/cmake/export_builtin_interfaces__rosidl_typesupport_fastrtps_cppExport.cmake
[0.291s] -- Up-to-date: /home/kanye/Documents/visionaid/microros_ws/install/builtin_interfaces/share/builtin_interfaces/cmake/export_builtin_interfaces__rosidl_typesupport_fastrtps_cppExport-noconfig.cmake
[0.291s] -- Up-to-date: /home/kanye/Documents/visionaid/microros_ws/install/builtin_interfaces/share/builtin_interfaces/cmake/builtin_interfaces__rosidl_typesupport_introspection_cppExport.cmake
[0.291s] -- Up-to-date: /home/kanye/Documents/visionaid/microros_ws/install/builtin_interfaces/share/builtin_interfaces/cmake/builtin_interfaces__rosidl_typesupport_introspection_cppExport-noconfig.cmake
[0.291s] -- Up-to-date: /home/kanye/Documents/visionaid/microros_ws/install/builtin_interfaces/share/builtin_interfaces/cmake/builtin_interfaces__rosidl_typesupport_cppExport.cmake
[0.291s] -- Up-to-date: /home/kanye/Documents/visionaid/microros_ws/install/builtin_interfaces/share/builtin_interfaces/cmake/builtin_interfaces__rosidl_typesupport_cppExport-noconfig.cmake
[0.291s] -- Up-to-date: /home/kanye/Documents/visionaid/microros_ws/install/builtin_interfaces/share/builtin_interfaces/cmake/export_builtin_interfaces__rosidl_generator_pyExport.cmake
[0.291s] -- Up-to-date: /home/kanye/Documents/visionaid/microros_ws/install/builtin_interfaces/share/builtin_interfaces/cmake/export_builtin_interfaces__rosidl_generator_pyExport-noconfig.cmake
[0.291s] -- Up-to-date: /home/kanye/Documents/visionaid/microros_ws/install/builtin_interfaces/share/builtin_interfaces/cmake/rosidl_cmake-extras.cmake
[0.291s] -- Up-to-date: /home/kanye/Documents/visionaid/microros_ws/install/builtin_interfaces/share/builtin_interfaces/cmake/ament_cmake_export_include_directories-extras.cmake
[0.291s] -- Up-to-date: /home/kanye/Documents/visionaid/microros_ws/install/builtin_interfaces/share/builtin_interfaces/cmake/ament_cmake_export_libraries-extras.cmake
[0.291s] -- Up-to-date: /home/kanye/Documents/visionaid/microros_ws/install/builtin_interfaces/share/builtin_interfaces/cmake/ament_cmake_export_targets-extras.cmake
[0.291s] -- Up-to-date: /home/kanye/Documents/visionaid/microros_ws/install/builtin_interfaces/share/builtin_interfaces/cmake/rosidl_cmake_export_typesupport_targets-extras.cmake
[0.291s] -- Up-to-date: /home/kanye/Documents/visionaid/microros_ws/install/builtin_interfaces/share/builtin_interfaces/cmake/ament_cmake_export_dependencies-extras.cmake
[0.291s] -- Up-to-date: /home/kanye/Documents/visionaid/microros_ws/install/builtin_interfaces/share/builtin_interfaces/cmake/rosidl_cmake_export_typesupport_libraries-extras.cmake
[0.291s] -- Up-to-date: /home/kanye/Documents/visionaid/microros_ws/install/builtin_interfaces/share/builtin_interfaces/cmake/builtin_interfacesConfig.cmake
[0.291s] -- Up-to-date: /home/kanye/Documents/visionaid/microros_ws/install/builtin_interfaces/share/builtin_interfaces/cmake/builtin_interfacesConfig-version.cmake
[0.291s] -- Up-to-date: /home/kanye/Documents/visionaid/microros_ws/install/builtin_interfaces/share/builtin_interfaces/package.xml
[0.292s] Invoked command in '/home/kanye/Documents/visionaid/microros_ws/build/builtin_interfaces' returned '0': CMAKE_PREFIX_PATH=${CMAKE_PREFIX_PATH}:/opt/ros/humble /usr/bin/cmake --install /home/kanye/Documents/visionaid/microros_ws/build/builtin_interfaces
