[0.430s] Invoking command in '/home/sophie/visionaid/isaac_ros_ws/src/vlm_scene_understanding': PYTHONPATH=/home/sophie/visionaid/isaac_ros_ws/build/vlm_scene_understanding/prefix_override:/usr/lib/python3/dist-packages/colcon_core/task/python/colcon_distutils_commands:/home/sophie/visionaid/isaac_ros_ws/install/vlm_scene_understanding/lib/python3.10/site-packages:${PYTHONPATH} /usr/bin/python3 -W ignore:setup.py install is deprecated -W ignore:easy_install command is deprecated setup.py egg_info --egg-base ../../build/vlm_scene_understanding build --build-base /home/sophie/visionaid/isaac_ros_ws/build/vlm_scene_understanding/build install --record /home/sophie/visionaid/isaac_ros_ws/build/vlm_scene_understanding/install.log --single-version-externally-managed install_data
[0.595s] running egg_info
[0.595s] writing ../../build/vlm_scene_understanding/vlm_scene_understanding.egg-info/PKG-INFO
[0.595s] writing dependency_links to ../../build/vlm_scene_understanding/vlm_scene_understanding.egg-info/dependency_links.txt
[0.596s] writing entry points to ../../build/vlm_scene_understanding/vlm_scene_understanding.egg-info/entry_points.txt
[0.596s] writing requirements to ../../build/vlm_scene_understanding/vlm_scene_understanding.egg-info/requires.txt
[0.596s] writing top-level names to ../../build/vlm_scene_understanding/vlm_scene_understanding.egg-info/top_level.txt
[0.597s] reading manifest file '../../build/vlm_scene_understanding/vlm_scene_understanding.egg-info/SOURCES.txt'
[0.597s] writing manifest file '../../build/vlm_scene_understanding/vlm_scene_understanding.egg-info/SOURCES.txt'
[0.597s] running build
[0.597s] running build_py
[0.597s] running install
[0.597s] running install_lib
[0.598s] running install_data
[0.598s] running install_egg_info
[0.599s] removing '/home/sophie/visionaid/isaac_ros_ws/install/vlm_scene_understanding/lib/python3.10/site-packages/vlm_scene_understanding-0.0.0-py3.10.egg-info' (and everything under it)
[0.599s] Copying ../../build/vlm_scene_understanding/vlm_scene_understanding.egg-info to /home/sophie/visionaid/isaac_ros_ws/install/vlm_scene_understanding/lib/python3.10/site-packages/vlm_scene_understanding-0.0.0-py3.10.egg-info
[0.600s] running install_scripts
[0.613s] Installing blip2_node script to /home/sophie/visionaid/isaac_ros_ws/install/vlm_scene_understanding/lib/vlm_scene_understanding
[0.613s] writing list of installed files to '/home/sophie/visionaid/isaac_ros_ws/build/vlm_scene_understanding/install.log'
[0.628s] Invoked command in '/home/sophie/visionaid/isaac_ros_ws/src/vlm_scene_understanding' returned '0': PYTHONPATH=/home/sophie/visionaid/isaac_ros_ws/build/vlm_scene_understanding/prefix_override:/usr/lib/python3/dist-packages/colcon_core/task/python/colcon_distutils_commands:/home/sophie/visionaid/isaac_ros_ws/install/vlm_scene_understanding/lib/python3.10/site-packages:${PYTHONPATH} /usr/bin/python3 -W ignore:setup.py install is deprecated -W ignore:easy_install command is deprecated setup.py egg_info --egg-base ../../build/vlm_scene_understanding build --build-base /home/sophie/visionaid/isaac_ros_ws/build/vlm_scene_understanding/build install --record /home/sophie/visionaid/isaac_ros_ws/build/vlm_scene_understanding/install.log --single-version-externally-managed install_data
