-- The C compiler identification is GNU 11.4.0
-- The CXX compiler identification is GNU 11.4.0
-- Detecting C compiler ABI info
-- Detecting C compiler ABI info - done
-- Check for working C compiler: /usr/bin/cc - skipped
-- Detecting C compile features
-- Detecting C compile features - done
-- Detecting CXX compiler ABI info
-- Detecting CXX compiler ABI info - done
-- Check for working CXX compiler: /usr/bin/c++ - skipped
-- Detecting CXX compile features
-- Detecting CXX compile features - done
-- Found ament_cmake_auto: 1.3.11 (/opt/ros/humble/share/ament_cmake_auto/cmake)
-- Found Python3: /usr/bin/python3 (found version "3.10.12") found components: Interpreter 
-- Override CMake install command with custom implementation using symlinks instead of copying resources
-- Found rosidl_generator_c: 3.1.6 (/opt/ros/humble/share/rosidl_generator_c/cmake)
-- Found rosidl_adapter: 3.1.6 (/opt/ros/humble/share/rosidl_adapter/cmake)
-- Found rosidl_generator_cpp: 3.1.6 (/opt/ros/humble/share/rosidl_generator_cpp/cmake)
-- Using all available rosidl_typesupport_c: rosidl_typesupport_fastrtps_c;rosidl_typesupport_introspection_c
-- Using all available rosidl_typesupport_cpp: rosidl_typesupport_fastrtps_cpp;rosidl_typesupport_introspection_cpp
-- Found rmw_implementation_cmake: 6.1.2 (/opt/ros/humble/share/rmw_implementation_cmake/cmake)
-- Found rmw_fastrtps_cpp: 6.2.7 (/opt/ros/humble/share/rmw_fastrtps_cpp/cmake)
-- Found OpenSSL: /usr/lib/x86_64-linux-gnu/libcrypto.so (found version "3.0.2")  
-- Found FastRTPS: /opt/ros/humble/include  
-- Using RMW implementation 'rmw_fastrtps_cpp' as default
-- Looking for pthread.h
-- Looking for pthread.h - found
-- Performing Test CMAKE_HAVE_LIBC_PTHREAD
-- Performing Test CMAKE_HAVE_LIBC_PTHREAD - Success
-- Found Threads: TRUE  
-- Configuring done
-- Generating done
-- Build files have been written to: /home/sophie/visionaid/isaac_ros_ws/build/isaac_ros_ur5_cumotion_benchmark
Built target ament_cmake_python_symlink_isaac_ros_ur5_cumotion_benchmark
running egg_info
creating isaac_ros_ur5_cumotion_benchmark.egg-info
writing isaac_ros_ur5_cumotion_benchmark.egg-info/PKG-INFO
writing dependency_links to isaac_ros_ur5_cumotion_benchmark.egg-info/dependency_links.txt
writing top-level names to isaac_ros_ur5_cumotion_benchmark.egg-info/top_level.txt
writing manifest file 'isaac_ros_ur5_cumotion_benchmark.egg-info/SOURCES.txt'
reading manifest file 'isaac_ros_ur5_cumotion_benchmark.egg-info/SOURCES.txt'
writing manifest file 'isaac_ros_ur5_cumotion_benchmark.egg-info/SOURCES.txt'
Built target ament_cmake_python_build_isaac_ros_ur5_cumotion_benchmark_egg
-- Install configuration: "Release"
-- Execute custom install script
-- Symlinking: /home/sophie/visionaid/isaac_ros_ws/install/isaac_ros_ur5_cumotion_benchmark/share/isaac_ros_ur5_cumotion_benchmark/environment/pythonpath.sh
-- Symlinking: /home/sophie/visionaid/isaac_ros_ws/install/isaac_ros_ur5_cumotion_benchmark/share/isaac_ros_ur5_cumotion_benchmark/environment/pythonpath.dsv
-- Symlinking: /home/sophie/visionaid/isaac_ros_ws/install/isaac_ros_ur5_cumotion_benchmark/local/lib/python3.10/dist-packages/isaac_ros_ur5_cumotion_benchmark-3.2.6-py3.10.egg-info/PKG-INFO
-- Symlinking: /home/sophie/visionaid/isaac_ros_ws/install/isaac_ros_ur5_cumotion_benchmark/local/lib/python3.10/dist-packages/isaac_ros_ur5_cumotion_benchmark-3.2.6-py3.10.egg-info/SOURCES.txt
-- Symlinking: /home/sophie/visionaid/isaac_ros_ws/install/isaac_ros_ur5_cumotion_benchmark/local/lib/python3.10/dist-packages/isaac_ros_ur5_cumotion_benchmark-3.2.6-py3.10.egg-info/dependency_links.txt
-- Symlinking: /home/sophie/visionaid/isaac_ros_ws/install/isaac_ros_ur5_cumotion_benchmark/local/lib/python3.10/dist-packages/isaac_ros_ur5_cumotion_benchmark-3.2.6-py3.10.egg-info/top_level.txt
-- Symlinking: /home/sophie/visionaid/isaac_ros_ws/install/isaac_ros_ur5_cumotion_benchmark/local/lib/python3.10/dist-packages/isaac_ros_ur5_cumotion_benchmark/__init__.py
-- Symlinking: /home/sophie/visionaid/isaac_ros_ws/install/isaac_ros_ur5_cumotion_benchmark/share/isaac_ros_ur5_cumotion_benchmark/ur5_cumotion_benchmark_scripts/ur5_cumotion_mbm.py
-- Symlinking: /home/sophie/visionaid/isaac_ros_ws/install/isaac_ros_ur5_cumotion_benchmark/share/ament_index/resource_index/package_run_dependencies/isaac_ros_ur5_cumotion_benchmark
-- Symlinking: /home/sophie/visionaid/isaac_ros_ws/install/isaac_ros_ur5_cumotion_benchmark/share/ament_index/resource_index/parent_prefix_path/isaac_ros_ur5_cumotion_benchmark
-- Symlinking: /home/sophie/visionaid/isaac_ros_ws/install/isaac_ros_ur5_cumotion_benchmark/share/isaac_ros_ur5_cumotion_benchmark/environment/ament_prefix_path.sh
-- Symlinking: /home/sophie/visionaid/isaac_ros_ws/install/isaac_ros_ur5_cumotion_benchmark/share/isaac_ros_ur5_cumotion_benchmark/environment/ament_prefix_path.dsv
-- Symlinking: /home/sophie/visionaid/isaac_ros_ws/install/isaac_ros_ur5_cumotion_benchmark/share/isaac_ros_ur5_cumotion_benchmark/environment/path.sh
-- Symlinking: /home/sophie/visionaid/isaac_ros_ws/install/isaac_ros_ur5_cumotion_benchmark/share/isaac_ros_ur5_cumotion_benchmark/environment/path.dsv
-- Symlinking: /home/sophie/visionaid/isaac_ros_ws/install/isaac_ros_ur5_cumotion_benchmark/share/isaac_ros_ur5_cumotion_benchmark/local_setup.bash
-- Symlinking: /home/sophie/visionaid/isaac_ros_ws/install/isaac_ros_ur5_cumotion_benchmark/share/isaac_ros_ur5_cumotion_benchmark/local_setup.sh
-- Symlinking: /home/sophie/visionaid/isaac_ros_ws/install/isaac_ros_ur5_cumotion_benchmark/share/isaac_ros_ur5_cumotion_benchmark/local_setup.zsh
-- Symlinking: /home/sophie/visionaid/isaac_ros_ws/install/isaac_ros_ur5_cumotion_benchmark/share/isaac_ros_ur5_cumotion_benchmark/local_setup.dsv
-- Symlinking: /home/sophie/visionaid/isaac_ros_ws/install/isaac_ros_ur5_cumotion_benchmark/share/isaac_ros_ur5_cumotion_benchmark/package.dsv
-- Symlinking: /home/sophie/visionaid/isaac_ros_ws/install/isaac_ros_ur5_cumotion_benchmark/share/ament_index/resource_index/packages/isaac_ros_ur5_cumotion_benchmark
-- Symlinking: /home/sophie/visionaid/isaac_ros_ws/install/isaac_ros_ur5_cumotion_benchmark/share/isaac_ros_ur5_cumotion_benchmark/cmake/ament_cmake_export_dependencies-extras.cmake
-- Symlinking: /home/sophie/visionaid/isaac_ros_ws/install/isaac_ros_ur5_cumotion_benchmark/share/isaac_ros_ur5_cumotion_benchmark/cmake/isaac_ros_ur5_cumotion_benchmarkConfig.cmake
-- Symlinking: /home/sophie/visionaid/isaac_ros_ws/install/isaac_ros_ur5_cumotion_benchmark/share/isaac_ros_ur5_cumotion_benchmark/cmake/isaac_ros_ur5_cumotion_benchmarkConfig-version.cmake
-- Symlinking: /home/sophie/visionaid/isaac_ros_ws/install/isaac_ros_ur5_cumotion_benchmark/share/isaac_ros_ur5_cumotion_benchmark/package.xml
Listing '/home/sophie/visionaid/isaac_ros_ws/install/isaac_ros_ur5_cumotion_benchmark/local/lib/python3.10/dist-packages/isaac_ros_ur5_cumotion_benchmark'...
Compiling '/home/sophie/visionaid/isaac_ros_ws/install/isaac_ros_ur5_cumotion_benchmark/local/lib/python3.10/dist-packages/isaac_ros_ur5_cumotion_benchmark/__init__.py'...
