[0.009s] Invoking command in '/home/sophie/visionaid/isaac_ros_ws/build/gxf_isaac_hesai': AMENT_PREFIX_PATH=/home/sophie/visionaid/isaac_ros_ws/install/isaac_ros_gxf:/home/sophie/visionaid/isaac_ros_ws/install/isaac_ros_common:${AMENT_PREFIX_PATH} CMAKE_PREFIX_PATH=/home/sophie/visionaid/isaac_ros_ws/install/isaac_ros_gxf:/home/sophie/visionaid/isaac_ros_ws/install/isaac_ros_common:/opt/ros/humble LD_LIBRARY_PATH=/home/sophie/visionaid/isaac_ros_ws/install/isaac_ros_gxf/lib:/home/sophie/visionaid/isaac_ros_ws/install/isaac_ros_common/lib:${LD_LIBRARY_PATH} PATH=/home/sophie/visionaid/isaac_ros_ws/install/isaac_ros_common/bin:${PATH} PYTHONPATH=/home/sophie/visionaid/isaac_ros_ws/install/isaac_ros_common/local/lib/python3.10/dist-packages:${PYTHONPATH} /usr/bin/cmake /home/sophie/visionaid/isaac_ros_ws/src/isaac_ros_nitros/isaac_ros_gxf_extensions/gxf_isaac_hesai -DCMAKE_BUILD_TYPE=Release -DBUILD_TESTING=OFF -DCMAKE_CUDA_ARCHITECTURES=89 -DAMENT_CMAKE_SYMLINK_INSTALL=1 -DCMAKE_INSTALL_PREFIX=/home/sophie/visionaid/isaac_ros_ws/install/gxf_isaac_hesai
[0.050s] -- The C compiler identification is GNU 11.4.0
[0.087s] -- The CXX compiler identification is GNU 11.4.0
[0.091s] -- Detecting C compiler ABI info
[0.145s] -- Detecting C compiler ABI info - done
[0.152s] -- Check for working C compiler: /usr/bin/cc - skipped
[0.152s] -- Detecting C compile features
[0.152s] -- Detecting C compile features - done
[0.154s] -- Detecting CXX compiler ABI info
[0.216s] -- Detecting CXX compiler ABI info - done
[0.223s] -- Check for working CXX compiler: /usr/bin/c++ - skipped
[0.223s] -- Detecting CXX compile features
[0.224s] -- Detecting CXX compile features - done
[0.225s] -- Found ament_cmake_auto: 1.3.11 (/opt/ros/humble/share/ament_cmake_auto/cmake)
[0.315s] -- Found Python3: /usr/bin/python3 (found version "3.10.12") found components: Interpreter 
[0.349s] -- Override CMake install command with custom implementation using symlinks instead of copying resources
[0.393s] -- Loading isaac_ros_common extras
[0.393s] -- CMAKE_BUILD_TYPE: Release
[0.409s] -- Looking for pthread.h
[0.467s] -- Looking for pthread.h - found
[0.467s] -- Performing Test CMAKE_HAVE_LIBC_PTHREAD
[0.524s] -- Performing Test CMAKE_HAVE_LIBC_PTHREAD - Success
[0.526s] -- Found Threads: TRUE  
[0.532s] -- Found CUDA: /usr/local/cuda-12.8 (found version "12.8") 
[0.532s] -- CUDA architectures: 89
[0.532s] -- Loading isaac_ros_common extras (modules)
[0.549s] -- Found rosidl_generator_c: 3.1.6 (/opt/ros/humble/share/rosidl_generator_c/cmake)
[0.551s] -- Found rosidl_adapter: 3.1.6 (/opt/ros/humble/share/rosidl_adapter/cmake)
[0.555s] -- Found rosidl_generator_cpp: 3.1.6 (/opt/ros/humble/share/rosidl_generator_cpp/cmake)
[0.561s] -- Using all available rosidl_typesupport_c: rosidl_typesupport_fastrtps_c;rosidl_typesupport_introspection_c
[0.569s] -- Using all available rosidl_typesupport_cpp: rosidl_typesupport_fastrtps_cpp;rosidl_typesupport_introspection_cpp
[0.591s] -- Found rmw_implementation_cmake: 6.1.2 (/opt/ros/humble/share/rmw_implementation_cmake/cmake)
[0.592s] -- Found rmw_fastrtps_cpp: 6.2.7 (/opt/ros/humble/share/rmw_fastrtps_cpp/cmake)
[0.658s] -- Found OpenSSL: /usr/lib/x86_64-linux-gnu/libcrypto.so (found version "3.0.2")  
[0.674s] -- Found FastRTPS: /opt/ros/humble/include  
[0.697s] -- Using RMW implementation 'rmw_fastrtps_cpp' as default
[0.730s] -- Loading isaac_ros_gxf extras
[0.772s] -- Configuring done
[0.774s] -- Generating done
[0.775s] -- Build files have been written to: /home/sophie/visionaid/isaac_ros_ws/build/gxf_isaac_hesai
[0.782s] Invoked command in '/home/sophie/visionaid/isaac_ros_ws/build/gxf_isaac_hesai' returned '0': AMENT_PREFIX_PATH=/home/sophie/visionaid/isaac_ros_ws/install/isaac_ros_gxf:/home/sophie/visionaid/isaac_ros_ws/install/isaac_ros_common:${AMENT_PREFIX_PATH} CMAKE_PREFIX_PATH=/home/sophie/visionaid/isaac_ros_ws/install/isaac_ros_gxf:/home/sophie/visionaid/isaac_ros_ws/install/isaac_ros_common:/opt/ros/humble LD_LIBRARY_PATH=/home/sophie/visionaid/isaac_ros_ws/install/isaac_ros_gxf/lib:/home/sophie/visionaid/isaac_ros_ws/install/isaac_ros_common/lib:${LD_LIBRARY_PATH} PATH=/home/sophie/visionaid/isaac_ros_ws/install/isaac_ros_common/bin:${PATH} PYTHONPATH=/home/sophie/visionaid/isaac_ros_ws/install/isaac_ros_common/local/lib/python3.10/dist-packages:${PYTHONPATH} /usr/bin/cmake /home/sophie/visionaid/isaac_ros_ws/src/isaac_ros_nitros/isaac_ros_gxf_extensions/gxf_isaac_hesai -DCMAKE_BUILD_TYPE=Release -DBUILD_TESTING=OFF -DCMAKE_CUDA_ARCHITECTURES=89 -DAMENT_CMAKE_SYMLINK_INSTALL=1 -DCMAKE_INSTALL_PREFIX=/home/sophie/visionaid/isaac_ros_ws/install/gxf_isaac_hesai
[0.784s] Invoking command in '/home/sophie/visionaid/isaac_ros_ws/build/gxf_isaac_hesai': AMENT_PREFIX_PATH=/home/sophie/visionaid/isaac_ros_ws/install/isaac_ros_gxf:/home/sophie/visionaid/isaac_ros_ws/install/isaac_ros_common:${AMENT_PREFIX_PATH} CMAKE_PREFIX_PATH=/home/sophie/visionaid/isaac_ros_ws/install/isaac_ros_gxf:/home/sophie/visionaid/isaac_ros_ws/install/isaac_ros_common:/opt/ros/humble LD_LIBRARY_PATH=/home/sophie/visionaid/isaac_ros_ws/install/isaac_ros_gxf/lib:/home/sophie/visionaid/isaac_ros_ws/install/isaac_ros_common/lib:${LD_LIBRARY_PATH} PATH=/home/sophie/visionaid/isaac_ros_ws/install/isaac_ros_common/bin:${PATH} PYTHONPATH=/home/sophie/visionaid/isaac_ros_ws/install/isaac_ros_common/local/lib/python3.10/dist-packages:${PYTHONPATH} /usr/bin/cmake --build /home/sophie/visionaid/isaac_ros_ws/build/gxf_isaac_hesai -- -j22 -l22
[0.824s] [100%] [34m[1mGenerating version information as YAML[0m
[0.874s] [100%] Built target generate_version_info_target_gxf_isaac_hesai
[0.881s] Invoked command in '/home/sophie/visionaid/isaac_ros_ws/build/gxf_isaac_hesai' returned '0': AMENT_PREFIX_PATH=/home/sophie/visionaid/isaac_ros_ws/install/isaac_ros_gxf:/home/sophie/visionaid/isaac_ros_ws/install/isaac_ros_common:${AMENT_PREFIX_PATH} CMAKE_PREFIX_PATH=/home/sophie/visionaid/isaac_ros_ws/install/isaac_ros_gxf:/home/sophie/visionaid/isaac_ros_ws/install/isaac_ros_common:/opt/ros/humble LD_LIBRARY_PATH=/home/sophie/visionaid/isaac_ros_ws/install/isaac_ros_gxf/lib:/home/sophie/visionaid/isaac_ros_ws/install/isaac_ros_common/lib:${LD_LIBRARY_PATH} PATH=/home/sophie/visionaid/isaac_ros_ws/install/isaac_ros_common/bin:${PATH} PYTHONPATH=/home/sophie/visionaid/isaac_ros_ws/install/isaac_ros_common/local/lib/python3.10/dist-packages:${PYTHONPATH} /usr/bin/cmake --build /home/sophie/visionaid/isaac_ros_ws/build/gxf_isaac_hesai -- -j22 -l22
[0.882s] Invoking command in '/home/sophie/visionaid/isaac_ros_ws/build/gxf_isaac_hesai': AMENT_PREFIX_PATH=/home/sophie/visionaid/isaac_ros_ws/install/isaac_ros_gxf:/home/sophie/visionaid/isaac_ros_ws/install/isaac_ros_common:${AMENT_PREFIX_PATH} CMAKE_PREFIX_PATH=/home/sophie/visionaid/isaac_ros_ws/install/isaac_ros_gxf:/home/sophie/visionaid/isaac_ros_ws/install/isaac_ros_common:/opt/ros/humble LD_LIBRARY_PATH=/home/sophie/visionaid/isaac_ros_ws/install/isaac_ros_gxf/lib:/home/sophie/visionaid/isaac_ros_ws/install/isaac_ros_common/lib:${LD_LIBRARY_PATH} PATH=/home/sophie/visionaid/isaac_ros_ws/install/isaac_ros_common/bin:${PATH} PYTHONPATH=/home/sophie/visionaid/isaac_ros_ws/install/isaac_ros_common/local/lib/python3.10/dist-packages:${PYTHONPATH} /usr/bin/cmake --install /home/sophie/visionaid/isaac_ros_ws/build/gxf_isaac_hesai
[0.887s] -- Install configuration: "Release"
[0.887s] -- Execute custom install script
[0.887s] -- Symlinking: /home/sophie/visionaid/isaac_ros_ws/install/gxf_isaac_hesai/share/gxf_isaac_hesai/gxf/lib/libgxf_isaac_hesai.so
[0.895s] -- Symlinking: /home/sophie/visionaid/isaac_ros_ws/install/gxf_isaac_hesai/share/gxf_isaac_hesai/environment/library_path.sh
[0.901s] -- Symlinking: /home/sophie/visionaid/isaac_ros_ws/install/gxf_isaac_hesai/share/gxf_isaac_hesai/environment/library_path.dsv
[0.910s] -- Symlinking: /home/sophie/visionaid/isaac_ros_ws/install/gxf_isaac_hesai/share/gxf_isaac_hesai/version_info.yaml
[0.915s] -- Symlinking: /home/sophie/visionaid/isaac_ros_ws/install/gxf_isaac_hesai/share/ament_index/resource_index/package_run_dependencies/gxf_isaac_hesai
[0.920s] -- Symlinking: /home/sophie/visionaid/isaac_ros_ws/install/gxf_isaac_hesai/share/ament_index/resource_index/parent_prefix_path/gxf_isaac_hesai
[0.926s] -- Symlinking: /home/sophie/visionaid/isaac_ros_ws/install/gxf_isaac_hesai/share/gxf_isaac_hesai/environment/ament_prefix_path.sh
[0.932s] -- Symlinking: /home/sophie/visionaid/isaac_ros_ws/install/gxf_isaac_hesai/share/gxf_isaac_hesai/environment/ament_prefix_path.dsv
[0.939s] -- Symlinking: /home/sophie/visionaid/isaac_ros_ws/install/gxf_isaac_hesai/share/gxf_isaac_hesai/environment/path.sh
[0.944s] -- Symlinking: /home/sophie/visionaid/isaac_ros_ws/install/gxf_isaac_hesai/share/gxf_isaac_hesai/environment/path.dsv
[0.951s] -- Symlinking: /home/sophie/visionaid/isaac_ros_ws/install/gxf_isaac_hesai/share/gxf_isaac_hesai/local_setup.bash
[0.959s] -- Symlinking: /home/sophie/visionaid/isaac_ros_ws/install/gxf_isaac_hesai/share/gxf_isaac_hesai/local_setup.sh
[0.964s] -- Symlinking: /home/sophie/visionaid/isaac_ros_ws/install/gxf_isaac_hesai/share/gxf_isaac_hesai/local_setup.zsh
[0.972s] -- Symlinking: /home/sophie/visionaid/isaac_ros_ws/install/gxf_isaac_hesai/share/gxf_isaac_hesai/local_setup.dsv
[0.978s] -- Symlinking: /home/sophie/visionaid/isaac_ros_ws/install/gxf_isaac_hesai/share/gxf_isaac_hesai/package.dsv
[0.983s] -- Symlinking: /home/sophie/visionaid/isaac_ros_ws/install/gxf_isaac_hesai/share/ament_index/resource_index/packages/gxf_isaac_hesai
[0.989s] -- Symlinking: /home/sophie/visionaid/isaac_ros_ws/install/gxf_isaac_hesai/share/gxf_isaac_hesai/cmake/ament_cmake_export_targets-extras.cmake
[0.994s] -- Symlinking: /home/sophie/visionaid/isaac_ros_ws/install/gxf_isaac_hesai/share/gxf_isaac_hesai/cmake/ament_cmake_export_dependencies-extras.cmake
[1.000s] -- Symlinking: /home/sophie/visionaid/isaac_ros_ws/install/gxf_isaac_hesai/share/gxf_isaac_hesai/cmake/gxf_isaac_hesaiConfig.cmake
[1.006s] -- Symlinking: /home/sophie/visionaid/isaac_ros_ws/install/gxf_isaac_hesai/share/gxf_isaac_hesai/cmake/gxf_isaac_hesaiConfig-version.cmake
[1.012s] -- Symlinking: /home/sophie/visionaid/isaac_ros_ws/install/gxf_isaac_hesai/share/gxf_isaac_hesai/package.xml
[1.018s] -- Installing: /home/sophie/visionaid/isaac_ros_ws/install/gxf_isaac_hesai/share/gxf_isaac_hesai/cmake/export_gxf_isaac_hesaiExport.cmake
[1.021s] Invoked command in '/home/sophie/visionaid/isaac_ros_ws/build/gxf_isaac_hesai' returned '0': AMENT_PREFIX_PATH=/home/sophie/visionaid/isaac_ros_ws/install/isaac_ros_gxf:/home/sophie/visionaid/isaac_ros_ws/install/isaac_ros_common:${AMENT_PREFIX_PATH} CMAKE_PREFIX_PATH=/home/sophie/visionaid/isaac_ros_ws/install/isaac_ros_gxf:/home/sophie/visionaid/isaac_ros_ws/install/isaac_ros_common:/opt/ros/humble LD_LIBRARY_PATH=/home/sophie/visionaid/isaac_ros_ws/install/isaac_ros_gxf/lib:/home/sophie/visionaid/isaac_ros_ws/install/isaac_ros_common/lib:${LD_LIBRARY_PATH} PATH=/home/sophie/visionaid/isaac_ros_ws/install/isaac_ros_common/bin:${PATH} PYTHONPATH=/home/sophie/visionaid/isaac_ros_ws/install/isaac_ros_common/local/lib/python3.10/dist-packages:${PYTHONPATH} /usr/bin/cmake --install /home/sophie/visionaid/isaac_ros_ws/build/gxf_isaac_hesai
