running develop
running egg_info
creating isaac_ros_pynitros.egg-info
writing isaac_ros_pynitros.egg-info/PKG-INFO
writing dependency_links to isaac_ros_pynitros.egg-info/dependency_links.txt
writing entry points to isaac_ros_pynitros.egg-info/entry_points.txt
writing requirements to isaac_ros_pynitros.egg-info/requires.txt
writing top-level names to isaac_ros_pynitros.egg-info/top_level.txt
writing manifest file 'isaac_ros_pynitros.egg-info/SOURCES.txt'
reading manifest file 'isaac_ros_pynitros.egg-info/SOURCES.txt'
writing manifest file 'isaac_ros_pynitros.egg-info/SOURCES.txt'
running build_ext
Creating /home/sophie/visionaid/isaac_ros_ws/install/isaac_ros_pynitros/lib/python3.10/site-packages/isaac-ros-pynitros.egg-link (link to .)
Installing pynitros_dnn_image_encoder_node script to /home/sophie/visionaid/isaac_ros_ws/install/isaac_ros_pynitros/lib/isaac_ros_pynitros
Installing pynitros_image_forward_node script to /home/sophie/visionaid/isaac_ros_ws/install/isaac_ros_pynitros/lib/isaac_ros_pynitros
Installing pynitros_message_filter_sync_node script to /home/sophie/visionaid/isaac_ros_ws/install/isaac_ros_pynitros/lib/isaac_ros_pynitros
Installing pynitros_tensor_list_forward_node script to /home/sophie/visionaid/isaac_ros_ws/install/isaac_ros_pynitros/lib/isaac_ros_pynitros

Installed /home/sophie/visionaid/isaac_ros_ws/build/isaac_ros_pynitros
running symlink_data
creating /home/sophie/visionaid/isaac_ros_ws/install/isaac_ros_pynitros/share/ament_index
creating /home/sophie/visionaid/isaac_ros_ws/install/isaac_ros_pynitros/share/ament_index/resource_index
creating /home/sophie/visionaid/isaac_ros_ws/install/isaac_ros_pynitros/share/ament_index/resource_index/packages
symbolically linking /home/sophie/visionaid/isaac_ros_ws/build/isaac_ros_pynitros/resource/isaac_ros_pynitros -> /home/sophie/visionaid/isaac_ros_ws/install/isaac_ros_pynitros/share/ament_index/resource_index/packages
symbolically linking /home/sophie/visionaid/isaac_ros_ws/build/isaac_ros_pynitros/package.xml -> /home/sophie/visionaid/isaac_ros_ws/install/isaac_ros_pynitros/share/isaac_ros_pynitros
creating /home/sophie/visionaid/isaac_ros_ws/install/isaac_ros_pynitros/share/isaac_ros_pynitros/launch
symbolically linking /home/sophie/visionaid/isaac_ros_ws/build/isaac_ros_pynitros/launch/isaac_ros_pynitros_to_nitros.launch.py -> /home/sophie/visionaid/isaac_ros_ws/install/isaac_ros_pynitros/share/isaac_ros_pynitros/launch
symbolically linking /home/sophie/visionaid/isaac_ros_ws/build/isaac_ros_pynitros/launch/isaac_ros_pynitros_dnn_image_encoder.launch.py -> /home/sophie/visionaid/isaac_ros_ws/install/isaac_ros_pynitros/share/isaac_ros_pynitros/launch
symbolically linking /home/sophie/visionaid/isaac_ros_ws/build/isaac_ros_pynitros/launch/isaac_ros_pynitros_quickstart.launch.py -> /home/sophie/visionaid/isaac_ros_ws/install/isaac_ros_pynitros/share/isaac_ros_pynitros/launch
