[0.341s] Invoking command in '/home/sophie/visionaid/isaac_ros_ws/build/isaac_ros_pynitros': AMENT_PREFIX_PATH=/home/sophie/visionaid/isaac_ros_ws/install/isaac_ros_nitros_bridge_interfaces:/home/sophie/visionaid/isaac_ros_ws/install/isaac_ros_test:/home/sophie/visionaid/isaac_ros_ws/install/isaac_ros_tensor_list_interfaces:/home/sophie/visionaid/isaac_ros_ws/install/isaac_ros_common:${AMENT_PREFIX_PATH} CMAKE_PREFIX_PATH=/home/sophie/visionaid/isaac_ros_ws/install/isaac_ros_nitros_bridge_interfaces:/home/sophie/visionaid/isaac_ros_ws/install/isaac_ros_tensor_list_interfaces:/home/sophie/visionaid/isaac_ros_ws/install/isaac_ros_common LD_LIBRARY_PATH=/home/sophie/visionaid/isaac_ros_ws/install/isaac_ros_nitros_bridge_interfaces/lib:/home/sophie/visionaid/isaac_ros_ws/install/isaac_ros_tensor_list_interfaces/lib:/home/sophie/visionaid/isaac_ros_ws/install/isaac_ros_common/lib:${LD_LIBRARY_PATH} PATH=/home/sophie/visionaid/isaac_ros_ws/install/isaac_ros_common/bin:${PATH} PYTHONPATH=/home/sophie/visionaid/isaac_ros_ws/build/isaac_ros_pynitros/prefix_override:/usr/lib/python3/dist-packages/colcon_core/task/python/colcon_distutils_commands:/home/sophie/visionaid/isaac_ros_ws/install/isaac_ros_pynitros/lib/python3.10/site-packages:/home/sophie/visionaid/isaac_ros_ws/install/isaac_ros_nitros_bridge_interfaces/local/lib/python3.10/dist-packages:/home/sophie/visionaid/isaac_ros_ws/build/isaac_ros_test:/home/sophie/visionaid/isaac_ros_ws/install/isaac_ros_test/lib/python3.10/site-packages:/home/sophie/visionaid/isaac_ros_ws/install/isaac_ros_tensor_list_interfaces/local/lib/python3.10/dist-packages:/home/sophie/visionaid/isaac_ros_ws/install/isaac_ros_common/local/lib/python3.10/dist-packages:${PYTHONPATH} /usr/bin/python3 -W ignore:setup.py install is deprecated -W ignore:easy_install command is deprecated setup.py develop --editable --build-directory /home/sophie/visionaid/isaac_ros_ws/build/isaac_ros_pynitros/build --no-deps symlink_data
[0.469s] running develop
[0.538s] running egg_info
[0.538s] creating isaac_ros_pynitros.egg-info
[0.538s] writing isaac_ros_pynitros.egg-info/PKG-INFO
[0.538s] writing dependency_links to isaac_ros_pynitros.egg-info/dependency_links.txt
[0.539s] writing entry points to isaac_ros_pynitros.egg-info/entry_points.txt
[0.539s] writing requirements to isaac_ros_pynitros.egg-info/requires.txt
[0.539s] writing top-level names to isaac_ros_pynitros.egg-info/top_level.txt
[0.539s] writing manifest file 'isaac_ros_pynitros.egg-info/SOURCES.txt'
[0.540s] reading manifest file 'isaac_ros_pynitros.egg-info/SOURCES.txt'
[0.540s] writing manifest file 'isaac_ros_pynitros.egg-info/SOURCES.txt'
[0.557s] running build_ext
[0.557s] Creating /home/sophie/visionaid/isaac_ros_ws/install/isaac_ros_pynitros/lib/python3.10/site-packages/isaac-ros-pynitros.egg-link (link to .)
[0.558s] Installing pynitros_dnn_image_encoder_node script to /home/sophie/visionaid/isaac_ros_ws/install/isaac_ros_pynitros/lib/isaac_ros_pynitros
[0.558s] Installing pynitros_image_forward_node script to /home/sophie/visionaid/isaac_ros_ws/install/isaac_ros_pynitros/lib/isaac_ros_pynitros
[0.558s] Installing pynitros_message_filter_sync_node script to /home/sophie/visionaid/isaac_ros_ws/install/isaac_ros_pynitros/lib/isaac_ros_pynitros
[0.558s] Installing pynitros_tensor_list_forward_node script to /home/sophie/visionaid/isaac_ros_ws/install/isaac_ros_pynitros/lib/isaac_ros_pynitros
[0.558s] 
[0.558s] Installed /home/sophie/visionaid/isaac_ros_ws/build/isaac_ros_pynitros
[0.558s] running symlink_data
[0.558s] creating /home/sophie/visionaid/isaac_ros_ws/install/isaac_ros_pynitros/share/ament_index
[0.559s] creating /home/sophie/visionaid/isaac_ros_ws/install/isaac_ros_pynitros/share/ament_index/resource_index
[0.559s] creating /home/sophie/visionaid/isaac_ros_ws/install/isaac_ros_pynitros/share/ament_index/resource_index/packages
[0.559s] symbolically linking /home/sophie/visionaid/isaac_ros_ws/build/isaac_ros_pynitros/resource/isaac_ros_pynitros -> /home/sophie/visionaid/isaac_ros_ws/install/isaac_ros_pynitros/share/ament_index/resource_index/packages
[0.559s] symbolically linking /home/sophie/visionaid/isaac_ros_ws/build/isaac_ros_pynitros/package.xml -> /home/sophie/visionaid/isaac_ros_ws/install/isaac_ros_pynitros/share/isaac_ros_pynitros
[0.559s] creating /home/sophie/visionaid/isaac_ros_ws/install/isaac_ros_pynitros/share/isaac_ros_pynitros/launch
[0.559s] symbolically linking /home/sophie/visionaid/isaac_ros_ws/build/isaac_ros_pynitros/launch/isaac_ros_pynitros_to_nitros.launch.py -> /home/sophie/visionaid/isaac_ros_ws/install/isaac_ros_pynitros/share/isaac_ros_pynitros/launch
[0.559s] symbolically linking /home/sophie/visionaid/isaac_ros_ws/build/isaac_ros_pynitros/launch/isaac_ros_pynitros_dnn_image_encoder.launch.py -> /home/sophie/visionaid/isaac_ros_ws/install/isaac_ros_pynitros/share/isaac_ros_pynitros/launch
[0.559s] symbolically linking /home/sophie/visionaid/isaac_ros_ws/build/isaac_ros_pynitros/launch/isaac_ros_pynitros_quickstart.launch.py -> /home/sophie/visionaid/isaac_ros_ws/install/isaac_ros_pynitros/share/isaac_ros_pynitros/launch
[0.575s] Invoked command in '/home/sophie/visionaid/isaac_ros_ws/build/isaac_ros_pynitros' returned '0': AMENT_PREFIX_PATH=/home/sophie/visionaid/isaac_ros_ws/install/isaac_ros_nitros_bridge_interfaces:/home/sophie/visionaid/isaac_ros_ws/install/isaac_ros_test:/home/sophie/visionaid/isaac_ros_ws/install/isaac_ros_tensor_list_interfaces:/home/sophie/visionaid/isaac_ros_ws/install/isaac_ros_common:${AMENT_PREFIX_PATH} CMAKE_PREFIX_PATH=/home/sophie/visionaid/isaac_ros_ws/install/isaac_ros_nitros_bridge_interfaces:/home/sophie/visionaid/isaac_ros_ws/install/isaac_ros_tensor_list_interfaces:/home/sophie/visionaid/isaac_ros_ws/install/isaac_ros_common LD_LIBRARY_PATH=/home/sophie/visionaid/isaac_ros_ws/install/isaac_ros_nitros_bridge_interfaces/lib:/home/sophie/visionaid/isaac_ros_ws/install/isaac_ros_tensor_list_interfaces/lib:/home/sophie/visionaid/isaac_ros_ws/install/isaac_ros_common/lib:${LD_LIBRARY_PATH} PATH=/home/sophie/visionaid/isaac_ros_ws/install/isaac_ros_common/bin:${PATH} PYTHONPATH=/home/sophie/visionaid/isaac_ros_ws/build/isaac_ros_pynitros/prefix_override:/usr/lib/python3/dist-packages/colcon_core/task/python/colcon_distutils_commands:/home/sophie/visionaid/isaac_ros_ws/install/isaac_ros_pynitros/lib/python3.10/site-packages:/home/sophie/visionaid/isaac_ros_ws/install/isaac_ros_nitros_bridge_interfaces/local/lib/python3.10/dist-packages:/home/sophie/visionaid/isaac_ros_ws/build/isaac_ros_test:/home/sophie/visionaid/isaac_ros_ws/install/isaac_ros_test/lib/python3.10/site-packages:/home/sophie/visionaid/isaac_ros_ws/install/isaac_ros_tensor_list_interfaces/local/lib/python3.10/dist-packages:/home/sophie/visionaid/isaac_ros_ws/install/isaac_ros_common/local/lib/python3.10/dist-packages:${PYTHONPATH} /usr/bin/python3 -W ignore:setup.py install is deprecated -W ignore:easy_install command is deprecated setup.py develop --editable --build-directory /home/sophie/visionaid/isaac_ros_ws/build/isaac_ros_pynitros/build --no-deps symlink_data
