[0.009s] Invoking command in '/home/sophie/visionaid/isaac_ros_ws/build/custom_nitros_message_filter_interfaces': AMENT_PREFIX_PATH=/home/sophie/visionaid/isaac_ros_ws/install/isaac_ros_common:${AMENT_PREFIX_PATH} CMAKE_PREFIX_PATH=/home/sophie/visionaid/isaac_ros_ws/install/isaac_ros_common:/opt/ros/humble LD_LIBRARY_PATH=/home/sophie/visionaid/isaac_ros_ws/install/isaac_ros_common/lib:${LD_LIBRARY_PATH} PATH=/home/sophie/visionaid/isaac_ros_ws/install/isaac_ros_common/bin:${PATH} PYTHONPATH=/home/sophie/visionaid/isaac_ros_ws/install/isaac_ros_common/local/lib/python3.10/dist-packages:${PYTHONPATH} /usr/bin/cmake /home/sophie/visionaid/isaac_ros_ws/src/isaac_ros_nitros/isaac_ros_managed_nitros_examples/custom_nitros_message_filter_interfaces -DCMAKE_BUILD_TYPE=Release -DBUILD_TESTING=OFF -DCMAKE_CUDA_ARCHITECTURES=89 -DAMENT_CMAKE_SYMLINK_INSTALL=1 -DCMAKE_INSTALL_PREFIX=/home/sophie/visionaid/isaac_ros_ws/install/custom_nitros_message_filter_interfaces
[0.047s] -- The C compiler identification is GNU 11.4.0
[0.085s] -- The CXX compiler identification is GNU 11.4.0
[0.090s] -- Detecting C compiler ABI info
[0.138s] -- Detecting C compiler ABI info - done
[0.144s] -- Check for working C compiler: /usr/bin/cc - skipped
[0.144s] -- Detecting C compile features
[0.144s] -- Detecting C compile features - done
[0.146s] -- Detecting CXX compiler ABI info
[0.203s] -- Detecting CXX compiler ABI info - done
[0.208s] -- Check for working CXX compiler: /usr/bin/c++ - skipped
[0.208s] -- Detecting CXX compile features
[0.208s] -- Detecting CXX compile features - done
[0.209s] -- Found ament_cmake_auto: 1.3.11 (/opt/ros/humble/share/ament_cmake_auto/cmake)
[0.304s] -- Found Python3: /usr/bin/python3 (found version "3.10.12") found components: Interpreter 
[0.344s] -- Override CMake install command with custom implementation using symlinks instead of copying resources
[0.395s] -- Loading isaac_ros_common extras
[0.395s] -- CMAKE_BUILD_TYPE: Release
[0.412s] -- Looking for pthread.h
[0.467s] -- Looking for pthread.h - found
[0.467s] -- Performing Test CMAKE_HAVE_LIBC_PTHREAD
[0.518s] -- Performing Test CMAKE_HAVE_LIBC_PTHREAD - Success
[0.518s] -- Found Threads: TRUE  
[0.524s] -- Found CUDA: /usr/local/cuda-12.8 (found version "12.8") 
[0.524s] -- CUDA architectures: 89
[0.524s] -- Loading isaac_ros_common extras (modules)
[0.545s] -- Found rosidl_generator_c: 3.1.6 (/opt/ros/humble/share/rosidl_generator_c/cmake)
[0.547s] -- Found rosidl_adapter: 3.1.6 (/opt/ros/humble/share/rosidl_adapter/cmake)
[0.551s] -- Found rosidl_generator_cpp: 3.1.6 (/opt/ros/humble/share/rosidl_generator_cpp/cmake)
[0.557s] -- Using all available rosidl_typesupport_c: rosidl_typesupport_fastrtps_c;rosidl_typesupport_introspection_c
[0.566s] -- Using all available rosidl_typesupport_cpp: rosidl_typesupport_fastrtps_cpp;rosidl_typesupport_introspection_cpp
[0.588s] -- Found rmw_implementation_cmake: 6.1.2 (/opt/ros/humble/share/rmw_implementation_cmake/cmake)
[0.589s] -- Found rmw_fastrtps_cpp: 6.2.7 (/opt/ros/humble/share/rmw_fastrtps_cpp/cmake)
[0.655s] -- Found OpenSSL: /usr/lib/x86_64-linux-gnu/libcrypto.so (found version "3.0.2")  
[0.670s] -- Found FastRTPS: /opt/ros/humble/include  
[0.698s] -- Using RMW implementation 'rmw_fastrtps_cpp' as default
[0.854s] -- Found ament_cmake_ros: 0.10.0 (/opt/ros/humble/share/ament_cmake_ros/cmake)
[1.052s] -- Using all available rosidl_typesupport_c: rosidl_typesupport_fastrtps_c;rosidl_typesupport_introspection_c
[1.132s] -- Using all available rosidl_typesupport_cpp: rosidl_typesupport_fastrtps_cpp;rosidl_typesupport_introspection_cpp
[1.147s] -- Found PythonInterp: /usr/bin/python3 (found suitable version "3.10.12", minimum required is "3.6") 
[1.147s] -- Found python_cmake_module: 0.10.0 (/opt/ros/humble/share/python_cmake_module/cmake)
[1.169s] -- Found PythonLibs: /usr/lib/x86_64-linux-gnu/libpython3.10.so (found suitable version "3.10.12", minimum required is "3.5") 
[1.169s] -- Using PYTHON_EXECUTABLE: /usr/bin/python3
[1.169s] -- Using PYTHON_INCLUDE_DIRS: /usr/include/python3.10
[1.169s] -- Using PYTHON_LIBRARIES: /usr/lib/x86_64-linux-gnu/libpython3.10.so
[1.190s] -- Found PythonExtra: .so  
[1.260s] -- Configuring done
[1.276s] -- Generating done
[1.283s] -- Build files have been written to: /home/sophie/visionaid/isaac_ros_ws/build/custom_nitros_message_filter_interfaces
[1.292s] Invoked command in '/home/sophie/visionaid/isaac_ros_ws/build/custom_nitros_message_filter_interfaces' returned '0': AMENT_PREFIX_PATH=/home/sophie/visionaid/isaac_ros_ws/install/isaac_ros_common:${AMENT_PREFIX_PATH} CMAKE_PREFIX_PATH=/home/sophie/visionaid/isaac_ros_ws/install/isaac_ros_common:/opt/ros/humble LD_LIBRARY_PATH=/home/sophie/visionaid/isaac_ros_ws/install/isaac_ros_common/lib:${LD_LIBRARY_PATH} PATH=/home/sophie/visionaid/isaac_ros_ws/install/isaac_ros_common/bin:${PATH} PYTHONPATH=/home/sophie/visionaid/isaac_ros_ws/install/isaac_ros_common/local/lib/python3.10/dist-packages:${PYTHONPATH} /usr/bin/cmake /home/sophie/visionaid/isaac_ros_ws/src/isaac_ros_nitros/isaac_ros_managed_nitros_examples/custom_nitros_message_filter_interfaces -DCMAKE_BUILD_TYPE=Release -DBUILD_TESTING=OFF -DCMAKE_CUDA_ARCHITECTURES=89 -DAMENT_CMAKE_SYMLINK_INSTALL=1 -DCMAKE_INSTALL_PREFIX=/home/sophie/visionaid/isaac_ros_ws/install/custom_nitros_message_filter_interfaces
[1.294s] Invoking command in '/home/sophie/visionaid/isaac_ros_ws/build/custom_nitros_message_filter_interfaces': AMENT_PREFIX_PATH=/home/sophie/visionaid/isaac_ros_ws/install/isaac_ros_common:${AMENT_PREFIX_PATH} CMAKE_PREFIX_PATH=/home/sophie/visionaid/isaac_ros_ws/install/isaac_ros_common:/opt/ros/humble LD_LIBRARY_PATH=/home/sophie/visionaid/isaac_ros_ws/install/isaac_ros_common/lib:${LD_LIBRARY_PATH} PATH=/home/sophie/visionaid/isaac_ros_ws/install/isaac_ros_common/bin:${PATH} PYTHONPATH=/home/sophie/visionaid/isaac_ros_ws/install/isaac_ros_common/local/lib/python3.10/dist-packages:${PYTHONPATH} /usr/bin/cmake --build /home/sophie/visionaid/isaac_ros_ws/build/custom_nitros_message_filter_interfaces -- -j22 -l22
[1.326s] [  3%] [34m[1mGenerating C code for ROS interfaces[0m
[1.333s] [  6%] [34m[1mGenerating C++ code for ROS interfaces[0m
[1.334s] [  9%] [34m[1mGenerating version information as YAML[0m
[1.341s] [  9%] Built target ament_cmake_python_symlink_custom_nitros_message_filter_interfaces
[1.387s] [  9%] Built target generate_version_info_target_custom_nitros_message_filter_interfaces
[1.478s] running egg_info
[1.478s] creating custom_nitros_message_filter_interfaces.egg-info
[1.478s] writing custom_nitros_message_filter_interfaces.egg-info/PKG-INFO
[1.478s] writing dependency_links to custom_nitros_message_filter_interfaces.egg-info/dependency_links.txt
[1.478s] writing top-level names to custom_nitros_message_filter_interfaces.egg-info/top_level.txt
[1.478s] writing manifest file 'custom_nitros_message_filter_interfaces.egg-info/SOURCES.txt'
[1.480s] reading manifest file 'custom_nitros_message_filter_interfaces.egg-info/SOURCES.txt'
[1.480s] writing manifest file 'custom_nitros_message_filter_interfaces.egg-info/SOURCES.txt'
[1.499s] [  9%] Built target ament_cmake_python_build_custom_nitros_message_filter_interfaces_egg
[1.505s] [  9%] Built target custom_nitros_message_filter_interfaces__cpp
[1.512s] [ 12%] [34m[1mGenerating C++ introspection for ROS interfaces[0m
[1.512s] [ 15%] [34m[1mGenerating C++ type support dispatch for ROS interfaces[0m
[1.512s] [ 18%] [34m[1mGenerating C++ type support for eProsima Fast-RTPS[0m
[1.517s] [ 21%] [32mBuilding C object CMakeFiles/custom_nitros_message_filter_interfaces__rosidl_generator_c.dir/rosidl_generator_c/custom_nitros_message_filter_interfaces/msg/detail/sync_status__functions.c.o[0m
[1.588s] [ 25%] [32m[1mLinking C shared library libcustom_nitros_message_filter_interfaces__rosidl_generator_c.so[0m
[1.621s] [ 25%] Built target custom_nitros_message_filter_interfaces__rosidl_generator_c
[1.628s] [ 31%] [34m[1mGenerating C type support dispatch for ROS interfaces[0m
[1.628s] [ 31%] [34m[1mGenerating C introspection for ROS interfaces[0m
[1.629s] [ 34%] [34m[1mGenerating C type support for eProsima Fast-RTPS[0m
[1.669s] [ 37%] [32mBuilding CXX object CMakeFiles/custom_nitros_message_filter_interfaces__rosidl_typesupport_cpp.dir/rosidl_typesupport_cpp/custom_nitros_message_filter_interfaces/msg/sync_status__type_support.cpp.o[0m
[1.686s] [ 40%] [32mBuilding CXX object CMakeFiles/custom_nitros_message_filter_interfaces__rosidl_typesupport_introspection_cpp.dir/rosidl_typesupport_introspection_cpp/custom_nitros_message_filter_interfaces/msg/detail/sync_status__type_support.cpp.o[0m
[1.687s] [ 43%] [32mBuilding CXX object CMakeFiles/custom_nitros_message_filter_interfaces__rosidl_typesupport_fastrtps_cpp.dir/rosidl_typesupport_fastrtps_cpp/custom_nitros_message_filter_interfaces/msg/detail/dds_fastrtps/sync_status__type_support.cpp.o[0m
[1.798s] [ 46%] [32mBuilding C object CMakeFiles/custom_nitros_message_filter_interfaces__rosidl_typesupport_introspection_c.dir/rosidl_typesupport_introspection_c/custom_nitros_message_filter_interfaces/msg/detail/sync_status__type_support.c.o[0m
[1.802s] [ 50%] [32mBuilding CXX object CMakeFiles/custom_nitros_message_filter_interfaces__rosidl_typesupport_c.dir/rosidl_typesupport_c/custom_nitros_message_filter_interfaces/msg/sync_status__type_support.cpp.o[0m
[1.830s] [ 56%] [32m[1mLinking C shared library libcustom_nitros_message_filter_interfaces__rosidl_typesupport_introspection_c.so[0m
[1.830s] [ 56%] [32m[1mLinking CXX shared library libcustom_nitros_message_filter_interfaces__rosidl_typesupport_c.so[0m
[1.845s] [ 59%] [32m[1mLinking CXX shared library libcustom_nitros_message_filter_interfaces__rosidl_typesupport_cpp.so[0m
[1.860s] [ 59%] Built target custom_nitros_message_filter_interfaces__rosidl_typesupport_introspection_c
[1.862s] [ 59%] Built target custom_nitros_message_filter_interfaces__rosidl_typesupport_c
[1.868s] [ 62%] [32mBuilding CXX object CMakeFiles/custom_nitros_message_filter_interfaces__rosidl_typesupport_fastrtps_c.dir/rosidl_typesupport_fastrtps_c/custom_nitros_message_filter_interfaces/msg/detail/sync_status__type_support_c.cpp.o[0m
[1.873s] [ 62%] Built target custom_nitros_message_filter_interfaces__rosidl_typesupport_cpp
[1.933s] [ 65%] [32m[1mLinking CXX shared library libcustom_nitros_message_filter_interfaces__rosidl_typesupport_fastrtps_cpp.so[0m
[1.985s] [ 65%] Built target custom_nitros_message_filter_interfaces__rosidl_typesupport_fastrtps_cpp
[1.994s] [ 68%] [32m[1mLinking CXX shared library libcustom_nitros_message_filter_interfaces__rosidl_typesupport_introspection_cpp.so[0m
[2.045s] [ 68%] Built target custom_nitros_message_filter_interfaces__rosidl_typesupport_introspection_cpp
[2.072s] [ 71%] [32m[1mLinking CXX shared library libcustom_nitros_message_filter_interfaces__rosidl_typesupport_fastrtps_c.so[0m
[2.119s] [ 71%] Built target custom_nitros_message_filter_interfaces__rosidl_typesupport_fastrtps_c
[2.134s] [ 71%] Built target custom_nitros_message_filter_interfaces
[2.152s] [ 75%] [34m[1mGenerating Python code for ROS interfaces[0m
[2.350s] [ 75%] Built target custom_nitros_message_filter_interfaces__py
[2.365s] [ 78%] [32mBuilding C object CMakeFiles/custom_nitros_message_filter_interfaces__rosidl_generator_py.dir/rosidl_generator_py/custom_nitros_message_filter_interfaces/msg/_sync_status_s.c.o[0m
[2.451s] [ 81%] [32m[1mLinking C shared library rosidl_generator_py/custom_nitros_message_filter_interfaces/libcustom_nitros_message_filter_interfaces__rosidl_generator_py.so[0m
[2.479s] [ 81%] Built target custom_nitros_message_filter_interfaces__rosidl_generator_py
[2.495s] [ 84%] [32mBuilding C object CMakeFiles/custom_nitros_message_filter_interfaces__rosidl_typesupport_introspection_c__pyext.dir/rosidl_generator_py/custom_nitros_message_filter_interfaces/_custom_nitros_message_filter_interfaces_s.ep.rosidl_typesupport_introspection_c.c.o[0m
[2.495s] [ 87%] [32mBuilding C object CMakeFiles/custom_nitros_message_filter_interfaces__rosidl_typesupport_fastrtps_c__pyext.dir/rosidl_generator_py/custom_nitros_message_filter_interfaces/_custom_nitros_message_filter_interfaces_s.ep.rosidl_typesupport_fastrtps_c.c.o[0m
[2.496s] [ 90%] [32mBuilding C object CMakeFiles/custom_nitros_message_filter_interfaces__rosidl_typesupport_c__pyext.dir/rosidl_generator_py/custom_nitros_message_filter_interfaces/_custom_nitros_message_filter_interfaces_s.ep.rosidl_typesupport_c.c.o[0m
[2.567s] [ 93%] [32m[1mLinking C shared library rosidl_generator_py/custom_nitros_message_filter_interfaces/custom_nitros_message_filter_interfaces_s__rosidl_typesupport_introspection_c.cpython-310-x86_64-linux-gnu.so[0m
[2.567s] [ 96%] [32m[1mLinking C shared library rosidl_generator_py/custom_nitros_message_filter_interfaces/custom_nitros_message_filter_interfaces_s__rosidl_typesupport_c.cpython-310-x86_64-linux-gnu.so[0m
[2.571s] [100%] [32m[1mLinking C shared library rosidl_generator_py/custom_nitros_message_filter_interfaces/custom_nitros_message_filter_interfaces_s__rosidl_typesupport_fastrtps_c.cpython-310-x86_64-linux-gnu.so[0m
[2.593s] [100%] Built target custom_nitros_message_filter_interfaces__rosidl_typesupport_introspection_c__pyext
[2.595s] [100%] Built target custom_nitros_message_filter_interfaces__rosidl_typesupport_c__pyext
[2.597s] [100%] Built target custom_nitros_message_filter_interfaces__rosidl_typesupport_fastrtps_c__pyext
[2.607s] Invoked command in '/home/sophie/visionaid/isaac_ros_ws/build/custom_nitros_message_filter_interfaces' returned '0': AMENT_PREFIX_PATH=/home/sophie/visionaid/isaac_ros_ws/install/isaac_ros_common:${AMENT_PREFIX_PATH} CMAKE_PREFIX_PATH=/home/sophie/visionaid/isaac_ros_ws/install/isaac_ros_common:/opt/ros/humble LD_LIBRARY_PATH=/home/sophie/visionaid/isaac_ros_ws/install/isaac_ros_common/lib:${LD_LIBRARY_PATH} PATH=/home/sophie/visionaid/isaac_ros_ws/install/isaac_ros_common/bin:${PATH} PYTHONPATH=/home/sophie/visionaid/isaac_ros_ws/install/isaac_ros_common/local/lib/python3.10/dist-packages:${PYTHONPATH} /usr/bin/cmake --build /home/sophie/visionaid/isaac_ros_ws/build/custom_nitros_message_filter_interfaces -- -j22 -l22
[2.608s] Invoking command in '/home/sophie/visionaid/isaac_ros_ws/build/custom_nitros_message_filter_interfaces': AMENT_PREFIX_PATH=/home/sophie/visionaid/isaac_ros_ws/install/isaac_ros_common:${AMENT_PREFIX_PATH} CMAKE_PREFIX_PATH=/home/sophie/visionaid/isaac_ros_ws/install/isaac_ros_common:/opt/ros/humble LD_LIBRARY_PATH=/home/sophie/visionaid/isaac_ros_ws/install/isaac_ros_common/lib:${LD_LIBRARY_PATH} PATH=/home/sophie/visionaid/isaac_ros_ws/install/isaac_ros_common/bin:${PATH} PYTHONPATH=/home/sophie/visionaid/isaac_ros_ws/install/isaac_ros_common/local/lib/python3.10/dist-packages:${PYTHONPATH} /usr/bin/cmake --install /home/sophie/visionaid/isaac_ros_ws/build/custom_nitros_message_filter_interfaces
[2.615s] -- Install configuration: "Release"
[2.615s] -- Execute custom install script
[2.615s] -- Symlinking: /home/sophie/visionaid/isaac_ros_ws/install/custom_nitros_message_filter_interfaces/share/ament_index/resource_index/rosidl_interfaces/custom_nitros_message_filter_interfaces
[2.621s] -- Symlinking: /home/sophie/visionaid/isaac_ros_ws/install/custom_nitros_message_filter_interfaces/include/custom_nitros_message_filter_interfaces/custom_nitros_message_filter_interfaces/msg/detail/sync_status__functions.h
[2.627s] -- Symlinking: /home/sophie/visionaid/isaac_ros_ws/install/custom_nitros_message_filter_interfaces/include/custom_nitros_message_filter_interfaces/custom_nitros_message_filter_interfaces/msg/detail/sync_status__struct.h
[2.634s] -- Symlinking: /home/sophie/visionaid/isaac_ros_ws/install/custom_nitros_message_filter_interfaces/include/custom_nitros_message_filter_interfaces/custom_nitros_message_filter_interfaces/msg/detail/sync_status__type_support.h
[2.639s] -- Symlinking: /home/sophie/visionaid/isaac_ros_ws/install/custom_nitros_message_filter_interfaces/include/custom_nitros_message_filter_interfaces/custom_nitros_message_filter_interfaces/msg/rosidl_generator_c__visibility_control.h
[2.646s] -- Symlinking: /home/sophie/visionaid/isaac_ros_ws/install/custom_nitros_message_filter_interfaces/include/custom_nitros_message_filter_interfaces/custom_nitros_message_filter_interfaces/msg/sync_status.h
[2.651s] -- Symlinking: /home/sophie/visionaid/isaac_ros_ws/install/custom_nitros_message_filter_interfaces/share/custom_nitros_message_filter_interfaces/environment/library_path.sh
[2.658s] -- Symlinking: /home/sophie/visionaid/isaac_ros_ws/install/custom_nitros_message_filter_interfaces/share/custom_nitros_message_filter_interfaces/environment/library_path.dsv
[2.663s] -- Symlinking: /home/sophie/visionaid/isaac_ros_ws/install/custom_nitros_message_filter_interfaces/include/custom_nitros_message_filter_interfaces/custom_nitros_message_filter_interfaces/msg/detail/sync_status__rosidl_typesupport_fastrtps_c.h
[2.670s] -- Symlinking: /home/sophie/visionaid/isaac_ros_ws/install/custom_nitros_message_filter_interfaces/include/custom_nitros_message_filter_interfaces/custom_nitros_message_filter_interfaces/msg/rosidl_typesupport_fastrtps_c__visibility_control.h
[2.676s] -- Symlinking: /home/sophie/visionaid/isaac_ros_ws/install/custom_nitros_message_filter_interfaces/include/custom_nitros_message_filter_interfaces/custom_nitros_message_filter_interfaces/msg/detail/sync_status__builder.hpp
[2.683s] -- Symlinking: /home/sophie/visionaid/isaac_ros_ws/install/custom_nitros_message_filter_interfaces/include/custom_nitros_message_filter_interfaces/custom_nitros_message_filter_interfaces/msg/detail/sync_status__struct.hpp
[2.690s] -- Symlinking: /home/sophie/visionaid/isaac_ros_ws/install/custom_nitros_message_filter_interfaces/include/custom_nitros_message_filter_interfaces/custom_nitros_message_filter_interfaces/msg/detail/sync_status__traits.hpp
[2.696s] -- Symlinking: /home/sophie/visionaid/isaac_ros_ws/install/custom_nitros_message_filter_interfaces/include/custom_nitros_message_filter_interfaces/custom_nitros_message_filter_interfaces/msg/detail/sync_status__type_support.hpp
[2.701s] -- Symlinking: /home/sophie/visionaid/isaac_ros_ws/install/custom_nitros_message_filter_interfaces/include/custom_nitros_message_filter_interfaces/custom_nitros_message_filter_interfaces/msg/rosidl_generator_cpp__visibility_control.hpp
[2.707s] -- Symlinking: /home/sophie/visionaid/isaac_ros_ws/install/custom_nitros_message_filter_interfaces/include/custom_nitros_message_filter_interfaces/custom_nitros_message_filter_interfaces/msg/sync_status.hpp
[2.715s] -- Symlinking: /home/sophie/visionaid/isaac_ros_ws/install/custom_nitros_message_filter_interfaces/include/custom_nitros_message_filter_interfaces/custom_nitros_message_filter_interfaces/msg/detail/sync_status__rosidl_typesupport_fastrtps_cpp.hpp
[2.721s] -- Symlinking: /home/sophie/visionaid/isaac_ros_ws/install/custom_nitros_message_filter_interfaces/include/custom_nitros_message_filter_interfaces/custom_nitros_message_filter_interfaces/msg/rosidl_typesupport_fastrtps_cpp__visibility_control.h
[2.728s] -- Symlinking: /home/sophie/visionaid/isaac_ros_ws/install/custom_nitros_message_filter_interfaces/include/custom_nitros_message_filter_interfaces/custom_nitros_message_filter_interfaces/msg/detail/sync_status__rosidl_typesupport_introspection_c.h
[2.736s] -- Symlinking: /home/sophie/visionaid/isaac_ros_ws/install/custom_nitros_message_filter_interfaces/include/custom_nitros_message_filter_interfaces/custom_nitros_message_filter_interfaces/msg/rosidl_typesupport_introspection_c__visibility_control.h
[2.741s] -- Symlinking: /home/sophie/visionaid/isaac_ros_ws/install/custom_nitros_message_filter_interfaces/include/custom_nitros_message_filter_interfaces/custom_nitros_message_filter_interfaces/msg/detail/sync_status__rosidl_typesupport_introspection_cpp.hpp
[2.748s] -- Symlinking: /home/sophie/visionaid/isaac_ros_ws/install/custom_nitros_message_filter_interfaces/share/custom_nitros_message_filter_interfaces/environment/pythonpath.sh
[2.754s] -- Symlinking: /home/sophie/visionaid/isaac_ros_ws/install/custom_nitros_message_filter_interfaces/share/custom_nitros_message_filter_interfaces/environment/pythonpath.dsv
[2.761s] -- Symlinking: /home/sophie/visionaid/isaac_ros_ws/install/custom_nitros_message_filter_interfaces/local/lib/python3.10/dist-packages/custom_nitros_message_filter_interfaces-3.2.5-py3.10.egg-info/PKG-INFO
[2.768s] -- Symlinking: /home/sophie/visionaid/isaac_ros_ws/install/custom_nitros_message_filter_interfaces/local/lib/python3.10/dist-packages/custom_nitros_message_filter_interfaces-3.2.5-py3.10.egg-info/SOURCES.txt
[2.774s] -- Symlinking: /home/sophie/visionaid/isaac_ros_ws/install/custom_nitros_message_filter_interfaces/local/lib/python3.10/dist-packages/custom_nitros_message_filter_interfaces-3.2.5-py3.10.egg-info/dependency_links.txt
[2.780s] -- Symlinking: /home/sophie/visionaid/isaac_ros_ws/install/custom_nitros_message_filter_interfaces/local/lib/python3.10/dist-packages/custom_nitros_message_filter_interfaces-3.2.5-py3.10.egg-info/top_level.txt
[2.786s] -- Symlinking: /home/sophie/visionaid/isaac_ros_ws/install/custom_nitros_message_filter_interfaces/local/lib/python3.10/dist-packages/custom_nitros_message_filter_interfaces/__init__.py
[2.793s] -- Symlinking: /home/sophie/visionaid/isaac_ros_ws/install/custom_nitros_message_filter_interfaces/local/lib/python3.10/dist-packages/custom_nitros_message_filter_interfaces/_custom_nitros_message_filter_interfaces_s.ep.rosidl_typesupport_c.c
[2.800s] -- Symlinking: /home/sophie/visionaid/isaac_ros_ws/install/custom_nitros_message_filter_interfaces/local/lib/python3.10/dist-packages/custom_nitros_message_filter_interfaces/_custom_nitros_message_filter_interfaces_s.ep.rosidl_typesupport_fastrtps_c.c
[2.808s] -- Symlinking: /home/sophie/visionaid/isaac_ros_ws/install/custom_nitros_message_filter_interfaces/local/lib/python3.10/dist-packages/custom_nitros_message_filter_interfaces/_custom_nitros_message_filter_interfaces_s.ep.rosidl_typesupport_introspection_c.c
[2.815s] -- Symlinking: /home/sophie/visionaid/isaac_ros_ws/install/custom_nitros_message_filter_interfaces/local/lib/python3.10/dist-packages/custom_nitros_message_filter_interfaces/custom_nitros_message_filter_interfaces_s__rosidl_typesupport_c.cpython-310-x86_64-linux-gnu.so
[2.821s] -- Symlinking: /home/sophie/visionaid/isaac_ros_ws/install/custom_nitros_message_filter_interfaces/local/lib/python3.10/dist-packages/custom_nitros_message_filter_interfaces/custom_nitros_message_filter_interfaces_s__rosidl_typesupport_fastrtps_c.cpython-310-x86_64-linux-gnu.so
[2.828s] -- Symlinking: /home/sophie/visionaid/isaac_ros_ws/install/custom_nitros_message_filter_interfaces/local/lib/python3.10/dist-packages/custom_nitros_message_filter_interfaces/custom_nitros_message_filter_interfaces_s__rosidl_typesupport_introspection_c.cpython-310-x86_64-linux-gnu.so
[2.835s] -- Symlinking: /home/sophie/visionaid/isaac_ros_ws/install/custom_nitros_message_filter_interfaces/local/lib/python3.10/dist-packages/custom_nitros_message_filter_interfaces/libcustom_nitros_message_filter_interfaces__rosidl_generator_py.so
[2.841s] -- Symlinking: /home/sophie/visionaid/isaac_ros_ws/install/custom_nitros_message_filter_interfaces/local/lib/python3.10/dist-packages/custom_nitros_message_filter_interfaces/msg/__init__.py
[2.852s] -- Symlinking: /home/sophie/visionaid/isaac_ros_ws/install/custom_nitros_message_filter_interfaces/local/lib/python3.10/dist-packages/custom_nitros_message_filter_interfaces/msg/_sync_status.py
[2.860s] -- Symlinking: /home/sophie/visionaid/isaac_ros_ws/install/custom_nitros_message_filter_interfaces/local/lib/python3.10/dist-packages/custom_nitros_message_filter_interfaces/msg/_sync_status_s.c
[2.870s] -- Up-to-date symlink: /home/sophie/visionaid/isaac_ros_ws/install/custom_nitros_message_filter_interfaces/local/lib/python3.10/dist-packages/custom_nitros_message_filter_interfaces/custom_nitros_message_filter_interfaces_s__rosidl_typesupport_fastrtps_c.cpython-310-x86_64-linux-gnu.so
[2.870s] -- Up-to-date symlink: /home/sophie/visionaid/isaac_ros_ws/install/custom_nitros_message_filter_interfaces/local/lib/python3.10/dist-packages/custom_nitros_message_filter_interfaces/custom_nitros_message_filter_interfaces_s__rosidl_typesupport_introspection_c.cpython-310-x86_64-linux-gnu.so
[2.870s] -- Up-to-date symlink: /home/sophie/visionaid/isaac_ros_ws/install/custom_nitros_message_filter_interfaces/local/lib/python3.10/dist-packages/custom_nitros_message_filter_interfaces/custom_nitros_message_filter_interfaces_s__rosidl_typesupport_c.cpython-310-x86_64-linux-gnu.so
[2.870s] -- Symlinking: /home/sophie/visionaid/isaac_ros_ws/install/custom_nitros_message_filter_interfaces/share/custom_nitros_message_filter_interfaces/msg/SyncStatus.idl
[2.876s] -- Symlinking: /home/sophie/visionaid/isaac_ros_ws/install/custom_nitros_message_filter_interfaces/share/custom_nitros_message_filter_interfaces/msg/SyncStatus.msg
[2.884s] -- Symlinking: /home/sophie/visionaid/isaac_ros_ws/install/custom_nitros_message_filter_interfaces/share/custom_nitros_message_filter_interfaces/version_info.yaml
[2.892s] -- Symlinking: /home/sophie/visionaid/isaac_ros_ws/install/custom_nitros_message_filter_interfaces/share/ament_index/resource_index/package_run_dependencies/custom_nitros_message_filter_interfaces
[2.901s] -- Symlinking: /home/sophie/visionaid/isaac_ros_ws/install/custom_nitros_message_filter_interfaces/share/ament_index/resource_index/parent_prefix_path/custom_nitros_message_filter_interfaces
[2.908s] -- Symlinking: /home/sophie/visionaid/isaac_ros_ws/install/custom_nitros_message_filter_interfaces/share/custom_nitros_message_filter_interfaces/environment/ament_prefix_path.sh
[2.914s] -- Symlinking: /home/sophie/visionaid/isaac_ros_ws/install/custom_nitros_message_filter_interfaces/share/custom_nitros_message_filter_interfaces/environment/ament_prefix_path.dsv
[2.920s] -- Symlinking: /home/sophie/visionaid/isaac_ros_ws/install/custom_nitros_message_filter_interfaces/share/custom_nitros_message_filter_interfaces/environment/path.sh
[2.926s] -- Symlinking: /home/sophie/visionaid/isaac_ros_ws/install/custom_nitros_message_filter_interfaces/share/custom_nitros_message_filter_interfaces/environment/path.dsv
[2.932s] -- Symlinking: /home/sophie/visionaid/isaac_ros_ws/install/custom_nitros_message_filter_interfaces/share/custom_nitros_message_filter_interfaces/local_setup.bash
[2.939s] -- Symlinking: /home/sophie/visionaid/isaac_ros_ws/install/custom_nitros_message_filter_interfaces/share/custom_nitros_message_filter_interfaces/local_setup.sh
[2.945s] -- Symlinking: /home/sophie/visionaid/isaac_ros_ws/install/custom_nitros_message_filter_interfaces/share/custom_nitros_message_filter_interfaces/local_setup.zsh
[2.950s] -- Symlinking: /home/sophie/visionaid/isaac_ros_ws/install/custom_nitros_message_filter_interfaces/share/custom_nitros_message_filter_interfaces/local_setup.dsv
[2.958s] -- Symlinking: /home/sophie/visionaid/isaac_ros_ws/install/custom_nitros_message_filter_interfaces/share/custom_nitros_message_filter_interfaces/package.dsv
[2.963s] -- Symlinking: /home/sophie/visionaid/isaac_ros_ws/install/custom_nitros_message_filter_interfaces/share/ament_index/resource_index/packages/custom_nitros_message_filter_interfaces
[2.968s] -- Symlinking: /home/sophie/visionaid/isaac_ros_ws/install/custom_nitros_message_filter_interfaces/share/custom_nitros_message_filter_interfaces/cmake/rosidl_cmake-extras.cmake
[2.974s] -- Symlinking: /home/sophie/visionaid/isaac_ros_ws/install/custom_nitros_message_filter_interfaces/share/custom_nitros_message_filter_interfaces/cmake/ament_cmake_export_dependencies-extras.cmake
[2.980s] -- Symlinking: /home/sophie/visionaid/isaac_ros_ws/install/custom_nitros_message_filter_interfaces/share/custom_nitros_message_filter_interfaces/cmake/ament_cmake_export_include_directories-extras.cmake
[2.986s] -- Symlinking: /home/sophie/visionaid/isaac_ros_ws/install/custom_nitros_message_filter_interfaces/share/custom_nitros_message_filter_interfaces/cmake/ament_cmake_export_libraries-extras.cmake
[2.992s] -- Symlinking: /home/sophie/visionaid/isaac_ros_ws/install/custom_nitros_message_filter_interfaces/share/custom_nitros_message_filter_interfaces/cmake/ament_cmake_export_targets-extras.cmake
[2.999s] -- Symlinking: /home/sophie/visionaid/isaac_ros_ws/install/custom_nitros_message_filter_interfaces/share/custom_nitros_message_filter_interfaces/cmake/rosidl_cmake_export_typesupport_targets-extras.cmake
[3.008s] -- Symlinking: /home/sophie/visionaid/isaac_ros_ws/install/custom_nitros_message_filter_interfaces/share/custom_nitros_message_filter_interfaces/cmake/rosidl_cmake_export_typesupport_libraries-extras.cmake
[3.014s] -- Symlinking: /home/sophie/visionaid/isaac_ros_ws/install/custom_nitros_message_filter_interfaces/share/custom_nitros_message_filter_interfaces/cmake/custom_nitros_message_filter_interfacesConfig.cmake
[3.020s] -- Symlinking: /home/sophie/visionaid/isaac_ros_ws/install/custom_nitros_message_filter_interfaces/share/custom_nitros_message_filter_interfaces/cmake/custom_nitros_message_filter_interfacesConfig-version.cmake
[3.027s] -- Symlinking: /home/sophie/visionaid/isaac_ros_ws/install/custom_nitros_message_filter_interfaces/share/custom_nitros_message_filter_interfaces/package.xml
[3.034s] -- Installing: /home/sophie/visionaid/isaac_ros_ws/install/custom_nitros_message_filter_interfaces/lib/libcustom_nitros_message_filter_interfaces__rosidl_generator_c.so
[3.034s] -- Set runtime path of "/home/sophie/visionaid/isaac_ros_ws/install/custom_nitros_message_filter_interfaces/lib/libcustom_nitros_message_filter_interfaces__rosidl_generator_c.so" to ""
[3.034s] -- Installing: /home/sophie/visionaid/isaac_ros_ws/install/custom_nitros_message_filter_interfaces/lib/libcustom_nitros_message_filter_interfaces__rosidl_typesupport_fastrtps_c.so
[3.034s] -- Set runtime path of "/home/sophie/visionaid/isaac_ros_ws/install/custom_nitros_message_filter_interfaces/lib/libcustom_nitros_message_filter_interfaces__rosidl_typesupport_fastrtps_c.so" to ""
[3.034s] -- Installing: /home/sophie/visionaid/isaac_ros_ws/install/custom_nitros_message_filter_interfaces/lib/libcustom_nitros_message_filter_interfaces__rosidl_typesupport_fastrtps_cpp.so
[3.034s] -- Set runtime path of "/home/sophie/visionaid/isaac_ros_ws/install/custom_nitros_message_filter_interfaces/lib/libcustom_nitros_message_filter_interfaces__rosidl_typesupport_fastrtps_cpp.so" to ""
[3.034s] -- Installing: /home/sophie/visionaid/isaac_ros_ws/install/custom_nitros_message_filter_interfaces/lib/libcustom_nitros_message_filter_interfaces__rosidl_typesupport_introspection_c.so
[3.034s] -- Set runtime path of "/home/sophie/visionaid/isaac_ros_ws/install/custom_nitros_message_filter_interfaces/lib/libcustom_nitros_message_filter_interfaces__rosidl_typesupport_introspection_c.so" to ""
[3.035s] -- Installing: /home/sophie/visionaid/isaac_ros_ws/install/custom_nitros_message_filter_interfaces/lib/libcustom_nitros_message_filter_interfaces__rosidl_typesupport_c.so
[3.035s] -- Set runtime path of "/home/sophie/visionaid/isaac_ros_ws/install/custom_nitros_message_filter_interfaces/lib/libcustom_nitros_message_filter_interfaces__rosidl_typesupport_c.so" to ""
[3.035s] -- Installing: /home/sophie/visionaid/isaac_ros_ws/install/custom_nitros_message_filter_interfaces/lib/libcustom_nitros_message_filter_interfaces__rosidl_typesupport_introspection_cpp.so
[3.035s] -- Set runtime path of "/home/sophie/visionaid/isaac_ros_ws/install/custom_nitros_message_filter_interfaces/lib/libcustom_nitros_message_filter_interfaces__rosidl_typesupport_introspection_cpp.so" to ""
[3.035s] -- Installing: /home/sophie/visionaid/isaac_ros_ws/install/custom_nitros_message_filter_interfaces/lib/libcustom_nitros_message_filter_interfaces__rosidl_typesupport_cpp.so
[3.035s] -- Set runtime path of "/home/sophie/visionaid/isaac_ros_ws/install/custom_nitros_message_filter_interfaces/lib/libcustom_nitros_message_filter_interfaces__rosidl_typesupport_cpp.so" to ""
[3.061s] Listing '/home/sophie/visionaid/isaac_ros_ws/install/custom_nitros_message_filter_interfaces/local/lib/python3.10/dist-packages/custom_nitros_message_filter_interfaces'...
[3.061s] Compiling '/home/sophie/visionaid/isaac_ros_ws/install/custom_nitros_message_filter_interfaces/local/lib/python3.10/dist-packages/custom_nitros_message_filter_interfaces/__init__.py'...
[3.061s] Listing '/home/sophie/visionaid/isaac_ros_ws/install/custom_nitros_message_filter_interfaces/local/lib/python3.10/dist-packages/custom_nitros_message_filter_interfaces/msg'...
[3.061s] Compiling '/home/sophie/visionaid/isaac_ros_ws/install/custom_nitros_message_filter_interfaces/local/lib/python3.10/dist-packages/custom_nitros_message_filter_interfaces/msg/__init__.py'...
[3.061s] Compiling '/home/sophie/visionaid/isaac_ros_ws/install/custom_nitros_message_filter_interfaces/local/lib/python3.10/dist-packages/custom_nitros_message_filter_interfaces/msg/_sync_status.py'...
[3.065s] -- Installing: /home/sophie/visionaid/isaac_ros_ws/install/custom_nitros_message_filter_interfaces/lib/libcustom_nitros_message_filter_interfaces__rosidl_generator_py.so
[3.065s] -- Set runtime path of "/home/sophie/visionaid/isaac_ros_ws/install/custom_nitros_message_filter_interfaces/lib/libcustom_nitros_message_filter_interfaces__rosidl_generator_py.so" to ""
[3.065s] -- Installing: /home/sophie/visionaid/isaac_ros_ws/install/custom_nitros_message_filter_interfaces/share/custom_nitros_message_filter_interfaces/cmake/export_custom_nitros_message_filter_interfaces__rosidl_generator_cExport.cmake
[3.065s] -- Installing: /home/sophie/visionaid/isaac_ros_ws/install/custom_nitros_message_filter_interfaces/share/custom_nitros_message_filter_interfaces/cmake/export_custom_nitros_message_filter_interfaces__rosidl_generator_cExport-release.cmake
[3.066s] -- Installing: /home/sophie/visionaid/isaac_ros_ws/install/custom_nitros_message_filter_interfaces/share/custom_nitros_message_filter_interfaces/cmake/export_custom_nitros_message_filter_interfaces__rosidl_typesupport_fastrtps_cExport.cmake
[3.066s] -- Installing: /home/sophie/visionaid/isaac_ros_ws/install/custom_nitros_message_filter_interfaces/share/custom_nitros_message_filter_interfaces/cmake/export_custom_nitros_message_filter_interfaces__rosidl_typesupport_fastrtps_cExport-release.cmake
[3.066s] -- Installing: /home/sophie/visionaid/isaac_ros_ws/install/custom_nitros_message_filter_interfaces/share/custom_nitros_message_filter_interfaces/cmake/export_custom_nitros_message_filter_interfaces__rosidl_generator_cppExport.cmake
[3.066s] -- Installing: /home/sophie/visionaid/isaac_ros_ws/install/custom_nitros_message_filter_interfaces/share/custom_nitros_message_filter_interfaces/cmake/export_custom_nitros_message_filter_interfaces__rosidl_typesupport_fastrtps_cppExport.cmake
[3.066s] -- Installing: /home/sophie/visionaid/isaac_ros_ws/install/custom_nitros_message_filter_interfaces/share/custom_nitros_message_filter_interfaces/cmake/export_custom_nitros_message_filter_interfaces__rosidl_typesupport_fastrtps_cppExport-release.cmake
[3.066s] -- Installing: /home/sophie/visionaid/isaac_ros_ws/install/custom_nitros_message_filter_interfaces/share/custom_nitros_message_filter_interfaces/cmake/custom_nitros_message_filter_interfaces__rosidl_typesupport_introspection_cExport.cmake
[3.066s] -- Installing: /home/sophie/visionaid/isaac_ros_ws/install/custom_nitros_message_filter_interfaces/share/custom_nitros_message_filter_interfaces/cmake/custom_nitros_message_filter_interfaces__rosidl_typesupport_introspection_cExport-release.cmake
[3.066s] -- Installing: /home/sophie/visionaid/isaac_ros_ws/install/custom_nitros_message_filter_interfaces/share/custom_nitros_message_filter_interfaces/cmake/custom_nitros_message_filter_interfaces__rosidl_typesupport_cExport.cmake
[3.066s] -- Installing: /home/sophie/visionaid/isaac_ros_ws/install/custom_nitros_message_filter_interfaces/share/custom_nitros_message_filter_interfaces/cmake/custom_nitros_message_filter_interfaces__rosidl_typesupport_cExport-release.cmake
[3.066s] -- Installing: /home/sophie/visionaid/isaac_ros_ws/install/custom_nitros_message_filter_interfaces/share/custom_nitros_message_filter_interfaces/cmake/custom_nitros_message_filter_interfaces__rosidl_typesupport_introspection_cppExport.cmake
[3.066s] -- Installing: /home/sophie/visionaid/isaac_ros_ws/install/custom_nitros_message_filter_interfaces/share/custom_nitros_message_filter_interfaces/cmake/custom_nitros_message_filter_interfaces__rosidl_typesupport_introspection_cppExport-release.cmake
[3.066s] -- Installing: /home/sophie/visionaid/isaac_ros_ws/install/custom_nitros_message_filter_interfaces/share/custom_nitros_message_filter_interfaces/cmake/custom_nitros_message_filter_interfaces__rosidl_typesupport_cppExport.cmake
[3.066s] -- Installing: /home/sophie/visionaid/isaac_ros_ws/install/custom_nitros_message_filter_interfaces/share/custom_nitros_message_filter_interfaces/cmake/custom_nitros_message_filter_interfaces__rosidl_typesupport_cppExport-release.cmake
[3.066s] -- Installing: /home/sophie/visionaid/isaac_ros_ws/install/custom_nitros_message_filter_interfaces/share/custom_nitros_message_filter_interfaces/cmake/export_custom_nitros_message_filter_interfaces__rosidl_generator_pyExport.cmake
[3.066s] -- Installing: /home/sophie/visionaid/isaac_ros_ws/install/custom_nitros_message_filter_interfaces/share/custom_nitros_message_filter_interfaces/cmake/export_custom_nitros_message_filter_interfaces__rosidl_generator_pyExport-release.cmake
[3.068s] Invoked command in '/home/sophie/visionaid/isaac_ros_ws/build/custom_nitros_message_filter_interfaces' returned '0': AMENT_PREFIX_PATH=/home/sophie/visionaid/isaac_ros_ws/install/isaac_ros_common:${AMENT_PREFIX_PATH} CMAKE_PREFIX_PATH=/home/sophie/visionaid/isaac_ros_ws/install/isaac_ros_common:/opt/ros/humble LD_LIBRARY_PATH=/home/sophie/visionaid/isaac_ros_ws/install/isaac_ros_common/lib:${LD_LIBRARY_PATH} PATH=/home/sophie/visionaid/isaac_ros_ws/install/isaac_ros_common/bin:${PATH} PYTHONPATH=/home/sophie/visionaid/isaac_ros_ws/install/isaac_ros_common/local/lib/python3.10/dist-packages:${PYTHONPATH} /usr/bin/cmake --install /home/sophie/visionaid/isaac_ros_ws/build/custom_nitros_message_filter_interfaces
