[0.008s] Invoking command in '/home/sophie/visionaid/isaac_ros_ws/build/gxf_isaac_localization': AMENT_PREFIX_PATH=/home/sophie/visionaid/isaac_ros_ws/install/isaac_ros_gxf:/home/sophie/visionaid/isaac_ros_ws/install/isaac_ros_common:${AMENT_PREFIX_PATH} CMAKE_PREFIX_PATH=/home/sophie/visionaid/isaac_ros_ws/install/isaac_ros_gxf:/home/sophie/visionaid/isaac_ros_ws/install/isaac_ros_common:/opt/ros/humble LD_LIBRARY_PATH=/home/sophie/visionaid/isaac_ros_ws/install/isaac_ros_gxf/lib:/home/sophie/visionaid/isaac_ros_ws/install/isaac_ros_common/lib:${LD_LIBRARY_PATH} PATH=/home/sophie/visionaid/isaac_ros_ws/install/isaac_ros_common/bin:${PATH} PYTHONPATH=/home/sophie/visionaid/isaac_ros_ws/install/isaac_ros_common/local/lib/python3.10/dist-packages:${PYTHONPATH} /usr/bin/cmake /home/sophie/visionaid/isaac_ros_ws/src/isaac_ros_nitros/isaac_ros_gxf_extensions/gxf_isaac_localization -DCMAKE_BUILD_TYPE=Release -DBUILD_TESTING=OFF -DCMAKE_CUDA_ARCHITECTURES=89 -DAMENT_CMAKE_SYMLINK_INSTALL=1 -DCMAKE_INSTALL_PREFIX=/home/sophie/visionaid/isaac_ros_ws/install/gxf_isaac_localization
[0.045s] -- The C compiler identification is GNU 11.4.0
[0.080s] -- The CXX compiler identification is GNU 11.4.0
[0.084s] -- Detecting C compiler ABI info
[0.131s] -- Detecting C compiler ABI info - done
[0.139s] -- Check for working C compiler: /usr/bin/cc - skipped
[0.139s] -- Detecting C compile features
[0.139s] -- Detecting C compile features - done
[0.141s] -- Detecting CXX compiler ABI info
[0.195s] -- Detecting CXX compiler ABI info - done
[0.202s] -- Check for working CXX compiler: /usr/bin/c++ - skipped
[0.203s] -- Detecting CXX compile features
[0.203s] -- Detecting CXX compile features - done
[0.204s] -- Found ament_cmake_auto: 1.3.11 (/opt/ros/humble/share/ament_cmake_auto/cmake)
[0.303s] -- Found Python3: /usr/bin/python3 (found version "3.10.12") found components: Interpreter 
[0.340s] -- Override CMake install command with custom implementation using symlinks instead of copying resources
[0.390s] -- Loading isaac_ros_common extras
[0.391s] -- CMAKE_BUILD_TYPE: Release
[0.407s] -- Looking for pthread.h
[0.464s] -- Looking for pthread.h - found
[0.465s] -- Performing Test CMAKE_HAVE_LIBC_PTHREAD
[0.521s] -- Performing Test CMAKE_HAVE_LIBC_PTHREAD - Success
[0.522s] -- Found Threads: TRUE  
[0.530s] -- Found CUDA: /usr/local/cuda-12.8 (found version "12.8") 
[0.530s] -- CUDA architectures: 89
[0.530s] -- Loading isaac_ros_common extras (modules)
[0.548s] -- Found rosidl_generator_c: 3.1.6 (/opt/ros/humble/share/rosidl_generator_c/cmake)
[0.550s] -- Found rosidl_adapter: 3.1.6 (/opt/ros/humble/share/rosidl_adapter/cmake)
[0.554s] -- Found rosidl_generator_cpp: 3.1.6 (/opt/ros/humble/share/rosidl_generator_cpp/cmake)
[0.560s] -- Using all available rosidl_typesupport_c: rosidl_typesupport_fastrtps_c;rosidl_typesupport_introspection_c
[0.568s] -- Using all available rosidl_typesupport_cpp: rosidl_typesupport_fastrtps_cpp;rosidl_typesupport_introspection_cpp
[0.590s] -- Found rmw_implementation_cmake: 6.1.2 (/opt/ros/humble/share/rmw_implementation_cmake/cmake)
[0.591s] -- Found rmw_fastrtps_cpp: 6.2.7 (/opt/ros/humble/share/rmw_fastrtps_cpp/cmake)
[0.660s] -- Found OpenSSL: /usr/lib/x86_64-linux-gnu/libcrypto.so (found version "3.0.2")  
[0.674s] -- Found FastRTPS: /opt/ros/humble/include  
[0.700s] -- Using RMW implementation 'rmw_fastrtps_cpp' as default
[0.731s] -- Loading isaac_ros_gxf extras
[0.773s] -- Configuring done
[0.776s] -- Generating done
[0.777s] -- Build files have been written to: /home/sophie/visionaid/isaac_ros_ws/build/gxf_isaac_localization
[0.786s] Invoked command in '/home/sophie/visionaid/isaac_ros_ws/build/gxf_isaac_localization' returned '0': AMENT_PREFIX_PATH=/home/sophie/visionaid/isaac_ros_ws/install/isaac_ros_gxf:/home/sophie/visionaid/isaac_ros_ws/install/isaac_ros_common:${AMENT_PREFIX_PATH} CMAKE_PREFIX_PATH=/home/sophie/visionaid/isaac_ros_ws/install/isaac_ros_gxf:/home/sophie/visionaid/isaac_ros_ws/install/isaac_ros_common:/opt/ros/humble LD_LIBRARY_PATH=/home/sophie/visionaid/isaac_ros_ws/install/isaac_ros_gxf/lib:/home/sophie/visionaid/isaac_ros_ws/install/isaac_ros_common/lib:${LD_LIBRARY_PATH} PATH=/home/sophie/visionaid/isaac_ros_ws/install/isaac_ros_common/bin:${PATH} PYTHONPATH=/home/sophie/visionaid/isaac_ros_ws/install/isaac_ros_common/local/lib/python3.10/dist-packages:${PYTHONPATH} /usr/bin/cmake /home/sophie/visionaid/isaac_ros_ws/src/isaac_ros_nitros/isaac_ros_gxf_extensions/gxf_isaac_localization -DCMAKE_BUILD_TYPE=Release -DBUILD_TESTING=OFF -DCMAKE_CUDA_ARCHITECTURES=89 -DAMENT_CMAKE_SYMLINK_INSTALL=1 -DCMAKE_INSTALL_PREFIX=/home/sophie/visionaid/isaac_ros_ws/install/gxf_isaac_localization
[0.787s] Invoking command in '/home/sophie/visionaid/isaac_ros_ws/build/gxf_isaac_localization': AMENT_PREFIX_PATH=/home/sophie/visionaid/isaac_ros_ws/install/isaac_ros_gxf:/home/sophie/visionaid/isaac_ros_ws/install/isaac_ros_common:${AMENT_PREFIX_PATH} CMAKE_PREFIX_PATH=/home/sophie/visionaid/isaac_ros_ws/install/isaac_ros_gxf:/home/sophie/visionaid/isaac_ros_ws/install/isaac_ros_common:/opt/ros/humble LD_LIBRARY_PATH=/home/sophie/visionaid/isaac_ros_ws/install/isaac_ros_gxf/lib:/home/sophie/visionaid/isaac_ros_ws/install/isaac_ros_common/lib:${LD_LIBRARY_PATH} PATH=/home/sophie/visionaid/isaac_ros_ws/install/isaac_ros_common/bin:${PATH} PYTHONPATH=/home/sophie/visionaid/isaac_ros_ws/install/isaac_ros_common/local/lib/python3.10/dist-packages:${PYTHONPATH} /usr/bin/cmake --build /home/sophie/visionaid/isaac_ros_ws/build/gxf_isaac_localization -- -j22 -l22
[0.826s] [100%] [34m[1mGenerating version information as YAML[0m
[0.880s] [100%] Built target generate_version_info_target_gxf_isaac_localization
[0.888s] Invoked command in '/home/sophie/visionaid/isaac_ros_ws/build/gxf_isaac_localization' returned '0': AMENT_PREFIX_PATH=/home/sophie/visionaid/isaac_ros_ws/install/isaac_ros_gxf:/home/sophie/visionaid/isaac_ros_ws/install/isaac_ros_common:${AMENT_PREFIX_PATH} CMAKE_PREFIX_PATH=/home/sophie/visionaid/isaac_ros_ws/install/isaac_ros_gxf:/home/sophie/visionaid/isaac_ros_ws/install/isaac_ros_common:/opt/ros/humble LD_LIBRARY_PATH=/home/sophie/visionaid/isaac_ros_ws/install/isaac_ros_gxf/lib:/home/sophie/visionaid/isaac_ros_ws/install/isaac_ros_common/lib:${LD_LIBRARY_PATH} PATH=/home/sophie/visionaid/isaac_ros_ws/install/isaac_ros_common/bin:${PATH} PYTHONPATH=/home/sophie/visionaid/isaac_ros_ws/install/isaac_ros_common/local/lib/python3.10/dist-packages:${PYTHONPATH} /usr/bin/cmake --build /home/sophie/visionaid/isaac_ros_ws/build/gxf_isaac_localization -- -j22 -l22
[0.890s] Invoking command in '/home/sophie/visionaid/isaac_ros_ws/build/gxf_isaac_localization': AMENT_PREFIX_PATH=/home/sophie/visionaid/isaac_ros_ws/install/isaac_ros_gxf:/home/sophie/visionaid/isaac_ros_ws/install/isaac_ros_common:${AMENT_PREFIX_PATH} CMAKE_PREFIX_PATH=/home/sophie/visionaid/isaac_ros_ws/install/isaac_ros_gxf:/home/sophie/visionaid/isaac_ros_ws/install/isaac_ros_common:/opt/ros/humble LD_LIBRARY_PATH=/home/sophie/visionaid/isaac_ros_ws/install/isaac_ros_gxf/lib:/home/sophie/visionaid/isaac_ros_ws/install/isaac_ros_common/lib:${LD_LIBRARY_PATH} PATH=/home/sophie/visionaid/isaac_ros_ws/install/isaac_ros_common/bin:${PATH} PYTHONPATH=/home/sophie/visionaid/isaac_ros_ws/install/isaac_ros_common/local/lib/python3.10/dist-packages:${PYTHONPATH} /usr/bin/cmake --install /home/sophie/visionaid/isaac_ros_ws/build/gxf_isaac_localization
[0.897s] -- Install configuration: "Release"
[0.897s] -- Execute custom install script
[0.897s] -- Symlinking: /home/sophie/visionaid/isaac_ros_ws/install/gxf_isaac_localization/share/gxf_isaac_localization/gxf/lib/libgxf_isaac_localization.so
[0.906s] -- Symlinking: /home/sophie/visionaid/isaac_ros_ws/install/gxf_isaac_localization/share/gxf_isaac_localization/environment/library_path.sh
[0.912s] -- Symlinking: /home/sophie/visionaid/isaac_ros_ws/install/gxf_isaac_localization/share/gxf_isaac_localization/environment/library_path.dsv
[0.918s] -- Symlinking: /home/sophie/visionaid/isaac_ros_ws/install/gxf_isaac_localization/share/gxf_isaac_localization/version_info.yaml
[0.925s] -- Symlinking: /home/sophie/visionaid/isaac_ros_ws/install/gxf_isaac_localization/share/ament_index/resource_index/package_run_dependencies/gxf_isaac_localization
[0.930s] -- Symlinking: /home/sophie/visionaid/isaac_ros_ws/install/gxf_isaac_localization/share/ament_index/resource_index/parent_prefix_path/gxf_isaac_localization
[0.934s] -- Symlinking: /home/sophie/visionaid/isaac_ros_ws/install/gxf_isaac_localization/share/gxf_isaac_localization/environment/ament_prefix_path.sh
[0.940s] -- Symlinking: /home/sophie/visionaid/isaac_ros_ws/install/gxf_isaac_localization/share/gxf_isaac_localization/environment/ament_prefix_path.dsv
[0.948s] -- Symlinking: /home/sophie/visionaid/isaac_ros_ws/install/gxf_isaac_localization/share/gxf_isaac_localization/environment/path.sh
[0.953s] -- Symlinking: /home/sophie/visionaid/isaac_ros_ws/install/gxf_isaac_localization/share/gxf_isaac_localization/environment/path.dsv
[0.960s] -- Symlinking: /home/sophie/visionaid/isaac_ros_ws/install/gxf_isaac_localization/share/gxf_isaac_localization/local_setup.bash
[0.966s] -- Symlinking: /home/sophie/visionaid/isaac_ros_ws/install/gxf_isaac_localization/share/gxf_isaac_localization/local_setup.sh
[0.973s] -- Symlinking: /home/sophie/visionaid/isaac_ros_ws/install/gxf_isaac_localization/share/gxf_isaac_localization/local_setup.zsh
[0.977s] -- Symlinking: /home/sophie/visionaid/isaac_ros_ws/install/gxf_isaac_localization/share/gxf_isaac_localization/local_setup.dsv
[0.983s] -- Symlinking: /home/sophie/visionaid/isaac_ros_ws/install/gxf_isaac_localization/share/gxf_isaac_localization/package.dsv
[0.990s] -- Symlinking: /home/sophie/visionaid/isaac_ros_ws/install/gxf_isaac_localization/share/ament_index/resource_index/packages/gxf_isaac_localization
[0.996s] -- Symlinking: /home/sophie/visionaid/isaac_ros_ws/install/gxf_isaac_localization/share/gxf_isaac_localization/cmake/ament_cmake_export_targets-extras.cmake
[1.002s] -- Symlinking: /home/sophie/visionaid/isaac_ros_ws/install/gxf_isaac_localization/share/gxf_isaac_localization/cmake/ament_cmake_export_dependencies-extras.cmake
[1.006s] -- Symlinking: /home/sophie/visionaid/isaac_ros_ws/install/gxf_isaac_localization/share/gxf_isaac_localization/cmake/gxf_isaac_localizationConfig.cmake
[1.011s] -- Symlinking: /home/sophie/visionaid/isaac_ros_ws/install/gxf_isaac_localization/share/gxf_isaac_localization/cmake/gxf_isaac_localizationConfig-version.cmake
[1.016s] -- Symlinking: /home/sophie/visionaid/isaac_ros_ws/install/gxf_isaac_localization/share/gxf_isaac_localization/package.xml
[1.021s] -- Installing: /home/sophie/visionaid/isaac_ros_ws/install/gxf_isaac_localization/share/gxf_isaac_localization/cmake/export_gxf_isaac_localizationExport.cmake
[1.024s] Invoked command in '/home/sophie/visionaid/isaac_ros_ws/build/gxf_isaac_localization' returned '0': AMENT_PREFIX_PATH=/home/sophie/visionaid/isaac_ros_ws/install/isaac_ros_gxf:/home/sophie/visionaid/isaac_ros_ws/install/isaac_ros_common:${AMENT_PREFIX_PATH} CMAKE_PREFIX_PATH=/home/sophie/visionaid/isaac_ros_ws/install/isaac_ros_gxf:/home/sophie/visionaid/isaac_ros_ws/install/isaac_ros_common:/opt/ros/humble LD_LIBRARY_PATH=/home/sophie/visionaid/isaac_ros_ws/install/isaac_ros_gxf/lib:/home/sophie/visionaid/isaac_ros_ws/install/isaac_ros_common/lib:${LD_LIBRARY_PATH} PATH=/home/sophie/visionaid/isaac_ros_ws/install/isaac_ros_common/bin:${PATH} PYTHONPATH=/home/sophie/visionaid/isaac_ros_ws/install/isaac_ros_common/local/lib/python3.10/dist-packages:${PYTHONPATH} /usr/bin/cmake --install /home/sophie/visionaid/isaac_ros_ws/build/gxf_isaac_localization
