[0.010s] Invoking command in '/home/sophie/visionaid/isaac_ros_ws/build/gxf_isaac_cuda': AMENT_PREFIX_PATH=/home/sophie/visionaid/isaac_ros_ws/install/isaac_ros_gxf:/home/sophie/visionaid/isaac_ros_ws/install/isaac_ros_common:${AMENT_PREFIX_PATH} CMAKE_PREFIX_PATH=/home/sophie/visionaid/isaac_ros_ws/install/isaac_ros_gxf:/home/sophie/visionaid/isaac_ros_ws/install/isaac_ros_common:/opt/ros/humble LD_LIBRARY_PATH=/home/sophie/visionaid/isaac_ros_ws/install/isaac_ros_gxf/lib:/home/sophie/visionaid/isaac_ros_ws/install/isaac_ros_common/lib:${LD_LIBRARY_PATH} PATH=/home/sophie/visionaid/isaac_ros_ws/install/isaac_ros_common/bin:${PATH} PYTHONPATH=/home/sophie/visionaid/isaac_ros_ws/install/isaac_ros_common/local/lib/python3.10/dist-packages:${PYTHONPATH} /usr/bin/cmake /home/sophie/visionaid/isaac_ros_ws/src/isaac_ros_nitros/isaac_ros_gxf_extensions/gxf_isaac_cuda -DCMAKE_BUILD_TYPE=Release -DBUILD_TESTING=OFF -DCMAKE_CUDA_ARCHITECTURES=89 -DAMENT_CMAKE_SYMLINK_INSTALL=1 -DCMAKE_INSTALL_PREFIX=/home/sophie/visionaid/isaac_ros_ws/install/gxf_isaac_cuda
[0.051s] -- The C compiler identification is GNU 11.4.0
[0.093s] -- The CXX compiler identification is GNU 11.4.0
[0.097s] -- Detecting C compiler ABI info
[0.152s] -- Detecting C compiler ABI info - done
[0.159s] -- Check for working C compiler: /usr/bin/cc - skipped
[0.159s] -- Detecting C compile features
[0.159s] -- Detecting C compile features - done
[0.163s] -- Detecting CXX compiler ABI info
[0.222s] -- Detecting CXX compiler ABI info - done
[0.228s] -- Check for working CXX compiler: /usr/bin/c++ - skipped
[0.228s] -- Detecting CXX compile features
[0.228s] -- Detecting CXX compile features - done
[0.229s] -- Found ament_cmake_auto: 1.3.11 (/opt/ros/humble/share/ament_cmake_auto/cmake)
[0.328s] -- Found Python3: /usr/bin/python3 (found version "3.10.12") found components: Interpreter 
[0.363s] -- Override CMake install command with custom implementation using symlinks instead of copying resources
[0.423s] -- Loading isaac_ros_common extras
[0.423s] -- CMAKE_BUILD_TYPE: Release
[0.435s] -- Looking for pthread.h
[0.485s] -- Looking for pthread.h - found
[0.486s] -- Performing Test CMAKE_HAVE_LIBC_PTHREAD
[0.540s] -- Performing Test CMAKE_HAVE_LIBC_PTHREAD - Success
[0.540s] -- Found Threads: TRUE  
[0.547s] -- Found CUDA: /usr/local/cuda-12.8 (found version "12.8") 
[0.547s] -- CUDA architectures: 89
[0.548s] -- Loading isaac_ros_common extras (modules)
[0.567s] -- Found rosidl_generator_c: 3.1.6 (/opt/ros/humble/share/rosidl_generator_c/cmake)
[0.569s] -- Found rosidl_adapter: 3.1.6 (/opt/ros/humble/share/rosidl_adapter/cmake)
[0.574s] -- Found rosidl_generator_cpp: 3.1.6 (/opt/ros/humble/share/rosidl_generator_cpp/cmake)
[0.581s] -- Using all available rosidl_typesupport_c: rosidl_typesupport_fastrtps_c;rosidl_typesupport_introspection_c
[0.590s] -- Using all available rosidl_typesupport_cpp: rosidl_typesupport_fastrtps_cpp;rosidl_typesupport_introspection_cpp
[0.618s] -- Found rmw_implementation_cmake: 6.1.2 (/opt/ros/humble/share/rmw_implementation_cmake/cmake)
[0.619s] -- Found rmw_fastrtps_cpp: 6.2.7 (/opt/ros/humble/share/rmw_fastrtps_cpp/cmake)
[0.687s] -- Found OpenSSL: /usr/lib/x86_64-linux-gnu/libcrypto.so (found version "3.0.2")  
[0.704s] -- Found FastRTPS: /opt/ros/humble/include  
[0.732s] -- Using RMW implementation 'rmw_fastrtps_cpp' as default
[0.767s] -- Loading isaac_ros_gxf extras
[0.809s] -- Configuring done
[0.813s] -- Generating done
[0.814s] -- Build files have been written to: /home/sophie/visionaid/isaac_ros_ws/build/gxf_isaac_cuda
[0.822s] Invoked command in '/home/sophie/visionaid/isaac_ros_ws/build/gxf_isaac_cuda' returned '0': AMENT_PREFIX_PATH=/home/sophie/visionaid/isaac_ros_ws/install/isaac_ros_gxf:/home/sophie/visionaid/isaac_ros_ws/install/isaac_ros_common:${AMENT_PREFIX_PATH} CMAKE_PREFIX_PATH=/home/sophie/visionaid/isaac_ros_ws/install/isaac_ros_gxf:/home/sophie/visionaid/isaac_ros_ws/install/isaac_ros_common:/opt/ros/humble LD_LIBRARY_PATH=/home/sophie/visionaid/isaac_ros_ws/install/isaac_ros_gxf/lib:/home/sophie/visionaid/isaac_ros_ws/install/isaac_ros_common/lib:${LD_LIBRARY_PATH} PATH=/home/sophie/visionaid/isaac_ros_ws/install/isaac_ros_common/bin:${PATH} PYTHONPATH=/home/sophie/visionaid/isaac_ros_ws/install/isaac_ros_common/local/lib/python3.10/dist-packages:${PYTHONPATH} /usr/bin/cmake /home/sophie/visionaid/isaac_ros_ws/src/isaac_ros_nitros/isaac_ros_gxf_extensions/gxf_isaac_cuda -DCMAKE_BUILD_TYPE=Release -DBUILD_TESTING=OFF -DCMAKE_CUDA_ARCHITECTURES=89 -DAMENT_CMAKE_SYMLINK_INSTALL=1 -DCMAKE_INSTALL_PREFIX=/home/sophie/visionaid/isaac_ros_ws/install/gxf_isaac_cuda
[0.823s] Invoking command in '/home/sophie/visionaid/isaac_ros_ws/build/gxf_isaac_cuda': AMENT_PREFIX_PATH=/home/sophie/visionaid/isaac_ros_ws/install/isaac_ros_gxf:/home/sophie/visionaid/isaac_ros_ws/install/isaac_ros_common:${AMENT_PREFIX_PATH} CMAKE_PREFIX_PATH=/home/sophie/visionaid/isaac_ros_ws/install/isaac_ros_gxf:/home/sophie/visionaid/isaac_ros_ws/install/isaac_ros_common:/opt/ros/humble LD_LIBRARY_PATH=/home/sophie/visionaid/isaac_ros_ws/install/isaac_ros_gxf/lib:/home/sophie/visionaid/isaac_ros_ws/install/isaac_ros_common/lib:${LD_LIBRARY_PATH} PATH=/home/sophie/visionaid/isaac_ros_ws/install/isaac_ros_common/bin:${PATH} PYTHONPATH=/home/sophie/visionaid/isaac_ros_ws/install/isaac_ros_common/local/lib/python3.10/dist-packages:${PYTHONPATH} /usr/bin/cmake --build /home/sophie/visionaid/isaac_ros_ws/build/gxf_isaac_cuda -- -j22 -l22
[0.865s] [100%] [34m[1mGenerating version information as YAML[0m
[0.932s] [100%] Built target generate_version_info_target_gxf_isaac_cuda
[0.942s] Invoked command in '/home/sophie/visionaid/isaac_ros_ws/build/gxf_isaac_cuda' returned '0': AMENT_PREFIX_PATH=/home/sophie/visionaid/isaac_ros_ws/install/isaac_ros_gxf:/home/sophie/visionaid/isaac_ros_ws/install/isaac_ros_common:${AMENT_PREFIX_PATH} CMAKE_PREFIX_PATH=/home/sophie/visionaid/isaac_ros_ws/install/isaac_ros_gxf:/home/sophie/visionaid/isaac_ros_ws/install/isaac_ros_common:/opt/ros/humble LD_LIBRARY_PATH=/home/sophie/visionaid/isaac_ros_ws/install/isaac_ros_gxf/lib:/home/sophie/visionaid/isaac_ros_ws/install/isaac_ros_common/lib:${LD_LIBRARY_PATH} PATH=/home/sophie/visionaid/isaac_ros_ws/install/isaac_ros_common/bin:${PATH} PYTHONPATH=/home/sophie/visionaid/isaac_ros_ws/install/isaac_ros_common/local/lib/python3.10/dist-packages:${PYTHONPATH} /usr/bin/cmake --build /home/sophie/visionaid/isaac_ros_ws/build/gxf_isaac_cuda -- -j22 -l22
[0.945s] Invoking command in '/home/sophie/visionaid/isaac_ros_ws/build/gxf_isaac_cuda': AMENT_PREFIX_PATH=/home/sophie/visionaid/isaac_ros_ws/install/isaac_ros_gxf:/home/sophie/visionaid/isaac_ros_ws/install/isaac_ros_common:${AMENT_PREFIX_PATH} CMAKE_PREFIX_PATH=/home/sophie/visionaid/isaac_ros_ws/install/isaac_ros_gxf:/home/sophie/visionaid/isaac_ros_ws/install/isaac_ros_common:/opt/ros/humble LD_LIBRARY_PATH=/home/sophie/visionaid/isaac_ros_ws/install/isaac_ros_gxf/lib:/home/sophie/visionaid/isaac_ros_ws/install/isaac_ros_common/lib:${LD_LIBRARY_PATH} PATH=/home/sophie/visionaid/isaac_ros_ws/install/isaac_ros_common/bin:${PATH} PYTHONPATH=/home/sophie/visionaid/isaac_ros_ws/install/isaac_ros_common/local/lib/python3.10/dist-packages:${PYTHONPATH} /usr/bin/cmake --install /home/sophie/visionaid/isaac_ros_ws/build/gxf_isaac_cuda
[0.950s] -- Install configuration: "Release"
[0.951s] -- Execute custom install script
[0.951s] -- Symlinking: /home/sophie/visionaid/isaac_ros_ws/install/gxf_isaac_cuda/share/gxf_isaac_cuda/gxf/lib/libgxf_isaac_cuda.so
[0.960s] -- Symlinking: /home/sophie/visionaid/isaac_ros_ws/install/gxf_isaac_cuda/share/gxf_isaac_cuda/environment/library_path.sh
[0.966s] -- Symlinking: /home/sophie/visionaid/isaac_ros_ws/install/gxf_isaac_cuda/share/gxf_isaac_cuda/environment/library_path.dsv
[0.973s] -- Symlinking: /home/sophie/visionaid/isaac_ros_ws/install/gxf_isaac_cuda/share/gxf_isaac_cuda/version_info.yaml
[0.980s] -- Symlinking: /home/sophie/visionaid/isaac_ros_ws/install/gxf_isaac_cuda/share/ament_index/resource_index/package_run_dependencies/gxf_isaac_cuda
[0.986s] -- Symlinking: /home/sophie/visionaid/isaac_ros_ws/install/gxf_isaac_cuda/share/ament_index/resource_index/parent_prefix_path/gxf_isaac_cuda
[0.993s] -- Symlinking: /home/sophie/visionaid/isaac_ros_ws/install/gxf_isaac_cuda/share/gxf_isaac_cuda/environment/ament_prefix_path.sh
[1.000s] -- Symlinking: /home/sophie/visionaid/isaac_ros_ws/install/gxf_isaac_cuda/share/gxf_isaac_cuda/environment/ament_prefix_path.dsv
[1.005s] -- Symlinking: /home/sophie/visionaid/isaac_ros_ws/install/gxf_isaac_cuda/share/gxf_isaac_cuda/environment/path.sh
[1.010s] -- Symlinking: /home/sophie/visionaid/isaac_ros_ws/install/gxf_isaac_cuda/share/gxf_isaac_cuda/environment/path.dsv
[1.017s] -- Symlinking: /home/sophie/visionaid/isaac_ros_ws/install/gxf_isaac_cuda/share/gxf_isaac_cuda/local_setup.bash
[1.023s] -- Symlinking: /home/sophie/visionaid/isaac_ros_ws/install/gxf_isaac_cuda/share/gxf_isaac_cuda/local_setup.sh
[1.029s] -- Symlinking: /home/sophie/visionaid/isaac_ros_ws/install/gxf_isaac_cuda/share/gxf_isaac_cuda/local_setup.zsh
[1.036s] -- Symlinking: /home/sophie/visionaid/isaac_ros_ws/install/gxf_isaac_cuda/share/gxf_isaac_cuda/local_setup.dsv
[1.042s] -- Symlinking: /home/sophie/visionaid/isaac_ros_ws/install/gxf_isaac_cuda/share/gxf_isaac_cuda/package.dsv
[1.051s] -- Symlinking: /home/sophie/visionaid/isaac_ros_ws/install/gxf_isaac_cuda/share/ament_index/resource_index/packages/gxf_isaac_cuda
[1.056s] -- Symlinking: /home/sophie/visionaid/isaac_ros_ws/install/gxf_isaac_cuda/share/gxf_isaac_cuda/cmake/ament_cmake_export_targets-extras.cmake
[1.065s] -- Symlinking: /home/sophie/visionaid/isaac_ros_ws/install/gxf_isaac_cuda/share/gxf_isaac_cuda/cmake/ament_cmake_export_dependencies-extras.cmake
[1.070s] -- Symlinking: /home/sophie/visionaid/isaac_ros_ws/install/gxf_isaac_cuda/share/gxf_isaac_cuda/cmake/gxf_isaac_cudaConfig.cmake
[1.076s] -- Symlinking: /home/sophie/visionaid/isaac_ros_ws/install/gxf_isaac_cuda/share/gxf_isaac_cuda/cmake/gxf_isaac_cudaConfig-version.cmake
[1.084s] -- Symlinking: /home/sophie/visionaid/isaac_ros_ws/install/gxf_isaac_cuda/share/gxf_isaac_cuda/package.xml
[1.088s] -- Installing: /home/sophie/visionaid/isaac_ros_ws/install/gxf_isaac_cuda/share/gxf_isaac_cuda/cmake/export_gxf_isaac_cudaExport.cmake
[1.090s] Invoked command in '/home/sophie/visionaid/isaac_ros_ws/build/gxf_isaac_cuda' returned '0': AMENT_PREFIX_PATH=/home/sophie/visionaid/isaac_ros_ws/install/isaac_ros_gxf:/home/sophie/visionaid/isaac_ros_ws/install/isaac_ros_common:${AMENT_PREFIX_PATH} CMAKE_PREFIX_PATH=/home/sophie/visionaid/isaac_ros_ws/install/isaac_ros_gxf:/home/sophie/visionaid/isaac_ros_ws/install/isaac_ros_common:/opt/ros/humble LD_LIBRARY_PATH=/home/sophie/visionaid/isaac_ros_ws/install/isaac_ros_gxf/lib:/home/sophie/visionaid/isaac_ros_ws/install/isaac_ros_common/lib:${LD_LIBRARY_PATH} PATH=/home/sophie/visionaid/isaac_ros_ws/install/isaac_ros_common/bin:${PATH} PYTHONPATH=/home/sophie/visionaid/isaac_ros_ws/install/isaac_ros_common/local/lib/python3.10/dist-packages:${PYTHONPATH} /usr/bin/cmake --install /home/sophie/visionaid/isaac_ros_ws/build/gxf_isaac_cuda
