[0.010s] Invoking command in '/home/sophie/visionaid/isaac_ros_ws/build/isaac_ros_gxf': AMENT_PREFIX_PATH=/home/sophie/visionaid/isaac_ros_ws/install/isaac_ros_common:${AMENT_PREFIX_PATH} CMAKE_PREFIX_PATH=/home/sophie/visionaid/isaac_ros_ws/install/isaac_ros_common:/opt/ros/humble LD_LIBRARY_PATH=/home/sophie/visionaid/isaac_ros_ws/install/isaac_ros_common/lib:${LD_LIBRARY_PATH} PATH=/home/sophie/visionaid/isaac_ros_ws/install/isaac_ros_common/bin:${PATH} PYTHONPATH=/home/sophie/visionaid/isaac_ros_ws/install/isaac_ros_common/local/lib/python3.10/dist-packages:${PYTHONPATH} /usr/bin/cmake /home/sophie/visionaid/isaac_ros_ws/src/isaac_ros_nitros/isaac_ros_gxf -DCMAKE_BUILD_TYPE=Release -DBUILD_TESTING=OFF -DCMAKE_CUDA_ARCHITECTURES=89 -DAMENT_CMAKE_SYMLINK_INSTALL=1 -DCMAKE_INSTALL_PREFIX=/home/sophie/visionaid/isaac_ros_ws/install/isaac_ros_gxf
[0.054s] -- The C compiler identification is GNU 11.4.0
[0.094s] -- The CXX compiler identification is GNU 11.4.0
[0.100s] -- Detecting C compiler ABI info
[0.159s] -- Detecting C compiler ABI info - done
[0.164s] -- Check for working C compiler: /usr/bin/cc - skipped
[0.164s] -- Detecting C compile features
[0.165s] -- Detecting C compile features - done
[0.166s] -- Detecting CXX compiler ABI info
[0.229s] -- Detecting CXX compiler ABI info - done
[0.234s] -- Check for working CXX compiler: /usr/bin/c++ - skipped
[0.234s] -- Detecting CXX compile features
[0.234s] -- Detecting CXX compile features - done
[0.237s] -- Architecture: x86_64
[0.237s] -- Found ament_cmake_auto: 1.3.11 (/opt/ros/humble/share/ament_cmake_auto/cmake)
[0.340s] -- Found Python3: /usr/bin/python3 (found version "3.10.12") found components: Interpreter 
[0.382s] -- Override CMake install command with custom implementation using symlinks instead of copying resources
[0.432s] -- Loading isaac_ros_common extras
[0.432s] -- CMAKE_BUILD_TYPE: Release
[0.449s] -- Looking for pthread.h
[0.501s] -- Looking for pthread.h - found
[0.502s] -- Performing Test CMAKE_HAVE_LIBC_PTHREAD
[0.559s] -- Performing Test CMAKE_HAVE_LIBC_PTHREAD - Success
[0.560s] -- Found Threads: TRUE  
[0.566s] -- Found CUDA: /usr/local/cuda-12.8 (found version "12.8") 
[0.567s] -- CUDA architectures: 89
[0.567s] -- Loading isaac_ros_common extras (modules)
[0.586s] -- Found rosidl_generator_c: 3.1.6 (/opt/ros/humble/share/rosidl_generator_c/cmake)
[0.589s] -- Found rosidl_adapter: 3.1.6 (/opt/ros/humble/share/rosidl_adapter/cmake)
[0.592s] -- Found rosidl_generator_cpp: 3.1.6 (/opt/ros/humble/share/rosidl_generator_cpp/cmake)
[0.598s] -- Using all available rosidl_typesupport_c: rosidl_typesupport_fastrtps_c;rosidl_typesupport_introspection_c
[0.607s] -- Using all available rosidl_typesupport_cpp: rosidl_typesupport_fastrtps_cpp;rosidl_typesupport_introspection_cpp
[0.629s] -- Found rmw_implementation_cmake: 6.1.2 (/opt/ros/humble/share/rmw_implementation_cmake/cmake)
[0.631s] -- Found rmw_fastrtps_cpp: 6.2.7 (/opt/ros/humble/share/rmw_fastrtps_cpp/cmake)
[0.692s] -- Found OpenSSL: /usr/lib/x86_64-linux-gnu/libcrypto.so (found version "3.0.2")  
[0.708s] -- Found FastRTPS: /opt/ros/humble/include  
[0.731s] -- Using RMW implementation 'rmw_fastrtps_cpp' as default
[0.804s] -- Configuring done
[0.807s] -- Generating done
[0.809s] -- Build files have been written to: /home/sophie/visionaid/isaac_ros_ws/build/isaac_ros_gxf
[0.817s] Invoked command in '/home/sophie/visionaid/isaac_ros_ws/build/isaac_ros_gxf' returned '0': AMENT_PREFIX_PATH=/home/sophie/visionaid/isaac_ros_ws/install/isaac_ros_common:${AMENT_PREFIX_PATH} CMAKE_PREFIX_PATH=/home/sophie/visionaid/isaac_ros_ws/install/isaac_ros_common:/opt/ros/humble LD_LIBRARY_PATH=/home/sophie/visionaid/isaac_ros_ws/install/isaac_ros_common/lib:${LD_LIBRARY_PATH} PATH=/home/sophie/visionaid/isaac_ros_ws/install/isaac_ros_common/bin:${PATH} PYTHONPATH=/home/sophie/visionaid/isaac_ros_ws/install/isaac_ros_common/local/lib/python3.10/dist-packages:${PYTHONPATH} /usr/bin/cmake /home/sophie/visionaid/isaac_ros_ws/src/isaac_ros_nitros/isaac_ros_gxf -DCMAKE_BUILD_TYPE=Release -DBUILD_TESTING=OFF -DCMAKE_CUDA_ARCHITECTURES=89 -DAMENT_CMAKE_SYMLINK_INSTALL=1 -DCMAKE_INSTALL_PREFIX=/home/sophie/visionaid/isaac_ros_ws/install/isaac_ros_gxf
[0.818s] Invoking command in '/home/sophie/visionaid/isaac_ros_ws/build/isaac_ros_gxf': AMENT_PREFIX_PATH=/home/sophie/visionaid/isaac_ros_ws/install/isaac_ros_common:${AMENT_PREFIX_PATH} CMAKE_PREFIX_PATH=/home/sophie/visionaid/isaac_ros_ws/install/isaac_ros_common:/opt/ros/humble LD_LIBRARY_PATH=/home/sophie/visionaid/isaac_ros_ws/install/isaac_ros_common/lib:${LD_LIBRARY_PATH} PATH=/home/sophie/visionaid/isaac_ros_ws/install/isaac_ros_common/bin:${PATH} PYTHONPATH=/home/sophie/visionaid/isaac_ros_ws/install/isaac_ros_common/local/lib/python3.10/dist-packages:${PYTHONPATH} /usr/bin/cmake --build /home/sophie/visionaid/isaac_ros_ws/build/isaac_ros_gxf -- -j22 -l22
[0.854s] [ 33%] [32mBuilding CXX object CMakeFiles/isaac_ros_gxf.dir/src/isaac_ros_gxf.cpp.o[0m
[0.854s] [ 66%] [34m[1mGenerating version information as YAML[0m
[0.867s] [100%] [32m[1mLinking CXX static library libisaac_ros_gxf.a[0m
[0.890s] [100%] Built target isaac_ros_gxf
[0.907s] [100%] Built target generate_version_info_target_isaac_ros_gxf
[0.915s] Invoked command in '/home/sophie/visionaid/isaac_ros_ws/build/isaac_ros_gxf' returned '0': AMENT_PREFIX_PATH=/home/sophie/visionaid/isaac_ros_ws/install/isaac_ros_common:${AMENT_PREFIX_PATH} CMAKE_PREFIX_PATH=/home/sophie/visionaid/isaac_ros_ws/install/isaac_ros_common:/opt/ros/humble LD_LIBRARY_PATH=/home/sophie/visionaid/isaac_ros_ws/install/isaac_ros_common/lib:${LD_LIBRARY_PATH} PATH=/home/sophie/visionaid/isaac_ros_ws/install/isaac_ros_common/bin:${PATH} PYTHONPATH=/home/sophie/visionaid/isaac_ros_ws/install/isaac_ros_common/local/lib/python3.10/dist-packages:${PYTHONPATH} /usr/bin/cmake --build /home/sophie/visionaid/isaac_ros_ws/build/isaac_ros_gxf -- -j22 -l22
[0.917s] Invoking command in '/home/sophie/visionaid/isaac_ros_ws/build/isaac_ros_gxf': AMENT_PREFIX_PATH=/home/sophie/visionaid/isaac_ros_ws/install/isaac_ros_common:${AMENT_PREFIX_PATH} CMAKE_PREFIX_PATH=/home/sophie/visionaid/isaac_ros_ws/install/isaac_ros_common:/opt/ros/humble LD_LIBRARY_PATH=/home/sophie/visionaid/isaac_ros_ws/install/isaac_ros_common/lib:${LD_LIBRARY_PATH} PATH=/home/sophie/visionaid/isaac_ros_ws/install/isaac_ros_common/bin:${PATH} PYTHONPATH=/home/sophie/visionaid/isaac_ros_ws/install/isaac_ros_common/local/lib/python3.10/dist-packages:${PYTHONPATH} /usr/bin/cmake --install /home/sophie/visionaid/isaac_ros_ws/build/isaac_ros_gxf
[0.922s] -- Install configuration: "Release"
[0.922s] -- Execute custom install script
[0.923s] -- Symlinking: /home/sophie/visionaid/isaac_ros_ws/install/isaac_ros_gxf/share/isaac_ros_gxf/gxf/include//common/assert.hpp
[0.929s] -- Symlinking: /home/sophie/visionaid/isaac_ros_ws/install/isaac_ros_gxf/share/isaac_ros_gxf/gxf/include//common/backtrace.hpp
[0.935s] -- Symlinking: /home/sophie/visionaid/isaac_ros_ws/install/isaac_ros_gxf/share/isaac_ros_gxf/gxf/include//common/byte.hpp
[0.941s] -- Symlinking: /home/sophie/visionaid/isaac_ros_ws/install/isaac_ros_gxf/share/isaac_ros_gxf/gxf/include//common/endian.hpp
[0.949s] -- Symlinking: /home/sophie/visionaid/isaac_ros_ws/install/isaac_ros_gxf/share/isaac_ros_gxf/gxf/include//common/expected.hpp
[0.956s] -- Symlinking: /home/sophie/visionaid/isaac_ros_ws/install/isaac_ros_gxf/share/isaac_ros_gxf/gxf/include//common/fixed_map.hpp
[0.961s] -- Symlinking: /home/sophie/visionaid/isaac_ros_ws/install/isaac_ros_gxf/share/isaac_ros_gxf/gxf/include//common/fixed_string.hpp
[0.968s] -- Symlinking: /home/sophie/visionaid/isaac_ros_ws/install/isaac_ros_gxf/share/isaac_ros_gxf/gxf/include//common/fixed_vector.hpp
[0.974s] -- Symlinking: /home/sophie/visionaid/isaac_ros_ws/install/isaac_ros_gxf/share/isaac_ros_gxf/gxf/include//common/iterator.hpp
[0.979s] -- Symlinking: /home/sophie/visionaid/isaac_ros_ws/install/isaac_ros_gxf/share/isaac_ros_gxf/gxf/include//common/logger.hpp
[0.986s] -- Symlinking: /home/sophie/visionaid/isaac_ros_ws/install/isaac_ros_gxf/share/isaac_ros_gxf/gxf/include//common/memory_utils.hpp
[0.993s] -- Symlinking: /home/sophie/visionaid/isaac_ros_ws/install/isaac_ros_gxf/share/isaac_ros_gxf/gxf/include//common/nvtx_helper.hpp
[0.999s] -- Symlinking: /home/sophie/visionaid/isaac_ros_ws/install/isaac_ros_gxf/share/isaac_ros_gxf/gxf/include//common/singleton.hpp
[1.005s] -- Symlinking: /home/sophie/visionaid/isaac_ros_ws/install/isaac_ros_gxf/share/isaac_ros_gxf/gxf/include//common/span.hpp
[1.010s] -- Symlinking: /home/sophie/visionaid/isaac_ros_ws/install/isaac_ros_gxf/share/isaac_ros_gxf/gxf/include//common/strong_type.hpp
[1.016s] -- Symlinking: /home/sophie/visionaid/isaac_ros_ws/install/isaac_ros_gxf/share/isaac_ros_gxf/gxf/include//common/type_name.hpp
[1.022s] -- Symlinking: /home/sophie/visionaid/isaac_ros_ws/install/isaac_ros_gxf/share/isaac_ros_gxf/gxf/include//common/type_name_gnuc.hpp
[1.030s] -- Symlinking: /home/sophie/visionaid/isaac_ros_ws/install/isaac_ros_gxf/share/isaac_ros_gxf/gxf/include//common/type_utils.hpp
[1.038s] -- Symlinking: /home/sophie/visionaid/isaac_ros_ws/install/isaac_ros_gxf/share/isaac_ros_gxf/gxf/include//common/unique_index_map.hpp
[1.044s] -- Symlinking: /home/sophie/visionaid/isaac_ros_ws/install/isaac_ros_gxf/share/isaac_ros_gxf/gxf/include//common/yaml_parser.hpp
[1.050s] -- Symlinking: /home/sophie/visionaid/isaac_ros_ws/install/isaac_ros_gxf/share/isaac_ros_gxf/gxf/include//dlpack/dlpack.h
[1.057s] -- Symlinking: /home/sophie/visionaid/isaac_ros_ws/install/isaac_ros_gxf/share/isaac_ros_gxf/gxf/include//gxf/app/application.hpp
[1.063s] -- Symlinking: /home/sophie/visionaid/isaac_ros_ws/install/isaac_ros_gxf/share/isaac_ros_gxf/gxf/include//gxf/app/arg.hpp
[1.069s] -- Symlinking: /home/sophie/visionaid/isaac_ros_ws/install/isaac_ros_gxf/share/isaac_ros_gxf/gxf/include//gxf/app/arg_parse.hpp
[1.076s] -- Symlinking: /home/sophie/visionaid/isaac_ros_ws/install/isaac_ros_gxf/share/isaac_ros_gxf/gxf/include//gxf/app/config_parser.hpp
[1.082s] -- Symlinking: /home/sophie/visionaid/isaac_ros_ws/install/isaac_ros_gxf/share/isaac_ros_gxf/gxf/include//gxf/app/driver.hpp
[1.086s] -- Symlinking: /home/sophie/visionaid/isaac_ros_ws/install/isaac_ros_gxf/share/isaac_ros_gxf/gxf/include//gxf/app/entity_group.hpp
[1.093s] -- Symlinking: /home/sophie/visionaid/isaac_ros_ws/install/isaac_ros_gxf/share/isaac_ros_gxf/gxf/include//gxf/app/extension_manager.hpp
[1.101s] -- Symlinking: /home/sophie/visionaid/isaac_ros_ws/install/isaac_ros_gxf/share/isaac_ros_gxf/gxf/include//gxf/app/graph_entity.hpp
[1.109s] -- Symlinking: /home/sophie/visionaid/isaac_ros_ws/install/isaac_ros_gxf/share/isaac_ros_gxf/gxf/include//gxf/app/graph_utils.hpp
[1.115s] -- Symlinking: /home/sophie/visionaid/isaac_ros_ws/install/isaac_ros_gxf/share/isaac_ros_gxf/gxf/include//gxf/app/proxy_component.hpp
[1.121s] -- Symlinking: /home/sophie/visionaid/isaac_ros_ws/install/isaac_ros_gxf/share/isaac_ros_gxf/gxf/include//gxf/app/segment.hpp
[1.128s] -- Symlinking: /home/sophie/visionaid/isaac_ros_ws/install/isaac_ros_gxf/share/isaac_ros_gxf/gxf/include//gxf/app/worker.hpp
[1.134s] -- Symlinking: /home/sophie/visionaid/isaac_ros_ws/install/isaac_ros_gxf/share/isaac_ros_gxf/gxf/include//gxf/behavior_tree/constant_behavior.hpp
[1.141s] -- Symlinking: /home/sophie/visionaid/isaac_ros_ws/install/isaac_ros_gxf/share/isaac_ros_gxf/gxf/include//gxf/behavior_tree/entity_count_failure_repeat_controller.hpp
[1.149s] -- Symlinking: /home/sophie/visionaid/isaac_ros_ws/install/isaac_ros_gxf/share/isaac_ros_gxf/gxf/include//gxf/behavior_tree/parallel_behavior.hpp
[1.154s] -- Symlinking: /home/sophie/visionaid/isaac_ros_ws/install/isaac_ros_gxf/share/isaac_ros_gxf/gxf/include//gxf/behavior_tree/repeat_behavior.hpp
[1.162s] -- Symlinking: /home/sophie/visionaid/isaac_ros_ws/install/isaac_ros_gxf/share/isaac_ros_gxf/gxf/include//gxf/behavior_tree/selector_behavior.hpp
[1.172s] -- Symlinking: /home/sophie/visionaid/isaac_ros_ws/install/isaac_ros_gxf/share/isaac_ros_gxf/gxf/include//gxf/behavior_tree/sequence_behavior.hpp
[1.178s] -- Symlinking: /home/sophie/visionaid/isaac_ros_ws/install/isaac_ros_gxf/share/isaac_ros_gxf/gxf/include//gxf/behavior_tree/switch_behavior.hpp
[1.183s] -- Symlinking: /home/sophie/visionaid/isaac_ros_ws/install/isaac_ros_gxf/share/isaac_ros_gxf/gxf/include//gxf/behavior_tree/timer_behavior.hpp
[1.190s] -- Symlinking: /home/sophie/visionaid/isaac_ros_ws/install/isaac_ros_gxf/share/isaac_ros_gxf/gxf/include//gxf/core/common_expected_macro.hpp
[1.197s] -- Symlinking: /home/sophie/visionaid/isaac_ros_ws/install/isaac_ros_gxf/share/isaac_ros_gxf/gxf/include//gxf/core/component.hpp
[1.203s] -- Symlinking: /home/sophie/visionaid/isaac_ros_ws/install/isaac_ros_gxf/share/isaac_ros_gxf/gxf/include//gxf/core/entity.hpp
[1.208s] -- Symlinking: /home/sophie/visionaid/isaac_ros_ws/install/isaac_ros_gxf/share/isaac_ros_gxf/gxf/include//gxf/core/expected.hpp
[1.216s] -- Symlinking: /home/sophie/visionaid/isaac_ros_ws/install/isaac_ros_gxf/share/isaac_ros_gxf/gxf/include//gxf/core/expected_macro.hpp
[1.222s] -- Symlinking: /home/sophie/visionaid/isaac_ros_ws/install/isaac_ros_gxf/share/isaac_ros_gxf/gxf/include//gxf/core/filepath.hpp
[1.228s] -- Symlinking: /home/sophie/visionaid/isaac_ros_ws/install/isaac_ros_gxf/share/isaac_ros_gxf/gxf/include//gxf/core/gxf.h
[1.233s] -- Symlinking: /home/sophie/visionaid/isaac_ros_ws/install/isaac_ros_gxf/share/isaac_ros_gxf/gxf/include//gxf/core/gxf_ext.h
[1.239s] -- Symlinking: /home/sophie/visionaid/isaac_ros_ws/install/isaac_ros_gxf/share/isaac_ros_gxf/gxf/include//gxf/core/handle.hpp
[1.248s] -- Symlinking: /home/sophie/visionaid/isaac_ros_ws/install/isaac_ros_gxf/share/isaac_ros_gxf/gxf/include//gxf/core/parameter.hpp
[1.253s] -- Symlinking: /home/sophie/visionaid/isaac_ros_ws/install/isaac_ros_gxf/share/isaac_ros_gxf/gxf/include//gxf/core/parameter_parser.hpp
[1.259s] -- Symlinking: /home/sophie/visionaid/isaac_ros_ws/install/isaac_ros_gxf/share/isaac_ros_gxf/gxf/include//gxf/core/parameter_parser_std.hpp
[1.267s] -- Symlinking: /home/sophie/visionaid/isaac_ros_ws/install/isaac_ros_gxf/share/isaac_ros_gxf/gxf/include//gxf/core/parameter_registrar.hpp
[1.274s] -- Symlinking: /home/sophie/visionaid/isaac_ros_ws/install/isaac_ros_gxf/share/isaac_ros_gxf/gxf/include//gxf/core/parameter_storage.hpp
[1.279s] -- Symlinking: /home/sophie/visionaid/isaac_ros_ws/install/isaac_ros_gxf/share/isaac_ros_gxf/gxf/include//gxf/core/parameter_wrapper.hpp
[1.284s] -- Symlinking: /home/sophie/visionaid/isaac_ros_ws/install/isaac_ros_gxf/share/isaac_ros_gxf/gxf/include//gxf/core/registrar.hpp
[1.290s] -- Symlinking: /home/sophie/visionaid/isaac_ros_ws/install/isaac_ros_gxf/share/isaac_ros_gxf/gxf/include//gxf/core/resource.hpp
[1.297s] -- Symlinking: /home/sophie/visionaid/isaac_ros_ws/install/isaac_ros_gxf/share/isaac_ros_gxf/gxf/include//gxf/core/resource_manager.hpp
[1.303s] -- Symlinking: /home/sophie/visionaid/isaac_ros_ws/install/isaac_ros_gxf/share/isaac_ros_gxf/gxf/include//gxf/core/resource_registrar.hpp
[1.309s] -- Symlinking: /home/sophie/visionaid/isaac_ros_ws/install/isaac_ros_gxf/share/isaac_ros_gxf/gxf/include//gxf/core/type_registry.hpp
[1.315s] -- Symlinking: /home/sophie/visionaid/isaac_ros_ws/install/isaac_ros_gxf/share/isaac_ros_gxf/gxf/include//gxf/cuda/cuda_allocator.hpp
[1.320s] -- Symlinking: /home/sophie/visionaid/isaac_ros_ws/install/isaac_ros_gxf/share/isaac_ros_gxf/gxf/include//gxf/cuda/cuda_buffer.hpp
[1.326s] -- Symlinking: /home/sophie/visionaid/isaac_ros_ws/install/isaac_ros_gxf/share/isaac_ros_gxf/gxf/include//gxf/cuda/cuda_common.hpp
[1.331s] -- Symlinking: /home/sophie/visionaid/isaac_ros_ws/install/isaac_ros_gxf/share/isaac_ros_gxf/gxf/include//gxf/cuda/cuda_event.hpp
[1.337s] -- Symlinking: /home/sophie/visionaid/isaac_ros_ws/install/isaac_ros_gxf/share/isaac_ros_gxf/gxf/include//gxf/cuda/cuda_scheduling_terms.hpp
[1.342s] -- Symlinking: /home/sophie/visionaid/isaac_ros_ws/install/isaac_ros_gxf/share/isaac_ros_gxf/gxf/include//gxf/cuda/cuda_stream.hpp
[1.348s] -- Symlinking: /home/sophie/visionaid/isaac_ros_ws/install/isaac_ros_gxf/share/isaac_ros_gxf/gxf/include//gxf/cuda/cuda_stream_id.hpp
[1.353s] -- Symlinking: /home/sophie/visionaid/isaac_ros_ws/install/isaac_ros_gxf/share/isaac_ros_gxf/gxf/include//gxf/cuda/cuda_stream_pool.hpp
[1.360s] -- Symlinking: /home/sophie/visionaid/isaac_ros_ws/install/isaac_ros_gxf/share/isaac_ros_gxf/gxf/include//gxf/cuda/cuda_stream_sync.hpp
[1.366s] -- Symlinking: /home/sophie/visionaid/isaac_ros_ws/install/isaac_ros_gxf/share/isaac_ros_gxf/gxf/include//gxf/cuda/stream_ordered_allocator.hpp
[1.371s] -- Symlinking: /home/sophie/visionaid/isaac_ros_ws/install/isaac_ros_gxf/share/isaac_ros_gxf/gxf/include//gxf/cuda/tests/convolution.h
[1.377s] -- Symlinking: /home/sophie/visionaid/isaac_ros_ws/install/isaac_ros_gxf/share/isaac_ros_gxf/gxf/include//gxf/cuda/tests/test_cuda_helper.hpp
[1.383s] -- Symlinking: /home/sophie/visionaid/isaac_ros_ws/install/isaac_ros_gxf/share/isaac_ros_gxf/gxf/include//gxf/ipc/grpc/grpc_client.hpp
[1.390s] -- Symlinking: /home/sophie/visionaid/isaac_ros_ws/install/isaac_ros_gxf/share/isaac_ros_gxf/gxf/include//gxf/ipc/grpc/grpc_server.hpp
[1.396s] -- Symlinking: /home/sophie/visionaid/isaac_ros_ws/install/isaac_ros_gxf/share/isaac_ros_gxf/gxf/include//gxf/ipc/http/http_client.hpp
[1.402s] -- Symlinking: /home/sophie/visionaid/isaac_ros_ws/install/isaac_ros_gxf/share/isaac_ros_gxf/gxf/include//gxf/ipc/http/http_client_cpprest_impl.hpp
[1.409s] -- Symlinking: /home/sophie/visionaid/isaac_ros_ws/install/isaac_ros_gxf/share/isaac_ros_gxf/gxf/include//gxf/ipc/http/http_ipc_client.hpp
[1.415s] -- Symlinking: /home/sophie/visionaid/isaac_ros_ws/install/isaac_ros_gxf/share/isaac_ros_gxf/gxf/include//gxf/ipc/http/http_server.hpp
[1.423s] -- Symlinking: /home/sophie/visionaid/isaac_ros_ws/install/isaac_ros_gxf/share/isaac_ros_gxf/gxf/include//gxf/logger/gxf_logger.hpp
[1.429s] -- Symlinking: /home/sophie/visionaid/isaac_ros_ws/install/isaac_ros_gxf/share/isaac_ros_gxf/gxf/include//gxf/logger/logger.hpp
[1.438s] -- Symlinking: /home/sophie/visionaid/isaac_ros_ws/install/isaac_ros_gxf/share/isaac_ros_gxf/gxf/include//gxf/multimedia/audio.hpp
[1.445s] -- Symlinking: /home/sophie/visionaid/isaac_ros_ws/install/isaac_ros_gxf/share/isaac_ros_gxf/gxf/include//gxf/multimedia/camera.hpp
[1.454s] -- Symlinking: /home/sophie/visionaid/isaac_ros_ws/install/isaac_ros_gxf/share/isaac_ros_gxf/gxf/include//gxf/multimedia/video.hpp
[1.459s] -- Symlinking: /home/sophie/visionaid/isaac_ros_ws/install/isaac_ros_gxf/share/isaac_ros_gxf/gxf/include//gxf/network/tcp_client.hpp
[1.466s] -- Symlinking: /home/sophie/visionaid/isaac_ros_ws/install/isaac_ros_gxf/share/isaac_ros_gxf/gxf/include//gxf/network/tcp_client_socket.hpp
[1.473s] -- Symlinking: /home/sophie/visionaid/isaac_ros_ws/install/isaac_ros_gxf/share/isaac_ros_gxf/gxf/include//gxf/network/tcp_codelet.hpp
[1.478s] -- Symlinking: /home/sophie/visionaid/isaac_ros_ws/install/isaac_ros_gxf/share/isaac_ros_gxf/gxf/include//gxf/network/tcp_server.hpp
[1.484s] -- Symlinking: /home/sophie/visionaid/isaac_ros_ws/install/isaac_ros_gxf/share/isaac_ros_gxf/gxf/include//gxf/network/tcp_server_socket.hpp
[1.490s] -- Symlinking: /home/sophie/visionaid/isaac_ros_ws/install/isaac_ros_gxf/share/isaac_ros_gxf/gxf/include//gxf/npp/nppi_mul_c.hpp
[1.496s] -- Symlinking: /home/sophie/visionaid/isaac_ros_ws/install/isaac_ros_gxf/share/isaac_ros_gxf/gxf/include//gxf/npp/nppi_set.hpp
[1.503s] -- Symlinking: /home/sophie/visionaid/isaac_ros_ws/install/isaac_ros_gxf/share/isaac_ros_gxf/gxf/include//gxf/rmm/rmm_allocator.hpp
[1.508s] -- Symlinking: /home/sophie/visionaid/isaac_ros_ws/install/isaac_ros_gxf/share/isaac_ros_gxf/gxf/include//gxf/serialization/component_serializer.hpp
[1.513s] -- Symlinking: /home/sophie/visionaid/isaac_ros_ws/install/isaac_ros_gxf/share/isaac_ros_gxf/gxf/include//gxf/serialization/endpoint.hpp
[1.519s] -- Symlinking: /home/sophie/visionaid/isaac_ros_ws/install/isaac_ros_gxf/share/isaac_ros_gxf/gxf/include//gxf/serialization/entity_recorder.hpp
[1.526s] -- Symlinking: /home/sophie/visionaid/isaac_ros_ws/install/isaac_ros_gxf/share/isaac_ros_gxf/gxf/include//gxf/serialization/entity_replayer.hpp
[1.532s] -- Symlinking: /home/sophie/visionaid/isaac_ros_ws/install/isaac_ros_gxf/share/isaac_ros_gxf/gxf/include//gxf/serialization/entity_serializer.hpp
[1.538s] -- Symlinking: /home/sophie/visionaid/isaac_ros_ws/install/isaac_ros_gxf/share/isaac_ros_gxf/gxf/include//gxf/serialization/file.hpp
[1.543s] -- Symlinking: /home/sophie/visionaid/isaac_ros_ws/install/isaac_ros_gxf/share/isaac_ros_gxf/gxf/include//gxf/serialization/file_stream.hpp
[1.549s] -- Symlinking: /home/sophie/visionaid/isaac_ros_ws/install/isaac_ros_gxf/share/isaac_ros_gxf/gxf/include//gxf/serialization/serialization_buffer.hpp
[1.555s] -- Symlinking: /home/sophie/visionaid/isaac_ros_ws/install/isaac_ros_gxf/share/isaac_ros_gxf/gxf/include//gxf/serialization/std_component_serializer.hpp
[1.561s] -- Symlinking: /home/sophie/visionaid/isaac_ros_ws/install/isaac_ros_gxf/share/isaac_ros_gxf/gxf/include//gxf/serialization/std_entity_id_serializer.hpp
[1.567s] -- Symlinking: /home/sophie/visionaid/isaac_ros_ws/install/isaac_ros_gxf/share/isaac_ros_gxf/gxf/include//gxf/serialization/std_entity_serializer.hpp
[1.574s] -- Symlinking: /home/sophie/visionaid/isaac_ros_ws/install/isaac_ros_gxf/share/isaac_ros_gxf/gxf/include//gxf/serialization/tests/serialization_tester.hpp
[1.581s] -- Symlinking: /home/sophie/visionaid/isaac_ros_ws/install/isaac_ros_gxf/share/isaac_ros_gxf/gxf/include//gxf/serialization/tid_hash.hpp
[1.588s] -- Symlinking: /home/sophie/visionaid/isaac_ros_ws/install/isaac_ros_gxf/share/isaac_ros_gxf/gxf/include//gxf/std/allocator.hpp
[1.594s] -- Symlinking: /home/sophie/visionaid/isaac_ros_ws/install/isaac_ros_gxf/share/isaac_ros_gxf/gxf/include//gxf/std/async_buffer_receiver.hpp
[1.599s] -- Symlinking: /home/sophie/visionaid/isaac_ros_ws/install/isaac_ros_gxf/share/isaac_ros_gxf/gxf/include//gxf/std/async_buffer_transmitter.hpp
[1.606s] -- Symlinking: /home/sophie/visionaid/isaac_ros_ws/install/isaac_ros_gxf/share/isaac_ros_gxf/gxf/include//gxf/std/block_memory_pool.hpp
[1.612s] -- Symlinking: /home/sophie/visionaid/isaac_ros_ws/install/isaac_ros_gxf/share/isaac_ros_gxf/gxf/include//gxf/std/clock.hpp
[1.618s] -- Symlinking: /home/sophie/visionaid/isaac_ros_ws/install/isaac_ros_gxf/share/isaac_ros_gxf/gxf/include//gxf/std/codelet.hpp
[1.625s] -- Symlinking: /home/sophie/visionaid/isaac_ros_ws/install/isaac_ros_gxf/share/isaac_ros_gxf/gxf/include//gxf/std/complex.hpp
[1.630s] -- Symlinking: /home/sophie/visionaid/isaac_ros_ws/install/isaac_ros_gxf/share/isaac_ros_gxf/gxf/include//gxf/std/component_allocator.hpp
[1.635s] -- Symlinking: /home/sophie/visionaid/isaac_ros_ws/install/isaac_ros_gxf/share/isaac_ros_gxf/gxf/include//gxf/std/component_factory.hpp
[1.641s] -- Symlinking: /home/sophie/visionaid/isaac_ros_ws/install/isaac_ros_gxf/share/isaac_ros_gxf/gxf/include//gxf/std/controller.hpp
[1.648s] -- Symlinking: /home/sophie/visionaid/isaac_ros_ws/install/isaac_ros_gxf/share/isaac_ros_gxf/gxf/include//gxf/std/cpu_thread.hpp
[1.654s] -- Symlinking: /home/sophie/visionaid/isaac_ros_ws/install/isaac_ros_gxf/share/isaac_ros_gxf/gxf/include//gxf/std/default_extension.hpp
[1.660s] -- Symlinking: /home/sophie/visionaid/isaac_ros_ws/install/isaac_ros_gxf/share/isaac_ros_gxf/gxf/include//gxf/std/dlpack_utils.hpp
[1.666s] -- Symlinking: /home/sophie/visionaid/isaac_ros_ws/install/isaac_ros_gxf/share/isaac_ros_gxf/gxf/include//gxf/std/double_buffer_receiver.hpp
[1.670s] -- Symlinking: /home/sophie/visionaid/isaac_ros_ws/install/isaac_ros_gxf/share/isaac_ros_gxf/gxf/include//gxf/std/double_buffer_transmitter.hpp
[1.674s] -- Symlinking: /home/sophie/visionaid/isaac_ros_ws/install/isaac_ros_gxf/share/isaac_ros_gxf/gxf/include//gxf/std/eos.hpp
[1.679s] -- Symlinking: /home/sophie/visionaid/isaac_ros_ws/install/isaac_ros_gxf/share/isaac_ros_gxf/gxf/include//gxf/std/event_based_scheduler.hpp
[1.685s] -- Symlinking: /home/sophie/visionaid/isaac_ros_ws/install/isaac_ros_gxf/share/isaac_ros_gxf/gxf/include//gxf/std/extension.hpp
[1.691s] -- Symlinking: /home/sophie/visionaid/isaac_ros_ws/install/isaac_ros_gxf/share/isaac_ros_gxf/gxf/include//gxf/std/extension_factory_helper.hpp
[1.695s] -- Symlinking: /home/sophie/visionaid/isaac_ros_ws/install/isaac_ros_gxf/share/isaac_ros_gxf/gxf/include//gxf/std/gems/event_list/event_list.hpp
[1.702s] -- Symlinking: /home/sophie/visionaid/isaac_ros_ws/install/isaac_ros_gxf/share/isaac_ros_gxf/gxf/include//gxf/std/gems/event_list/unique_event_list.hpp
[1.708s] -- Symlinking: /home/sophie/visionaid/isaac_ros_ws/install/isaac_ros_gxf/share/isaac_ros_gxf/gxf/include//gxf/std/gems/queue_thread/queue_thread.hpp
[1.714s] -- Symlinking: /home/sophie/visionaid/isaac_ros_ws/install/isaac_ros_gxf/share/isaac_ros_gxf/gxf/include//gxf/std/gems/staging_queue/staging_queue.hpp
[1.720s] -- Symlinking: /home/sophie/visionaid/isaac_ros_ws/install/isaac_ros_gxf/share/isaac_ros_gxf/gxf/include//gxf/std/gems/staging_queue/staging_queue_iterator.hpp
[1.726s] -- Symlinking: /home/sophie/visionaid/isaac_ros_ws/install/isaac_ros_gxf/share/isaac_ros_gxf/gxf/include//gxf/std/gems/suballocators/first_fit_allocator.hpp
[1.730s] -- Symlinking: /home/sophie/visionaid/isaac_ros_ws/install/isaac_ros_gxf/share/isaac_ros_gxf/gxf/include//gxf/std/gems/suballocators/first_fit_allocator_base.hpp
[1.737s] -- Symlinking: /home/sophie/visionaid/isaac_ros_ws/install/isaac_ros_gxf/share/isaac_ros_gxf/gxf/include//gxf/std/gems/timed_job_list/timed_job_list.hpp
[1.743s] -- Symlinking: /home/sophie/visionaid/isaac_ros_ws/install/isaac_ros_gxf/share/isaac_ros_gxf/gxf/include//gxf/std/gems/utils/time.hpp
[1.748s] -- Symlinking: /home/sophie/visionaid/isaac_ros_ws/install/isaac_ros_gxf/share/isaac_ros_gxf/gxf/include//gxf/std/gems/video_buffer/allocator.hpp
[1.755s] -- Symlinking: /home/sophie/visionaid/isaac_ros_ws/install/isaac_ros_gxf/share/isaac_ros_gxf/gxf/include//gxf/std/graph_driver.hpp
[1.762s] -- Symlinking: /home/sophie/visionaid/isaac_ros_ws/install/isaac_ros_gxf/share/isaac_ros_gxf/gxf/include//gxf/std/graph_driver_worker_common.hpp
[1.767s] -- Symlinking: /home/sophie/visionaid/isaac_ros_ws/install/isaac_ros_gxf/share/isaac_ros_gxf/gxf/include//gxf/std/graph_worker.hpp
[1.772s] -- Symlinking: /home/sophie/visionaid/isaac_ros_ws/install/isaac_ros_gxf/share/isaac_ros_gxf/gxf/include//gxf/std/greedy_scheduler.hpp
[1.778s] -- Symlinking: /home/sophie/visionaid/isaac_ros_ws/install/isaac_ros_gxf/share/isaac_ros_gxf/gxf/include//gxf/std/ipc_client.hpp
[1.783s] -- Symlinking: /home/sophie/visionaid/isaac_ros_ws/install/isaac_ros_gxf/share/isaac_ros_gxf/gxf/include//gxf/std/ipc_server.hpp
[1.788s] -- Symlinking: /home/sophie/visionaid/isaac_ros_ws/install/isaac_ros_gxf/share/isaac_ros_gxf/gxf/include//gxf/std/memory_buffer.hpp
[1.794s] -- Symlinking: /home/sophie/visionaid/isaac_ros_ws/install/isaac_ros_gxf/share/isaac_ros_gxf/gxf/include//gxf/std/metric.hpp
[1.798s] -- Symlinking: /home/sophie/visionaid/isaac_ros_ws/install/isaac_ros_gxf/share/isaac_ros_gxf/gxf/include//gxf/std/monitor.hpp
[1.803s] -- Symlinking: /home/sophie/visionaid/isaac_ros_ws/install/isaac_ros_gxf/share/isaac_ros_gxf/gxf/include//gxf/std/multi_thread_scheduler.hpp
[1.808s] -- Symlinking: /home/sophie/visionaid/isaac_ros_ws/install/isaac_ros_gxf/share/isaac_ros_gxf/gxf/include//gxf/std/network_context.hpp
[1.814s] -- Symlinking: /home/sophie/visionaid/isaac_ros_ws/install/isaac_ros_gxf/share/isaac_ros_gxf/gxf/include//gxf/std/new_component_allocator.hpp
[1.819s] -- Symlinking: /home/sophie/visionaid/isaac_ros_ws/install/isaac_ros_gxf/share/isaac_ros_gxf/gxf/include//gxf/std/queue.hpp
[1.824s] -- Symlinking: /home/sophie/visionaid/isaac_ros_ws/install/isaac_ros_gxf/share/isaac_ros_gxf/gxf/include//gxf/std/receiver.hpp
[1.829s] -- Symlinking: /home/sophie/visionaid/isaac_ros_ws/install/isaac_ros_gxf/share/isaac_ros_gxf/gxf/include//gxf/std/resources.hpp
[1.836s] -- Symlinking: /home/sophie/visionaid/isaac_ros_ws/install/isaac_ros_gxf/share/isaac_ros_gxf/gxf/include//gxf/std/scheduler.hpp
[1.842s] -- Symlinking: /home/sophie/visionaid/isaac_ros_ws/install/isaac_ros_gxf/share/isaac_ros_gxf/gxf/include//gxf/std/scheduling_condition.hpp
[1.847s] -- Symlinking: /home/sophie/visionaid/isaac_ros_ws/install/isaac_ros_gxf/share/isaac_ros_gxf/gxf/include//gxf/std/scheduling_term.hpp
[1.853s] -- Symlinking: /home/sophie/visionaid/isaac_ros_ws/install/isaac_ros_gxf/share/isaac_ros_gxf/gxf/include//gxf/std/scheduling_term_combiner.hpp
[1.858s] -- Symlinking: /home/sophie/visionaid/isaac_ros_ws/install/isaac_ros_gxf/share/isaac_ros_gxf/gxf/include//gxf/std/scheduling_terms.hpp
[1.865s] -- Symlinking: /home/sophie/visionaid/isaac_ros_ws/install/isaac_ros_gxf/share/isaac_ros_gxf/gxf/include//gxf/std/system.hpp
[1.870s] -- Symlinking: /home/sophie/visionaid/isaac_ros_ws/install/isaac_ros_gxf/share/isaac_ros_gxf/gxf/include//gxf/std/tensor.hpp
[1.874s] -- Symlinking: /home/sophie/visionaid/isaac_ros_ws/install/isaac_ros_gxf/share/isaac_ros_gxf/gxf/include//gxf/std/timestamp.hpp
[1.879s] -- Symlinking: /home/sophie/visionaid/isaac_ros_ws/install/isaac_ros_gxf/share/isaac_ros_gxf/gxf/include//gxf/std/topic.hpp
[1.885s] -- Symlinking: /home/sophie/visionaid/isaac_ros_ws/install/isaac_ros_gxf/share/isaac_ros_gxf/gxf/include//gxf/std/transmitter.hpp
[1.890s] -- Symlinking: /home/sophie/visionaid/isaac_ros_ws/install/isaac_ros_gxf/share/isaac_ros_gxf/gxf/include//gxf/std/unbounded_allocator.hpp
[1.896s] -- Symlinking: /home/sophie/visionaid/isaac_ros_ws/install/isaac_ros_gxf/share/isaac_ros_gxf/gxf/include//gxf/std/vault.hpp
[1.901s] -- Symlinking: /home/sophie/visionaid/isaac_ros_ws/install/isaac_ros_gxf/share/isaac_ros_gxf/gxf/include//gxf/std/yaml_file_loader.hpp
[1.909s] -- Symlinking: /home/sophie/visionaid/isaac_ros_ws/install/isaac_ros_gxf/share/isaac_ros_gxf/gxf/include//gxf/stream/stream_nvsci.hpp
[1.913s] -- Symlinking: /home/sophie/visionaid/isaac_ros_ws/install/isaac_ros_gxf/share/isaac_ros_gxf/gxf/include//gxf/stream/stream_nvscisync.hpp
[1.919s] -- Symlinking: /home/sophie/visionaid/isaac_ros_ws/install/isaac_ros_gxf/share/isaac_ros_gxf/gxf/include//gxf/stream/stream_sync_id.hpp
[1.925s] -- Symlinking: /home/sophie/visionaid/isaac_ros_ws/install/isaac_ros_gxf/share/isaac_ros_gxf/gxf/include//gxf/stream/tests/test_gxf_stream_sync_cuda_helper.hpp
[1.931s] -- Symlinking: /home/sophie/visionaid/isaac_ros_ws/install/isaac_ros_gxf/share/isaac_ros_gxf/gxf/include//gxf/ucx/ucx_common.hpp
[1.935s] -- Symlinking: /home/sophie/visionaid/isaac_ros_ws/install/isaac_ros_gxf/share/isaac_ros_gxf/gxf/include//gxf/ucx/ucx_component_serializer.hpp
[1.941s] -- Symlinking: /home/sophie/visionaid/isaac_ros_ws/install/isaac_ros_gxf/share/isaac_ros_gxf/gxf/include//gxf/ucx/ucx_context.hpp
[1.948s] -- Symlinking: /home/sophie/visionaid/isaac_ros_ws/install/isaac_ros_gxf/share/isaac_ros_gxf/gxf/include//gxf/ucx/ucx_entity_serializer.hpp
[1.955s] -- Symlinking: /home/sophie/visionaid/isaac_ros_ws/install/isaac_ros_gxf/share/isaac_ros_gxf/gxf/include//gxf/ucx/ucx_receiver.hpp
[1.962s] -- Symlinking: /home/sophie/visionaid/isaac_ros_ws/install/isaac_ros_gxf/share/isaac_ros_gxf/gxf/include//gxf/ucx/ucx_serialization_buffer.hpp
[1.969s] -- Symlinking: /home/sophie/visionaid/isaac_ros_ws/install/isaac_ros_gxf/share/isaac_ros_gxf/gxf/include//gxf/ucx/ucx_transmitter.hpp
[1.976s] -- Symlinking: /home/sophie/visionaid/isaac_ros_ws/install/isaac_ros_gxf/share/isaac_ros_gxf/gxf/include//third_party/LICENSE.txt
[1.982s] -- Symlinking: /home/sophie/visionaid/isaac_ros_ws/install/isaac_ros_gxf/share/isaac_ros_gxf/gxf/lib/behavior_tree/libgxf_behavior_tree.so
[1.987s] -- Symlinking: /home/sophie/visionaid/isaac_ros_ws/install/isaac_ros_gxf/share/isaac_ros_gxf/gxf/lib/core/core_pybind.so
[1.994s] -- Symlinking: /home/sophie/visionaid/isaac_ros_ws/install/isaac_ros_gxf/share/isaac_ros_gxf/gxf/lib/core/libgxf_core.so
[2.000s] -- Symlinking: /home/sophie/visionaid/isaac_ros_ws/install/isaac_ros_gxf/share/isaac_ros_gxf/gxf/lib/cuda/cuda_pybind.so
[2.005s] -- Symlinking: /home/sophie/visionaid/isaac_ros_ws/install/isaac_ros_gxf/share/isaac_ros_gxf/gxf/lib/cuda/libgxf_cuda.so
[2.012s] -- Symlinking: /home/sophie/visionaid/isaac_ros_ws/install/isaac_ros_gxf/share/isaac_ros_gxf/gxf/lib/cuda/tests/libgxf_test_cuda.so
[2.018s] -- Symlinking: /home/sophie/visionaid/isaac_ros_ws/install/isaac_ros_gxf/share/isaac_ros_gxf/gxf/lib/ipc/grpc/libgxf_grpc.so
[2.023s] -- Symlinking: /home/sophie/visionaid/isaac_ros_ws/install/isaac_ros_gxf/share/isaac_ros_gxf/gxf/lib/ipc/http/libgxf_http.so
[2.028s] -- Symlinking: /home/sophie/visionaid/isaac_ros_ws/install/isaac_ros_gxf/share/isaac_ros_gxf/gxf/lib/logger/libgxf_logger.so
[2.033s] -- Symlinking: /home/sophie/visionaid/isaac_ros_ws/install/isaac_ros_gxf/share/isaac_ros_gxf/gxf/lib/multimedia/libgxf_multimedia.so
[2.039s] -- Symlinking: /home/sophie/visionaid/isaac_ros_ws/install/isaac_ros_gxf/share/isaac_ros_gxf/gxf/lib/network/libgxf_network.so
[2.045s] -- Symlinking: /home/sophie/visionaid/isaac_ros_ws/install/isaac_ros_gxf/share/isaac_ros_gxf/gxf/lib/npp/libgxf_npp.so
[2.051s] -- Symlinking: /home/sophie/visionaid/isaac_ros_ws/install/isaac_ros_gxf/share/isaac_ros_gxf/gxf/lib/python_codelet/libgxf_python_codelet.so
[2.057s] -- Symlinking: /home/sophie/visionaid/isaac_ros_ws/install/isaac_ros_gxf/share/isaac_ros_gxf/gxf/lib/python_codelet/pycodelet.so
[2.062s] -- Symlinking: /home/sophie/visionaid/isaac_ros_ws/install/isaac_ros_gxf/share/isaac_ros_gxf/gxf/lib/sample/libgxf_sample.so
[2.068s] -- Symlinking: /home/sophie/visionaid/isaac_ros_ws/install/isaac_ros_gxf/share/isaac_ros_gxf/gxf/lib/serialization/libgxf_serialization.so
[2.075s] -- Symlinking: /home/sophie/visionaid/isaac_ros_ws/install/isaac_ros_gxf/share/isaac_ros_gxf/gxf/lib/std/allocator_pybind.so
[2.080s] -- Symlinking: /home/sophie/visionaid/isaac_ros_ws/install/isaac_ros_gxf/share/isaac_ros_gxf/gxf/lib/std/clock_pybind.so
[2.088s] -- Symlinking: /home/sophie/visionaid/isaac_ros_ws/install/isaac_ros_gxf/share/isaac_ros_gxf/gxf/lib/std/libgxf_std.so
[2.094s] -- Symlinking: /home/sophie/visionaid/isaac_ros_ws/install/isaac_ros_gxf/share/isaac_ros_gxf/gxf/lib/std/receiver_pybind.so
[2.100s] -- Symlinking: /home/sophie/visionaid/isaac_ros_ws/install/isaac_ros_gxf/share/isaac_ros_gxf/gxf/lib/std/tensor_pybind.so
[2.105s] -- Symlinking: /home/sophie/visionaid/isaac_ros_ws/install/isaac_ros_gxf/share/isaac_ros_gxf/gxf/lib/std/timestamp_pybind.so
[2.111s] -- Symlinking: /home/sophie/visionaid/isaac_ros_ws/install/isaac_ros_gxf/share/isaac_ros_gxf/gxf/lib/std/transmitter_pybind.so
[2.118s] -- Symlinking: /home/sophie/visionaid/isaac_ros_ws/install/isaac_ros_gxf/share/isaac_ros_gxf/gxf/lib/std/vault_pybind.so
[2.123s] -- Symlinking: /home/sophie/visionaid/isaac_ros_ws/install/isaac_ros_gxf/share/isaac_ros_gxf/gxf/lib/test/extensions/libgxf_test.so
[2.127s] -- Symlinking: /home/sophie/visionaid/isaac_ros_ws/install/isaac_ros_gxf/lib/libgxf_core.so
[2.132s] -- Symlinking: /home/sophie/visionaid/isaac_ros_ws/install/isaac_ros_gxf/lib/libgxf_logger.so
[2.139s] -- Symlinking: /home/sophie/visionaid/isaac_ros_ws/install/isaac_ros_gxf/lib/libgxf_multimedia.so
[2.146s] -- Symlinking: /home/sophie/visionaid/isaac_ros_ws/install/isaac_ros_gxf/lib/libgxf_cuda.so
[2.154s] -- Symlinking: /home/sophie/visionaid/isaac_ros_ws/install/isaac_ros_gxf/share/ament_index/resource_index/isaac_ros_gxf_cmake_path/isaac_ros_gxf
[2.161s] -- Symlinking: /home/sophie/visionaid/isaac_ros_ws/install/isaac_ros_gxf/share/isaac_ros_gxf/environment/library_path.sh
[2.168s] -- Symlinking: /home/sophie/visionaid/isaac_ros_ws/install/isaac_ros_gxf/share/isaac_ros_gxf/environment/library_path.dsv
[2.176s] -- Symlinking: /home/sophie/visionaid/isaac_ros_ws/install/isaac_ros_gxf/share/isaac_ros_gxf/version_info.yaml
[2.186s] -- Symlinking: /home/sophie/visionaid/isaac_ros_ws/install/isaac_ros_gxf/share/isaac_ros_gxf/cmake/isaac_ros_gxf-extras.cmake
[2.196s] -- Symlinking: /home/sophie/visionaid/isaac_ros_ws/install/isaac_ros_gxf/share/isaac_ros_gxf/cmake/modules/FindGXF.cmake
[2.205s] -- Symlinking: /home/sophie/visionaid/isaac_ros_ws/install/isaac_ros_gxf/share/ament_index/resource_index/package_run_dependencies/isaac_ros_gxf
[2.214s] -- Symlinking: /home/sophie/visionaid/isaac_ros_ws/install/isaac_ros_gxf/share/ament_index/resource_index/parent_prefix_path/isaac_ros_gxf
[2.221s] -- Symlinking: /home/sophie/visionaid/isaac_ros_ws/install/isaac_ros_gxf/share/isaac_ros_gxf/environment/ament_prefix_path.sh
[2.227s] -- Symlinking: /home/sophie/visionaid/isaac_ros_ws/install/isaac_ros_gxf/share/isaac_ros_gxf/environment/ament_prefix_path.dsv
[2.235s] -- Symlinking: /home/sophie/visionaid/isaac_ros_ws/install/isaac_ros_gxf/share/isaac_ros_gxf/environment/path.sh
[2.240s] -- Symlinking: /home/sophie/visionaid/isaac_ros_ws/install/isaac_ros_gxf/share/isaac_ros_gxf/environment/path.dsv
[2.245s] -- Symlinking: /home/sophie/visionaid/isaac_ros_ws/install/isaac_ros_gxf/share/isaac_ros_gxf/local_setup.bash
[2.250s] -- Symlinking: /home/sophie/visionaid/isaac_ros_ws/install/isaac_ros_gxf/share/isaac_ros_gxf/local_setup.sh
[2.257s] -- Symlinking: /home/sophie/visionaid/isaac_ros_ws/install/isaac_ros_gxf/share/isaac_ros_gxf/local_setup.zsh
[2.262s] -- Symlinking: /home/sophie/visionaid/isaac_ros_ws/install/isaac_ros_gxf/share/isaac_ros_gxf/local_setup.dsv
[2.267s] -- Symlinking: /home/sophie/visionaid/isaac_ros_ws/install/isaac_ros_gxf/share/isaac_ros_gxf/package.dsv
[2.275s] -- Symlinking: /home/sophie/visionaid/isaac_ros_ws/install/isaac_ros_gxf/share/ament_index/resource_index/packages/isaac_ros_gxf
[2.284s] -- Up-to-date symlink: /home/sophie/visionaid/isaac_ros_ws/install/isaac_ros_gxf/share/isaac_ros_gxf/cmake/isaac_ros_gxf-extras.cmake
[2.284s] -- Symlinking: /home/sophie/visionaid/isaac_ros_ws/install/isaac_ros_gxf/share/isaac_ros_gxf/cmake/ament_cmake_export_targets-extras.cmake
[2.293s] -- Symlinking: /home/sophie/visionaid/isaac_ros_ws/install/isaac_ros_gxf/share/isaac_ros_gxf/cmake/ament_cmake_export_dependencies-extras.cmake
[2.303s] -- Symlinking: /home/sophie/visionaid/isaac_ros_ws/install/isaac_ros_gxf/share/isaac_ros_gxf/cmake/isaac_ros_gxfConfig.cmake
[2.310s] -- Symlinking: /home/sophie/visionaid/isaac_ros_ws/install/isaac_ros_gxf/share/isaac_ros_gxf/cmake/isaac_ros_gxfConfig-version.cmake
[2.320s] -- Symlinking: /home/sophie/visionaid/isaac_ros_ws/install/isaac_ros_gxf/share/isaac_ros_gxf/package.xml
[2.330s] -- Installing: /home/sophie/visionaid/isaac_ros_ws/install/isaac_ros_gxf/share/isaac_ros_gxf/cmake/export_isaac_ros_gxfExport.cmake
[2.332s] Invoked command in '/home/sophie/visionaid/isaac_ros_ws/build/isaac_ros_gxf' returned '0': AMENT_PREFIX_PATH=/home/sophie/visionaid/isaac_ros_ws/install/isaac_ros_common:${AMENT_PREFIX_PATH} CMAKE_PREFIX_PATH=/home/sophie/visionaid/isaac_ros_ws/install/isaac_ros_common:/opt/ros/humble LD_LIBRARY_PATH=/home/sophie/visionaid/isaac_ros_ws/install/isaac_ros_common/lib:${LD_LIBRARY_PATH} PATH=/home/sophie/visionaid/isaac_ros_ws/install/isaac_ros_common/bin:${PATH} PYTHONPATH=/home/sophie/visionaid/isaac_ros_ws/install/isaac_ros_common/local/lib/python3.10/dist-packages:${PYTHONPATH} /usr/bin/cmake --install /home/sophie/visionaid/isaac_ros_ws/build/isaac_ros_gxf
