[35m[1mConsolidate compiler generated dependencies of target isaac_ros_visual_slam_interfaces__rosidl_generator_c[0m
[  1%] Built target isaac_ros_visual_slam_interfaces__cpp
[  2%] Built target generate_version_info_target_isaac_ros_visual_slam_interfaces
[ 13%] Built target isaac_ros_visual_slam_interfaces__rosidl_generator_c
[ 13%] Built target ament_cmake_python_symlink_isaac_ros_visual_slam_interfaces
[35m[1mConsolidate compiler generated dependencies of target isaac_ros_visual_slam_interfaces__rosidl_typesupport_introspection_cpp[0m
[35m[1mConsolidate compiler generated dependencies of target isaac_ros_visual_slam_interfaces__rosidl_typesupport_cpp[0m
[35m[1mConsolidate compiler generated dependencies of target isaac_ros_visual_slam_interfaces__rosidl_typesupport_fastrtps_cpp[0m
[35m[1mConsolidate compiler generated dependencies of target isaac_ros_visual_slam_interfaces__rosidl_typesupport_introspection_c[0m
[35m[1mConsolidate compiler generated dependencies of target isaac_ros_visual_slam_interfaces__rosidl_typesupport_c[0m
[35m[1mConsolidate compiler generated dependencies of target isaac_ros_visual_slam_interfaces__rosidl_typesupport_fastrtps_c[0m
[ 25%] Built target isaac_ros_visual_slam_interfaces__rosidl_typesupport_introspection_cpp
[ 36%] Built target isaac_ros_visual_slam_interfaces__rosidl_typesupport_cpp
[ 47%] Built target isaac_ros_visual_slam_interfaces__rosidl_typesupport_introspection_c
[ 58%] Built target isaac_ros_visual_slam_interfaces__rosidl_typesupport_fastrtps_cpp
[ 69%] Built target isaac_ros_visual_slam_interfaces__rosidl_typesupport_c
[ 80%] Built target isaac_ros_visual_slam_interfaces__rosidl_typesupport_fastrtps_c
[ 80%] Built target isaac_ros_visual_slam_interfaces
[ 81%] Built target isaac_ros_visual_slam_interfaces__py
[35m[1mConsolidate compiler generated dependencies of target isaac_ros_visual_slam_interfaces__rosidl_generator_py[0m
[ 91%] Built target isaac_ros_visual_slam_interfaces__rosidl_generator_py
[35m[1mConsolidate compiler generated dependencies of target isaac_ros_visual_slam_interfaces__rosidl_typesupport_fastrtps_c__pyext[0m
[35m[1mConsolidate compiler generated dependencies of target isaac_ros_visual_slam_interfaces__rosidl_typesupport_introspection_c__pyext[0m
[35m[1mConsolidate compiler generated dependencies of target isaac_ros_visual_slam_interfaces__rosidl_typesupport_c__pyext[0m
[ 94%] Built target isaac_ros_visual_slam_interfaces__rosidl_typesupport_fastrtps_c__pyext
[ 97%] Built target isaac_ros_visual_slam_interfaces__rosidl_typesupport_c__pyext
[100%] Built target isaac_ros_visual_slam_interfaces__rosidl_typesupport_introspection_c__pyext
running egg_info
writing isaac_ros_visual_slam_interfaces.egg-info/PKG-INFO
writing dependency_links to isaac_ros_visual_slam_interfaces.egg-info/dependency_links.txt
writing top-level names to isaac_ros_visual_slam_interfaces.egg-info/top_level.txt
reading manifest file 'isaac_ros_visual_slam_interfaces.egg-info/SOURCES.txt'
writing manifest file 'isaac_ros_visual_slam_interfaces.egg-info/SOURCES.txt'
[100%] Built target ament_cmake_python_build_isaac_ros_visual_slam_interfaces_egg
-- Install configuration: "Release"
-- Execute custom install script
-- Up-to-date symlink: /home/kanye/Documents/visionaid/isaac_ws/install/isaac_ros_visual_slam_interfaces/share/ament_index/resource_index/rosidl_interfaces/isaac_ros_visual_slam_interfaces
-- Up-to-date symlink: /home/kanye/Documents/visionaid/isaac_ws/install/isaac_ros_visual_slam_interfaces/include/isaac_ros_visual_slam_interfaces/isaac_ros_visual_slam_interfaces/msg/detail/visual_slam_status__functions.h
-- Up-to-date symlink: /home/kanye/Documents/visionaid/isaac_ws/install/isaac_ros_visual_slam_interfaces/include/isaac_ros_visual_slam_interfaces/isaac_ros_visual_slam_interfaces/msg/detail/visual_slam_status__struct.h
-- Up-to-date symlink: /home/kanye/Documents/visionaid/isaac_ws/install/isaac_ros_visual_slam_interfaces/include/isaac_ros_visual_slam_interfaces/isaac_ros_visual_slam_interfaces/msg/detail/visual_slam_status__type_support.h
-- Up-to-date symlink: /home/kanye/Documents/visionaid/isaac_ws/install/isaac_ros_visual_slam_interfaces/include/isaac_ros_visual_slam_interfaces/isaac_ros_visual_slam_interfaces/msg/rosidl_generator_c__visibility_control.h
-- Up-to-date symlink: /home/kanye/Documents/visionaid/isaac_ws/install/isaac_ros_visual_slam_interfaces/include/isaac_ros_visual_slam_interfaces/isaac_ros_visual_slam_interfaces/msg/visual_slam_status.h
-- Up-to-date symlink: /home/kanye/Documents/visionaid/isaac_ws/install/isaac_ros_visual_slam_interfaces/include/isaac_ros_visual_slam_interfaces/isaac_ros_visual_slam_interfaces/srv/detail/file_path__functions.h
-- Up-to-date symlink: /home/kanye/Documents/visionaid/isaac_ws/install/isaac_ros_visual_slam_interfaces/include/isaac_ros_visual_slam_interfaces/isaac_ros_visual_slam_interfaces/srv/detail/file_path__struct.h
-- Up-to-date symlink: /home/kanye/Documents/visionaid/isaac_ws/install/isaac_ros_visual_slam_interfaces/include/isaac_ros_visual_slam_interfaces/isaac_ros_visual_slam_interfaces/srv/detail/file_path__type_support.h
-- Up-to-date symlink: /home/kanye/Documents/visionaid/isaac_ws/install/isaac_ros_visual_slam_interfaces/include/isaac_ros_visual_slam_interfaces/isaac_ros_visual_slam_interfaces/srv/detail/get_all_poses__functions.h
-- Up-to-date symlink: /home/kanye/Documents/visionaid/isaac_ws/install/isaac_ros_visual_slam_interfaces/include/isaac_ros_visual_slam_interfaces/isaac_ros_visual_slam_interfaces/srv/detail/get_all_poses__struct.h
-- Up-to-date symlink: /home/kanye/Documents/visionaid/isaac_ws/install/isaac_ros_visual_slam_interfaces/include/isaac_ros_visual_slam_interfaces/isaac_ros_visual_slam_interfaces/srv/detail/get_all_poses__type_support.h
-- Up-to-date symlink: /home/kanye/Documents/visionaid/isaac_ws/install/isaac_ros_visual_slam_interfaces/include/isaac_ros_visual_slam_interfaces/isaac_ros_visual_slam_interfaces/srv/detail/localize_in_map__functions.h
-- Up-to-date symlink: /home/kanye/Documents/visionaid/isaac_ws/install/isaac_ros_visual_slam_interfaces/include/isaac_ros_visual_slam_interfaces/isaac_ros_visual_slam_interfaces/srv/detail/localize_in_map__struct.h
-- Up-to-date symlink: /home/kanye/Documents/visionaid/isaac_ws/install/isaac_ros_visual_slam_interfaces/include/isaac_ros_visual_slam_interfaces/isaac_ros_visual_slam_interfaces/srv/detail/localize_in_map__type_support.h
-- Up-to-date symlink: /home/kanye/Documents/visionaid/isaac_ws/install/isaac_ros_visual_slam_interfaces/include/isaac_ros_visual_slam_interfaces/isaac_ros_visual_slam_interfaces/srv/detail/reset__functions.h
-- Up-to-date symlink: /home/kanye/Documents/visionaid/isaac_ws/install/isaac_ros_visual_slam_interfaces/include/isaac_ros_visual_slam_interfaces/isaac_ros_visual_slam_interfaces/srv/detail/reset__struct.h
-- Up-to-date symlink: /home/kanye/Documents/visionaid/isaac_ws/install/isaac_ros_visual_slam_interfaces/include/isaac_ros_visual_slam_interfaces/isaac_ros_visual_slam_interfaces/srv/detail/reset__type_support.h
-- Up-to-date symlink: /home/kanye/Documents/visionaid/isaac_ws/install/isaac_ros_visual_slam_interfaces/include/isaac_ros_visual_slam_interfaces/isaac_ros_visual_slam_interfaces/srv/detail/set_slam_pose__functions.h
-- Up-to-date symlink: /home/kanye/Documents/visionaid/isaac_ws/install/isaac_ros_visual_slam_interfaces/include/isaac_ros_visual_slam_interfaces/isaac_ros_visual_slam_interfaces/srv/detail/set_slam_pose__struct.h
-- Up-to-date symlink: /home/kanye/Documents/visionaid/isaac_ws/install/isaac_ros_visual_slam_interfaces/include/isaac_ros_visual_slam_interfaces/isaac_ros_visual_slam_interfaces/srv/detail/set_slam_pose__type_support.h
-- Up-to-date symlink: /home/kanye/Documents/visionaid/isaac_ws/install/isaac_ros_visual_slam_interfaces/include/isaac_ros_visual_slam_interfaces/isaac_ros_visual_slam_interfaces/srv/file_path.h
-- Up-to-date symlink: /home/kanye/Documents/visionaid/isaac_ws/install/isaac_ros_visual_slam_interfaces/include/isaac_ros_visual_slam_interfaces/isaac_ros_visual_slam_interfaces/srv/get_all_poses.h
-- Up-to-date symlink: /home/kanye/Documents/visionaid/isaac_ws/install/isaac_ros_visual_slam_interfaces/include/isaac_ros_visual_slam_interfaces/isaac_ros_visual_slam_interfaces/srv/localize_in_map.h
-- Up-to-date symlink: /home/kanye/Documents/visionaid/isaac_ws/install/isaac_ros_visual_slam_interfaces/include/isaac_ros_visual_slam_interfaces/isaac_ros_visual_slam_interfaces/srv/reset.h
-- Up-to-date symlink: /home/kanye/Documents/visionaid/isaac_ws/install/isaac_ros_visual_slam_interfaces/include/isaac_ros_visual_slam_interfaces/isaac_ros_visual_slam_interfaces/srv/set_slam_pose.h
-- Up-to-date symlink: /home/kanye/Documents/visionaid/isaac_ws/install/isaac_ros_visual_slam_interfaces/share/isaac_ros_visual_slam_interfaces/environment/library_path.sh
-- Up-to-date symlink: /home/kanye/Documents/visionaid/isaac_ws/install/isaac_ros_visual_slam_interfaces/share/isaac_ros_visual_slam_interfaces/environment/library_path.dsv
-- Up-to-date symlink: /home/kanye/Documents/visionaid/isaac_ws/install/isaac_ros_visual_slam_interfaces/include/isaac_ros_visual_slam_interfaces/isaac_ros_visual_slam_interfaces/msg/detail/visual_slam_status__rosidl_typesupport_fastrtps_c.h
-- Up-to-date symlink: /home/kanye/Documents/visionaid/isaac_ws/install/isaac_ros_visual_slam_interfaces/include/isaac_ros_visual_slam_interfaces/isaac_ros_visual_slam_interfaces/msg/rosidl_typesupport_fastrtps_c__visibility_control.h
-- Up-to-date symlink: /home/kanye/Documents/visionaid/isaac_ws/install/isaac_ros_visual_slam_interfaces/include/isaac_ros_visual_slam_interfaces/isaac_ros_visual_slam_interfaces/srv/detail/file_path__rosidl_typesupport_fastrtps_c.h
-- Up-to-date symlink: /home/kanye/Documents/visionaid/isaac_ws/install/isaac_ros_visual_slam_interfaces/include/isaac_ros_visual_slam_interfaces/isaac_ros_visual_slam_interfaces/srv/detail/get_all_poses__rosidl_typesupport_fastrtps_c.h
-- Up-to-date symlink: /home/kanye/Documents/visionaid/isaac_ws/install/isaac_ros_visual_slam_interfaces/include/isaac_ros_visual_slam_interfaces/isaac_ros_visual_slam_interfaces/srv/detail/localize_in_map__rosidl_typesupport_fastrtps_c.h
-- Up-to-date symlink: /home/kanye/Documents/visionaid/isaac_ws/install/isaac_ros_visual_slam_interfaces/include/isaac_ros_visual_slam_interfaces/isaac_ros_visual_slam_interfaces/srv/detail/reset__rosidl_typesupport_fastrtps_c.h
-- Up-to-date symlink: /home/kanye/Documents/visionaid/isaac_ws/install/isaac_ros_visual_slam_interfaces/include/isaac_ros_visual_slam_interfaces/isaac_ros_visual_slam_interfaces/srv/detail/set_slam_pose__rosidl_typesupport_fastrtps_c.h
-- Up-to-date symlink: /home/kanye/Documents/visionaid/isaac_ws/install/isaac_ros_visual_slam_interfaces/include/isaac_ros_visual_slam_interfaces/isaac_ros_visual_slam_interfaces/msg/detail/visual_slam_status__rosidl_typesupport_introspection_c.h
-- Up-to-date symlink: /home/kanye/Documents/visionaid/isaac_ws/install/isaac_ros_visual_slam_interfaces/include/isaac_ros_visual_slam_interfaces/isaac_ros_visual_slam_interfaces/msg/rosidl_typesupport_introspection_c__visibility_control.h
-- Up-to-date symlink: /home/kanye/Documents/visionaid/isaac_ws/install/isaac_ros_visual_slam_interfaces/include/isaac_ros_visual_slam_interfaces/isaac_ros_visual_slam_interfaces/srv/detail/file_path__rosidl_typesupport_introspection_c.h
-- Up-to-date symlink: /home/kanye/Documents/visionaid/isaac_ws/install/isaac_ros_visual_slam_interfaces/include/isaac_ros_visual_slam_interfaces/isaac_ros_visual_slam_interfaces/srv/detail/get_all_poses__rosidl_typesupport_introspection_c.h
-- Up-to-date symlink: /home/kanye/Documents/visionaid/isaac_ws/install/isaac_ros_visual_slam_interfaces/include/isaac_ros_visual_slam_interfaces/isaac_ros_visual_slam_interfaces/srv/detail/localize_in_map__rosidl_typesupport_introspection_c.h
-- Up-to-date symlink: /home/kanye/Documents/visionaid/isaac_ws/install/isaac_ros_visual_slam_interfaces/include/isaac_ros_visual_slam_interfaces/isaac_ros_visual_slam_interfaces/srv/detail/reset__rosidl_typesupport_introspection_c.h
-- Up-to-date symlink: /home/kanye/Documents/visionaid/isaac_ws/install/isaac_ros_visual_slam_interfaces/include/isaac_ros_visual_slam_interfaces/isaac_ros_visual_slam_interfaces/srv/detail/set_slam_pose__rosidl_typesupport_introspection_c.h
-- Up-to-date symlink: /home/kanye/Documents/visionaid/isaac_ws/install/isaac_ros_visual_slam_interfaces/include/isaac_ros_visual_slam_interfaces/isaac_ros_visual_slam_interfaces/msg/detail/visual_slam_status__builder.hpp
-- Up-to-date symlink: /home/kanye/Documents/visionaid/isaac_ws/install/isaac_ros_visual_slam_interfaces/include/isaac_ros_visual_slam_interfaces/isaac_ros_visual_slam_interfaces/msg/detail/visual_slam_status__struct.hpp
-- Up-to-date symlink: /home/kanye/Documents/visionaid/isaac_ws/install/isaac_ros_visual_slam_interfaces/include/isaac_ros_visual_slam_interfaces/isaac_ros_visual_slam_interfaces/msg/detail/visual_slam_status__traits.hpp
-- Up-to-date symlink: /home/kanye/Documents/visionaid/isaac_ws/install/isaac_ros_visual_slam_interfaces/include/isaac_ros_visual_slam_interfaces/isaac_ros_visual_slam_interfaces/msg/detail/visual_slam_status__type_support.hpp
-- Up-to-date symlink: /home/kanye/Documents/visionaid/isaac_ws/install/isaac_ros_visual_slam_interfaces/include/isaac_ros_visual_slam_interfaces/isaac_ros_visual_slam_interfaces/msg/rosidl_generator_cpp__visibility_control.hpp
-- Up-to-date symlink: /home/kanye/Documents/visionaid/isaac_ws/install/isaac_ros_visual_slam_interfaces/include/isaac_ros_visual_slam_interfaces/isaac_ros_visual_slam_interfaces/msg/visual_slam_status.hpp
-- Up-to-date symlink: /home/kanye/Documents/visionaid/isaac_ws/install/isaac_ros_visual_slam_interfaces/include/isaac_ros_visual_slam_interfaces/isaac_ros_visual_slam_interfaces/srv/detail/file_path__builder.hpp
-- Up-to-date symlink: /home/kanye/Documents/visionaid/isaac_ws/install/isaac_ros_visual_slam_interfaces/include/isaac_ros_visual_slam_interfaces/isaac_ros_visual_slam_interfaces/srv/detail/file_path__struct.hpp
-- Up-to-date symlink: /home/kanye/Documents/visionaid/isaac_ws/install/isaac_ros_visual_slam_interfaces/include/isaac_ros_visual_slam_interfaces/isaac_ros_visual_slam_interfaces/srv/detail/file_path__traits.hpp
-- Up-to-date symlink: /home/kanye/Documents/visionaid/isaac_ws/install/isaac_ros_visual_slam_interfaces/include/isaac_ros_visual_slam_interfaces/isaac_ros_visual_slam_interfaces/srv/detail/file_path__type_support.hpp
-- Up-to-date symlink: /home/kanye/Documents/visionaid/isaac_ws/install/isaac_ros_visual_slam_interfaces/include/isaac_ros_visual_slam_interfaces/isaac_ros_visual_slam_interfaces/srv/detail/get_all_poses__builder.hpp
-- Up-to-date symlink: /home/kanye/Documents/visionaid/isaac_ws/install/isaac_ros_visual_slam_interfaces/include/isaac_ros_visual_slam_interfaces/isaac_ros_visual_slam_interfaces/srv/detail/get_all_poses__struct.hpp
-- Up-to-date symlink: /home/kanye/Documents/visionaid/isaac_ws/install/isaac_ros_visual_slam_interfaces/include/isaac_ros_visual_slam_interfaces/isaac_ros_visual_slam_interfaces/srv/detail/get_all_poses__traits.hpp
-- Up-to-date symlink: /home/kanye/Documents/visionaid/isaac_ws/install/isaac_ros_visual_slam_interfaces/include/isaac_ros_visual_slam_interfaces/isaac_ros_visual_slam_interfaces/srv/detail/get_all_poses__type_support.hpp
-- Up-to-date symlink: /home/kanye/Documents/visionaid/isaac_ws/install/isaac_ros_visual_slam_interfaces/include/isaac_ros_visual_slam_interfaces/isaac_ros_visual_slam_interfaces/srv/detail/localize_in_map__builder.hpp
-- Up-to-date symlink: /home/kanye/Documents/visionaid/isaac_ws/install/isaac_ros_visual_slam_interfaces/include/isaac_ros_visual_slam_interfaces/isaac_ros_visual_slam_interfaces/srv/detail/localize_in_map__struct.hpp
-- Up-to-date symlink: /home/kanye/Documents/visionaid/isaac_ws/install/isaac_ros_visual_slam_interfaces/include/isaac_ros_visual_slam_interfaces/isaac_ros_visual_slam_interfaces/srv/detail/localize_in_map__traits.hpp
-- Up-to-date symlink: /home/kanye/Documents/visionaid/isaac_ws/install/isaac_ros_visual_slam_interfaces/include/isaac_ros_visual_slam_interfaces/isaac_ros_visual_slam_interfaces/srv/detail/localize_in_map__type_support.hpp
-- Up-to-date symlink: /home/kanye/Documents/visionaid/isaac_ws/install/isaac_ros_visual_slam_interfaces/include/isaac_ros_visual_slam_interfaces/isaac_ros_visual_slam_interfaces/srv/detail/reset__builder.hpp
-- Up-to-date symlink: /home/kanye/Documents/visionaid/isaac_ws/install/isaac_ros_visual_slam_interfaces/include/isaac_ros_visual_slam_interfaces/isaac_ros_visual_slam_interfaces/srv/detail/reset__struct.hpp
-- Up-to-date symlink: /home/kanye/Documents/visionaid/isaac_ws/install/isaac_ros_visual_slam_interfaces/include/isaac_ros_visual_slam_interfaces/isaac_ros_visual_slam_interfaces/srv/detail/reset__traits.hpp
-- Up-to-date symlink: /home/kanye/Documents/visionaid/isaac_ws/install/isaac_ros_visual_slam_interfaces/include/isaac_ros_visual_slam_interfaces/isaac_ros_visual_slam_interfaces/srv/detail/reset__type_support.hpp
-- Up-to-date symlink: /home/kanye/Documents/visionaid/isaac_ws/install/isaac_ros_visual_slam_interfaces/include/isaac_ros_visual_slam_interfaces/isaac_ros_visual_slam_interfaces/srv/detail/set_slam_pose__builder.hpp
-- Up-to-date symlink: /home/kanye/Documents/visionaid/isaac_ws/install/isaac_ros_visual_slam_interfaces/include/isaac_ros_visual_slam_interfaces/isaac_ros_visual_slam_interfaces/srv/detail/set_slam_pose__struct.hpp
-- Up-to-date symlink: /home/kanye/Documents/visionaid/isaac_ws/install/isaac_ros_visual_slam_interfaces/include/isaac_ros_visual_slam_interfaces/isaac_ros_visual_slam_interfaces/srv/detail/set_slam_pose__traits.hpp
-- Up-to-date symlink: /home/kanye/Documents/visionaid/isaac_ws/install/isaac_ros_visual_slam_interfaces/include/isaac_ros_visual_slam_interfaces/isaac_ros_visual_slam_interfaces/srv/detail/set_slam_pose__type_support.hpp
-- Up-to-date symlink: /home/kanye/Documents/visionaid/isaac_ws/install/isaac_ros_visual_slam_interfaces/include/isaac_ros_visual_slam_interfaces/isaac_ros_visual_slam_interfaces/srv/file_path.hpp
-- Up-to-date symlink: /home/kanye/Documents/visionaid/isaac_ws/install/isaac_ros_visual_slam_interfaces/include/isaac_ros_visual_slam_interfaces/isaac_ros_visual_slam_interfaces/srv/get_all_poses.hpp
-- Up-to-date symlink: /home/kanye/Documents/visionaid/isaac_ws/install/isaac_ros_visual_slam_interfaces/include/isaac_ros_visual_slam_interfaces/isaac_ros_visual_slam_interfaces/srv/localize_in_map.hpp
-- Up-to-date symlink: /home/kanye/Documents/visionaid/isaac_ws/install/isaac_ros_visual_slam_interfaces/include/isaac_ros_visual_slam_interfaces/isaac_ros_visual_slam_interfaces/srv/reset.hpp
-- Up-to-date symlink: /home/kanye/Documents/visionaid/isaac_ws/install/isaac_ros_visual_slam_interfaces/include/isaac_ros_visual_slam_interfaces/isaac_ros_visual_slam_interfaces/srv/set_slam_pose.hpp
-- Up-to-date symlink: /home/kanye/Documents/visionaid/isaac_ws/install/isaac_ros_visual_slam_interfaces/include/isaac_ros_visual_slam_interfaces/isaac_ros_visual_slam_interfaces/msg/detail/visual_slam_status__rosidl_typesupport_fastrtps_cpp.hpp
-- Up-to-date symlink: /home/kanye/Documents/visionaid/isaac_ws/install/isaac_ros_visual_slam_interfaces/include/isaac_ros_visual_slam_interfaces/isaac_ros_visual_slam_interfaces/msg/rosidl_typesupport_fastrtps_cpp__visibility_control.h
-- Up-to-date symlink: /home/kanye/Documents/visionaid/isaac_ws/install/isaac_ros_visual_slam_interfaces/include/isaac_ros_visual_slam_interfaces/isaac_ros_visual_slam_interfaces/srv/detail/file_path__rosidl_typesupport_fastrtps_cpp.hpp
-- Up-to-date symlink: /home/kanye/Documents/visionaid/isaac_ws/install/isaac_ros_visual_slam_interfaces/include/isaac_ros_visual_slam_interfaces/isaac_ros_visual_slam_interfaces/srv/detail/get_all_poses__rosidl_typesupport_fastrtps_cpp.hpp
-- Up-to-date symlink: /home/kanye/Documents/visionaid/isaac_ws/install/isaac_ros_visual_slam_interfaces/include/isaac_ros_visual_slam_interfaces/isaac_ros_visual_slam_interfaces/srv/detail/localize_in_map__rosidl_typesupport_fastrtps_cpp.hpp
-- Up-to-date symlink: /home/kanye/Documents/visionaid/isaac_ws/install/isaac_ros_visual_slam_interfaces/include/isaac_ros_visual_slam_interfaces/isaac_ros_visual_slam_interfaces/srv/detail/reset__rosidl_typesupport_fastrtps_cpp.hpp
-- Up-to-date symlink: /home/kanye/Documents/visionaid/isaac_ws/install/isaac_ros_visual_slam_interfaces/include/isaac_ros_visual_slam_interfaces/isaac_ros_visual_slam_interfaces/srv/detail/set_slam_pose__rosidl_typesupport_fastrtps_cpp.hpp
-- Up-to-date symlink: /home/kanye/Documents/visionaid/isaac_ws/install/isaac_ros_visual_slam_interfaces/include/isaac_ros_visual_slam_interfaces/isaac_ros_visual_slam_interfaces/msg/detail/visual_slam_status__rosidl_typesupport_introspection_cpp.hpp
-- Up-to-date symlink: /home/kanye/Documents/visionaid/isaac_ws/install/isaac_ros_visual_slam_interfaces/include/isaac_ros_visual_slam_interfaces/isaac_ros_visual_slam_interfaces/srv/detail/file_path__rosidl_typesupport_introspection_cpp.hpp
-- Up-to-date symlink: /home/kanye/Documents/visionaid/isaac_ws/install/isaac_ros_visual_slam_interfaces/include/isaac_ros_visual_slam_interfaces/isaac_ros_visual_slam_interfaces/srv/detail/get_all_poses__rosidl_typesupport_introspection_cpp.hpp
-- Up-to-date symlink: /home/kanye/Documents/visionaid/isaac_ws/install/isaac_ros_visual_slam_interfaces/include/isaac_ros_visual_slam_interfaces/isaac_ros_visual_slam_interfaces/srv/detail/localize_in_map__rosidl_typesupport_introspection_cpp.hpp
-- Up-to-date symlink: /home/kanye/Documents/visionaid/isaac_ws/install/isaac_ros_visual_slam_interfaces/include/isaac_ros_visual_slam_interfaces/isaac_ros_visual_slam_interfaces/srv/detail/reset__rosidl_typesupport_introspection_cpp.hpp
-- Up-to-date symlink: /home/kanye/Documents/visionaid/isaac_ws/install/isaac_ros_visual_slam_interfaces/include/isaac_ros_visual_slam_interfaces/isaac_ros_visual_slam_interfaces/srv/detail/set_slam_pose__rosidl_typesupport_introspection_cpp.hpp
-- Up-to-date symlink: /home/kanye/Documents/visionaid/isaac_ws/install/isaac_ros_visual_slam_interfaces/share/isaac_ros_visual_slam_interfaces/environment/pythonpath.sh
-- Up-to-date symlink: /home/kanye/Documents/visionaid/isaac_ws/install/isaac_ros_visual_slam_interfaces/share/isaac_ros_visual_slam_interfaces/environment/pythonpath.dsv
-- Up-to-date symlink: /home/kanye/Documents/visionaid/isaac_ws/install/isaac_ros_visual_slam_interfaces/local/lib/python3.10/dist-packages/isaac_ros_visual_slam_interfaces-3.2.5-py3.10.egg-info/PKG-INFO
-- Up-to-date symlink: /home/kanye/Documents/visionaid/isaac_ws/install/isaac_ros_visual_slam_interfaces/local/lib/python3.10/dist-packages/isaac_ros_visual_slam_interfaces-3.2.5-py3.10.egg-info/SOURCES.txt
-- Up-to-date symlink: /home/kanye/Documents/visionaid/isaac_ws/install/isaac_ros_visual_slam_interfaces/local/lib/python3.10/dist-packages/isaac_ros_visual_slam_interfaces-3.2.5-py3.10.egg-info/dependency_links.txt
-- Up-to-date symlink: /home/kanye/Documents/visionaid/isaac_ws/install/isaac_ros_visual_slam_interfaces/local/lib/python3.10/dist-packages/isaac_ros_visual_slam_interfaces-3.2.5-py3.10.egg-info/top_level.txt
-- Up-to-date symlink: /home/kanye/Documents/visionaid/isaac_ws/install/isaac_ros_visual_slam_interfaces/local/lib/python3.10/dist-packages/isaac_ros_visual_slam_interfaces/__init__.py
-- Up-to-date symlink: /home/kanye/Documents/visionaid/isaac_ws/install/isaac_ros_visual_slam_interfaces/local/lib/python3.10/dist-packages/isaac_ros_visual_slam_interfaces/_isaac_ros_visual_slam_interfaces_s.ep.rosidl_typesupport_c.c
-- Up-to-date symlink: /home/kanye/Documents/visionaid/isaac_ws/install/isaac_ros_visual_slam_interfaces/local/lib/python3.10/dist-packages/isaac_ros_visual_slam_interfaces/_isaac_ros_visual_slam_interfaces_s.ep.rosidl_typesupport_fastrtps_c.c
-- Up-to-date symlink: /home/kanye/Documents/visionaid/isaac_ws/install/isaac_ros_visual_slam_interfaces/local/lib/python3.10/dist-packages/isaac_ros_visual_slam_interfaces/_isaac_ros_visual_slam_interfaces_s.ep.rosidl_typesupport_introspection_c.c
-- Up-to-date symlink: /home/kanye/Documents/visionaid/isaac_ws/install/isaac_ros_visual_slam_interfaces/local/lib/python3.10/dist-packages/isaac_ros_visual_slam_interfaces/isaac_ros_visual_slam_interfaces_s__rosidl_typesupport_c.cpython-310-x86_64-linux-gnu.so
-- Up-to-date symlink: /home/kanye/Documents/visionaid/isaac_ws/install/isaac_ros_visual_slam_interfaces/local/lib/python3.10/dist-packages/isaac_ros_visual_slam_interfaces/isaac_ros_visual_slam_interfaces_s__rosidl_typesupport_fastrtps_c.cpython-310-x86_64-linux-gnu.so
-- Up-to-date symlink: /home/kanye/Documents/visionaid/isaac_ws/install/isaac_ros_visual_slam_interfaces/local/lib/python3.10/dist-packages/isaac_ros_visual_slam_interfaces/isaac_ros_visual_slam_interfaces_s__rosidl_typesupport_introspection_c.cpython-310-x86_64-linux-gnu.so
-- Up-to-date symlink: /home/kanye/Documents/visionaid/isaac_ws/install/isaac_ros_visual_slam_interfaces/local/lib/python3.10/dist-packages/isaac_ros_visual_slam_interfaces/libisaac_ros_visual_slam_interfaces__rosidl_generator_py.so
-- Up-to-date symlink: /home/kanye/Documents/visionaid/isaac_ws/install/isaac_ros_visual_slam_interfaces/local/lib/python3.10/dist-packages/isaac_ros_visual_slam_interfaces/msg/__init__.py
-- Up-to-date symlink: /home/kanye/Documents/visionaid/isaac_ws/install/isaac_ros_visual_slam_interfaces/local/lib/python3.10/dist-packages/isaac_ros_visual_slam_interfaces/msg/_visual_slam_status.py
-- Up-to-date symlink: /home/kanye/Documents/visionaid/isaac_ws/install/isaac_ros_visual_slam_interfaces/local/lib/python3.10/dist-packages/isaac_ros_visual_slam_interfaces/msg/_visual_slam_status_s.c
-- Up-to-date symlink: /home/kanye/Documents/visionaid/isaac_ws/install/isaac_ros_visual_slam_interfaces/local/lib/python3.10/dist-packages/isaac_ros_visual_slam_interfaces/srv/__init__.py
-- Up-to-date symlink: /home/kanye/Documents/visionaid/isaac_ws/install/isaac_ros_visual_slam_interfaces/local/lib/python3.10/dist-packages/isaac_ros_visual_slam_interfaces/srv/_file_path.py
-- Up-to-date symlink: /home/kanye/Documents/visionaid/isaac_ws/install/isaac_ros_visual_slam_interfaces/local/lib/python3.10/dist-packages/isaac_ros_visual_slam_interfaces/srv/_file_path_s.c
-- Up-to-date symlink: /home/kanye/Documents/visionaid/isaac_ws/install/isaac_ros_visual_slam_interfaces/local/lib/python3.10/dist-packages/isaac_ros_visual_slam_interfaces/srv/_get_all_poses.py
-- Up-to-date symlink: /home/kanye/Documents/visionaid/isaac_ws/install/isaac_ros_visual_slam_interfaces/local/lib/python3.10/dist-packages/isaac_ros_visual_slam_interfaces/srv/_get_all_poses_s.c
-- Up-to-date symlink: /home/kanye/Documents/visionaid/isaac_ws/install/isaac_ros_visual_slam_interfaces/local/lib/python3.10/dist-packages/isaac_ros_visual_slam_interfaces/srv/_localize_in_map.py
-- Up-to-date symlink: /home/kanye/Documents/visionaid/isaac_ws/install/isaac_ros_visual_slam_interfaces/local/lib/python3.10/dist-packages/isaac_ros_visual_slam_interfaces/srv/_localize_in_map_s.c
-- Up-to-date symlink: /home/kanye/Documents/visionaid/isaac_ws/install/isaac_ros_visual_slam_interfaces/local/lib/python3.10/dist-packages/isaac_ros_visual_slam_interfaces/srv/_reset.py
-- Up-to-date symlink: /home/kanye/Documents/visionaid/isaac_ws/install/isaac_ros_visual_slam_interfaces/local/lib/python3.10/dist-packages/isaac_ros_visual_slam_interfaces/srv/_reset_s.c
-- Up-to-date symlink: /home/kanye/Documents/visionaid/isaac_ws/install/isaac_ros_visual_slam_interfaces/local/lib/python3.10/dist-packages/isaac_ros_visual_slam_interfaces/srv/_set_slam_pose.py
-- Up-to-date symlink: /home/kanye/Documents/visionaid/isaac_ws/install/isaac_ros_visual_slam_interfaces/local/lib/python3.10/dist-packages/isaac_ros_visual_slam_interfaces/srv/_set_slam_pose_s.c
-- Up-to-date symlink: /home/kanye/Documents/visionaid/isaac_ws/install/isaac_ros_visual_slam_interfaces/local/lib/python3.10/dist-packages/isaac_ros_visual_slam_interfaces/isaac_ros_visual_slam_interfaces_s__rosidl_typesupport_fastrtps_c.cpython-310-x86_64-linux-gnu.so
-- Up-to-date symlink: /home/kanye/Documents/visionaid/isaac_ws/install/isaac_ros_visual_slam_interfaces/local/lib/python3.10/dist-packages/isaac_ros_visual_slam_interfaces/isaac_ros_visual_slam_interfaces_s__rosidl_typesupport_introspection_c.cpython-310-x86_64-linux-gnu.so
-- Up-to-date symlink: /home/kanye/Documents/visionaid/isaac_ws/install/isaac_ros_visual_slam_interfaces/local/lib/python3.10/dist-packages/isaac_ros_visual_slam_interfaces/isaac_ros_visual_slam_interfaces_s__rosidl_typesupport_c.cpython-310-x86_64-linux-gnu.so
-- Up-to-date symlink: /home/kanye/Documents/visionaid/isaac_ws/install/isaac_ros_visual_slam_interfaces/share/isaac_ros_visual_slam_interfaces/msg/VisualSlamStatus.idl
-- Up-to-date symlink: /home/kanye/Documents/visionaid/isaac_ws/install/isaac_ros_visual_slam_interfaces/share/isaac_ros_visual_slam_interfaces/srv/GetAllPoses.idl
-- Up-to-date symlink: /home/kanye/Documents/visionaid/isaac_ws/install/isaac_ros_visual_slam_interfaces/share/isaac_ros_visual_slam_interfaces/srv/Reset.idl
-- Up-to-date symlink: /home/kanye/Documents/visionaid/isaac_ws/install/isaac_ros_visual_slam_interfaces/share/isaac_ros_visual_slam_interfaces/srv/SetSlamPose.idl
-- Up-to-date symlink: /home/kanye/Documents/visionaid/isaac_ws/install/isaac_ros_visual_slam_interfaces/share/isaac_ros_visual_slam_interfaces/srv/FilePath.idl
-- Up-to-date symlink: /home/kanye/Documents/visionaid/isaac_ws/install/isaac_ros_visual_slam_interfaces/share/isaac_ros_visual_slam_interfaces/srv/LocalizeInMap.idl
-- Up-to-date symlink: /home/kanye/Documents/visionaid/isaac_ws/install/isaac_ros_visual_slam_interfaces/share/isaac_ros_visual_slam_interfaces/msg/VisualSlamStatus.msg
-- Up-to-date symlink: /home/kanye/Documents/visionaid/isaac_ws/install/isaac_ros_visual_slam_interfaces/share/isaac_ros_visual_slam_interfaces/srv/GetAllPoses.srv
-- Up-to-date symlink: /home/kanye/Documents/visionaid/isaac_ws/install/isaac_ros_visual_slam_interfaces/share/isaac_ros_visual_slam_interfaces/srv/GetAllPoses_Request.msg
-- Up-to-date symlink: /home/kanye/Documents/visionaid/isaac_ws/install/isaac_ros_visual_slam_interfaces/share/isaac_ros_visual_slam_interfaces/srv/GetAllPoses_Response.msg
-- Up-to-date symlink: /home/kanye/Documents/visionaid/isaac_ws/install/isaac_ros_visual_slam_interfaces/share/isaac_ros_visual_slam_interfaces/srv/Reset.srv
-- Up-to-date symlink: /home/kanye/Documents/visionaid/isaac_ws/install/isaac_ros_visual_slam_interfaces/share/isaac_ros_visual_slam_interfaces/srv/Reset_Request.msg
-- Up-to-date symlink: /home/kanye/Documents/visionaid/isaac_ws/install/isaac_ros_visual_slam_interfaces/share/isaac_ros_visual_slam_interfaces/srv/Reset_Response.msg
-- Up-to-date symlink: /home/kanye/Documents/visionaid/isaac_ws/install/isaac_ros_visual_slam_interfaces/share/isaac_ros_visual_slam_interfaces/srv/SetSlamPose.srv
-- Up-to-date symlink: /home/kanye/Documents/visionaid/isaac_ws/install/isaac_ros_visual_slam_interfaces/share/isaac_ros_visual_slam_interfaces/srv/SetSlamPose_Request.msg
-- Up-to-date symlink: /home/kanye/Documents/visionaid/isaac_ws/install/isaac_ros_visual_slam_interfaces/share/isaac_ros_visual_slam_interfaces/srv/SetSlamPose_Response.msg
-- Up-to-date symlink: /home/kanye/Documents/visionaid/isaac_ws/install/isaac_ros_visual_slam_interfaces/share/isaac_ros_visual_slam_interfaces/srv/FilePath.srv
-- Up-to-date symlink: /home/kanye/Documents/visionaid/isaac_ws/install/isaac_ros_visual_slam_interfaces/share/isaac_ros_visual_slam_interfaces/srv/FilePath_Request.msg
-- Up-to-date symlink: /home/kanye/Documents/visionaid/isaac_ws/install/isaac_ros_visual_slam_interfaces/share/isaac_ros_visual_slam_interfaces/srv/FilePath_Response.msg
-- Up-to-date symlink: /home/kanye/Documents/visionaid/isaac_ws/install/isaac_ros_visual_slam_interfaces/share/isaac_ros_visual_slam_interfaces/srv/LocalizeInMap.srv
-- Up-to-date symlink: /home/kanye/Documents/visionaid/isaac_ws/install/isaac_ros_visual_slam_interfaces/share/isaac_ros_visual_slam_interfaces/srv/LocalizeInMap_Request.msg
-- Up-to-date symlink: /home/kanye/Documents/visionaid/isaac_ws/install/isaac_ros_visual_slam_interfaces/share/isaac_ros_visual_slam_interfaces/srv/LocalizeInMap_Response.msg
-- Up-to-date symlink: /home/kanye/Documents/visionaid/isaac_ws/install/isaac_ros_visual_slam_interfaces/share/isaac_ros_visual_slam_interfaces/version_info.yaml
-- Up-to-date symlink: /home/kanye/Documents/visionaid/isaac_ws/install/isaac_ros_visual_slam_interfaces/share/ament_index/resource_index/package_run_dependencies/isaac_ros_visual_slam_interfaces
-- Up-to-date symlink: /home/kanye/Documents/visionaid/isaac_ws/install/isaac_ros_visual_slam_interfaces/share/ament_index/resource_index/parent_prefix_path/isaac_ros_visual_slam_interfaces
-- Up-to-date symlink: /home/kanye/Documents/visionaid/isaac_ws/install/isaac_ros_visual_slam_interfaces/share/isaac_ros_visual_slam_interfaces/environment/ament_prefix_path.sh
-- Up-to-date symlink: /home/kanye/Documents/visionaid/isaac_ws/install/isaac_ros_visual_slam_interfaces/share/isaac_ros_visual_slam_interfaces/environment/ament_prefix_path.dsv
-- Up-to-date symlink: /home/kanye/Documents/visionaid/isaac_ws/install/isaac_ros_visual_slam_interfaces/share/isaac_ros_visual_slam_interfaces/environment/path.sh
-- Up-to-date symlink: /home/kanye/Documents/visionaid/isaac_ws/install/isaac_ros_visual_slam_interfaces/share/isaac_ros_visual_slam_interfaces/environment/path.dsv
-- Up-to-date symlink: /home/kanye/Documents/visionaid/isaac_ws/install/isaac_ros_visual_slam_interfaces/share/isaac_ros_visual_slam_interfaces/local_setup.bash
-- Up-to-date symlink: /home/kanye/Documents/visionaid/isaac_ws/install/isaac_ros_visual_slam_interfaces/share/isaac_ros_visual_slam_interfaces/local_setup.sh
-- Up-to-date symlink: /home/kanye/Documents/visionaid/isaac_ws/install/isaac_ros_visual_slam_interfaces/share/isaac_ros_visual_slam_interfaces/local_setup.zsh
-- Up-to-date symlink: /home/kanye/Documents/visionaid/isaac_ws/install/isaac_ros_visual_slam_interfaces/share/isaac_ros_visual_slam_interfaces/local_setup.dsv
-- Symlinking: /home/kanye/Documents/visionaid/isaac_ws/install/isaac_ros_visual_slam_interfaces/share/isaac_ros_visual_slam_interfaces/package.dsv
-- Up-to-date symlink: /home/kanye/Documents/visionaid/isaac_ws/install/isaac_ros_visual_slam_interfaces/share/ament_index/resource_index/packages/isaac_ros_visual_slam_interfaces
-- Up-to-date symlink: /home/kanye/Documents/visionaid/isaac_ws/install/isaac_ros_visual_slam_interfaces/share/isaac_ros_visual_slam_interfaces/cmake/rosidl_cmake-extras.cmake
-- Up-to-date symlink: /home/kanye/Documents/visionaid/isaac_ws/install/isaac_ros_visual_slam_interfaces/share/isaac_ros_visual_slam_interfaces/cmake/ament_cmake_export_dependencies-extras.cmake
-- Up-to-date symlink: /home/kanye/Documents/visionaid/isaac_ws/install/isaac_ros_visual_slam_interfaces/share/isaac_ros_visual_slam_interfaces/cmake/ament_cmake_export_include_directories-extras.cmake
-- Up-to-date symlink: /home/kanye/Documents/visionaid/isaac_ws/install/isaac_ros_visual_slam_interfaces/share/isaac_ros_visual_slam_interfaces/cmake/ament_cmake_export_libraries-extras.cmake
-- Up-to-date symlink: /home/kanye/Documents/visionaid/isaac_ws/install/isaac_ros_visual_slam_interfaces/share/isaac_ros_visual_slam_interfaces/cmake/ament_cmake_export_targets-extras.cmake
-- Up-to-date symlink: /home/kanye/Documents/visionaid/isaac_ws/install/isaac_ros_visual_slam_interfaces/share/isaac_ros_visual_slam_interfaces/cmake/rosidl_cmake_export_typesupport_targets-extras.cmake
-- Up-to-date symlink: /home/kanye/Documents/visionaid/isaac_ws/install/isaac_ros_visual_slam_interfaces/share/isaac_ros_visual_slam_interfaces/cmake/rosidl_cmake_export_typesupport_libraries-extras.cmake
-- Up-to-date symlink: /home/kanye/Documents/visionaid/isaac_ws/install/isaac_ros_visual_slam_interfaces/share/isaac_ros_visual_slam_interfaces/cmake/isaac_ros_visual_slam_interfacesConfig.cmake
-- Up-to-date symlink: /home/kanye/Documents/visionaid/isaac_ws/install/isaac_ros_visual_slam_interfaces/share/isaac_ros_visual_slam_interfaces/cmake/isaac_ros_visual_slam_interfacesConfig-version.cmake
-- Up-to-date symlink: /home/kanye/Documents/visionaid/isaac_ws/install/isaac_ros_visual_slam_interfaces/share/isaac_ros_visual_slam_interfaces/package.xml
-- Up-to-date: /home/kanye/Documents/visionaid/isaac_ws/install/isaac_ros_visual_slam_interfaces/lib/libisaac_ros_visual_slam_interfaces__rosidl_generator_c.so
-- Up-to-date: /home/kanye/Documents/visionaid/isaac_ws/install/isaac_ros_visual_slam_interfaces/lib/libisaac_ros_visual_slam_interfaces__rosidl_typesupport_fastrtps_c.so
-- Up-to-date: /home/kanye/Documents/visionaid/isaac_ws/install/isaac_ros_visual_slam_interfaces/lib/libisaac_ros_visual_slam_interfaces__rosidl_typesupport_introspection_c.so
-- Up-to-date: /home/kanye/Documents/visionaid/isaac_ws/install/isaac_ros_visual_slam_interfaces/lib/libisaac_ros_visual_slam_interfaces__rosidl_typesupport_c.so
-- Up-to-date: /home/kanye/Documents/visionaid/isaac_ws/install/isaac_ros_visual_slam_interfaces/lib/libisaac_ros_visual_slam_interfaces__rosidl_typesupport_fastrtps_cpp.so
-- Up-to-date: /home/kanye/Documents/visionaid/isaac_ws/install/isaac_ros_visual_slam_interfaces/lib/libisaac_ros_visual_slam_interfaces__rosidl_typesupport_introspection_cpp.so
-- Up-to-date: /home/kanye/Documents/visionaid/isaac_ws/install/isaac_ros_visual_slam_interfaces/lib/libisaac_ros_visual_slam_interfaces__rosidl_typesupport_cpp.so
Listing '/home/kanye/Documents/visionaid/isaac_ws/install/isaac_ros_visual_slam_interfaces/local/lib/python3.10/dist-packages/isaac_ros_visual_slam_interfaces'...
Listing '/home/kanye/Documents/visionaid/isaac_ws/install/isaac_ros_visual_slam_interfaces/local/lib/python3.10/dist-packages/isaac_ros_visual_slam_interfaces/msg'...
Listing '/home/kanye/Documents/visionaid/isaac_ws/install/isaac_ros_visual_slam_interfaces/local/lib/python3.10/dist-packages/isaac_ros_visual_slam_interfaces/srv'...
-- Up-to-date: /home/kanye/Documents/visionaid/isaac_ws/install/isaac_ros_visual_slam_interfaces/lib/libisaac_ros_visual_slam_interfaces__rosidl_generator_py.so
-- Up-to-date: /home/kanye/Documents/visionaid/isaac_ws/install/isaac_ros_visual_slam_interfaces/share/isaac_ros_visual_slam_interfaces/cmake/export_isaac_ros_visual_slam_interfaces__rosidl_generator_cExport.cmake
-- Up-to-date: /home/kanye/Documents/visionaid/isaac_ws/install/isaac_ros_visual_slam_interfaces/share/isaac_ros_visual_slam_interfaces/cmake/export_isaac_ros_visual_slam_interfaces__rosidl_generator_cExport-release.cmake
-- Up-to-date: /home/kanye/Documents/visionaid/isaac_ws/install/isaac_ros_visual_slam_interfaces/share/isaac_ros_visual_slam_interfaces/cmake/export_isaac_ros_visual_slam_interfaces__rosidl_typesupport_fastrtps_cExport.cmake
-- Up-to-date: /home/kanye/Documents/visionaid/isaac_ws/install/isaac_ros_visual_slam_interfaces/share/isaac_ros_visual_slam_interfaces/cmake/export_isaac_ros_visual_slam_interfaces__rosidl_typesupport_fastrtps_cExport-release.cmake
-- Up-to-date: /home/kanye/Documents/visionaid/isaac_ws/install/isaac_ros_visual_slam_interfaces/share/isaac_ros_visual_slam_interfaces/cmake/isaac_ros_visual_slam_interfaces__rosidl_typesupport_introspection_cExport.cmake
-- Up-to-date: /home/kanye/Documents/visionaid/isaac_ws/install/isaac_ros_visual_slam_interfaces/share/isaac_ros_visual_slam_interfaces/cmake/isaac_ros_visual_slam_interfaces__rosidl_typesupport_introspection_cExport-release.cmake
-- Up-to-date: /home/kanye/Documents/visionaid/isaac_ws/install/isaac_ros_visual_slam_interfaces/share/isaac_ros_visual_slam_interfaces/cmake/isaac_ros_visual_slam_interfaces__rosidl_typesupport_cExport.cmake
-- Up-to-date: /home/kanye/Documents/visionaid/isaac_ws/install/isaac_ros_visual_slam_interfaces/share/isaac_ros_visual_slam_interfaces/cmake/isaac_ros_visual_slam_interfaces__rosidl_typesupport_cExport-release.cmake
-- Up-to-date: /home/kanye/Documents/visionaid/isaac_ws/install/isaac_ros_visual_slam_interfaces/share/isaac_ros_visual_slam_interfaces/cmake/export_isaac_ros_visual_slam_interfaces__rosidl_generator_cppExport.cmake
-- Up-to-date: /home/kanye/Documents/visionaid/isaac_ws/install/isaac_ros_visual_slam_interfaces/share/isaac_ros_visual_slam_interfaces/cmake/export_isaac_ros_visual_slam_interfaces__rosidl_typesupport_fastrtps_cppExport.cmake
-- Up-to-date: /home/kanye/Documents/visionaid/isaac_ws/install/isaac_ros_visual_slam_interfaces/share/isaac_ros_visual_slam_interfaces/cmake/export_isaac_ros_visual_slam_interfaces__rosidl_typesupport_fastrtps_cppExport-release.cmake
-- Up-to-date: /home/kanye/Documents/visionaid/isaac_ws/install/isaac_ros_visual_slam_interfaces/share/isaac_ros_visual_slam_interfaces/cmake/isaac_ros_visual_slam_interfaces__rosidl_typesupport_introspection_cppExport.cmake
-- Up-to-date: /home/kanye/Documents/visionaid/isaac_ws/install/isaac_ros_visual_slam_interfaces/share/isaac_ros_visual_slam_interfaces/cmake/isaac_ros_visual_slam_interfaces__rosidl_typesupport_introspection_cppExport-release.cmake
-- Up-to-date: /home/kanye/Documents/visionaid/isaac_ws/install/isaac_ros_visual_slam_interfaces/share/isaac_ros_visual_slam_interfaces/cmake/isaac_ros_visual_slam_interfaces__rosidl_typesupport_cppExport.cmake
-- Up-to-date: /home/kanye/Documents/visionaid/isaac_ws/install/isaac_ros_visual_slam_interfaces/share/isaac_ros_visual_slam_interfaces/cmake/isaac_ros_visual_slam_interfaces__rosidl_typesupport_cppExport-release.cmake
-- Up-to-date: /home/kanye/Documents/visionaid/isaac_ws/install/isaac_ros_visual_slam_interfaces/share/isaac_ros_visual_slam_interfaces/cmake/export_isaac_ros_visual_slam_interfaces__rosidl_generator_pyExport.cmake
-- Up-to-date: /home/kanye/Documents/visionaid/isaac_ws/install/isaac_ros_visual_slam_interfaces/share/isaac_ros_visual_slam_interfaces/cmake/export_isaac_ros_visual_slam_interfaces__rosidl_generator_pyExport-release.cmake
