[0.009s] Invoking command in '/home/kanye/Documents/visionaid/isaac_ws/build/isaac_ros_visual_slam_interfaces': CMAKE_PREFIX_PATH=/opt/ros/humble /usr/bin/cmake --build /home/kanye/Documents/visionaid/isaac_ws/build/isaac_ros_visual_slam_interfaces -- -j28 -l28
[0.056s] [35m[1mConsolidate compiler generated dependencies of target isaac_ros_visual_slam_interfaces__rosidl_generator_c[0m
[0.064s] [  1%] Built target isaac_ros_visual_slam_interfaces__cpp
[0.064s] [  2%] Built target generate_version_info_target_isaac_ros_visual_slam_interfaces
[0.071s] [ 13%] Built target isaac_ros_visual_slam_interfaces__rosidl_generator_c
[0.075s] [ 13%] Built target ament_cmake_python_symlink_isaac_ros_visual_slam_interfaces
[0.077s] [35m[1mConsolidate compiler generated dependencies of target isaac_ros_visual_slam_interfaces__rosidl_typesupport_introspection_cpp[0m
[0.077s] [35m[1mConsolidate compiler generated dependencies of target isaac_ros_visual_slam_interfaces__rosidl_typesupport_cpp[0m
[0.079s] [35m[1mConsolidate compiler generated dependencies of target isaac_ros_visual_slam_interfaces__rosidl_typesupport_fastrtps_cpp[0m
[0.082s] [35m[1mConsolidate compiler generated dependencies of target isaac_ros_visual_slam_interfaces__rosidl_typesupport_introspection_c[0m
[0.083s] [35m[1mConsolidate compiler generated dependencies of target isaac_ros_visual_slam_interfaces__rosidl_typesupport_c[0m
[0.084s] [35m[1mConsolidate compiler generated dependencies of target isaac_ros_visual_slam_interfaces__rosidl_typesupport_fastrtps_c[0m
[0.090s] [ 25%] Built target isaac_ros_visual_slam_interfaces__rosidl_typesupport_introspection_cpp
[0.090s] [ 36%] Built target isaac_ros_visual_slam_interfaces__rosidl_typesupport_cpp
[0.092s] [ 47%] Built target isaac_ros_visual_slam_interfaces__rosidl_typesupport_introspection_c
[0.092s] [ 58%] Built target isaac_ros_visual_slam_interfaces__rosidl_typesupport_fastrtps_cpp
[0.093s] [ 69%] Built target isaac_ros_visual_slam_interfaces__rosidl_typesupport_c
[0.098s] [ 80%] Built target isaac_ros_visual_slam_interfaces__rosidl_typesupport_fastrtps_c
[0.112s] [ 80%] Built target isaac_ros_visual_slam_interfaces
[0.129s] [ 81%] Built target isaac_ros_visual_slam_interfaces__py
[0.138s] [35m[1mConsolidate compiler generated dependencies of target isaac_ros_visual_slam_interfaces__rosidl_generator_py[0m
[0.148s] [ 91%] Built target isaac_ros_visual_slam_interfaces__rosidl_generator_py
[0.155s] [35m[1mConsolidate compiler generated dependencies of target isaac_ros_visual_slam_interfaces__rosidl_typesupport_fastrtps_c__pyext[0m
[0.156s] [35m[1mConsolidate compiler generated dependencies of target isaac_ros_visual_slam_interfaces__rosidl_typesupport_introspection_c__pyext[0m
[0.157s] [35m[1mConsolidate compiler generated dependencies of target isaac_ros_visual_slam_interfaces__rosidl_typesupport_c__pyext[0m
[0.164s] [ 94%] Built target isaac_ros_visual_slam_interfaces__rosidl_typesupport_fastrtps_c__pyext
[0.165s] [ 97%] Built target isaac_ros_visual_slam_interfaces__rosidl_typesupport_c__pyext
[0.166s] [100%] Built target isaac_ros_visual_slam_interfaces__rosidl_typesupport_introspection_c__pyext
[0.234s] running egg_info
[0.234s] writing isaac_ros_visual_slam_interfaces.egg-info/PKG-INFO
[0.234s] writing dependency_links to isaac_ros_visual_slam_interfaces.egg-info/dependency_links.txt
[0.234s] writing top-level names to isaac_ros_visual_slam_interfaces.egg-info/top_level.txt
[0.236s] reading manifest file 'isaac_ros_visual_slam_interfaces.egg-info/SOURCES.txt'
[0.236s] writing manifest file 'isaac_ros_visual_slam_interfaces.egg-info/SOURCES.txt'
[0.257s] [100%] Built target ament_cmake_python_build_isaac_ros_visual_slam_interfaces_egg
[0.267s] Invoked command in '/home/kanye/Documents/visionaid/isaac_ws/build/isaac_ros_visual_slam_interfaces' returned '0': CMAKE_PREFIX_PATH=/opt/ros/humble /usr/bin/cmake --build /home/kanye/Documents/visionaid/isaac_ws/build/isaac_ros_visual_slam_interfaces -- -j28 -l28
[0.279s] Invoking command in '/home/kanye/Documents/visionaid/isaac_ws/build/isaac_ros_visual_slam_interfaces': CMAKE_PREFIX_PATH=/opt/ros/humble /usr/bin/cmake --install /home/kanye/Documents/visionaid/isaac_ws/build/isaac_ros_visual_slam_interfaces
[0.287s] -- Install configuration: "Release"
[0.288s] -- Execute custom install script
[0.288s] -- Up-to-date symlink: /home/kanye/Documents/visionaid/isaac_ws/install/isaac_ros_visual_slam_interfaces/share/ament_index/resource_index/rosidl_interfaces/isaac_ros_visual_slam_interfaces
[0.289s] -- Up-to-date symlink: /home/kanye/Documents/visionaid/isaac_ws/install/isaac_ros_visual_slam_interfaces/include/isaac_ros_visual_slam_interfaces/isaac_ros_visual_slam_interfaces/msg/detail/visual_slam_status__functions.h
[0.289s] -- Up-to-date symlink: /home/kanye/Documents/visionaid/isaac_ws/install/isaac_ros_visual_slam_interfaces/include/isaac_ros_visual_slam_interfaces/isaac_ros_visual_slam_interfaces/msg/detail/visual_slam_status__struct.h
[0.289s] -- Up-to-date symlink: /home/kanye/Documents/visionaid/isaac_ws/install/isaac_ros_visual_slam_interfaces/include/isaac_ros_visual_slam_interfaces/isaac_ros_visual_slam_interfaces/msg/detail/visual_slam_status__type_support.h
[0.289s] -- Up-to-date symlink: /home/kanye/Documents/visionaid/isaac_ws/install/isaac_ros_visual_slam_interfaces/include/isaac_ros_visual_slam_interfaces/isaac_ros_visual_slam_interfaces/msg/rosidl_generator_c__visibility_control.h
[0.289s] -- Up-to-date symlink: /home/kanye/Documents/visionaid/isaac_ws/install/isaac_ros_visual_slam_interfaces/include/isaac_ros_visual_slam_interfaces/isaac_ros_visual_slam_interfaces/msg/visual_slam_status.h
[0.289s] -- Up-to-date symlink: /home/kanye/Documents/visionaid/isaac_ws/install/isaac_ros_visual_slam_interfaces/include/isaac_ros_visual_slam_interfaces/isaac_ros_visual_slam_interfaces/srv/detail/file_path__functions.h
[0.290s] -- Up-to-date symlink: /home/kanye/Documents/visionaid/isaac_ws/install/isaac_ros_visual_slam_interfaces/include/isaac_ros_visual_slam_interfaces/isaac_ros_visual_slam_interfaces/srv/detail/file_path__struct.h
[0.290s] -- Up-to-date symlink: /home/kanye/Documents/visionaid/isaac_ws/install/isaac_ros_visual_slam_interfaces/include/isaac_ros_visual_slam_interfaces/isaac_ros_visual_slam_interfaces/srv/detail/file_path__type_support.h
[0.290s] -- Up-to-date symlink: /home/kanye/Documents/visionaid/isaac_ws/install/isaac_ros_visual_slam_interfaces/include/isaac_ros_visual_slam_interfaces/isaac_ros_visual_slam_interfaces/srv/detail/get_all_poses__functions.h
[0.290s] -- Up-to-date symlink: /home/kanye/Documents/visionaid/isaac_ws/install/isaac_ros_visual_slam_interfaces/include/isaac_ros_visual_slam_interfaces/isaac_ros_visual_slam_interfaces/srv/detail/get_all_poses__struct.h
[0.290s] -- Up-to-date symlink: /home/kanye/Documents/visionaid/isaac_ws/install/isaac_ros_visual_slam_interfaces/include/isaac_ros_visual_slam_interfaces/isaac_ros_visual_slam_interfaces/srv/detail/get_all_poses__type_support.h
[0.290s] -- Up-to-date symlink: /home/kanye/Documents/visionaid/isaac_ws/install/isaac_ros_visual_slam_interfaces/include/isaac_ros_visual_slam_interfaces/isaac_ros_visual_slam_interfaces/srv/detail/localize_in_map__functions.h
[0.290s] -- Up-to-date symlink: /home/kanye/Documents/visionaid/isaac_ws/install/isaac_ros_visual_slam_interfaces/include/isaac_ros_visual_slam_interfaces/isaac_ros_visual_slam_interfaces/srv/detail/localize_in_map__struct.h
[0.291s] -- Up-to-date symlink: /home/kanye/Documents/visionaid/isaac_ws/install/isaac_ros_visual_slam_interfaces/include/isaac_ros_visual_slam_interfaces/isaac_ros_visual_slam_interfaces/srv/detail/localize_in_map__type_support.h
[0.291s] -- Up-to-date symlink: /home/kanye/Documents/visionaid/isaac_ws/install/isaac_ros_visual_slam_interfaces/include/isaac_ros_visual_slam_interfaces/isaac_ros_visual_slam_interfaces/srv/detail/reset__functions.h
[0.291s] -- Up-to-date symlink: /home/kanye/Documents/visionaid/isaac_ws/install/isaac_ros_visual_slam_interfaces/include/isaac_ros_visual_slam_interfaces/isaac_ros_visual_slam_interfaces/srv/detail/reset__struct.h
[0.291s] -- Up-to-date symlink: /home/kanye/Documents/visionaid/isaac_ws/install/isaac_ros_visual_slam_interfaces/include/isaac_ros_visual_slam_interfaces/isaac_ros_visual_slam_interfaces/srv/detail/reset__type_support.h
[0.291s] -- Up-to-date symlink: /home/kanye/Documents/visionaid/isaac_ws/install/isaac_ros_visual_slam_interfaces/include/isaac_ros_visual_slam_interfaces/isaac_ros_visual_slam_interfaces/srv/detail/set_slam_pose__functions.h
[0.291s] -- Up-to-date symlink: /home/kanye/Documents/visionaid/isaac_ws/install/isaac_ros_visual_slam_interfaces/include/isaac_ros_visual_slam_interfaces/isaac_ros_visual_slam_interfaces/srv/detail/set_slam_pose__struct.h
[0.291s] -- Up-to-date symlink: /home/kanye/Documents/visionaid/isaac_ws/install/isaac_ros_visual_slam_interfaces/include/isaac_ros_visual_slam_interfaces/isaac_ros_visual_slam_interfaces/srv/detail/set_slam_pose__type_support.h
[0.292s] -- Up-to-date symlink: /home/kanye/Documents/visionaid/isaac_ws/install/isaac_ros_visual_slam_interfaces/include/isaac_ros_visual_slam_interfaces/isaac_ros_visual_slam_interfaces/srv/file_path.h
[0.292s] -- Up-to-date symlink: /home/kanye/Documents/visionaid/isaac_ws/install/isaac_ros_visual_slam_interfaces/include/isaac_ros_visual_slam_interfaces/isaac_ros_visual_slam_interfaces/srv/get_all_poses.h
[0.292s] -- Up-to-date symlink: /home/kanye/Documents/visionaid/isaac_ws/install/isaac_ros_visual_slam_interfaces/include/isaac_ros_visual_slam_interfaces/isaac_ros_visual_slam_interfaces/srv/localize_in_map.h
[0.292s] -- Up-to-date symlink: /home/kanye/Documents/visionaid/isaac_ws/install/isaac_ros_visual_slam_interfaces/include/isaac_ros_visual_slam_interfaces/isaac_ros_visual_slam_interfaces/srv/reset.h
[0.292s] -- Up-to-date symlink: /home/kanye/Documents/visionaid/isaac_ws/install/isaac_ros_visual_slam_interfaces/include/isaac_ros_visual_slam_interfaces/isaac_ros_visual_slam_interfaces/srv/set_slam_pose.h
[0.292s] -- Up-to-date symlink: /home/kanye/Documents/visionaid/isaac_ws/install/isaac_ros_visual_slam_interfaces/share/isaac_ros_visual_slam_interfaces/environment/library_path.sh
[0.293s] -- Up-to-date symlink: /home/kanye/Documents/visionaid/isaac_ws/install/isaac_ros_visual_slam_interfaces/share/isaac_ros_visual_slam_interfaces/environment/library_path.dsv
[0.293s] -- Up-to-date symlink: /home/kanye/Documents/visionaid/isaac_ws/install/isaac_ros_visual_slam_interfaces/include/isaac_ros_visual_slam_interfaces/isaac_ros_visual_slam_interfaces/msg/detail/visual_slam_status__rosidl_typesupport_fastrtps_c.h
[0.293s] -- Up-to-date symlink: /home/kanye/Documents/visionaid/isaac_ws/install/isaac_ros_visual_slam_interfaces/include/isaac_ros_visual_slam_interfaces/isaac_ros_visual_slam_interfaces/msg/rosidl_typesupport_fastrtps_c__visibility_control.h
[0.294s] -- Up-to-date symlink: /home/kanye/Documents/visionaid/isaac_ws/install/isaac_ros_visual_slam_interfaces/include/isaac_ros_visual_slam_interfaces/isaac_ros_visual_slam_interfaces/srv/detail/file_path__rosidl_typesupport_fastrtps_c.h
[0.294s] -- Up-to-date symlink: /home/kanye/Documents/visionaid/isaac_ws/install/isaac_ros_visual_slam_interfaces/include/isaac_ros_visual_slam_interfaces/isaac_ros_visual_slam_interfaces/srv/detail/get_all_poses__rosidl_typesupport_fastrtps_c.h
[0.294s] -- Up-to-date symlink: /home/kanye/Documents/visionaid/isaac_ws/install/isaac_ros_visual_slam_interfaces/include/isaac_ros_visual_slam_interfaces/isaac_ros_visual_slam_interfaces/srv/detail/localize_in_map__rosidl_typesupport_fastrtps_c.h
[0.294s] -- Up-to-date symlink: /home/kanye/Documents/visionaid/isaac_ws/install/isaac_ros_visual_slam_interfaces/include/isaac_ros_visual_slam_interfaces/isaac_ros_visual_slam_interfaces/srv/detail/reset__rosidl_typesupport_fastrtps_c.h
[0.294s] -- Up-to-date symlink: /home/kanye/Documents/visionaid/isaac_ws/install/isaac_ros_visual_slam_interfaces/include/isaac_ros_visual_slam_interfaces/isaac_ros_visual_slam_interfaces/srv/detail/set_slam_pose__rosidl_typesupport_fastrtps_c.h
[0.295s] -- Up-to-date symlink: /home/kanye/Documents/visionaid/isaac_ws/install/isaac_ros_visual_slam_interfaces/include/isaac_ros_visual_slam_interfaces/isaac_ros_visual_slam_interfaces/msg/detail/visual_slam_status__rosidl_typesupport_introspection_c.h
[0.295s] -- Up-to-date symlink: /home/kanye/Documents/visionaid/isaac_ws/install/isaac_ros_visual_slam_interfaces/include/isaac_ros_visual_slam_interfaces/isaac_ros_visual_slam_interfaces/msg/rosidl_typesupport_introspection_c__visibility_control.h
[0.295s] -- Up-to-date symlink: /home/kanye/Documents/visionaid/isaac_ws/install/isaac_ros_visual_slam_interfaces/include/isaac_ros_visual_slam_interfaces/isaac_ros_visual_slam_interfaces/srv/detail/file_path__rosidl_typesupport_introspection_c.h
[0.295s] -- Up-to-date symlink: /home/kanye/Documents/visionaid/isaac_ws/install/isaac_ros_visual_slam_interfaces/include/isaac_ros_visual_slam_interfaces/isaac_ros_visual_slam_interfaces/srv/detail/get_all_poses__rosidl_typesupport_introspection_c.h
[0.295s] -- Up-to-date symlink: /home/kanye/Documents/visionaid/isaac_ws/install/isaac_ros_visual_slam_interfaces/include/isaac_ros_visual_slam_interfaces/isaac_ros_visual_slam_interfaces/srv/detail/localize_in_map__rosidl_typesupport_introspection_c.h
[0.295s] -- Up-to-date symlink: /home/kanye/Documents/visionaid/isaac_ws/install/isaac_ros_visual_slam_interfaces/include/isaac_ros_visual_slam_interfaces/isaac_ros_visual_slam_interfaces/srv/detail/reset__rosidl_typesupport_introspection_c.h
[0.295s] -- Up-to-date symlink: /home/kanye/Documents/visionaid/isaac_ws/install/isaac_ros_visual_slam_interfaces/include/isaac_ros_visual_slam_interfaces/isaac_ros_visual_slam_interfaces/srv/detail/set_slam_pose__rosidl_typesupport_introspection_c.h
[0.296s] -- Up-to-date symlink: /home/kanye/Documents/visionaid/isaac_ws/install/isaac_ros_visual_slam_interfaces/include/isaac_ros_visual_slam_interfaces/isaac_ros_visual_slam_interfaces/msg/detail/visual_slam_status__builder.hpp
[0.296s] -- Up-to-date symlink: /home/kanye/Documents/visionaid/isaac_ws/install/isaac_ros_visual_slam_interfaces/include/isaac_ros_visual_slam_interfaces/isaac_ros_visual_slam_interfaces/msg/detail/visual_slam_status__struct.hpp
[0.296s] -- Up-to-date symlink: /home/kanye/Documents/visionaid/isaac_ws/install/isaac_ros_visual_slam_interfaces/include/isaac_ros_visual_slam_interfaces/isaac_ros_visual_slam_interfaces/msg/detail/visual_slam_status__traits.hpp
[0.296s] -- Up-to-date symlink: /home/kanye/Documents/visionaid/isaac_ws/install/isaac_ros_visual_slam_interfaces/include/isaac_ros_visual_slam_interfaces/isaac_ros_visual_slam_interfaces/msg/detail/visual_slam_status__type_support.hpp
[0.296s] -- Up-to-date symlink: /home/kanye/Documents/visionaid/isaac_ws/install/isaac_ros_visual_slam_interfaces/include/isaac_ros_visual_slam_interfaces/isaac_ros_visual_slam_interfaces/msg/rosidl_generator_cpp__visibility_control.hpp
[0.296s] -- Up-to-date symlink: /home/kanye/Documents/visionaid/isaac_ws/install/isaac_ros_visual_slam_interfaces/include/isaac_ros_visual_slam_interfaces/isaac_ros_visual_slam_interfaces/msg/visual_slam_status.hpp
[0.297s] -- Up-to-date symlink: /home/kanye/Documents/visionaid/isaac_ws/install/isaac_ros_visual_slam_interfaces/include/isaac_ros_visual_slam_interfaces/isaac_ros_visual_slam_interfaces/srv/detail/file_path__builder.hpp
[0.297s] -- Up-to-date symlink: /home/kanye/Documents/visionaid/isaac_ws/install/isaac_ros_visual_slam_interfaces/include/isaac_ros_visual_slam_interfaces/isaac_ros_visual_slam_interfaces/srv/detail/file_path__struct.hpp
[0.297s] -- Up-to-date symlink: /home/kanye/Documents/visionaid/isaac_ws/install/isaac_ros_visual_slam_interfaces/include/isaac_ros_visual_slam_interfaces/isaac_ros_visual_slam_interfaces/srv/detail/file_path__traits.hpp
[0.297s] -- Up-to-date symlink: /home/kanye/Documents/visionaid/isaac_ws/install/isaac_ros_visual_slam_interfaces/include/isaac_ros_visual_slam_interfaces/isaac_ros_visual_slam_interfaces/srv/detail/file_path__type_support.hpp
[0.297s] -- Up-to-date symlink: /home/kanye/Documents/visionaid/isaac_ws/install/isaac_ros_visual_slam_interfaces/include/isaac_ros_visual_slam_interfaces/isaac_ros_visual_slam_interfaces/srv/detail/get_all_poses__builder.hpp
[0.297s] -- Up-to-date symlink: /home/kanye/Documents/visionaid/isaac_ws/install/isaac_ros_visual_slam_interfaces/include/isaac_ros_visual_slam_interfaces/isaac_ros_visual_slam_interfaces/srv/detail/get_all_poses__struct.hpp
[0.297s] -- Up-to-date symlink: /home/kanye/Documents/visionaid/isaac_ws/install/isaac_ros_visual_slam_interfaces/include/isaac_ros_visual_slam_interfaces/isaac_ros_visual_slam_interfaces/srv/detail/get_all_poses__traits.hpp
[0.297s] -- Up-to-date symlink: /home/kanye/Documents/visionaid/isaac_ws/install/isaac_ros_visual_slam_interfaces/include/isaac_ros_visual_slam_interfaces/isaac_ros_visual_slam_interfaces/srv/detail/get_all_poses__type_support.hpp
[0.297s] -- Up-to-date symlink: /home/kanye/Documents/visionaid/isaac_ws/install/isaac_ros_visual_slam_interfaces/include/isaac_ros_visual_slam_interfaces/isaac_ros_visual_slam_interfaces/srv/detail/localize_in_map__builder.hpp
[0.298s] -- Up-to-date symlink: /home/kanye/Documents/visionaid/isaac_ws/install/isaac_ros_visual_slam_interfaces/include/isaac_ros_visual_slam_interfaces/isaac_ros_visual_slam_interfaces/srv/detail/localize_in_map__struct.hpp
[0.298s] -- Up-to-date symlink: /home/kanye/Documents/visionaid/isaac_ws/install/isaac_ros_visual_slam_interfaces/include/isaac_ros_visual_slam_interfaces/isaac_ros_visual_slam_interfaces/srv/detail/localize_in_map__traits.hpp
[0.298s] -- Up-to-date symlink: /home/kanye/Documents/visionaid/isaac_ws/install/isaac_ros_visual_slam_interfaces/include/isaac_ros_visual_slam_interfaces/isaac_ros_visual_slam_interfaces/srv/detail/localize_in_map__type_support.hpp
[0.298s] -- Up-to-date symlink: /home/kanye/Documents/visionaid/isaac_ws/install/isaac_ros_visual_slam_interfaces/include/isaac_ros_visual_slam_interfaces/isaac_ros_visual_slam_interfaces/srv/detail/reset__builder.hpp
[0.298s] -- Up-to-date symlink: /home/kanye/Documents/visionaid/isaac_ws/install/isaac_ros_visual_slam_interfaces/include/isaac_ros_visual_slam_interfaces/isaac_ros_visual_slam_interfaces/srv/detail/reset__struct.hpp
[0.298s] -- Up-to-date symlink: /home/kanye/Documents/visionaid/isaac_ws/install/isaac_ros_visual_slam_interfaces/include/isaac_ros_visual_slam_interfaces/isaac_ros_visual_slam_interfaces/srv/detail/reset__traits.hpp
[0.298s] -- Up-to-date symlink: /home/kanye/Documents/visionaid/isaac_ws/install/isaac_ros_visual_slam_interfaces/include/isaac_ros_visual_slam_interfaces/isaac_ros_visual_slam_interfaces/srv/detail/reset__type_support.hpp
[0.298s] -- Up-to-date symlink: /home/kanye/Documents/visionaid/isaac_ws/install/isaac_ros_visual_slam_interfaces/include/isaac_ros_visual_slam_interfaces/isaac_ros_visual_slam_interfaces/srv/detail/set_slam_pose__builder.hpp
[0.298s] -- Up-to-date symlink: /home/kanye/Documents/visionaid/isaac_ws/install/isaac_ros_visual_slam_interfaces/include/isaac_ros_visual_slam_interfaces/isaac_ros_visual_slam_interfaces/srv/detail/set_slam_pose__struct.hpp
[0.298s] -- Up-to-date symlink: /home/kanye/Documents/visionaid/isaac_ws/install/isaac_ros_visual_slam_interfaces/include/isaac_ros_visual_slam_interfaces/isaac_ros_visual_slam_interfaces/srv/detail/set_slam_pose__traits.hpp
[0.298s] -- Up-to-date symlink: /home/kanye/Documents/visionaid/isaac_ws/install/isaac_ros_visual_slam_interfaces/include/isaac_ros_visual_slam_interfaces/isaac_ros_visual_slam_interfaces/srv/detail/set_slam_pose__type_support.hpp
[0.299s] -- Up-to-date symlink: /home/kanye/Documents/visionaid/isaac_ws/install/isaac_ros_visual_slam_interfaces/include/isaac_ros_visual_slam_interfaces/isaac_ros_visual_slam_interfaces/srv/file_path.hpp
[0.299s] -- Up-to-date symlink: /home/kanye/Documents/visionaid/isaac_ws/install/isaac_ros_visual_slam_interfaces/include/isaac_ros_visual_slam_interfaces/isaac_ros_visual_slam_interfaces/srv/get_all_poses.hpp
[0.299s] -- Up-to-date symlink: /home/kanye/Documents/visionaid/isaac_ws/install/isaac_ros_visual_slam_interfaces/include/isaac_ros_visual_slam_interfaces/isaac_ros_visual_slam_interfaces/srv/localize_in_map.hpp
[0.299s] -- Up-to-date symlink: /home/kanye/Documents/visionaid/isaac_ws/install/isaac_ros_visual_slam_interfaces/include/isaac_ros_visual_slam_interfaces/isaac_ros_visual_slam_interfaces/srv/reset.hpp
[0.299s] -- Up-to-date symlink: /home/kanye/Documents/visionaid/isaac_ws/install/isaac_ros_visual_slam_interfaces/include/isaac_ros_visual_slam_interfaces/isaac_ros_visual_slam_interfaces/srv/set_slam_pose.hpp
[0.299s] -- Up-to-date symlink: /home/kanye/Documents/visionaid/isaac_ws/install/isaac_ros_visual_slam_interfaces/include/isaac_ros_visual_slam_interfaces/isaac_ros_visual_slam_interfaces/msg/detail/visual_slam_status__rosidl_typesupport_fastrtps_cpp.hpp
[0.299s] -- Up-to-date symlink: /home/kanye/Documents/visionaid/isaac_ws/install/isaac_ros_visual_slam_interfaces/include/isaac_ros_visual_slam_interfaces/isaac_ros_visual_slam_interfaces/msg/rosidl_typesupport_fastrtps_cpp__visibility_control.h
[0.300s] -- Up-to-date symlink: /home/kanye/Documents/visionaid/isaac_ws/install/isaac_ros_visual_slam_interfaces/include/isaac_ros_visual_slam_interfaces/isaac_ros_visual_slam_interfaces/srv/detail/file_path__rosidl_typesupport_fastrtps_cpp.hpp
[0.300s] -- Up-to-date symlink: /home/kanye/Documents/visionaid/isaac_ws/install/isaac_ros_visual_slam_interfaces/include/isaac_ros_visual_slam_interfaces/isaac_ros_visual_slam_interfaces/srv/detail/get_all_poses__rosidl_typesupport_fastrtps_cpp.hpp
[0.300s] -- Up-to-date symlink: /home/kanye/Documents/visionaid/isaac_ws/install/isaac_ros_visual_slam_interfaces/include/isaac_ros_visual_slam_interfaces/isaac_ros_visual_slam_interfaces/srv/detail/localize_in_map__rosidl_typesupport_fastrtps_cpp.hpp
[0.300s] -- Up-to-date symlink: /home/kanye/Documents/visionaid/isaac_ws/install/isaac_ros_visual_slam_interfaces/include/isaac_ros_visual_slam_interfaces/isaac_ros_visual_slam_interfaces/srv/detail/reset__rosidl_typesupport_fastrtps_cpp.hpp
[0.300s] -- Up-to-date symlink: /home/kanye/Documents/visionaid/isaac_ws/install/isaac_ros_visual_slam_interfaces/include/isaac_ros_visual_slam_interfaces/isaac_ros_visual_slam_interfaces/srv/detail/set_slam_pose__rosidl_typesupport_fastrtps_cpp.hpp
[0.300s] -- Up-to-date symlink: /home/kanye/Documents/visionaid/isaac_ws/install/isaac_ros_visual_slam_interfaces/include/isaac_ros_visual_slam_interfaces/isaac_ros_visual_slam_interfaces/msg/detail/visual_slam_status__rosidl_typesupport_introspection_cpp.hpp
[0.300s] -- Up-to-date symlink: /home/kanye/Documents/visionaid/isaac_ws/install/isaac_ros_visual_slam_interfaces/include/isaac_ros_visual_slam_interfaces/isaac_ros_visual_slam_interfaces/srv/detail/file_path__rosidl_typesupport_introspection_cpp.hpp
[0.300s] -- Up-to-date symlink: /home/kanye/Documents/visionaid/isaac_ws/install/isaac_ros_visual_slam_interfaces/include/isaac_ros_visual_slam_interfaces/isaac_ros_visual_slam_interfaces/srv/detail/get_all_poses__rosidl_typesupport_introspection_cpp.hpp
[0.300s] -- Up-to-date symlink: /home/kanye/Documents/visionaid/isaac_ws/install/isaac_ros_visual_slam_interfaces/include/isaac_ros_visual_slam_interfaces/isaac_ros_visual_slam_interfaces/srv/detail/localize_in_map__rosidl_typesupport_introspection_cpp.hpp
[0.300s] -- Up-to-date symlink: /home/kanye/Documents/visionaid/isaac_ws/install/isaac_ros_visual_slam_interfaces/include/isaac_ros_visual_slam_interfaces/isaac_ros_visual_slam_interfaces/srv/detail/reset__rosidl_typesupport_introspection_cpp.hpp
[0.301s] -- Up-to-date symlink: /home/kanye/Documents/visionaid/isaac_ws/install/isaac_ros_visual_slam_interfaces/include/isaac_ros_visual_slam_interfaces/isaac_ros_visual_slam_interfaces/srv/detail/set_slam_pose__rosidl_typesupport_introspection_cpp.hpp
[0.301s] -- Up-to-date symlink: /home/kanye/Documents/visionaid/isaac_ws/install/isaac_ros_visual_slam_interfaces/share/isaac_ros_visual_slam_interfaces/environment/pythonpath.sh
[0.301s] -- Up-to-date symlink: /home/kanye/Documents/visionaid/isaac_ws/install/isaac_ros_visual_slam_interfaces/share/isaac_ros_visual_slam_interfaces/environment/pythonpath.dsv
[0.301s] -- Up-to-date symlink: /home/kanye/Documents/visionaid/isaac_ws/install/isaac_ros_visual_slam_interfaces/local/lib/python3.10/dist-packages/isaac_ros_visual_slam_interfaces-3.2.5-py3.10.egg-info/PKG-INFO
[0.301s] -- Up-to-date symlink: /home/kanye/Documents/visionaid/isaac_ws/install/isaac_ros_visual_slam_interfaces/local/lib/python3.10/dist-packages/isaac_ros_visual_slam_interfaces-3.2.5-py3.10.egg-info/SOURCES.txt
[0.301s] -- Up-to-date symlink: /home/kanye/Documents/visionaid/isaac_ws/install/isaac_ros_visual_slam_interfaces/local/lib/python3.10/dist-packages/isaac_ros_visual_slam_interfaces-3.2.5-py3.10.egg-info/dependency_links.txt
[0.301s] -- Up-to-date symlink: /home/kanye/Documents/visionaid/isaac_ws/install/isaac_ros_visual_slam_interfaces/local/lib/python3.10/dist-packages/isaac_ros_visual_slam_interfaces-3.2.5-py3.10.egg-info/top_level.txt
[0.302s] -- Up-to-date symlink: /home/kanye/Documents/visionaid/isaac_ws/install/isaac_ros_visual_slam_interfaces/local/lib/python3.10/dist-packages/isaac_ros_visual_slam_interfaces/__init__.py
[0.302s] -- Up-to-date symlink: /home/kanye/Documents/visionaid/isaac_ws/install/isaac_ros_visual_slam_interfaces/local/lib/python3.10/dist-packages/isaac_ros_visual_slam_interfaces/_isaac_ros_visual_slam_interfaces_s.ep.rosidl_typesupport_c.c
[0.302s] -- Up-to-date symlink: /home/kanye/Documents/visionaid/isaac_ws/install/isaac_ros_visual_slam_interfaces/local/lib/python3.10/dist-packages/isaac_ros_visual_slam_interfaces/_isaac_ros_visual_slam_interfaces_s.ep.rosidl_typesupport_fastrtps_c.c
[0.302s] -- Up-to-date symlink: /home/kanye/Documents/visionaid/isaac_ws/install/isaac_ros_visual_slam_interfaces/local/lib/python3.10/dist-packages/isaac_ros_visual_slam_interfaces/_isaac_ros_visual_slam_interfaces_s.ep.rosidl_typesupport_introspection_c.c
[0.302s] -- Up-to-date symlink: /home/kanye/Documents/visionaid/isaac_ws/install/isaac_ros_visual_slam_interfaces/local/lib/python3.10/dist-packages/isaac_ros_visual_slam_interfaces/isaac_ros_visual_slam_interfaces_s__rosidl_typesupport_c.cpython-310-x86_64-linux-gnu.so
[0.302s] -- Up-to-date symlink: /home/kanye/Documents/visionaid/isaac_ws/install/isaac_ros_visual_slam_interfaces/local/lib/python3.10/dist-packages/isaac_ros_visual_slam_interfaces/isaac_ros_visual_slam_interfaces_s__rosidl_typesupport_fastrtps_c.cpython-310-x86_64-linux-gnu.so
[0.302s] -- Up-to-date symlink: /home/kanye/Documents/visionaid/isaac_ws/install/isaac_ros_visual_slam_interfaces/local/lib/python3.10/dist-packages/isaac_ros_visual_slam_interfaces/isaac_ros_visual_slam_interfaces_s__rosidl_typesupport_introspection_c.cpython-310-x86_64-linux-gnu.so
[0.302s] -- Up-to-date symlink: /home/kanye/Documents/visionaid/isaac_ws/install/isaac_ros_visual_slam_interfaces/local/lib/python3.10/dist-packages/isaac_ros_visual_slam_interfaces/libisaac_ros_visual_slam_interfaces__rosidl_generator_py.so
[0.302s] -- Up-to-date symlink: /home/kanye/Documents/visionaid/isaac_ws/install/isaac_ros_visual_slam_interfaces/local/lib/python3.10/dist-packages/isaac_ros_visual_slam_interfaces/msg/__init__.py
[0.303s] -- Up-to-date symlink: /home/kanye/Documents/visionaid/isaac_ws/install/isaac_ros_visual_slam_interfaces/local/lib/python3.10/dist-packages/isaac_ros_visual_slam_interfaces/msg/_visual_slam_status.py
[0.303s] -- Up-to-date symlink: /home/kanye/Documents/visionaid/isaac_ws/install/isaac_ros_visual_slam_interfaces/local/lib/python3.10/dist-packages/isaac_ros_visual_slam_interfaces/msg/_visual_slam_status_s.c
[0.303s] -- Up-to-date symlink: /home/kanye/Documents/visionaid/isaac_ws/install/isaac_ros_visual_slam_interfaces/local/lib/python3.10/dist-packages/isaac_ros_visual_slam_interfaces/srv/__init__.py
[0.303s] -- Up-to-date symlink: /home/kanye/Documents/visionaid/isaac_ws/install/isaac_ros_visual_slam_interfaces/local/lib/python3.10/dist-packages/isaac_ros_visual_slam_interfaces/srv/_file_path.py
[0.303s] -- Up-to-date symlink: /home/kanye/Documents/visionaid/isaac_ws/install/isaac_ros_visual_slam_interfaces/local/lib/python3.10/dist-packages/isaac_ros_visual_slam_interfaces/srv/_file_path_s.c
[0.303s] -- Up-to-date symlink: /home/kanye/Documents/visionaid/isaac_ws/install/isaac_ros_visual_slam_interfaces/local/lib/python3.10/dist-packages/isaac_ros_visual_slam_interfaces/srv/_get_all_poses.py
[0.303s] -- Up-to-date symlink: /home/kanye/Documents/visionaid/isaac_ws/install/isaac_ros_visual_slam_interfaces/local/lib/python3.10/dist-packages/isaac_ros_visual_slam_interfaces/srv/_get_all_poses_s.c
[0.303s] -- Up-to-date symlink: /home/kanye/Documents/visionaid/isaac_ws/install/isaac_ros_visual_slam_interfaces/local/lib/python3.10/dist-packages/isaac_ros_visual_slam_interfaces/srv/_localize_in_map.py
[0.303s] -- Up-to-date symlink: /home/kanye/Documents/visionaid/isaac_ws/install/isaac_ros_visual_slam_interfaces/local/lib/python3.10/dist-packages/isaac_ros_visual_slam_interfaces/srv/_localize_in_map_s.c
[0.303s] -- Up-to-date symlink: /home/kanye/Documents/visionaid/isaac_ws/install/isaac_ros_visual_slam_interfaces/local/lib/python3.10/dist-packages/isaac_ros_visual_slam_interfaces/srv/_reset.py
[0.303s] -- Up-to-date symlink: /home/kanye/Documents/visionaid/isaac_ws/install/isaac_ros_visual_slam_interfaces/local/lib/python3.10/dist-packages/isaac_ros_visual_slam_interfaces/srv/_reset_s.c
[0.303s] -- Up-to-date symlink: /home/kanye/Documents/visionaid/isaac_ws/install/isaac_ros_visual_slam_interfaces/local/lib/python3.10/dist-packages/isaac_ros_visual_slam_interfaces/srv/_set_slam_pose.py
[0.304s] -- Up-to-date symlink: /home/kanye/Documents/visionaid/isaac_ws/install/isaac_ros_visual_slam_interfaces/local/lib/python3.10/dist-packages/isaac_ros_visual_slam_interfaces/srv/_set_slam_pose_s.c
[0.304s] -- Up-to-date symlink: /home/kanye/Documents/visionaid/isaac_ws/install/isaac_ros_visual_slam_interfaces/local/lib/python3.10/dist-packages/isaac_ros_visual_slam_interfaces/isaac_ros_visual_slam_interfaces_s__rosidl_typesupport_fastrtps_c.cpython-310-x86_64-linux-gnu.so
[0.304s] -- Up-to-date symlink: /home/kanye/Documents/visionaid/isaac_ws/install/isaac_ros_visual_slam_interfaces/local/lib/python3.10/dist-packages/isaac_ros_visual_slam_interfaces/isaac_ros_visual_slam_interfaces_s__rosidl_typesupport_introspection_c.cpython-310-x86_64-linux-gnu.so
[0.304s] -- Up-to-date symlink: /home/kanye/Documents/visionaid/isaac_ws/install/isaac_ros_visual_slam_interfaces/local/lib/python3.10/dist-packages/isaac_ros_visual_slam_interfaces/isaac_ros_visual_slam_interfaces_s__rosidl_typesupport_c.cpython-310-x86_64-linux-gnu.so
[0.304s] -- Up-to-date symlink: /home/kanye/Documents/visionaid/isaac_ws/install/isaac_ros_visual_slam_interfaces/share/isaac_ros_visual_slam_interfaces/msg/VisualSlamStatus.idl
[0.304s] -- Up-to-date symlink: /home/kanye/Documents/visionaid/isaac_ws/install/isaac_ros_visual_slam_interfaces/share/isaac_ros_visual_slam_interfaces/srv/GetAllPoses.idl
[0.304s] -- Up-to-date symlink: /home/kanye/Documents/visionaid/isaac_ws/install/isaac_ros_visual_slam_interfaces/share/isaac_ros_visual_slam_interfaces/srv/Reset.idl
[0.304s] -- Up-to-date symlink: /home/kanye/Documents/visionaid/isaac_ws/install/isaac_ros_visual_slam_interfaces/share/isaac_ros_visual_slam_interfaces/srv/SetSlamPose.idl
[0.305s] -- Up-to-date symlink: /home/kanye/Documents/visionaid/isaac_ws/install/isaac_ros_visual_slam_interfaces/share/isaac_ros_visual_slam_interfaces/srv/FilePath.idl
[0.305s] -- Up-to-date symlink: /home/kanye/Documents/visionaid/isaac_ws/install/isaac_ros_visual_slam_interfaces/share/isaac_ros_visual_slam_interfaces/srv/LocalizeInMap.idl
[0.305s] -- Up-to-date symlink: /home/kanye/Documents/visionaid/isaac_ws/install/isaac_ros_visual_slam_interfaces/share/isaac_ros_visual_slam_interfaces/msg/VisualSlamStatus.msg
[0.305s] -- Up-to-date symlink: /home/kanye/Documents/visionaid/isaac_ws/install/isaac_ros_visual_slam_interfaces/share/isaac_ros_visual_slam_interfaces/srv/GetAllPoses.srv
[0.305s] -- Up-to-date symlink: /home/kanye/Documents/visionaid/isaac_ws/install/isaac_ros_visual_slam_interfaces/share/isaac_ros_visual_slam_interfaces/srv/GetAllPoses_Request.msg
[0.305s] -- Up-to-date symlink: /home/kanye/Documents/visionaid/isaac_ws/install/isaac_ros_visual_slam_interfaces/share/isaac_ros_visual_slam_interfaces/srv/GetAllPoses_Response.msg
[0.305s] -- Up-to-date symlink: /home/kanye/Documents/visionaid/isaac_ws/install/isaac_ros_visual_slam_interfaces/share/isaac_ros_visual_slam_interfaces/srv/Reset.srv
[0.305s] -- Up-to-date symlink: /home/kanye/Documents/visionaid/isaac_ws/install/isaac_ros_visual_slam_interfaces/share/isaac_ros_visual_slam_interfaces/srv/Reset_Request.msg
[0.305s] -- Up-to-date symlink: /home/kanye/Documents/visionaid/isaac_ws/install/isaac_ros_visual_slam_interfaces/share/isaac_ros_visual_slam_interfaces/srv/Reset_Response.msg
[0.306s] -- Up-to-date symlink: /home/kanye/Documents/visionaid/isaac_ws/install/isaac_ros_visual_slam_interfaces/share/isaac_ros_visual_slam_interfaces/srv/SetSlamPose.srv
[0.306s] -- Up-to-date symlink: /home/kanye/Documents/visionaid/isaac_ws/install/isaac_ros_visual_slam_interfaces/share/isaac_ros_visual_slam_interfaces/srv/SetSlamPose_Request.msg
[0.306s] -- Up-to-date symlink: /home/kanye/Documents/visionaid/isaac_ws/install/isaac_ros_visual_slam_interfaces/share/isaac_ros_visual_slam_interfaces/srv/SetSlamPose_Response.msg
[0.306s] -- Up-to-date symlink: /home/kanye/Documents/visionaid/isaac_ws/install/isaac_ros_visual_slam_interfaces/share/isaac_ros_visual_slam_interfaces/srv/FilePath.srv
[0.306s] -- Up-to-date symlink: /home/kanye/Documents/visionaid/isaac_ws/install/isaac_ros_visual_slam_interfaces/share/isaac_ros_visual_slam_interfaces/srv/FilePath_Request.msg
[0.306s] -- Up-to-date symlink: /home/kanye/Documents/visionaid/isaac_ws/install/isaac_ros_visual_slam_interfaces/share/isaac_ros_visual_slam_interfaces/srv/FilePath_Response.msg
[0.306s] -- Up-to-date symlink: /home/kanye/Documents/visionaid/isaac_ws/install/isaac_ros_visual_slam_interfaces/share/isaac_ros_visual_slam_interfaces/srv/LocalizeInMap.srv
[0.306s] -- Up-to-date symlink: /home/kanye/Documents/visionaid/isaac_ws/install/isaac_ros_visual_slam_interfaces/share/isaac_ros_visual_slam_interfaces/srv/LocalizeInMap_Request.msg
[0.306s] -- Up-to-date symlink: /home/kanye/Documents/visionaid/isaac_ws/install/isaac_ros_visual_slam_interfaces/share/isaac_ros_visual_slam_interfaces/srv/LocalizeInMap_Response.msg
[0.306s] -- Up-to-date symlink: /home/kanye/Documents/visionaid/isaac_ws/install/isaac_ros_visual_slam_interfaces/share/isaac_ros_visual_slam_interfaces/version_info.yaml
[0.307s] -- Up-to-date symlink: /home/kanye/Documents/visionaid/isaac_ws/install/isaac_ros_visual_slam_interfaces/share/ament_index/resource_index/package_run_dependencies/isaac_ros_visual_slam_interfaces
[0.307s] -- Up-to-date symlink: /home/kanye/Documents/visionaid/isaac_ws/install/isaac_ros_visual_slam_interfaces/share/ament_index/resource_index/parent_prefix_path/isaac_ros_visual_slam_interfaces
[0.307s] -- Up-to-date symlink: /home/kanye/Documents/visionaid/isaac_ws/install/isaac_ros_visual_slam_interfaces/share/isaac_ros_visual_slam_interfaces/environment/ament_prefix_path.sh
[0.307s] -- Up-to-date symlink: /home/kanye/Documents/visionaid/isaac_ws/install/isaac_ros_visual_slam_interfaces/share/isaac_ros_visual_slam_interfaces/environment/ament_prefix_path.dsv
[0.307s] -- Up-to-date symlink: /home/kanye/Documents/visionaid/isaac_ws/install/isaac_ros_visual_slam_interfaces/share/isaac_ros_visual_slam_interfaces/environment/path.sh
[0.307s] -- Up-to-date symlink: /home/kanye/Documents/visionaid/isaac_ws/install/isaac_ros_visual_slam_interfaces/share/isaac_ros_visual_slam_interfaces/environment/path.dsv
[0.307s] -- Up-to-date symlink: /home/kanye/Documents/visionaid/isaac_ws/install/isaac_ros_visual_slam_interfaces/share/isaac_ros_visual_slam_interfaces/local_setup.bash
[0.307s] -- Up-to-date symlink: /home/kanye/Documents/visionaid/isaac_ws/install/isaac_ros_visual_slam_interfaces/share/isaac_ros_visual_slam_interfaces/local_setup.sh
[0.308s] -- Up-to-date symlink: /home/kanye/Documents/visionaid/isaac_ws/install/isaac_ros_visual_slam_interfaces/share/isaac_ros_visual_slam_interfaces/local_setup.zsh
[0.308s] -- Up-to-date symlink: /home/kanye/Documents/visionaid/isaac_ws/install/isaac_ros_visual_slam_interfaces/share/isaac_ros_visual_slam_interfaces/local_setup.dsv
[0.308s] -- Symlinking: /home/kanye/Documents/visionaid/isaac_ws/install/isaac_ros_visual_slam_interfaces/share/isaac_ros_visual_slam_interfaces/package.dsv
[0.314s] -- Up-to-date symlink: /home/kanye/Documents/visionaid/isaac_ws/install/isaac_ros_visual_slam_interfaces/share/ament_index/resource_index/packages/isaac_ros_visual_slam_interfaces
[0.314s] -- Up-to-date symlink: /home/kanye/Documents/visionaid/isaac_ws/install/isaac_ros_visual_slam_interfaces/share/isaac_ros_visual_slam_interfaces/cmake/rosidl_cmake-extras.cmake
[0.314s] -- Up-to-date symlink: /home/kanye/Documents/visionaid/isaac_ws/install/isaac_ros_visual_slam_interfaces/share/isaac_ros_visual_slam_interfaces/cmake/ament_cmake_export_dependencies-extras.cmake
[0.314s] -- Up-to-date symlink: /home/kanye/Documents/visionaid/isaac_ws/install/isaac_ros_visual_slam_interfaces/share/isaac_ros_visual_slam_interfaces/cmake/ament_cmake_export_include_directories-extras.cmake
[0.315s] -- Up-to-date symlink: /home/kanye/Documents/visionaid/isaac_ws/install/isaac_ros_visual_slam_interfaces/share/isaac_ros_visual_slam_interfaces/cmake/ament_cmake_export_libraries-extras.cmake
[0.315s] -- Up-to-date symlink: /home/kanye/Documents/visionaid/isaac_ws/install/isaac_ros_visual_slam_interfaces/share/isaac_ros_visual_slam_interfaces/cmake/ament_cmake_export_targets-extras.cmake
[0.315s] -- Up-to-date symlink: /home/kanye/Documents/visionaid/isaac_ws/install/isaac_ros_visual_slam_interfaces/share/isaac_ros_visual_slam_interfaces/cmake/rosidl_cmake_export_typesupport_targets-extras.cmake
[0.315s] -- Up-to-date symlink: /home/kanye/Documents/visionaid/isaac_ws/install/isaac_ros_visual_slam_interfaces/share/isaac_ros_visual_slam_interfaces/cmake/rosidl_cmake_export_typesupport_libraries-extras.cmake
[0.315s] -- Up-to-date symlink: /home/kanye/Documents/visionaid/isaac_ws/install/isaac_ros_visual_slam_interfaces/share/isaac_ros_visual_slam_interfaces/cmake/isaac_ros_visual_slam_interfacesConfig.cmake
[0.315s] -- Up-to-date symlink: /home/kanye/Documents/visionaid/isaac_ws/install/isaac_ros_visual_slam_interfaces/share/isaac_ros_visual_slam_interfaces/cmake/isaac_ros_visual_slam_interfacesConfig-version.cmake
[0.315s] -- Up-to-date symlink: /home/kanye/Documents/visionaid/isaac_ws/install/isaac_ros_visual_slam_interfaces/share/isaac_ros_visual_slam_interfaces/package.xml
[0.315s] -- Up-to-date: /home/kanye/Documents/visionaid/isaac_ws/install/isaac_ros_visual_slam_interfaces/lib/libisaac_ros_visual_slam_interfaces__rosidl_generator_c.so
[0.315s] -- Up-to-date: /home/kanye/Documents/visionaid/isaac_ws/install/isaac_ros_visual_slam_interfaces/lib/libisaac_ros_visual_slam_interfaces__rosidl_typesupport_fastrtps_c.so
[0.315s] -- Up-to-date: /home/kanye/Documents/visionaid/isaac_ws/install/isaac_ros_visual_slam_interfaces/lib/libisaac_ros_visual_slam_interfaces__rosidl_typesupport_introspection_c.so
[0.315s] -- Up-to-date: /home/kanye/Documents/visionaid/isaac_ws/install/isaac_ros_visual_slam_interfaces/lib/libisaac_ros_visual_slam_interfaces__rosidl_typesupport_c.so
[0.316s] -- Up-to-date: /home/kanye/Documents/visionaid/isaac_ws/install/isaac_ros_visual_slam_interfaces/lib/libisaac_ros_visual_slam_interfaces__rosidl_typesupport_fastrtps_cpp.so
[0.316s] -- Up-to-date: /home/kanye/Documents/visionaid/isaac_ws/install/isaac_ros_visual_slam_interfaces/lib/libisaac_ros_visual_slam_interfaces__rosidl_typesupport_introspection_cpp.so
[0.316s] -- Up-to-date: /home/kanye/Documents/visionaid/isaac_ws/install/isaac_ros_visual_slam_interfaces/lib/libisaac_ros_visual_slam_interfaces__rosidl_typesupport_cpp.so
[0.337s] Listing '/home/kanye/Documents/visionaid/isaac_ws/install/isaac_ros_visual_slam_interfaces/local/lib/python3.10/dist-packages/isaac_ros_visual_slam_interfaces'...
[0.337s] Listing '/home/kanye/Documents/visionaid/isaac_ws/install/isaac_ros_visual_slam_interfaces/local/lib/python3.10/dist-packages/isaac_ros_visual_slam_interfaces/msg'...
[0.337s] Listing '/home/kanye/Documents/visionaid/isaac_ws/install/isaac_ros_visual_slam_interfaces/local/lib/python3.10/dist-packages/isaac_ros_visual_slam_interfaces/srv'...
[0.341s] -- Up-to-date: /home/kanye/Documents/visionaid/isaac_ws/install/isaac_ros_visual_slam_interfaces/lib/libisaac_ros_visual_slam_interfaces__rosidl_generator_py.so
[0.341s] -- Up-to-date: /home/kanye/Documents/visionaid/isaac_ws/install/isaac_ros_visual_slam_interfaces/share/isaac_ros_visual_slam_interfaces/cmake/export_isaac_ros_visual_slam_interfaces__rosidl_generator_cExport.cmake
[0.341s] -- Up-to-date: /home/kanye/Documents/visionaid/isaac_ws/install/isaac_ros_visual_slam_interfaces/share/isaac_ros_visual_slam_interfaces/cmake/export_isaac_ros_visual_slam_interfaces__rosidl_generator_cExport-release.cmake
[0.341s] -- Up-to-date: /home/kanye/Documents/visionaid/isaac_ws/install/isaac_ros_visual_slam_interfaces/share/isaac_ros_visual_slam_interfaces/cmake/export_isaac_ros_visual_slam_interfaces__rosidl_typesupport_fastrtps_cExport.cmake
[0.341s] -- Up-to-date: /home/kanye/Documents/visionaid/isaac_ws/install/isaac_ros_visual_slam_interfaces/share/isaac_ros_visual_slam_interfaces/cmake/export_isaac_ros_visual_slam_interfaces__rosidl_typesupport_fastrtps_cExport-release.cmake
[0.341s] -- Up-to-date: /home/kanye/Documents/visionaid/isaac_ws/install/isaac_ros_visual_slam_interfaces/share/isaac_ros_visual_slam_interfaces/cmake/isaac_ros_visual_slam_interfaces__rosidl_typesupport_introspection_cExport.cmake
[0.341s] -- Up-to-date: /home/kanye/Documents/visionaid/isaac_ws/install/isaac_ros_visual_slam_interfaces/share/isaac_ros_visual_slam_interfaces/cmake/isaac_ros_visual_slam_interfaces__rosidl_typesupport_introspection_cExport-release.cmake
[0.341s] -- Up-to-date: /home/kanye/Documents/visionaid/isaac_ws/install/isaac_ros_visual_slam_interfaces/share/isaac_ros_visual_slam_interfaces/cmake/isaac_ros_visual_slam_interfaces__rosidl_typesupport_cExport.cmake
[0.341s] -- Up-to-date: /home/kanye/Documents/visionaid/isaac_ws/install/isaac_ros_visual_slam_interfaces/share/isaac_ros_visual_slam_interfaces/cmake/isaac_ros_visual_slam_interfaces__rosidl_typesupport_cExport-release.cmake
[0.341s] -- Up-to-date: /home/kanye/Documents/visionaid/isaac_ws/install/isaac_ros_visual_slam_interfaces/share/isaac_ros_visual_slam_interfaces/cmake/export_isaac_ros_visual_slam_interfaces__rosidl_generator_cppExport.cmake
[0.341s] -- Up-to-date: /home/kanye/Documents/visionaid/isaac_ws/install/isaac_ros_visual_slam_interfaces/share/isaac_ros_visual_slam_interfaces/cmake/export_isaac_ros_visual_slam_interfaces__rosidl_typesupport_fastrtps_cppExport.cmake
[0.341s] -- Up-to-date: /home/kanye/Documents/visionaid/isaac_ws/install/isaac_ros_visual_slam_interfaces/share/isaac_ros_visual_slam_interfaces/cmake/export_isaac_ros_visual_slam_interfaces__rosidl_typesupport_fastrtps_cppExport-release.cmake
[0.342s] -- Up-to-date: /home/kanye/Documents/visionaid/isaac_ws/install/isaac_ros_visual_slam_interfaces/share/isaac_ros_visual_slam_interfaces/cmake/isaac_ros_visual_slam_interfaces__rosidl_typesupport_introspection_cppExport.cmake
[0.342s] -- Up-to-date: /home/kanye/Documents/visionaid/isaac_ws/install/isaac_ros_visual_slam_interfaces/share/isaac_ros_visual_slam_interfaces/cmake/isaac_ros_visual_slam_interfaces__rosidl_typesupport_introspection_cppExport-release.cmake
[0.342s] -- Up-to-date: /home/kanye/Documents/visionaid/isaac_ws/install/isaac_ros_visual_slam_interfaces/share/isaac_ros_visual_slam_interfaces/cmake/isaac_ros_visual_slam_interfaces__rosidl_typesupport_cppExport.cmake
[0.342s] -- Up-to-date: /home/kanye/Documents/visionaid/isaac_ws/install/isaac_ros_visual_slam_interfaces/share/isaac_ros_visual_slam_interfaces/cmake/isaac_ros_visual_slam_interfaces__rosidl_typesupport_cppExport-release.cmake
[0.342s] -- Up-to-date: /home/kanye/Documents/visionaid/isaac_ws/install/isaac_ros_visual_slam_interfaces/share/isaac_ros_visual_slam_interfaces/cmake/export_isaac_ros_visual_slam_interfaces__rosidl_generator_pyExport.cmake
[0.342s] -- Up-to-date: /home/kanye/Documents/visionaid/isaac_ws/install/isaac_ros_visual_slam_interfaces/share/isaac_ros_visual_slam_interfaces/cmake/export_isaac_ros_visual_slam_interfaces__rosidl_generator_pyExport-release.cmake
[0.344s] Invoked command in '/home/kanye/Documents/visionaid/isaac_ws/build/isaac_ros_visual_slam_interfaces' returned '0': CMAKE_PREFIX_PATH=/opt/ros/humble /usr/bin/cmake --install /home/kanye/Documents/visionaid/isaac_ws/build/isaac_ros_visual_slam_interfaces
