[0.010s] Invoking command in '/home/sophie/visionaid/isaac_ros_ws/build/isaac_common': AMENT_PREFIX_PATH=/home/sophie/visionaid/isaac_ros_ws/install/isaac_ros_common:${AMENT_PREFIX_PATH} CMAKE_PREFIX_PATH=/home/sophie/visionaid/isaac_ros_ws/install/isaac_ros_common:/opt/ros/humble LD_LIBRARY_PATH=/home/sophie/visionaid/isaac_ros_ws/install/isaac_ros_common/lib:${LD_LIBRARY_PATH} PATH=/home/sophie/visionaid/isaac_ros_ws/install/isaac_ros_common/bin:${PATH} PYTHONPATH=/home/sophie/visionaid/isaac_ros_ws/install/isaac_ros_common/local/lib/python3.10/dist-packages:${PYTHONPATH} /usr/bin/cmake /home/sophie/visionaid/isaac_ros_ws/src/isaac_ros_common/isaac_common -DCMAKE_BUILD_TYPE=Release -DBUILD_TESTING=OFF -DCMAKE_CUDA_ARCHITECTURES=89 -DAMENT_CMAKE_SYMLINK_INSTALL=1 -DCMAKE_INSTALL_PREFIX=/home/sophie/visionaid/isaac_ros_ws/install/isaac_common
[0.053s] -- The C compiler identification is GNU 11.4.0
[0.092s] -- The CXX compiler identification is GNU 11.4.0
[0.097s] -- Detecting C compiler ABI info
[0.143s] -- Detecting C compiler ABI info - done
[0.149s] -- Check for working C compiler: /usr/bin/cc - skipped
[0.149s] -- Detecting C compile features
[0.149s] -- Detecting C compile features - done
[0.151s] -- Detecting CXX compiler ABI info
[0.206s] -- Detecting CXX compiler ABI info - done
[0.211s] -- Check for working CXX compiler: /usr/bin/c++ - skipped
[0.211s] -- Detecting CXX compile features
[0.211s] -- Detecting CXX compile features - done
[0.212s] -- Found ament_cmake_auto: 1.3.11 (/opt/ros/humble/share/ament_cmake_auto/cmake)
[0.306s] -- Found Python3: /usr/bin/python3 (found version "3.10.12") found components: Interpreter 
[0.347s] -- Override CMake install command with custom implementation using symlinks instead of copying resources
[0.394s] -- Loading isaac_ros_common extras
[0.394s] -- CMAKE_BUILD_TYPE: Release
[0.409s] -- Looking for pthread.h
[0.467s] -- Looking for pthread.h - found
[0.467s] -- Performing Test CMAKE_HAVE_LIBC_PTHREAD
[0.523s] -- Performing Test CMAKE_HAVE_LIBC_PTHREAD - Success
[0.523s] -- Found Threads: TRUE  
[0.528s] -- Found CUDA: /usr/local/cuda-12.8 (found version "12.8") 
[0.529s] -- CUDA architectures: 89
[0.529s] -- Loading isaac_ros_common extras (modules)
[0.547s] -- Found rosidl_generator_c: 3.1.6 (/opt/ros/humble/share/rosidl_generator_c/cmake)
[0.550s] -- Found rosidl_adapter: 3.1.6 (/opt/ros/humble/share/rosidl_adapter/cmake)
[0.554s] -- Found rosidl_generator_cpp: 3.1.6 (/opt/ros/humble/share/rosidl_generator_cpp/cmake)
[0.561s] -- Using all available rosidl_typesupport_c: rosidl_typesupport_fastrtps_c;rosidl_typesupport_introspection_c
[0.570s] -- Using all available rosidl_typesupport_cpp: rosidl_typesupport_fastrtps_cpp;rosidl_typesupport_introspection_cpp
[0.594s] -- Found rmw_implementation_cmake: 6.1.2 (/opt/ros/humble/share/rmw_implementation_cmake/cmake)
[0.595s] -- Found rmw_fastrtps_cpp: 6.2.7 (/opt/ros/humble/share/rmw_fastrtps_cpp/cmake)
[0.660s] -- Found OpenSSL: /usr/lib/x86_64-linux-gnu/libcrypto.so (found version "3.0.2")  
[0.675s] -- Found FastRTPS: /opt/ros/humble/include  
[0.695s] -- Using RMW implementation 'rmw_fastrtps_cpp' as default
[0.766s] -- Configuring done
[0.768s] -- Generating done
[0.769s] -- Build files have been written to: /home/sophie/visionaid/isaac_ros_ws/build/isaac_common
[0.777s] Invoked command in '/home/sophie/visionaid/isaac_ros_ws/build/isaac_common' returned '0': AMENT_PREFIX_PATH=/home/sophie/visionaid/isaac_ros_ws/install/isaac_ros_common:${AMENT_PREFIX_PATH} CMAKE_PREFIX_PATH=/home/sophie/visionaid/isaac_ros_ws/install/isaac_ros_common:/opt/ros/humble LD_LIBRARY_PATH=/home/sophie/visionaid/isaac_ros_ws/install/isaac_ros_common/lib:${LD_LIBRARY_PATH} PATH=/home/sophie/visionaid/isaac_ros_ws/install/isaac_ros_common/bin:${PATH} PYTHONPATH=/home/sophie/visionaid/isaac_ros_ws/install/isaac_ros_common/local/lib/python3.10/dist-packages:${PYTHONPATH} /usr/bin/cmake /home/sophie/visionaid/isaac_ros_ws/src/isaac_ros_common/isaac_common -DCMAKE_BUILD_TYPE=Release -DBUILD_TESTING=OFF -DCMAKE_CUDA_ARCHITECTURES=89 -DAMENT_CMAKE_SYMLINK_INSTALL=1 -DCMAKE_INSTALL_PREFIX=/home/sophie/visionaid/isaac_ros_ws/install/isaac_common
[0.778s] Invoking command in '/home/sophie/visionaid/isaac_ros_ws/build/isaac_common': AMENT_PREFIX_PATH=/home/sophie/visionaid/isaac_ros_ws/install/isaac_ros_common:${AMENT_PREFIX_PATH} CMAKE_PREFIX_PATH=/home/sophie/visionaid/isaac_ros_ws/install/isaac_ros_common:/opt/ros/humble LD_LIBRARY_PATH=/home/sophie/visionaid/isaac_ros_ws/install/isaac_ros_common/lib:${LD_LIBRARY_PATH} PATH=/home/sophie/visionaid/isaac_ros_ws/install/isaac_ros_common/bin:${PATH} PYTHONPATH=/home/sophie/visionaid/isaac_ros_ws/install/isaac_ros_common/local/lib/python3.10/dist-packages:${PYTHONPATH} /usr/bin/cmake --build /home/sophie/visionaid/isaac_ros_ws/build/isaac_common -- -j22 -l22
[0.817s] [100%] [34m[1mGenerating version information as YAML[0m
[0.866s] [100%] Built target generate_version_info_target_isaac_common
[0.874s] Invoked command in '/home/sophie/visionaid/isaac_ros_ws/build/isaac_common' returned '0': AMENT_PREFIX_PATH=/home/sophie/visionaid/isaac_ros_ws/install/isaac_ros_common:${AMENT_PREFIX_PATH} CMAKE_PREFIX_PATH=/home/sophie/visionaid/isaac_ros_ws/install/isaac_ros_common:/opt/ros/humble LD_LIBRARY_PATH=/home/sophie/visionaid/isaac_ros_ws/install/isaac_ros_common/lib:${LD_LIBRARY_PATH} PATH=/home/sophie/visionaid/isaac_ros_ws/install/isaac_ros_common/bin:${PATH} PYTHONPATH=/home/sophie/visionaid/isaac_ros_ws/install/isaac_ros_common/local/lib/python3.10/dist-packages:${PYTHONPATH} /usr/bin/cmake --build /home/sophie/visionaid/isaac_ros_ws/build/isaac_common -- -j22 -l22
[0.876s] Invoking command in '/home/sophie/visionaid/isaac_ros_ws/build/isaac_common': AMENT_PREFIX_PATH=/home/sophie/visionaid/isaac_ros_ws/install/isaac_ros_common:${AMENT_PREFIX_PATH} CMAKE_PREFIX_PATH=/home/sophie/visionaid/isaac_ros_ws/install/isaac_ros_common:/opt/ros/humble LD_LIBRARY_PATH=/home/sophie/visionaid/isaac_ros_ws/install/isaac_ros_common/lib:${LD_LIBRARY_PATH} PATH=/home/sophie/visionaid/isaac_ros_ws/install/isaac_ros_common/bin:${PATH} PYTHONPATH=/home/sophie/visionaid/isaac_ros_ws/install/isaac_ros_common/local/lib/python3.10/dist-packages:${PYTHONPATH} /usr/bin/cmake --install /home/sophie/visionaid/isaac_ros_ws/build/isaac_common
[0.880s] -- Install configuration: "Release"
[0.880s] -- Execute custom install script
[0.880s] -- Symlinking: /home/sophie/visionaid/isaac_ros_ws/install/isaac_common/share/isaac_common/version_info.yaml
[0.887s] -- Symlinking: /home/sophie/visionaid/isaac_ros_ws/install/isaac_common/include/isaac_common/messaging/message_buffer.hpp
[0.892s] -- Symlinking: /home/sophie/visionaid/isaac_ros_ws/install/isaac_common/include/isaac_common/messaging/message_stream_synchronizer.hpp
[0.899s] -- Symlinking: /home/sophie/visionaid/isaac_ros_ws/install/isaac_common/share/ament_index/resource_index/package_run_dependencies/isaac_common
[0.905s] -- Symlinking: /home/sophie/visionaid/isaac_ros_ws/install/isaac_common/share/ament_index/resource_index/parent_prefix_path/isaac_common
[0.911s] -- Symlinking: /home/sophie/visionaid/isaac_ros_ws/install/isaac_common/share/isaac_common/environment/ament_prefix_path.sh
[0.918s] -- Symlinking: /home/sophie/visionaid/isaac_ros_ws/install/isaac_common/share/isaac_common/environment/ament_prefix_path.dsv
[0.924s] -- Symlinking: /home/sophie/visionaid/isaac_ros_ws/install/isaac_common/share/isaac_common/environment/path.sh
[0.932s] -- Symlinking: /home/sophie/visionaid/isaac_ros_ws/install/isaac_common/share/isaac_common/environment/path.dsv
[0.939s] -- Symlinking: /home/sophie/visionaid/isaac_ros_ws/install/isaac_common/share/isaac_common/local_setup.bash
[0.945s] -- Symlinking: /home/sophie/visionaid/isaac_ros_ws/install/isaac_common/share/isaac_common/local_setup.sh
[0.952s] -- Symlinking: /home/sophie/visionaid/isaac_ros_ws/install/isaac_common/share/isaac_common/local_setup.zsh
[0.959s] -- Symlinking: /home/sophie/visionaid/isaac_ros_ws/install/isaac_common/share/isaac_common/local_setup.dsv
[0.964s] -- Symlinking: /home/sophie/visionaid/isaac_ros_ws/install/isaac_common/share/isaac_common/package.dsv
[0.971s] -- Symlinking: /home/sophie/visionaid/isaac_ros_ws/install/isaac_common/share/ament_index/resource_index/packages/isaac_common
[0.977s] -- Symlinking: /home/sophie/visionaid/isaac_ros_ws/install/isaac_common/share/isaac_common/cmake/ament_cmake_export_include_directories-extras.cmake
[0.982s] -- Symlinking: /home/sophie/visionaid/isaac_ros_ws/install/isaac_common/share/isaac_common/cmake/isaac_commonConfig.cmake
[0.987s] -- Symlinking: /home/sophie/visionaid/isaac_ros_ws/install/isaac_common/share/isaac_common/cmake/isaac_commonConfig-version.cmake
[0.994s] -- Symlinking: /home/sophie/visionaid/isaac_ros_ws/install/isaac_common/share/isaac_common/package.xml
[1.003s] Invoked command in '/home/sophie/visionaid/isaac_ros_ws/build/isaac_common' returned '0': AMENT_PREFIX_PATH=/home/sophie/visionaid/isaac_ros_ws/install/isaac_ros_common:${AMENT_PREFIX_PATH} CMAKE_PREFIX_PATH=/home/sophie/visionaid/isaac_ros_ws/install/isaac_ros_common:/opt/ros/humble LD_LIBRARY_PATH=/home/sophie/visionaid/isaac_ros_ws/install/isaac_ros_common/lib:${LD_LIBRARY_PATH} PATH=/home/sophie/visionaid/isaac_ros_ws/install/isaac_ros_common/bin:${PATH} PYTHONPATH=/home/sophie/visionaid/isaac_ros_ws/install/isaac_ros_common/local/lib/python3.10/dist-packages:${PYTHONPATH} /usr/bin/cmake --install /home/sophie/visionaid/isaac_ros_ws/build/isaac_common
