[0.005s] Invoking command in '/home/sophie/visionaid/isaac_ros_ws/build/ur5_robotiq_85_description': CMAKE_PREFIX_PATH=/opt/ros/humble /usr/bin/cmake /home/sophie/visionaid/isaac_ros_ws/src/isaac_ros_benchmark/benchmarks/isaac_ros_moveit_benchmark/robot_descriptions/ur5_robotiq_85_description -DCMAKE_BUILD_TYPE=Release -DBUILD_TESTING=OFF -DCMAKE_CUDA_ARCHITECTURES=89 -DAMENT_CMAKE_SYMLINK_INSTALL=1 -DCMAKE_INSTALL_PREFIX=/home/sophie/visionaid/isaac_ros_ws/install/ur5_robotiq_85_description
[0.037s] -- The C compiler identification is GNU 11.4.0
[0.068s] -- The CXX compiler identification is GNU 11.4.0
[0.073s] -- Detecting C compiler ABI info
[0.128s] -- Detecting C compiler ABI info - done
[0.132s] -- Check for working C compiler: /usr/bin/cc - skipped
[0.133s] -- Detecting C compile features
[0.133s] -- Detecting C compile features - done
[0.134s] -- Detecting CXX compiler ABI info
[0.193s] -- Detecting CXX compiler ABI info - done
[0.198s] -- Check for working CXX compiler: /usr/bin/c++ - skipped
[0.198s] -- Detecting CXX compile features
[0.198s] -- Detecting CXX compile features - done
[0.199s] -- Found ament_cmake: 1.3.11 (/opt/ros/humble/share/ament_cmake/cmake)
[0.295s] -- Found Python3: /usr/bin/python3 (found version "3.10.12") found components: Interpreter 
[0.334s] -- Override CMake install command with custom implementation using symlinks instead of copying resources
[0.344s] -- Found urdf: 2.6.1 (/opt/ros/humble/share/urdf/cmake)
[0.366s] -- Found xacro: 2.0.13 (/opt/ros/humble/share/xacro/cmake)
[0.404s] -- Configuring done
[0.405s] -- Generating done
[0.406s] -- Build files have been written to: /home/sophie/visionaid/isaac_ros_ws/build/ur5_robotiq_85_description
[0.411s] Invoked command in '/home/sophie/visionaid/isaac_ros_ws/build/ur5_robotiq_85_description' returned '0': CMAKE_PREFIX_PATH=/opt/ros/humble /usr/bin/cmake /home/sophie/visionaid/isaac_ros_ws/src/isaac_ros_benchmark/benchmarks/isaac_ros_moveit_benchmark/robot_descriptions/ur5_robotiq_85_description -DCMAKE_BUILD_TYPE=Release -DBUILD_TESTING=OFF -DCMAKE_CUDA_ARCHITECTURES=89 -DAMENT_CMAKE_SYMLINK_INSTALL=1 -DCMAKE_INSTALL_PREFIX=/home/sophie/visionaid/isaac_ros_ws/install/ur5_robotiq_85_description
[0.413s] Invoking command in '/home/sophie/visionaid/isaac_ros_ws/build/ur5_robotiq_85_description': CMAKE_PREFIX_PATH=/opt/ros/humble /usr/bin/cmake --build /home/sophie/visionaid/isaac_ros_ws/build/ur5_robotiq_85_description -- -j22 -l22
[0.445s] Invoked command in '/home/sophie/visionaid/isaac_ros_ws/build/ur5_robotiq_85_description' returned '0': CMAKE_PREFIX_PATH=/opt/ros/humble /usr/bin/cmake --build /home/sophie/visionaid/isaac_ros_ws/build/ur5_robotiq_85_description -- -j22 -l22
[0.446s] Invoking command in '/home/sophie/visionaid/isaac_ros_ws/build/ur5_robotiq_85_description': CMAKE_PREFIX_PATH=/opt/ros/humble /usr/bin/cmake --install /home/sophie/visionaid/isaac_ros_ws/build/ur5_robotiq_85_description
[0.454s] -- Install configuration: "Release"
[0.455s] -- Execute custom install script
[0.455s] -- Symlinking: /home/sophie/visionaid/isaac_ros_ws/install/ur5_robotiq_85_description/share/ur5_robotiq_85_description/urdf/ur5_robotiq_85.urdf
[0.461s] -- Symlinking: /home/sophie/visionaid/isaac_ros_ws/install/ur5_robotiq_85_description/share/ur5_robotiq_85_description/urdf/ur5_robotiq_85_spherized.urdf
[0.467s] -- Symlinking: /home/sophie/visionaid/isaac_ros_ws/install/ur5_robotiq_85_description/share/ur5_robotiq_85_description/meshes/robotiq/inner_finger_coarse.stl
[0.476s] -- Symlinking: /home/sophie/visionaid/isaac_ros_ws/install/ur5_robotiq_85_description/share/ur5_robotiq_85_description/meshes/robotiq/inner_finger_fine.stl
[0.484s] -- Symlinking: /home/sophie/visionaid/isaac_ros_ws/install/ur5_robotiq_85_description/share/ur5_robotiq_85_description/meshes/robotiq/inner_knuckle_coarse.stl
[0.490s] -- Symlinking: /home/sophie/visionaid/isaac_ros_ws/install/ur5_robotiq_85_description/share/ur5_robotiq_85_description/meshes/robotiq/inner_knuckle_fine.stl
[0.496s] -- Symlinking: /home/sophie/visionaid/isaac_ros_ws/install/ur5_robotiq_85_description/share/ur5_robotiq_85_description/meshes/robotiq/outer_finger_coarse.stl
[0.503s] -- Symlinking: /home/sophie/visionaid/isaac_ros_ws/install/ur5_robotiq_85_description/share/ur5_robotiq_85_description/meshes/robotiq/outer_finger_fine.stl
[0.510s] -- Symlinking: /home/sophie/visionaid/isaac_ros_ws/install/ur5_robotiq_85_description/share/ur5_robotiq_85_description/meshes/robotiq/outer_knuckle_coarse.stl
[0.518s] -- Symlinking: /home/sophie/visionaid/isaac_ros_ws/install/ur5_robotiq_85_description/share/ur5_robotiq_85_description/meshes/robotiq/outer_knuckle_fine.stl
[0.524s] -- Symlinking: /home/sophie/visionaid/isaac_ros_ws/install/ur5_robotiq_85_description/share/ur5_robotiq_85_description/meshes/robotiq/robotiq_85_base_link_coarse.stl
[0.531s] -- Symlinking: /home/sophie/visionaid/isaac_ros_ws/install/ur5_robotiq_85_description/share/ur5_robotiq_85_description/meshes/robotiq/robotiq_85_base_link_fine.stl
[0.538s] -- Symlinking: /home/sophie/visionaid/isaac_ros_ws/install/ur5_robotiq_85_description/share/ur5_robotiq_85_description/meshes/robotiq_fts300.stl
[0.546s] -- Symlinking: /home/sophie/visionaid/isaac_ros_ws/install/ur5_robotiq_85_description/share/ur5_robotiq_85_description/meshes/ur5/collision/base.stl
[0.555s] -- Symlinking: /home/sophie/visionaid/isaac_ros_ws/install/ur5_robotiq_85_description/share/ur5_robotiq_85_description/meshes/ur5/collision/forearm.stl
[0.562s] -- Symlinking: /home/sophie/visionaid/isaac_ros_ws/install/ur5_robotiq_85_description/share/ur5_robotiq_85_description/meshes/ur5/collision/shoulder.stl
[0.567s] -- Symlinking: /home/sophie/visionaid/isaac_ros_ws/install/ur5_robotiq_85_description/share/ur5_robotiq_85_description/meshes/ur5/collision/upperarm.stl
[0.574s] -- Symlinking: /home/sophie/visionaid/isaac_ros_ws/install/ur5_robotiq_85_description/share/ur5_robotiq_85_description/meshes/ur5/collision/wrist1.stl
[0.582s] -- Symlinking: /home/sophie/visionaid/isaac_ros_ws/install/ur5_robotiq_85_description/share/ur5_robotiq_85_description/meshes/ur5/collision/wrist2.stl
[0.591s] -- Symlinking: /home/sophie/visionaid/isaac_ros_ws/install/ur5_robotiq_85_description/share/ur5_robotiq_85_description/meshes/ur5/collision/wrist3.stl
[0.599s] -- Symlinking: /home/sophie/visionaid/isaac_ros_ws/install/ur5_robotiq_85_description/share/ur5_robotiq_85_description/meshes/ur5/visual/base.dae
[0.607s] -- Symlinking: /home/sophie/visionaid/isaac_ros_ws/install/ur5_robotiq_85_description/share/ur5_robotiq_85_description/meshes/ur5/visual/forearm.dae
[0.613s] -- Symlinking: /home/sophie/visionaid/isaac_ros_ws/install/ur5_robotiq_85_description/share/ur5_robotiq_85_description/meshes/ur5/visual/shoulder.dae
[0.621s] -- Symlinking: /home/sophie/visionaid/isaac_ros_ws/install/ur5_robotiq_85_description/share/ur5_robotiq_85_description/meshes/ur5/visual/upperarm.dae
[0.628s] -- Symlinking: /home/sophie/visionaid/isaac_ros_ws/install/ur5_robotiq_85_description/share/ur5_robotiq_85_description/meshes/ur5/visual/wrist1.dae
[0.634s] -- Symlinking: /home/sophie/visionaid/isaac_ros_ws/install/ur5_robotiq_85_description/share/ur5_robotiq_85_description/meshes/ur5/visual/wrist2.dae
[0.642s] -- Symlinking: /home/sophie/visionaid/isaac_ros_ws/install/ur5_robotiq_85_description/share/ur5_robotiq_85_description/meshes/ur5/visual/wrist3.dae
[0.648s] -- Symlinking: /home/sophie/visionaid/isaac_ros_ws/install/ur5_robotiq_85_description/share/ament_index/resource_index/package_run_dependencies/ur5_robotiq_85_description
[0.654s] -- Symlinking: /home/sophie/visionaid/isaac_ros_ws/install/ur5_robotiq_85_description/share/ament_index/resource_index/parent_prefix_path/ur5_robotiq_85_description
[0.663s] -- Symlinking: /home/sophie/visionaid/isaac_ros_ws/install/ur5_robotiq_85_description/share/ur5_robotiq_85_description/environment/ament_prefix_path.sh
[0.668s] -- Symlinking: /home/sophie/visionaid/isaac_ros_ws/install/ur5_robotiq_85_description/share/ur5_robotiq_85_description/environment/ament_prefix_path.dsv
[0.676s] -- Symlinking: /home/sophie/visionaid/isaac_ros_ws/install/ur5_robotiq_85_description/share/ur5_robotiq_85_description/environment/path.sh
[0.685s] -- Symlinking: /home/sophie/visionaid/isaac_ros_ws/install/ur5_robotiq_85_description/share/ur5_robotiq_85_description/environment/path.dsv
[0.694s] -- Symlinking: /home/sophie/visionaid/isaac_ros_ws/install/ur5_robotiq_85_description/share/ur5_robotiq_85_description/local_setup.bash
[0.700s] -- Symlinking: /home/sophie/visionaid/isaac_ros_ws/install/ur5_robotiq_85_description/share/ur5_robotiq_85_description/local_setup.sh
[0.707s] -- Symlinking: /home/sophie/visionaid/isaac_ros_ws/install/ur5_robotiq_85_description/share/ur5_robotiq_85_description/local_setup.zsh
[0.714s] -- Symlinking: /home/sophie/visionaid/isaac_ros_ws/install/ur5_robotiq_85_description/share/ur5_robotiq_85_description/local_setup.dsv
[0.722s] -- Symlinking: /home/sophie/visionaid/isaac_ros_ws/install/ur5_robotiq_85_description/share/ur5_robotiq_85_description/package.dsv
[0.730s] -- Symlinking: /home/sophie/visionaid/isaac_ros_ws/install/ur5_robotiq_85_description/share/ament_index/resource_index/packages/ur5_robotiq_85_description
[0.739s] -- Symlinking: /home/sophie/visionaid/isaac_ros_ws/install/ur5_robotiq_85_description/share/ur5_robotiq_85_description/cmake/ur5_robotiq_85_descriptionConfig.cmake
[0.746s] -- Symlinking: /home/sophie/visionaid/isaac_ros_ws/install/ur5_robotiq_85_description/share/ur5_robotiq_85_description/cmake/ur5_robotiq_85_descriptionConfig-version.cmake
[0.755s] -- Symlinking: /home/sophie/visionaid/isaac_ros_ws/install/ur5_robotiq_85_description/share/ur5_robotiq_85_description/package.xml
[0.763s] Invoked command in '/home/sophie/visionaid/isaac_ros_ws/build/ur5_robotiq_85_description' returned '0': CMAKE_PREFIX_PATH=/opt/ros/humble /usr/bin/cmake --install /home/sophie/visionaid/isaac_ros_ws/build/ur5_robotiq_85_description
