[0.931s] Invoking command in '/home/sophie/visionaid/isaac_ros_ws/build/assistive_navigation_core': PYTHONPATH=/home/sophie/visionaid/isaac_ros_ws/build/assistive_navigation_core/prefix_override:/usr/lib/python3/dist-packages/colcon_core/task/python/colcon_distutils_commands:/home/sophie/visionaid/isaac_ros_ws/install/assistive_navigation_core/lib/python3.10/site-packages:${PYTHONPATH} /usr/bin/python3 -W ignore:setup.py install is deprecated -W ignore:easy_install command is deprecated setup.py develop --editable --build-directory /home/sophie/visionaid/isaac_ros_ws/build/assistive_navigation_core/build --no-deps symlink_data
[1.122s] running develop
[1.209s] running egg_info
[1.209s] creating assistive_navigation_core.egg-info
[1.209s] writing assistive_navigation_core.egg-info/PKG-INFO
[1.209s] writing dependency_links to assistive_navigation_core.egg-info/dependency_links.txt
[1.209s] writing entry points to assistive_navigation_core.egg-info/entry_points.txt
[1.209s] writing requirements to assistive_navigation_core.egg-info/requires.txt
[1.209s] writing top-level names to assistive_navigation_core.egg-info/top_level.txt
[1.209s] writing manifest file 'assistive_navigation_core.egg-info/SOURCES.txt'
[1.210s] reading manifest file 'assistive_navigation_core.egg-info/SOURCES.txt'
[1.211s] writing manifest file 'assistive_navigation_core.egg-info/SOURCES.txt'
[1.238s] running build_ext
[1.239s] Creating /home/sophie/visionaid/isaac_ros_ws/install/assistive_navigation_core/lib/python3.10/site-packages/assistive-navigation-core.egg-link (link to .)
[1.239s] 
[1.239s] Installed /home/sophie/visionaid/isaac_ros_ws/build/assistive_navigation_core
[1.239s] running symlink_data
[1.239s] creating /home/sophie/visionaid/isaac_ros_ws/install/assistive_navigation_core/share/ament_index
[1.239s] creating /home/sophie/visionaid/isaac_ros_ws/install/assistive_navigation_core/share/ament_index/resource_index
[1.239s] creating /home/sophie/visionaid/isaac_ros_ws/install/assistive_navigation_core/share/ament_index/resource_index/packages
[1.239s] symbolically linking /home/sophie/visionaid/isaac_ros_ws/build/assistive_navigation_core/resource/assistive_navigation_core -> /home/sophie/visionaid/isaac_ros_ws/install/assistive_navigation_core/share/ament_index/resource_index/packages
[1.239s] symbolically linking /home/sophie/visionaid/isaac_ros_ws/build/assistive_navigation_core/package.xml -> /home/sophie/visionaid/isaac_ros_ws/install/assistive_navigation_core/share/assistive_navigation_core
[1.266s] Invoked command in '/home/sophie/visionaid/isaac_ros_ws/build/assistive_navigation_core' returned '0': PYTHONPATH=/home/sophie/visionaid/isaac_ros_ws/build/assistive_navigation_core/prefix_override:/usr/lib/python3/dist-packages/colcon_core/task/python/colcon_distutils_commands:/home/sophie/visionaid/isaac_ros_ws/install/assistive_navigation_core/lib/python3.10/site-packages:${PYTHONPATH} /usr/bin/python3 -W ignore:setup.py install is deprecated -W ignore:easy_install command is deprecated setup.py develop --editable --build-directory /home/sophie/visionaid/isaac_ros_ws/build/assistive_navigation_core/build --no-deps symlink_data
