-- The C compiler identification is GNU 11.4.0
-- The CXX compiler identification is GNU 11.4.0
-- Detecting C compiler ABI info
-- Detecting C compiler ABI info - done
-- Check for working C compiler: /usr/bin/cc - skipped
-- Detecting C compile features
-- Detecting C compile features - done
-- Detecting CXX compiler ABI info
-- Detecting CXX compiler ABI info - done
-- Check for working CXX compiler: /usr/bin/c++ - skipped
-- Detecting CXX compile features
-- Detecting CXX compile features - done
-- CMAKE_BUILD_TYPE: Release
-- Found ament_cmake_auto: 1.3.11 (/opt/ros/humble/share/ament_cmake_auto/cmake)
-- Found Python3: /usr/bin/python3 (found version "3.10.12") found components: Interpreter 
-- Override CMake install command with custom implementation using symlinks instead of copying resources
-- Found rclcpp: 16.0.12 (/opt/ros/humble/share/rclcpp/cmake)
-- Found rosidl_generator_c: 3.1.6 (/opt/ros/humble/share/rosidl_generator_c/cmake)
-- Found rosidl_adapter: 3.1.6 (/opt/ros/humble/share/rosidl_adapter/cmake)
-- Found rosidl_generator_cpp: 3.1.6 (/opt/ros/humble/share/rosidl_generator_cpp/cmake)
-- Using all available rosidl_typesupport_c: rosidl_typesupport_fastrtps_c;rosidl_typesupport_introspection_c
-- Using all available rosidl_typesupport_cpp: rosidl_typesupport_fastrtps_cpp;rosidl_typesupport_introspection_cpp
-- Found rmw_implementation_cmake: 6.1.2 (/opt/ros/humble/share/rmw_implementation_cmake/cmake)
-- Found rmw_fastrtps_cpp: 6.2.7 (/opt/ros/humble/share/rmw_fastrtps_cpp/cmake)
-- Found OpenSSL: /usr/lib/x86_64-linux-gnu/libcrypto.so (found version "3.0.2")  
-- Found FastRTPS: /opt/ros/humble/include  
-- Using RMW implementation 'rmw_fastrtps_cpp' as default
-- Looking for pthread.h
-- Looking for pthread.h - found
-- Performing Test CMAKE_HAVE_LIBC_PTHREAD
-- Performing Test CMAKE_HAVE_LIBC_PTHREAD - Success
-- Found Threads: TRUE  
-- Loading isaac_ros_common extras
-- CMAKE_BUILD_TYPE: Release
-- Found CUDA: /usr/local/cuda-12.8 (found version "12.8") 
-- CUDA architectures: 89
-- Loading isaac_ros_common extras (modules)
-- Configuring done
-- Generating done
-- Build files have been written to: /home/sophie/visionaid/isaac_ros_ws/build/ros2_benchmark
[ 14%] [34m[1mGenerating version information as YAML[0m
[ 28%] [32mBuilding CXX object CMakeFiles/data_loader_node.dir/src/data_loader_node.cpp.o[0m
[ 28%] Built target ament_cmake_python_symlink_ros2_benchmark
[ 28%] Built target generate_version_info_target_ros2_benchmark
running egg_info
creating ros2_benchmark.egg-info
writing ros2_benchmark.egg-info/PKG-INFO
writing dependency_links to ros2_benchmark.egg-info/dependency_links.txt
writing top-level names to ros2_benchmark.egg-info/top_level.txt
writing manifest file 'ros2_benchmark.egg-info/SOURCES.txt'
reading manifest file 'ros2_benchmark.egg-info/SOURCES.txt'
writing manifest file 'ros2_benchmark.egg-info/SOURCES.txt'
[ 28%] Built target ament_cmake_python_build_ros2_benchmark_egg
[ 42%] [32m[1mLinking CXX shared library libdata_loader_node.so[0m
[ 42%] Built target data_loader_node
[ 57%] [32mBuilding CXX object CMakeFiles/playback_node.dir/src/playback_node.cpp.o[0m
[ 71%] [32m[1mLinking CXX shared library libplayback_node.so[0m
[ 71%] Built target playback_node
[ 85%] [32mBuilding CXX object CMakeFiles/monitor_node.dir/src/monitor_node.cpp.o[0m
[100%] [32m[1mLinking CXX shared library libmonitor_node.so[0m
[100%] Built target monitor_node
-- Install configuration: "Release"
-- Execute custom install script
-- Symlinking: /home/sophie/visionaid/isaac_ros_ws/install/ros2_benchmark/share/ros2_benchmark/environment/pythonpath.sh
-- Symlinking: /home/sophie/visionaid/isaac_ros_ws/install/ros2_benchmark/share/ros2_benchmark/environment/pythonpath.dsv
-- Symlinking: /home/sophie/visionaid/isaac_ros_ws/install/ros2_benchmark/local/lib/python3.10/dist-packages/ros2_benchmark-3.2.5-py3.10.egg-info/PKG-INFO
-- Symlinking: /home/sophie/visionaid/isaac_ros_ws/install/ros2_benchmark/local/lib/python3.10/dist-packages/ros2_benchmark-3.2.5-py3.10.egg-info/SOURCES.txt
-- Symlinking: /home/sophie/visionaid/isaac_ros_ws/install/ros2_benchmark/local/lib/python3.10/dist-packages/ros2_benchmark-3.2.5-py3.10.egg-info/dependency_links.txt
-- Symlinking: /home/sophie/visionaid/isaac_ros_ws/install/ros2_benchmark/local/lib/python3.10/dist-packages/ros2_benchmark-3.2.5-py3.10.egg-info/top_level.txt
-- Symlinking: /home/sophie/visionaid/isaac_ros_ws/install/ros2_benchmark/local/lib/python3.10/dist-packages/ros2_benchmark/__init__.py
-- Symlinking: /home/sophie/visionaid/isaac_ros_ws/install/ros2_benchmark/local/lib/python3.10/dist-packages/ros2_benchmark/basic_performance_calculator.py
-- Symlinking: /home/sophie/visionaid/isaac_ros_ws/install/ros2_benchmark/local/lib/python3.10/dist-packages/ros2_benchmark/default_ros2_benchmark_config.yaml
-- Symlinking: /home/sophie/visionaid/isaac_ros_ws/install/ros2_benchmark/local/lib/python3.10/dist-packages/ros2_benchmark/ros2_benchmark_config.py
-- Symlinking: /home/sophie/visionaid/isaac_ros_ws/install/ros2_benchmark/local/lib/python3.10/dist-packages/ros2_benchmark/ros2_benchmark_test.py
-- Symlinking: /home/sophie/visionaid/isaac_ros_ws/install/ros2_benchmark/local/lib/python3.10/dist-packages/ros2_benchmark/utils/__init__.py
-- Symlinking: /home/sophie/visionaid/isaac_ros_ws/install/ros2_benchmark/local/lib/python3.10/dist-packages/ros2_benchmark/utils/image_utility.py
-- Symlinking: /home/sophie/visionaid/isaac_ros_ws/install/ros2_benchmark/local/lib/python3.10/dist-packages/ros2_benchmark/utils/nsys_utility.py
-- Symlinking: /home/sophie/visionaid/isaac_ros_ws/install/ros2_benchmark/local/lib/python3.10/dist-packages/ros2_benchmark/utils/profiler.py
-- Symlinking: /home/sophie/visionaid/isaac_ros_ws/install/ros2_benchmark/local/lib/python3.10/dist-packages/ros2_benchmark/utils/resource_metrics.py
-- Symlinking: /home/sophie/visionaid/isaac_ros_ws/install/ros2_benchmark/local/lib/python3.10/dist-packages/ros2_benchmark/utils/ros2_utility.py
-- Symlinking: /home/sophie/visionaid/isaac_ros_ws/install/ros2_benchmark/local/lib/python3.10/dist-packages/ros2_benchmark/utils/tegrastats_profiler.py
-- Symlinking: /home/sophie/visionaid/isaac_ros_ws/install/ros2_benchmark/local/lib/python3.10/dist-packages/ros2_benchmark/utils/x86_profiler.py
-- Symlinking: /home/sophie/visionaid/isaac_ros_ws/install/ros2_benchmark/share/ros2_benchmark/version_info.yaml
-- Symlinking: /home/sophie/visionaid/isaac_ros_ws/install/ros2_benchmark/include/ros2_benchmark/common.hpp
-- Symlinking: /home/sophie/visionaid/isaac_ros_ws/install/ros2_benchmark/include/ros2_benchmark/data_loader_node.hpp
-- Symlinking: /home/sophie/visionaid/isaac_ros_ws/install/ros2_benchmark/include/ros2_benchmark/monitor_node.hpp
-- Symlinking: /home/sophie/visionaid/isaac_ros_ws/install/ros2_benchmark/include/ros2_benchmark/playback_node.hpp
-- Symlinking: /home/sophie/visionaid/isaac_ros_ws/install/ros2_benchmark/share/ros2_benchmark/environment/library_path.sh
-- Symlinking: /home/sophie/visionaid/isaac_ros_ws/install/ros2_benchmark/share/ros2_benchmark/environment/library_path.dsv
-- Symlinking: /home/sophie/visionaid/isaac_ros_ws/install/ros2_benchmark/lib/libdata_loader_node.so
-- Symlinking: /home/sophie/visionaid/isaac_ros_ws/install/ros2_benchmark/lib/libplayback_node.so
-- Symlinking: /home/sophie/visionaid/isaac_ros_ws/install/ros2_benchmark/lib/libmonitor_node.so
-- Symlinking: /home/sophie/visionaid/isaac_ros_ws/install/ros2_benchmark/share/ros2_benchmark/scripts/apriltag_ros_apriltag_graph.py
-- Symlinking: /home/sophie/visionaid/isaac_ros_ws/install/ros2_benchmark/share/ros2_benchmark/scripts/apriltag_ros_apriltag_node.py
-- Symlinking: /home/sophie/visionaid/isaac_ros_ws/install/ros2_benchmark/share/ros2_benchmark/scripts/image_proc_rectify_node.py
-- Symlinking: /home/sophie/visionaid/isaac_ros_ws/install/ros2_benchmark/share/ros2_benchmark/scripts/realsense2_node.py
-- Symlinking: /home/sophie/visionaid/isaac_ros_ws/install/ros2_benchmark/share/ros2_benchmark/scripts/stereo_image_proc_graph.py
-- Symlinking: /home/sophie/visionaid/isaac_ros_ws/install/ros2_benchmark/share/ros2_benchmark/scripts/stereo_image_proc_node.py
-- Symlinking: /home/sophie/visionaid/isaac_ros_ws/install/ros2_benchmark/share/ament_index/resource_index/package_run_dependencies/ros2_benchmark
-- Symlinking: /home/sophie/visionaid/isaac_ros_ws/install/ros2_benchmark/share/ament_index/resource_index/parent_prefix_path/ros2_benchmark
-- Symlinking: /home/sophie/visionaid/isaac_ros_ws/install/ros2_benchmark/share/ros2_benchmark/environment/ament_prefix_path.sh
-- Symlinking: /home/sophie/visionaid/isaac_ros_ws/install/ros2_benchmark/share/ros2_benchmark/environment/ament_prefix_path.dsv
-- Symlinking: /home/sophie/visionaid/isaac_ros_ws/install/ros2_benchmark/share/ros2_benchmark/environment/path.sh
-- Symlinking: /home/sophie/visionaid/isaac_ros_ws/install/ros2_benchmark/share/ros2_benchmark/environment/path.dsv
-- Symlinking: /home/sophie/visionaid/isaac_ros_ws/install/ros2_benchmark/share/ros2_benchmark/local_setup.bash
-- Symlinking: /home/sophie/visionaid/isaac_ros_ws/install/ros2_benchmark/share/ros2_benchmark/local_setup.sh
-- Symlinking: /home/sophie/visionaid/isaac_ros_ws/install/ros2_benchmark/share/ros2_benchmark/local_setup.zsh
-- Symlinking: /home/sophie/visionaid/isaac_ros_ws/install/ros2_benchmark/share/ros2_benchmark/local_setup.dsv
-- Symlinking: /home/sophie/visionaid/isaac_ros_ws/install/ros2_benchmark/share/ros2_benchmark/package.dsv
-- Symlinking: /home/sophie/visionaid/isaac_ros_ws/install/ros2_benchmark/share/ament_index/resource_index/packages/ros2_benchmark
-- Symlinking: /home/sophie/visionaid/isaac_ros_ws/install/ros2_benchmark/share/ament_index/resource_index/rclcpp_components/ros2_benchmark
-- Symlinking: /home/sophie/visionaid/isaac_ros_ws/install/ros2_benchmark/share/ros2_benchmark/cmake/ament_cmake_export_dependencies-extras.cmake
-- Symlinking: /home/sophie/visionaid/isaac_ros_ws/install/ros2_benchmark/share/ros2_benchmark/cmake/ament_cmake_export_include_directories-extras.cmake
-- Symlinking: /home/sophie/visionaid/isaac_ros_ws/install/ros2_benchmark/share/ros2_benchmark/cmake/ament_cmake_export_libraries-extras.cmake
-- Symlinking: /home/sophie/visionaid/isaac_ros_ws/install/ros2_benchmark/share/ros2_benchmark/cmake/ros2_benchmarkConfig.cmake
-- Symlinking: /home/sophie/visionaid/isaac_ros_ws/install/ros2_benchmark/share/ros2_benchmark/cmake/ros2_benchmarkConfig-version.cmake
-- Symlinking: /home/sophie/visionaid/isaac_ros_ws/install/ros2_benchmark/share/ros2_benchmark/package.xml
Listing '/home/sophie/visionaid/isaac_ros_ws/install/ros2_benchmark/local/lib/python3.10/dist-packages/ros2_benchmark'...
Compiling '/home/sophie/visionaid/isaac_ros_ws/install/ros2_benchmark/local/lib/python3.10/dist-packages/ros2_benchmark/__init__.py'...
Compiling '/home/sophie/visionaid/isaac_ros_ws/install/ros2_benchmark/local/lib/python3.10/dist-packages/ros2_benchmark/basic_performance_calculator.py'...
Compiling '/home/sophie/visionaid/isaac_ros_ws/install/ros2_benchmark/local/lib/python3.10/dist-packages/ros2_benchmark/ros2_benchmark_config.py'...
Compiling '/home/sophie/visionaid/isaac_ros_ws/install/ros2_benchmark/local/lib/python3.10/dist-packages/ros2_benchmark/ros2_benchmark_test.py'...
Listing '/home/sophie/visionaid/isaac_ros_ws/install/ros2_benchmark/local/lib/python3.10/dist-packages/ros2_benchmark/utils'...
Compiling '/home/sophie/visionaid/isaac_ros_ws/install/ros2_benchmark/local/lib/python3.10/dist-packages/ros2_benchmark/utils/__init__.py'...
Compiling '/home/sophie/visionaid/isaac_ros_ws/install/ros2_benchmark/local/lib/python3.10/dist-packages/ros2_benchmark/utils/image_utility.py'...
Compiling '/home/sophie/visionaid/isaac_ros_ws/install/ros2_benchmark/local/lib/python3.10/dist-packages/ros2_benchmark/utils/nsys_utility.py'...
Compiling '/home/sophie/visionaid/isaac_ros_ws/install/ros2_benchmark/local/lib/python3.10/dist-packages/ros2_benchmark/utils/profiler.py'...
Compiling '/home/sophie/visionaid/isaac_ros_ws/install/ros2_benchmark/local/lib/python3.10/dist-packages/ros2_benchmark/utils/resource_metrics.py'...
Compiling '/home/sophie/visionaid/isaac_ros_ws/install/ros2_benchmark/local/lib/python3.10/dist-packages/ros2_benchmark/utils/ros2_utility.py'...
Compiling '/home/sophie/visionaid/isaac_ros_ws/install/ros2_benchmark/local/lib/python3.10/dist-packages/ros2_benchmark/utils/tegrastats_profiler.py'...
Compiling '/home/sophie/visionaid/isaac_ros_ws/install/ros2_benchmark/local/lib/python3.10/dist-packages/ros2_benchmark/utils/x86_profiler.py'...
