[0.009s] Invoking command in '/home/sophie/visionaid/isaac_ros_ws/build/ros2_benchmark': AMENT_PREFIX_PATH=/home/sophie/visionaid/isaac_ros_ws/install/ros2_benchmark_interfaces:/home/sophie/visionaid/isaac_ros_ws/install/isaac_ros_common:${AMENT_PREFIX_PATH} CMAKE_PREFIX_PATH=/home/sophie/visionaid/isaac_ros_ws/install/ros2_benchmark_interfaces:/home/sophie/visionaid/isaac_ros_ws/install/isaac_ros_common:/opt/ros/humble LD_LIBRARY_PATH=/home/sophie/visionaid/isaac_ros_ws/install/ros2_benchmark_interfaces/lib:/home/sophie/visionaid/isaac_ros_ws/install/isaac_ros_common/lib:${LD_LIBRARY_PATH} PATH=/home/sophie/visionaid/isaac_ros_ws/install/isaac_ros_common/bin:${PATH} PYTHONPATH=/home/sophie/visionaid/isaac_ros_ws/install/ros2_benchmark_interfaces/local/lib/python3.10/dist-packages:/home/sophie/visionaid/isaac_ros_ws/install/isaac_ros_common/local/lib/python3.10/dist-packages:${PYTHONPATH} /usr/bin/cmake /home/sophie/visionaid/isaac_ros_ws/src/ros2_benchmark/ros2_benchmark -DCMAKE_BUILD_TYPE=Release -DBUILD_TESTING=OFF -DCMAKE_CUDA_ARCHITECTURES=89 -DAMENT_CMAKE_SYMLINK_INSTALL=1 -DCMAKE_INSTALL_PREFIX=/home/sophie/visionaid/isaac_ros_ws/install/ros2_benchmark
[0.049s] -- The C compiler identification is GNU 11.4.0
[0.087s] -- The CXX compiler identification is GNU 11.4.0
[0.091s] -- Detecting C compiler ABI info
[0.136s] -- Detecting C compiler ABI info - done
[0.142s] -- Check for working C compiler: /usr/bin/cc - skipped
[0.142s] -- Detecting C compile features
[0.142s] -- Detecting C compile features - done
[0.144s] -- Detecting CXX compiler ABI info
[0.206s] -- Detecting CXX compiler ABI info - done
[0.213s] -- Check for working CXX compiler: /usr/bin/c++ - skipped
[0.213s] -- Detecting CXX compile features
[0.213s] -- Detecting CXX compile features - done
[0.214s] -- CMAKE_BUILD_TYPE: Release
[0.214s] -- Found ament_cmake_auto: 1.3.11 (/opt/ros/humble/share/ament_cmake_auto/cmake)
[0.321s] -- Found Python3: /usr/bin/python3 (found version "3.10.12") found components: Interpreter 
[0.361s] -- Override CMake install command with custom implementation using symlinks instead of copying resources
[0.374s] -- Found rclcpp: 16.0.12 (/opt/ros/humble/share/rclcpp/cmake)
[0.396s] -- Found rosidl_generator_c: 3.1.6 (/opt/ros/humble/share/rosidl_generator_c/cmake)
[0.398s] -- Found rosidl_adapter: 3.1.6 (/opt/ros/humble/share/rosidl_adapter/cmake)
[0.403s] -- Found rosidl_generator_cpp: 3.1.6 (/opt/ros/humble/share/rosidl_generator_cpp/cmake)
[0.410s] -- Using all available rosidl_typesupport_c: rosidl_typesupport_fastrtps_c;rosidl_typesupport_introspection_c
[0.418s] -- Using all available rosidl_typesupport_cpp: rosidl_typesupport_fastrtps_cpp;rosidl_typesupport_introspection_cpp
[0.442s] -- Found rmw_implementation_cmake: 6.1.2 (/opt/ros/humble/share/rmw_implementation_cmake/cmake)
[0.443s] -- Found rmw_fastrtps_cpp: 6.2.7 (/opt/ros/humble/share/rmw_fastrtps_cpp/cmake)
[0.510s] -- Found OpenSSL: /usr/lib/x86_64-linux-gnu/libcrypto.so (found version "3.0.2")  
[0.525s] -- Found FastRTPS: /opt/ros/humble/include  
[0.551s] -- Using RMW implementation 'rmw_fastrtps_cpp' as default
[0.557s] -- Looking for pthread.h
[0.618s] -- Looking for pthread.h - found
[0.618s] -- Performing Test CMAKE_HAVE_LIBC_PTHREAD
[0.680s] -- Performing Test CMAKE_HAVE_LIBC_PTHREAD - Success
[0.681s] -- Found Threads: TRUE  
[0.750s] -- Loading isaac_ros_common extras
[0.750s] -- CMAKE_BUILD_TYPE: Release
[0.775s] -- Found CUDA: /usr/local/cuda-12.8 (found version "12.8") 
[0.776s] -- CUDA architectures: 89
[0.776s] -- Loading isaac_ros_common extras (modules)
[0.908s] -- Configuring done
[0.922s] -- Generating done
[0.927s] -- Build files have been written to: /home/sophie/visionaid/isaac_ros_ws/build/ros2_benchmark
[0.935s] Invoked command in '/home/sophie/visionaid/isaac_ros_ws/build/ros2_benchmark' returned '0': AMENT_PREFIX_PATH=/home/sophie/visionaid/isaac_ros_ws/install/ros2_benchmark_interfaces:/home/sophie/visionaid/isaac_ros_ws/install/isaac_ros_common:${AMENT_PREFIX_PATH} CMAKE_PREFIX_PATH=/home/sophie/visionaid/isaac_ros_ws/install/ros2_benchmark_interfaces:/home/sophie/visionaid/isaac_ros_ws/install/isaac_ros_common:/opt/ros/humble LD_LIBRARY_PATH=/home/sophie/visionaid/isaac_ros_ws/install/ros2_benchmark_interfaces/lib:/home/sophie/visionaid/isaac_ros_ws/install/isaac_ros_common/lib:${LD_LIBRARY_PATH} PATH=/home/sophie/visionaid/isaac_ros_ws/install/isaac_ros_common/bin:${PATH} PYTHONPATH=/home/sophie/visionaid/isaac_ros_ws/install/ros2_benchmark_interfaces/local/lib/python3.10/dist-packages:/home/sophie/visionaid/isaac_ros_ws/install/isaac_ros_common/local/lib/python3.10/dist-packages:${PYTHONPATH} /usr/bin/cmake /home/sophie/visionaid/isaac_ros_ws/src/ros2_benchmark/ros2_benchmark -DCMAKE_BUILD_TYPE=Release -DBUILD_TESTING=OFF -DCMAKE_CUDA_ARCHITECTURES=89 -DAMENT_CMAKE_SYMLINK_INSTALL=1 -DCMAKE_INSTALL_PREFIX=/home/sophie/visionaid/isaac_ros_ws/install/ros2_benchmark
[0.937s] Invoking command in '/home/sophie/visionaid/isaac_ros_ws/build/ros2_benchmark': AMENT_PREFIX_PATH=/home/sophie/visionaid/isaac_ros_ws/install/ros2_benchmark_interfaces:/home/sophie/visionaid/isaac_ros_ws/install/isaac_ros_common:${AMENT_PREFIX_PATH} CMAKE_PREFIX_PATH=/home/sophie/visionaid/isaac_ros_ws/install/ros2_benchmark_interfaces:/home/sophie/visionaid/isaac_ros_ws/install/isaac_ros_common:/opt/ros/humble LD_LIBRARY_PATH=/home/sophie/visionaid/isaac_ros_ws/install/ros2_benchmark_interfaces/lib:/home/sophie/visionaid/isaac_ros_ws/install/isaac_ros_common/lib:${LD_LIBRARY_PATH} PATH=/home/sophie/visionaid/isaac_ros_ws/install/isaac_ros_common/bin:${PATH} PYTHONPATH=/home/sophie/visionaid/isaac_ros_ws/install/ros2_benchmark_interfaces/local/lib/python3.10/dist-packages:/home/sophie/visionaid/isaac_ros_ws/install/isaac_ros_common/local/lib/python3.10/dist-packages:${PYTHONPATH} /usr/bin/cmake --build /home/sophie/visionaid/isaac_ros_ws/build/ros2_benchmark -- -j22 -l22
[0.976s] [ 14%] [34m[1mGenerating version information as YAML[0m
[0.978s] [ 28%] [32mBuilding CXX object CMakeFiles/data_loader_node.dir/src/data_loader_node.cpp.o[0m
[0.985s] [ 28%] Built target ament_cmake_python_symlink_ros2_benchmark
[1.028s] [ 28%] Built target generate_version_info_target_ros2_benchmark
[1.126s] running egg_info
[1.127s] creating ros2_benchmark.egg-info
[1.127s] writing ros2_benchmark.egg-info/PKG-INFO
[1.127s] writing dependency_links to ros2_benchmark.egg-info/dependency_links.txt
[1.127s] writing top-level names to ros2_benchmark.egg-info/top_level.txt
[1.127s] writing manifest file 'ros2_benchmark.egg-info/SOURCES.txt'
[1.128s] reading manifest file 'ros2_benchmark.egg-info/SOURCES.txt'
[1.128s] writing manifest file 'ros2_benchmark.egg-info/SOURCES.txt'
[1.146s] [ 28%] Built target ament_cmake_python_build_ros2_benchmark_egg
[6.340s] [ 42%] [32m[1mLinking CXX shared library libdata_loader_node.so[0m
[6.430s] [ 42%] Built target data_loader_node
[6.450s] [ 57%] [32mBuilding CXX object CMakeFiles/playback_node.dir/src/playback_node.cpp.o[0m
[11.600s] [ 71%] [32m[1mLinking CXX shared library libplayback_node.so[0m
[11.691s] [ 71%] Built target playback_node
[11.706s] [ 85%] [32mBuilding CXX object CMakeFiles/monitor_node.dir/src/monitor_node.cpp.o[0m
[15.731s] [100%] [32m[1mLinking CXX shared library libmonitor_node.so[0m
[15.822s] [100%] Built target monitor_node
[15.831s] Invoked command in '/home/sophie/visionaid/isaac_ros_ws/build/ros2_benchmark' returned '0': AMENT_PREFIX_PATH=/home/sophie/visionaid/isaac_ros_ws/install/ros2_benchmark_interfaces:/home/sophie/visionaid/isaac_ros_ws/install/isaac_ros_common:${AMENT_PREFIX_PATH} CMAKE_PREFIX_PATH=/home/sophie/visionaid/isaac_ros_ws/install/ros2_benchmark_interfaces:/home/sophie/visionaid/isaac_ros_ws/install/isaac_ros_common:/opt/ros/humble LD_LIBRARY_PATH=/home/sophie/visionaid/isaac_ros_ws/install/ros2_benchmark_interfaces/lib:/home/sophie/visionaid/isaac_ros_ws/install/isaac_ros_common/lib:${LD_LIBRARY_PATH} PATH=/home/sophie/visionaid/isaac_ros_ws/install/isaac_ros_common/bin:${PATH} PYTHONPATH=/home/sophie/visionaid/isaac_ros_ws/install/ros2_benchmark_interfaces/local/lib/python3.10/dist-packages:/home/sophie/visionaid/isaac_ros_ws/install/isaac_ros_common/local/lib/python3.10/dist-packages:${PYTHONPATH} /usr/bin/cmake --build /home/sophie/visionaid/isaac_ros_ws/build/ros2_benchmark -- -j22 -l22
[15.833s] Invoking command in '/home/sophie/visionaid/isaac_ros_ws/build/ros2_benchmark': AMENT_PREFIX_PATH=/home/sophie/visionaid/isaac_ros_ws/install/ros2_benchmark_interfaces:/home/sophie/visionaid/isaac_ros_ws/install/isaac_ros_common:${AMENT_PREFIX_PATH} CMAKE_PREFIX_PATH=/home/sophie/visionaid/isaac_ros_ws/install/ros2_benchmark_interfaces:/home/sophie/visionaid/isaac_ros_ws/install/isaac_ros_common:/opt/ros/humble LD_LIBRARY_PATH=/home/sophie/visionaid/isaac_ros_ws/install/ros2_benchmark_interfaces/lib:/home/sophie/visionaid/isaac_ros_ws/install/isaac_ros_common/lib:${LD_LIBRARY_PATH} PATH=/home/sophie/visionaid/isaac_ros_ws/install/isaac_ros_common/bin:${PATH} PYTHONPATH=/home/sophie/visionaid/isaac_ros_ws/install/ros2_benchmark_interfaces/local/lib/python3.10/dist-packages:/home/sophie/visionaid/isaac_ros_ws/install/isaac_ros_common/local/lib/python3.10/dist-packages:${PYTHONPATH} /usr/bin/cmake --install /home/sophie/visionaid/isaac_ros_ws/build/ros2_benchmark
[15.838s] -- Install configuration: "Release"
[15.838s] -- Execute custom install script
[15.838s] -- Symlinking: /home/sophie/visionaid/isaac_ros_ws/install/ros2_benchmark/share/ros2_benchmark/environment/pythonpath.sh
[15.844s] -- Symlinking: /home/sophie/visionaid/isaac_ros_ws/install/ros2_benchmark/share/ros2_benchmark/environment/pythonpath.dsv
[15.851s] -- Symlinking: /home/sophie/visionaid/isaac_ros_ws/install/ros2_benchmark/local/lib/python3.10/dist-packages/ros2_benchmark-3.2.5-py3.10.egg-info/PKG-INFO
[15.858s] -- Symlinking: /home/sophie/visionaid/isaac_ros_ws/install/ros2_benchmark/local/lib/python3.10/dist-packages/ros2_benchmark-3.2.5-py3.10.egg-info/SOURCES.txt
[15.863s] -- Symlinking: /home/sophie/visionaid/isaac_ros_ws/install/ros2_benchmark/local/lib/python3.10/dist-packages/ros2_benchmark-3.2.5-py3.10.egg-info/dependency_links.txt
[15.870s] -- Symlinking: /home/sophie/visionaid/isaac_ros_ws/install/ros2_benchmark/local/lib/python3.10/dist-packages/ros2_benchmark-3.2.5-py3.10.egg-info/top_level.txt
[15.877s] -- Symlinking: /home/sophie/visionaid/isaac_ros_ws/install/ros2_benchmark/local/lib/python3.10/dist-packages/ros2_benchmark/__init__.py
[15.883s] -- Symlinking: /home/sophie/visionaid/isaac_ros_ws/install/ros2_benchmark/local/lib/python3.10/dist-packages/ros2_benchmark/basic_performance_calculator.py
[15.890s] -- Symlinking: /home/sophie/visionaid/isaac_ros_ws/install/ros2_benchmark/local/lib/python3.10/dist-packages/ros2_benchmark/default_ros2_benchmark_config.yaml
[15.898s] -- Symlinking: /home/sophie/visionaid/isaac_ros_ws/install/ros2_benchmark/local/lib/python3.10/dist-packages/ros2_benchmark/ros2_benchmark_config.py
[15.904s] -- Symlinking: /home/sophie/visionaid/isaac_ros_ws/install/ros2_benchmark/local/lib/python3.10/dist-packages/ros2_benchmark/ros2_benchmark_test.py
[15.910s] -- Symlinking: /home/sophie/visionaid/isaac_ros_ws/install/ros2_benchmark/local/lib/python3.10/dist-packages/ros2_benchmark/utils/__init__.py
[15.916s] -- Symlinking: /home/sophie/visionaid/isaac_ros_ws/install/ros2_benchmark/local/lib/python3.10/dist-packages/ros2_benchmark/utils/image_utility.py
[15.922s] -- Symlinking: /home/sophie/visionaid/isaac_ros_ws/install/ros2_benchmark/local/lib/python3.10/dist-packages/ros2_benchmark/utils/nsys_utility.py
[15.927s] -- Symlinking: /home/sophie/visionaid/isaac_ros_ws/install/ros2_benchmark/local/lib/python3.10/dist-packages/ros2_benchmark/utils/profiler.py
[15.934s] -- Symlinking: /home/sophie/visionaid/isaac_ros_ws/install/ros2_benchmark/local/lib/python3.10/dist-packages/ros2_benchmark/utils/resource_metrics.py
[15.939s] -- Symlinking: /home/sophie/visionaid/isaac_ros_ws/install/ros2_benchmark/local/lib/python3.10/dist-packages/ros2_benchmark/utils/ros2_utility.py
[15.944s] -- Symlinking: /home/sophie/visionaid/isaac_ros_ws/install/ros2_benchmark/local/lib/python3.10/dist-packages/ros2_benchmark/utils/tegrastats_profiler.py
[15.951s] -- Symlinking: /home/sophie/visionaid/isaac_ros_ws/install/ros2_benchmark/local/lib/python3.10/dist-packages/ros2_benchmark/utils/x86_profiler.py
[15.956s] -- Symlinking: /home/sophie/visionaid/isaac_ros_ws/install/ros2_benchmark/share/ros2_benchmark/version_info.yaml
[15.963s] -- Symlinking: /home/sophie/visionaid/isaac_ros_ws/install/ros2_benchmark/include/ros2_benchmark/common.hpp
[15.968s] -- Symlinking: /home/sophie/visionaid/isaac_ros_ws/install/ros2_benchmark/include/ros2_benchmark/data_loader_node.hpp
[15.974s] -- Symlinking: /home/sophie/visionaid/isaac_ros_ws/install/ros2_benchmark/include/ros2_benchmark/monitor_node.hpp
[15.979s] -- Symlinking: /home/sophie/visionaid/isaac_ros_ws/install/ros2_benchmark/include/ros2_benchmark/playback_node.hpp
[15.986s] -- Symlinking: /home/sophie/visionaid/isaac_ros_ws/install/ros2_benchmark/share/ros2_benchmark/environment/library_path.sh
[15.992s] -- Symlinking: /home/sophie/visionaid/isaac_ros_ws/install/ros2_benchmark/share/ros2_benchmark/environment/library_path.dsv
[15.997s] -- Symlinking: /home/sophie/visionaid/isaac_ros_ws/install/ros2_benchmark/lib/libdata_loader_node.so
[16.005s] -- Symlinking: /home/sophie/visionaid/isaac_ros_ws/install/ros2_benchmark/lib/libplayback_node.so
[16.010s] -- Symlinking: /home/sophie/visionaid/isaac_ros_ws/install/ros2_benchmark/lib/libmonitor_node.so
[16.015s] -- Symlinking: /home/sophie/visionaid/isaac_ros_ws/install/ros2_benchmark/share/ros2_benchmark/scripts/apriltag_ros_apriltag_graph.py
[16.023s] -- Symlinking: /home/sophie/visionaid/isaac_ros_ws/install/ros2_benchmark/share/ros2_benchmark/scripts/apriltag_ros_apriltag_node.py
[16.030s] -- Symlinking: /home/sophie/visionaid/isaac_ros_ws/install/ros2_benchmark/share/ros2_benchmark/scripts/image_proc_rectify_node.py
[16.037s] -- Symlinking: /home/sophie/visionaid/isaac_ros_ws/install/ros2_benchmark/share/ros2_benchmark/scripts/realsense2_node.py
[16.043s] -- Symlinking: /home/sophie/visionaid/isaac_ros_ws/install/ros2_benchmark/share/ros2_benchmark/scripts/stereo_image_proc_graph.py
[16.049s] -- Symlinking: /home/sophie/visionaid/isaac_ros_ws/install/ros2_benchmark/share/ros2_benchmark/scripts/stereo_image_proc_node.py
[16.053s] -- Symlinking: /home/sophie/visionaid/isaac_ros_ws/install/ros2_benchmark/share/ament_index/resource_index/package_run_dependencies/ros2_benchmark
[16.060s] -- Symlinking: /home/sophie/visionaid/isaac_ros_ws/install/ros2_benchmark/share/ament_index/resource_index/parent_prefix_path/ros2_benchmark
[16.068s] -- Symlinking: /home/sophie/visionaid/isaac_ros_ws/install/ros2_benchmark/share/ros2_benchmark/environment/ament_prefix_path.sh
[16.076s] -- Symlinking: /home/sophie/visionaid/isaac_ros_ws/install/ros2_benchmark/share/ros2_benchmark/environment/ament_prefix_path.dsv
[16.082s] -- Symlinking: /home/sophie/visionaid/isaac_ros_ws/install/ros2_benchmark/share/ros2_benchmark/environment/path.sh
[16.089s] -- Symlinking: /home/sophie/visionaid/isaac_ros_ws/install/ros2_benchmark/share/ros2_benchmark/environment/path.dsv
[16.096s] -- Symlinking: /home/sophie/visionaid/isaac_ros_ws/install/ros2_benchmark/share/ros2_benchmark/local_setup.bash
[16.102s] -- Symlinking: /home/sophie/visionaid/isaac_ros_ws/install/ros2_benchmark/share/ros2_benchmark/local_setup.sh
[16.109s] -- Symlinking: /home/sophie/visionaid/isaac_ros_ws/install/ros2_benchmark/share/ros2_benchmark/local_setup.zsh
[16.116s] -- Symlinking: /home/sophie/visionaid/isaac_ros_ws/install/ros2_benchmark/share/ros2_benchmark/local_setup.dsv
[16.122s] -- Symlinking: /home/sophie/visionaid/isaac_ros_ws/install/ros2_benchmark/share/ros2_benchmark/package.dsv
[16.128s] -- Symlinking: /home/sophie/visionaid/isaac_ros_ws/install/ros2_benchmark/share/ament_index/resource_index/packages/ros2_benchmark
[16.135s] -- Symlinking: /home/sophie/visionaid/isaac_ros_ws/install/ros2_benchmark/share/ament_index/resource_index/rclcpp_components/ros2_benchmark
[16.141s] -- Symlinking: /home/sophie/visionaid/isaac_ros_ws/install/ros2_benchmark/share/ros2_benchmark/cmake/ament_cmake_export_dependencies-extras.cmake
[16.147s] -- Symlinking: /home/sophie/visionaid/isaac_ros_ws/install/ros2_benchmark/share/ros2_benchmark/cmake/ament_cmake_export_include_directories-extras.cmake
[16.152s] -- Symlinking: /home/sophie/visionaid/isaac_ros_ws/install/ros2_benchmark/share/ros2_benchmark/cmake/ament_cmake_export_libraries-extras.cmake
[16.159s] -- Symlinking: /home/sophie/visionaid/isaac_ros_ws/install/ros2_benchmark/share/ros2_benchmark/cmake/ros2_benchmarkConfig.cmake
[16.164s] -- Symlinking: /home/sophie/visionaid/isaac_ros_ws/install/ros2_benchmark/share/ros2_benchmark/cmake/ros2_benchmarkConfig-version.cmake
[16.170s] -- Symlinking: /home/sophie/visionaid/isaac_ros_ws/install/ros2_benchmark/share/ros2_benchmark/package.xml
[16.205s] Listing '/home/sophie/visionaid/isaac_ros_ws/install/ros2_benchmark/local/lib/python3.10/dist-packages/ros2_benchmark'...
[16.205s] Compiling '/home/sophie/visionaid/isaac_ros_ws/install/ros2_benchmark/local/lib/python3.10/dist-packages/ros2_benchmark/__init__.py'...
[16.205s] Compiling '/home/sophie/visionaid/isaac_ros_ws/install/ros2_benchmark/local/lib/python3.10/dist-packages/ros2_benchmark/basic_performance_calculator.py'...
[16.205s] Compiling '/home/sophie/visionaid/isaac_ros_ws/install/ros2_benchmark/local/lib/python3.10/dist-packages/ros2_benchmark/ros2_benchmark_config.py'...
[16.205s] Compiling '/home/sophie/visionaid/isaac_ros_ws/install/ros2_benchmark/local/lib/python3.10/dist-packages/ros2_benchmark/ros2_benchmark_test.py'...
[16.205s] Listing '/home/sophie/visionaid/isaac_ros_ws/install/ros2_benchmark/local/lib/python3.10/dist-packages/ros2_benchmark/utils'...
[16.205s] Compiling '/home/sophie/visionaid/isaac_ros_ws/install/ros2_benchmark/local/lib/python3.10/dist-packages/ros2_benchmark/utils/__init__.py'...
[16.205s] Compiling '/home/sophie/visionaid/isaac_ros_ws/install/ros2_benchmark/local/lib/python3.10/dist-packages/ros2_benchmark/utils/image_utility.py'...
[16.205s] Compiling '/home/sophie/visionaid/isaac_ros_ws/install/ros2_benchmark/local/lib/python3.10/dist-packages/ros2_benchmark/utils/nsys_utility.py'...
[16.205s] Compiling '/home/sophie/visionaid/isaac_ros_ws/install/ros2_benchmark/local/lib/python3.10/dist-packages/ros2_benchmark/utils/profiler.py'...
[16.205s] Compiling '/home/sophie/visionaid/isaac_ros_ws/install/ros2_benchmark/local/lib/python3.10/dist-packages/ros2_benchmark/utils/resource_metrics.py'...
[16.205s] Compiling '/home/sophie/visionaid/isaac_ros_ws/install/ros2_benchmark/local/lib/python3.10/dist-packages/ros2_benchmark/utils/ros2_utility.py'...
[16.205s] Compiling '/home/sophie/visionaid/isaac_ros_ws/install/ros2_benchmark/local/lib/python3.10/dist-packages/ros2_benchmark/utils/tegrastats_profiler.py'...
[16.205s] Compiling '/home/sophie/visionaid/isaac_ros_ws/install/ros2_benchmark/local/lib/python3.10/dist-packages/ros2_benchmark/utils/x86_profiler.py'...
[16.210s] Invoked command in '/home/sophie/visionaid/isaac_ros_ws/build/ros2_benchmark' returned '0': AMENT_PREFIX_PATH=/home/sophie/visionaid/isaac_ros_ws/install/ros2_benchmark_interfaces:/home/sophie/visionaid/isaac_ros_ws/install/isaac_ros_common:${AMENT_PREFIX_PATH} CMAKE_PREFIX_PATH=/home/sophie/visionaid/isaac_ros_ws/install/ros2_benchmark_interfaces:/home/sophie/visionaid/isaac_ros_ws/install/isaac_ros_common:/opt/ros/humble LD_LIBRARY_PATH=/home/sophie/visionaid/isaac_ros_ws/install/ros2_benchmark_interfaces/lib:/home/sophie/visionaid/isaac_ros_ws/install/isaac_ros_common/lib:${LD_LIBRARY_PATH} PATH=/home/sophie/visionaid/isaac_ros_ws/install/isaac_ros_common/bin:${PATH} PYTHONPATH=/home/sophie/visionaid/isaac_ros_ws/install/ros2_benchmark_interfaces/local/lib/python3.10/dist-packages:/home/sophie/visionaid/isaac_ros_ws/install/isaac_ros_common/local/lib/python3.10/dist-packages:${PYTHONPATH} /usr/bin/cmake --install /home/sophie/visionaid/isaac_ros_ws/build/ros2_benchmark
