-- CMAKE_BUILD_TYPE: Release
-- Found ament_cmake_auto: 1.3.11 (/opt/ros/humble/share/ament_cmake_auto/cmake)
-- Override CMake install command with custom implementation using symlinks instead of copying resources
-- Found rclcpp: 16.0.12 (/opt/ros/humble/share/rclcpp/cmake)
-- Found rosidl_generator_c: 3.1.6 (/opt/ros/humble/share/rosidl_generator_c/cmake)
-- Found rosidl_adapter: 3.1.6 (/opt/ros/humble/share/rosidl_adapter/cmake)
-- Found rosidl_generator_cpp: 3.1.6 (/opt/ros/humble/share/rosidl_generator_cpp/cmake)
-- Using all available rosidl_typesupport_c: rosidl_typesupport_fastrtps_c;rosidl_typesupport_introspection_c
-- Using all available rosidl_typesupport_cpp: rosidl_typesupport_fastrtps_cpp;rosidl_typesupport_introspection_cpp
-- Found rmw_implementation_cmake: 6.1.2 (/opt/ros/humble/share/rmw_implementation_cmake/cmake)
-- Found rmw_fastrtps_cpp: 6.2.7 (/opt/ros/humble/share/rmw_fastrtps_cpp/cmake)
-- Using RMW implementation 'rmw_fastrtps_cpp' as default
-- Loading isaac_ros_common extras
-- CMAKE_BUILD_TYPE: Release
-- CUDA architectures: 89
-- Loading isaac_ros_common extras (modules)
-- Configuring done
-- Generating done
-- Build files have been written to: /home/sophie/visionaid/isaac_ros_ws/build/ros2_benchmark
[35m[1mConsolidate compiler generated dependencies of target data_loader_node[0m
[  0%] Built target ament_cmake_python_symlink_ros2_benchmark
[ 14%] Built target generate_version_info_target_ros2_benchmark
[ 42%] Built target data_loader_node
[35m[1mConsolidate compiler generated dependencies of target playback_node[0m
[ 71%] Built target playback_node
[35m[1mConsolidate compiler generated dependencies of target monitor_node[0m
[100%] Built target monitor_node
running egg_info
writing ros2_benchmark.egg-info/PKG-INFO
writing dependency_links to ros2_benchmark.egg-info/dependency_links.txt
writing top-level names to ros2_benchmark.egg-info/top_level.txt
reading manifest file 'ros2_benchmark.egg-info/SOURCES.txt'
writing manifest file 'ros2_benchmark.egg-info/SOURCES.txt'
[100%] Built target ament_cmake_python_build_ros2_benchmark_egg
-- Install configuration: "Release"
-- Execute custom install script
-- Up-to-date symlink: /home/sophie/visionaid/isaac_ros_ws/install/ros2_benchmark/share/ros2_benchmark/environment/pythonpath.sh
-- Up-to-date symlink: /home/sophie/visionaid/isaac_ros_ws/install/ros2_benchmark/share/ros2_benchmark/environment/pythonpath.dsv
-- Up-to-date symlink: /home/sophie/visionaid/isaac_ros_ws/install/ros2_benchmark/local/lib/python3.10/dist-packages/ros2_benchmark-3.2.5-py3.10.egg-info/PKG-INFO
-- Up-to-date symlink: /home/sophie/visionaid/isaac_ros_ws/install/ros2_benchmark/local/lib/python3.10/dist-packages/ros2_benchmark-3.2.5-py3.10.egg-info/SOURCES.txt
-- Up-to-date symlink: /home/sophie/visionaid/isaac_ros_ws/install/ros2_benchmark/local/lib/python3.10/dist-packages/ros2_benchmark-3.2.5-py3.10.egg-info/dependency_links.txt
-- Up-to-date symlink: /home/sophie/visionaid/isaac_ros_ws/install/ros2_benchmark/local/lib/python3.10/dist-packages/ros2_benchmark-3.2.5-py3.10.egg-info/top_level.txt
-- Up-to-date symlink: /home/sophie/visionaid/isaac_ros_ws/install/ros2_benchmark/local/lib/python3.10/dist-packages/ros2_benchmark/__init__.py
-- Up-to-date symlink: /home/sophie/visionaid/isaac_ros_ws/install/ros2_benchmark/local/lib/python3.10/dist-packages/ros2_benchmark/basic_performance_calculator.py
-- Up-to-date symlink: /home/sophie/visionaid/isaac_ros_ws/install/ros2_benchmark/local/lib/python3.10/dist-packages/ros2_benchmark/default_ros2_benchmark_config.yaml
-- Up-to-date symlink: /home/sophie/visionaid/isaac_ros_ws/install/ros2_benchmark/local/lib/python3.10/dist-packages/ros2_benchmark/ros2_benchmark_config.py
-- Up-to-date symlink: /home/sophie/visionaid/isaac_ros_ws/install/ros2_benchmark/local/lib/python3.10/dist-packages/ros2_benchmark/ros2_benchmark_test.py
-- Up-to-date symlink: /home/sophie/visionaid/isaac_ros_ws/install/ros2_benchmark/local/lib/python3.10/dist-packages/ros2_benchmark/utils/__init__.py
-- Up-to-date symlink: /home/sophie/visionaid/isaac_ros_ws/install/ros2_benchmark/local/lib/python3.10/dist-packages/ros2_benchmark/utils/image_utility.py
-- Up-to-date symlink: /home/sophie/visionaid/isaac_ros_ws/install/ros2_benchmark/local/lib/python3.10/dist-packages/ros2_benchmark/utils/nsys_utility.py
-- Up-to-date symlink: /home/sophie/visionaid/isaac_ros_ws/install/ros2_benchmark/local/lib/python3.10/dist-packages/ros2_benchmark/utils/profiler.py
-- Up-to-date symlink: /home/sophie/visionaid/isaac_ros_ws/install/ros2_benchmark/local/lib/python3.10/dist-packages/ros2_benchmark/utils/resource_metrics.py
-- Up-to-date symlink: /home/sophie/visionaid/isaac_ros_ws/install/ros2_benchmark/local/lib/python3.10/dist-packages/ros2_benchmark/utils/ros2_utility.py
-- Up-to-date symlink: /home/sophie/visionaid/isaac_ros_ws/install/ros2_benchmark/local/lib/python3.10/dist-packages/ros2_benchmark/utils/tegrastats_profiler.py
-- Up-to-date symlink: /home/sophie/visionaid/isaac_ros_ws/install/ros2_benchmark/local/lib/python3.10/dist-packages/ros2_benchmark/utils/x86_profiler.py
-- Up-to-date symlink: /home/sophie/visionaid/isaac_ros_ws/install/ros2_benchmark/share/ros2_benchmark/version_info.yaml
-- Up-to-date symlink: /home/sophie/visionaid/isaac_ros_ws/install/ros2_benchmark/include/ros2_benchmark/common.hpp
-- Up-to-date symlink: /home/sophie/visionaid/isaac_ros_ws/install/ros2_benchmark/include/ros2_benchmark/data_loader_node.hpp
-- Up-to-date symlink: /home/sophie/visionaid/isaac_ros_ws/install/ros2_benchmark/include/ros2_benchmark/monitor_node.hpp
-- Up-to-date symlink: /home/sophie/visionaid/isaac_ros_ws/install/ros2_benchmark/include/ros2_benchmark/playback_node.hpp
-- Up-to-date symlink: /home/sophie/visionaid/isaac_ros_ws/install/ros2_benchmark/share/ros2_benchmark/environment/library_path.sh
-- Up-to-date symlink: /home/sophie/visionaid/isaac_ros_ws/install/ros2_benchmark/share/ros2_benchmark/environment/library_path.dsv
-- Up-to-date symlink: /home/sophie/visionaid/isaac_ros_ws/install/ros2_benchmark/lib/libdata_loader_node.so
-- Up-to-date symlink: /home/sophie/visionaid/isaac_ros_ws/install/ros2_benchmark/lib/libplayback_node.so
-- Up-to-date symlink: /home/sophie/visionaid/isaac_ros_ws/install/ros2_benchmark/lib/libmonitor_node.so
-- Up-to-date symlink: /home/sophie/visionaid/isaac_ros_ws/install/ros2_benchmark/share/ros2_benchmark/scripts/apriltag_ros_apriltag_graph.py
-- Up-to-date symlink: /home/sophie/visionaid/isaac_ros_ws/install/ros2_benchmark/share/ros2_benchmark/scripts/apriltag_ros_apriltag_node.py
-- Up-to-date symlink: /home/sophie/visionaid/isaac_ros_ws/install/ros2_benchmark/share/ros2_benchmark/scripts/image_proc_rectify_node.py
-- Up-to-date symlink: /home/sophie/visionaid/isaac_ros_ws/install/ros2_benchmark/share/ros2_benchmark/scripts/realsense2_node.py
-- Up-to-date symlink: /home/sophie/visionaid/isaac_ros_ws/install/ros2_benchmark/share/ros2_benchmark/scripts/stereo_image_proc_graph.py
-- Up-to-date symlink: /home/sophie/visionaid/isaac_ros_ws/install/ros2_benchmark/share/ros2_benchmark/scripts/stereo_image_proc_node.py
-- Up-to-date symlink: /home/sophie/visionaid/isaac_ros_ws/install/ros2_benchmark/share/ament_index/resource_index/package_run_dependencies/ros2_benchmark
-- Up-to-date symlink: /home/sophie/visionaid/isaac_ros_ws/install/ros2_benchmark/share/ament_index/resource_index/parent_prefix_path/ros2_benchmark
-- Up-to-date symlink: /home/sophie/visionaid/isaac_ros_ws/install/ros2_benchmark/share/ros2_benchmark/environment/ament_prefix_path.sh
-- Up-to-date symlink: /home/sophie/visionaid/isaac_ros_ws/install/ros2_benchmark/share/ros2_benchmark/environment/ament_prefix_path.dsv
-- Up-to-date symlink: /home/sophie/visionaid/isaac_ros_ws/install/ros2_benchmark/share/ros2_benchmark/environment/path.sh
-- Up-to-date symlink: /home/sophie/visionaid/isaac_ros_ws/install/ros2_benchmark/share/ros2_benchmark/environment/path.dsv
-- Up-to-date symlink: /home/sophie/visionaid/isaac_ros_ws/install/ros2_benchmark/share/ros2_benchmark/local_setup.bash
-- Up-to-date symlink: /home/sophie/visionaid/isaac_ros_ws/install/ros2_benchmark/share/ros2_benchmark/local_setup.sh
-- Up-to-date symlink: /home/sophie/visionaid/isaac_ros_ws/install/ros2_benchmark/share/ros2_benchmark/local_setup.zsh
-- Up-to-date symlink: /home/sophie/visionaid/isaac_ros_ws/install/ros2_benchmark/share/ros2_benchmark/local_setup.dsv
-- Symlinking: /home/sophie/visionaid/isaac_ros_ws/install/ros2_benchmark/share/ros2_benchmark/package.dsv
-- Up-to-date symlink: /home/sophie/visionaid/isaac_ros_ws/install/ros2_benchmark/share/ament_index/resource_index/packages/ros2_benchmark
-- Up-to-date symlink: /home/sophie/visionaid/isaac_ros_ws/install/ros2_benchmark/share/ament_index/resource_index/rclcpp_components/ros2_benchmark
-- Up-to-date symlink: /home/sophie/visionaid/isaac_ros_ws/install/ros2_benchmark/share/ros2_benchmark/cmake/ament_cmake_export_dependencies-extras.cmake
-- Up-to-date symlink: /home/sophie/visionaid/isaac_ros_ws/install/ros2_benchmark/share/ros2_benchmark/cmake/ament_cmake_export_include_directories-extras.cmake
-- Up-to-date symlink: /home/sophie/visionaid/isaac_ros_ws/install/ros2_benchmark/share/ros2_benchmark/cmake/ament_cmake_export_libraries-extras.cmake
-- Up-to-date symlink: /home/sophie/visionaid/isaac_ros_ws/install/ros2_benchmark/share/ros2_benchmark/cmake/ros2_benchmarkConfig.cmake
-- Up-to-date symlink: /home/sophie/visionaid/isaac_ros_ws/install/ros2_benchmark/share/ros2_benchmark/cmake/ros2_benchmarkConfig-version.cmake
-- Up-to-date symlink: /home/sophie/visionaid/isaac_ros_ws/install/ros2_benchmark/share/ros2_benchmark/package.xml
Listing '/home/sophie/visionaid/isaac_ros_ws/install/ros2_benchmark/local/lib/python3.10/dist-packages/ros2_benchmark'...
Listing '/home/sophie/visionaid/isaac_ros_ws/install/ros2_benchmark/local/lib/python3.10/dist-packages/ros2_benchmark/utils'...
