[0.916s] Invoking command in '/home/sophie/visionaid/isaac_ros_ws/build/scene_description_system': PYTHONPATH=/home/sophie/visionaid/isaac_ros_ws/build/scene_description_system/prefix_override:/usr/lib/python3/dist-packages/colcon_core/task/python/colcon_distutils_commands:/home/sophie/visionaid/isaac_ros_ws/install/scene_description_system/lib/python3.10/site-packages:${PYTHONPATH} /usr/bin/python3 -W ignore:setup.py install is deprecated -W ignore:easy_install command is deprecated setup.py develop --editable --build-directory /home/sophie/visionaid/isaac_ros_ws/build/scene_description_system/build --no-deps symlink_data
[1.084s] running develop
[1.176s] running egg_info
[1.176s] creating scene_description_system.egg-info
[1.176s] writing scene_description_system.egg-info/PKG-INFO
[1.176s] writing dependency_links to scene_description_system.egg-info/dependency_links.txt
[1.176s] writing entry points to scene_description_system.egg-info/entry_points.txt
[1.176s] writing requirements to scene_description_system.egg-info/requires.txt
[1.176s] writing top-level names to scene_description_system.egg-info/top_level.txt
[1.176s] writing manifest file 'scene_description_system.egg-info/SOURCES.txt'
[1.177s] reading manifest file 'scene_description_system.egg-info/SOURCES.txt'
[1.178s] writing manifest file 'scene_description_system.egg-info/SOURCES.txt'
[1.205s] running build_ext
[1.205s] Creating /home/sophie/visionaid/isaac_ros_ws/install/scene_description_system/lib/python3.10/site-packages/scene-description-system.egg-link (link to .)
[1.206s] 
[1.206s] Installed /home/sophie/visionaid/isaac_ros_ws/build/scene_description_system
[1.206s] running symlink_data
[1.206s] creating /home/sophie/visionaid/isaac_ros_ws/install/scene_description_system/share/ament_index
[1.206s] creating /home/sophie/visionaid/isaac_ros_ws/install/scene_description_system/share/ament_index/resource_index
[1.206s] creating /home/sophie/visionaid/isaac_ros_ws/install/scene_description_system/share/ament_index/resource_index/packages
[1.206s] symbolically linking /home/sophie/visionaid/isaac_ros_ws/build/scene_description_system/resource/scene_description_system -> /home/sophie/visionaid/isaac_ros_ws/install/scene_description_system/share/ament_index/resource_index/packages
[1.206s] symbolically linking /home/sophie/visionaid/isaac_ros_ws/build/scene_description_system/package.xml -> /home/sophie/visionaid/isaac_ros_ws/install/scene_description_system/share/scene_description_system
[1.230s] Invoked command in '/home/sophie/visionaid/isaac_ros_ws/build/scene_description_system' returned '0': PYTHONPATH=/home/sophie/visionaid/isaac_ros_ws/build/scene_description_system/prefix_override:/usr/lib/python3/dist-packages/colcon_core/task/python/colcon_distutils_commands:/home/sophie/visionaid/isaac_ros_ws/install/scene_description_system/lib/python3.10/site-packages:${PYTHONPATH} /usr/bin/python3 -W ignore:setup.py install is deprecated -W ignore:easy_install command is deprecated setup.py develop --editable --build-directory /home/sophie/visionaid/isaac_ros_ws/build/scene_description_system/build --no-deps symlink_data
