-- The C compiler identification is GNU 11.4.0
-- The CXX compiler identification is GNU 11.4.0
-- Detecting C compiler ABI info
-- Detecting C compiler ABI info - done
-- Check for working C compiler: /usr/bin/cc - skipped
-- Detecting C compile features
-- Detecting C compile features - done
-- Detecting CXX compiler ABI info
-- Detecting CXX compiler ABI info - done
-- Check for working CXX compiler: /usr/bin/c++ - skipped
-- Detecting CXX compile features
-- Detecting CXX compile features - done
-- Found ament_cmake_auto: 1.3.11 (/opt/ros/humble/share/ament_cmake_auto/cmake)
-- Found Python3: /usr/bin/python3 (found version "3.10.12") found components: Interpreter 
-- Override CMake install command with custom implementation using symlinks instead of copying resources
-- Loading isaac_ros_common extras
-- CMAKE_BUILD_TYPE: Release
-- Looking for pthread.h
-- Looking for pthread.h - found
-- Performing Test CMAKE_HAVE_LIBC_PTHREAD
-- Performing Test CMAKE_HAVE_LIBC_PTHREAD - Success
-- Found Threads: TRUE  
-- Found CUDA: /usr/local/cuda-12.8 (found version "12.8") 
-- CUDA architectures: 89
-- Loading isaac_ros_common extras (modules)
-- Found rosidl_generator_c: 3.1.6 (/opt/ros/humble/share/rosidl_generator_c/cmake)
-- Found rosidl_adapter: 3.1.6 (/opt/ros/humble/share/rosidl_adapter/cmake)
-- Found rosidl_generator_cpp: 3.1.6 (/opt/ros/humble/share/rosidl_generator_cpp/cmake)
-- Using all available rosidl_typesupport_c: rosidl_typesupport_fastrtps_c;rosidl_typesupport_introspection_c
-- Using all available rosidl_typesupport_cpp: rosidl_typesupport_fastrtps_cpp;rosidl_typesupport_introspection_cpp
-- Found rmw_implementation_cmake: 6.1.2 (/opt/ros/humble/share/rmw_implementation_cmake/cmake)
-- Found rmw_fastrtps_cpp: 6.2.7 (/opt/ros/humble/share/rmw_fastrtps_cpp/cmake)
-- Found OpenSSL: /usr/lib/x86_64-linux-gnu/libcrypto.so (found version "3.0.2")  
-- Found FastRTPS: /opt/ros/humble/include  
-- Using RMW implementation 'rmw_fastrtps_cpp' as default
-- Loading isaac_ros_gxf extras
-- Configuring done
-- Generating done
-- Build files have been written to: /home/sophie/visionaid/isaac_ros_ws/build/gxf_isaac_gems
[100%] [34m[1mGenerating version information as YAML[0m
[100%] Built target generate_version_info_target_gxf_isaac_gems
-- Install configuration: "Release"
-- Execute custom install script
-- Symlinking: /home/sophie/visionaid/isaac_ros_ws/install/gxf_isaac_gems/share/gxf_isaac_gems/gxf/include/gems/algorithm/string_utils.hpp
-- Symlinking: /home/sophie/visionaid/isaac_ros_ws/install/gxf_isaac_gems/share/gxf_isaac_gems/gxf/include/gems/common/composite_schema_uid.hpp
-- Symlinking: /home/sophie/visionaid/isaac_ros_ws/install/gxf_isaac_gems/share/gxf_isaac_gems/gxf/include/gems/common/pose_frame_uid.hpp
-- Symlinking: /home/sophie/visionaid/isaac_ros_ws/install/gxf_isaac_gems/share/gxf_isaac_gems/gxf/include/gems/composite/composite_from_tensor.hpp
-- Symlinking: /home/sophie/visionaid/isaac_ros_ws/install/gxf_isaac_gems/share/gxf_isaac_gems/gxf/include/gems/composite/composite_view.hpp
-- Symlinking: /home/sophie/visionaid/isaac_ros_ws/install/gxf_isaac_gems/share/gxf_isaac_gems/gxf/include/gems/composite/measure.hpp
-- Symlinking: /home/sophie/visionaid/isaac_ros_ws/install/gxf_isaac_gems/share/gxf_isaac_gems/gxf/include/gems/composite/quantity.hpp
-- Symlinking: /home/sophie/visionaid/isaac_ros_ws/install/gxf_isaac_gems/share/gxf_isaac_gems/gxf/include/gems/composite/schema.hpp
-- Symlinking: /home/sophie/visionaid/isaac_ros_ws/install/gxf_isaac_gems/share/gxf_isaac_gems/gxf/include/gems/composite/schema_tensor_archive.hpp
-- Symlinking: /home/sophie/visionaid/isaac_ros_ws/install/gxf_isaac_gems/share/gxf_isaac_gems/gxf/include/gems/coms/socket.hpp
-- Symlinking: /home/sophie/visionaid/isaac_ros_ws/install/gxf_isaac_gems/share/gxf_isaac_gems/gxf/include/gems/control_types/differential_drive.hpp
-- Symlinking: /home/sophie/visionaid/isaac_ros_ws/install/gxf_isaac_gems/share/gxf_isaac_gems/gxf/include/gems/core/allocator/allocator_base.hpp
-- Symlinking: /home/sophie/visionaid/isaac_ros_ws/install/gxf_isaac_gems/share/gxf_isaac_gems/gxf/include/gems/core/allocator/allocators.hpp
-- Symlinking: /home/sophie/visionaid/isaac_ros_ws/install/gxf_isaac_gems/share/gxf_isaac_gems/gxf/include/gems/core/assert.hpp
-- Symlinking: /home/sophie/visionaid/isaac_ros_ws/install/gxf_isaac_gems/share/gxf_isaac_gems/gxf/include/gems/core/buffers/algorithm.hpp
-- Symlinking: /home/sophie/visionaid/isaac_ros_ws/install/gxf_isaac_gems/share/gxf_isaac_gems/gxf/include/gems/core/buffers/buffer.hpp
-- Symlinking: /home/sophie/visionaid/isaac_ros_ws/install/gxf_isaac_gems/share/gxf_isaac_gems/gxf/include/gems/core/buffers/traits.hpp
-- Symlinking: /home/sophie/visionaid/isaac_ros_ws/install/gxf_isaac_gems/share/gxf_isaac_gems/gxf/include/gems/core/byte.hpp
-- Symlinking: /home/sophie/visionaid/isaac_ros_ws/install/gxf_isaac_gems/share/gxf_isaac_gems/gxf/include/gems/core/constants.hpp
-- Symlinking: /home/sophie/visionaid/isaac_ros_ws/install/gxf_isaac_gems/share/gxf_isaac_gems/gxf/include/gems/core/epsilon.hpp
-- Symlinking: /home/sophie/visionaid/isaac_ros_ws/install/gxf_isaac_gems/share/gxf_isaac_gems/gxf/include/gems/core/image/image.hpp
-- Symlinking: /home/sophie/visionaid/isaac_ros_ws/install/gxf_isaac_gems/share/gxf_isaac_gems/gxf/include/gems/core/logger.hpp
-- Symlinking: /home/sophie/visionaid/isaac_ros_ws/install/gxf_isaac_gems/share/gxf_isaac_gems/gxf/include/gems/core/math/macros.hpp
-- Symlinking: /home/sophie/visionaid/isaac_ros_ws/install/gxf_isaac_gems/share/gxf_isaac_gems/gxf/include/gems/core/math/pose2.hpp
-- Symlinking: /home/sophie/visionaid/isaac_ros_ws/install/gxf_isaac_gems/share/gxf_isaac_gems/gxf/include/gems/core/math/pose3.hpp
-- Symlinking: /home/sophie/visionaid/isaac_ros_ws/install/gxf_isaac_gems/share/gxf_isaac_gems/gxf/include/gems/core/math/so2.hpp
-- Symlinking: /home/sophie/visionaid/isaac_ros_ws/install/gxf_isaac_gems/share/gxf_isaac_gems/gxf/include/gems/core/math/so3.hpp
-- Symlinking: /home/sophie/visionaid/isaac_ros_ws/install/gxf_isaac_gems/share/gxf_isaac_gems/gxf/include/gems/core/math/types.hpp
-- Symlinking: /home/sophie/visionaid/isaac_ros_ws/install/gxf_isaac_gems/share/gxf_isaac_gems/gxf/include/gems/core/math/utils.hpp
-- Symlinking: /home/sophie/visionaid/isaac_ros_ws/install/gxf_isaac_gems/share/gxf_isaac_gems/gxf/include/gems/core/optional.hpp
-- Symlinking: /home/sophie/visionaid/isaac_ros_ws/install/gxf_isaac_gems/share/gxf_isaac_gems/gxf/include/gems/core/tensor/sample_cloud.hpp
-- Symlinking: /home/sophie/visionaid/isaac_ros_ws/install/gxf_isaac_gems/share/gxf_isaac_gems/gxf/include/gems/core/tensor/tensor.hpp
-- Symlinking: /home/sophie/visionaid/isaac_ros_ws/install/gxf_isaac_gems/share/gxf_isaac_gems/gxf/include/gems/cuda_utils/launch_utils.hpp
-- Symlinking: /home/sophie/visionaid/isaac_ros_ws/install/gxf_isaac_gems/share/gxf_isaac_gems/gxf/include/gems/cuda_utils/stride_pointer.hpp
-- Symlinking: /home/sophie/visionaid/isaac_ros_ws/install/gxf_isaac_gems/share/gxf_isaac_gems/gxf/include/gems/cuda_utils/stride_pointer_3d.hpp
-- Symlinking: /home/sophie/visionaid/isaac_ros_ws/install/gxf_isaac_gems/share/gxf_isaac_gems/gxf/include/gems/cuda_utils/vector_math.hpp
-- Symlinking: /home/sophie/visionaid/isaac_ros_ws/install/gxf_isaac_gems/share/gxf_isaac_gems/gxf/include/gems/flatscan/flatscan_info.hpp
-- Symlinking: /home/sophie/visionaid/isaac_ros_ws/install/gxf_isaac_gems/share/gxf_isaac_gems/gxf/include/gems/flatscan/flatscan_types.hpp
-- Symlinking: /home/sophie/visionaid/isaac_ros_ws/install/gxf_isaac_gems/share/gxf_isaac_gems/gxf/include/gems/geometry/line.hpp
-- Symlinking: /home/sophie/visionaid/isaac_ros_ws/install/gxf_isaac_gems/share/gxf_isaac_gems/gxf/include/gems/geometry/line_segment.hpp
-- Symlinking: /home/sophie/visionaid/isaac_ros_ws/install/gxf_isaac_gems/share/gxf_isaac_gems/gxf/include/gems/geometry/line_utils.hpp
-- Symlinking: /home/sophie/visionaid/isaac_ros_ws/install/gxf_isaac_gems/share/gxf_isaac_gems/gxf/include/gems/geometry/n_cuboid.hpp
-- Symlinking: /home/sophie/visionaid/isaac_ros_ws/install/gxf_isaac_gems/share/gxf_isaac_gems/gxf/include/gems/geometry/n_sphere.hpp
-- Symlinking: /home/sophie/visionaid/isaac_ros_ws/install/gxf_isaac_gems/share/gxf_isaac_gems/gxf/include/gems/geometry/pinhole.hpp
-- Symlinking: /home/sophie/visionaid/isaac_ros_ws/install/gxf_isaac_gems/share/gxf_isaac_gems/gxf/include/gems/geometry/plane.hpp
-- Symlinking: /home/sophie/visionaid/isaac_ros_ws/install/gxf_isaac_gems/share/gxf_isaac_gems/gxf/include/gems/geometry/polygon.hpp
-- Symlinking: /home/sophie/visionaid/isaac_ros_ws/install/gxf_isaac_gems/share/gxf_isaac_gems/gxf/include/gems/geometry/polyline.hpp
-- Symlinking: /home/sophie/visionaid/isaac_ros_ws/install/gxf_isaac_gems/share/gxf_isaac_gems/gxf/include/gems/geometry/types.hpp
-- Symlinking: /home/sophie/visionaid/isaac_ros_ws/install/gxf_isaac_gems/share/gxf_isaac_gems/gxf/include/gems/gxf_helpers/expected_macro_abstract.hpp
-- Symlinking: /home/sophie/visionaid/isaac_ros_ws/install/gxf_isaac_gems/share/gxf_isaac_gems/gxf/include/gems/gxf_helpers/expected_macro_common.hpp
-- Symlinking: /home/sophie/visionaid/isaac_ros_ws/install/gxf_isaac_gems/share/gxf_isaac_gems/gxf/include/gems/gxf_helpers/expected_macro_cuda.hpp
-- Symlinking: /home/sophie/visionaid/isaac_ros_ws/install/gxf_isaac_gems/share/gxf_isaac_gems/gxf/include/gems/gxf_helpers/expected_macro_gxf.hpp
-- Symlinking: /home/sophie/visionaid/isaac_ros_ws/install/gxf_isaac_gems/share/gxf_isaac_gems/gxf/include/gems/gxf_helpers/expected_macro_isaac.hpp
-- Symlinking: /home/sophie/visionaid/isaac_ros_ws/install/gxf_isaac_gems/share/gxf_isaac_gems/gxf/include/gems/gxf_helpers/image_view.hpp
-- Symlinking: /home/sophie/visionaid/isaac_ros_ws/install/gxf_isaac_gems/share/gxf_isaac_gems/gxf/include/gems/image/color.hpp
-- Symlinking: /home/sophie/visionaid/isaac_ros_ws/install/gxf_isaac_gems/share/gxf_isaac_gems/gxf/include/gems/image/io.hpp
-- Symlinking: /home/sophie/visionaid/isaac_ros_ws/install/gxf_isaac_gems/share/gxf_isaac_gems/gxf/include/gems/image/utils.hpp
-- Symlinking: /home/sophie/visionaid/isaac_ros_ws/install/gxf_isaac_gems/share/gxf_isaac_gems/gxf/include/gems/pose_tree/pose_tree.hpp
-- Symlinking: /home/sophie/visionaid/isaac_ros_ws/install/gxf_isaac_gems/share/gxf_isaac_gems/gxf/include/gems/pose_tree/pose_tree_edge_history.hpp
-- Symlinking: /home/sophie/visionaid/isaac_ros_ws/install/gxf_isaac_gems/share/gxf_isaac_gems/gxf/include/gems/serialization/base64.hpp
-- Symlinking: /home/sophie/visionaid/isaac_ros_ws/install/gxf_isaac_gems/share/gxf_isaac_gems/gxf/include/gems/serialization/json.hpp
-- Symlinking: /home/sophie/visionaid/isaac_ros_ws/install/gxf_isaac_gems/share/gxf_isaac_gems/gxf/include/gems/serialization/json_formatter.hpp
-- Symlinking: /home/sophie/visionaid/isaac_ros_ws/install/gxf_isaac_gems/share/gxf_isaac_gems/gxf/include/gems/sight/sop.hpp
-- Symlinking: /home/sophie/visionaid/isaac_ros_ws/install/gxf_isaac_gems/share/gxf_isaac_gems/gxf/include/gems/sight/sop_asset.hpp
-- Symlinking: /home/sophie/visionaid/isaac_ros_ws/install/gxf_isaac_gems/share/gxf_isaac_gems/gxf/include/gems/sight/sop_image.hpp
-- Symlinking: /home/sophie/visionaid/isaac_ros_ws/install/gxf_isaac_gems/share/gxf_isaac_gems/gxf/include/gems/sight/sop_mesh.hpp
-- Symlinking: /home/sophie/visionaid/isaac_ros_ws/install/gxf_isaac_gems/share/gxf_isaac_gems/gxf/include/gems/sight/sop_point_cloud.hpp
-- Symlinking: /home/sophie/visionaid/isaac_ros_ws/install/gxf_isaac_gems/share/gxf_isaac_gems/gxf/include/gems/sight/sop_style.hpp
-- Symlinking: /home/sophie/visionaid/isaac_ros_ws/install/gxf_isaac_gems/share/gxf_isaac_gems/gxf/include/gems/sight/sop_text.hpp
-- Symlinking: /home/sophie/visionaid/isaac_ros_ws/install/gxf_isaac_gems/share/gxf_isaac_gems/gxf/include/gems/sight/sop_transform.hpp
-- Symlinking: /home/sophie/visionaid/isaac_ros_ws/install/gxf_isaac_gems/share/gxf_isaac_gems/gxf/include/gems/uuid/uuid.hpp
-- Symlinking: /home/sophie/visionaid/isaac_ros_ws/install/gxf_isaac_gems/share/gxf_isaac_gems/gxf/include/gems/video_buffer/allocator.hpp
-- Symlinking: /home/sophie/visionaid/isaac_ros_ws/install/gxf_isaac_gems/share/gxf_isaac_gems/gxf/include/third_party/nlohmann/json.hpp
-- Symlinking: /home/sophie/visionaid/isaac_ros_ws/install/gxf_isaac_gems/share/gxf_isaac_gems/environment/library_path.sh
-- Symlinking: /home/sophie/visionaid/isaac_ros_ws/install/gxf_isaac_gems/share/gxf_isaac_gems/environment/library_path.dsv
-- Symlinking: /home/sophie/visionaid/isaac_ros_ws/install/gxf_isaac_gems/share/gxf_isaac_gems/version_info.yaml
-- Symlinking: /home/sophie/visionaid/isaac_ros_ws/install/gxf_isaac_gems/share/ament_index/resource_index/package_run_dependencies/gxf_isaac_gems
-- Symlinking: /home/sophie/visionaid/isaac_ros_ws/install/gxf_isaac_gems/share/ament_index/resource_index/parent_prefix_path/gxf_isaac_gems
-- Symlinking: /home/sophie/visionaid/isaac_ros_ws/install/gxf_isaac_gems/share/gxf_isaac_gems/environment/ament_prefix_path.sh
-- Symlinking: /home/sophie/visionaid/isaac_ros_ws/install/gxf_isaac_gems/share/gxf_isaac_gems/environment/ament_prefix_path.dsv
-- Symlinking: /home/sophie/visionaid/isaac_ros_ws/install/gxf_isaac_gems/share/gxf_isaac_gems/environment/path.sh
-- Symlinking: /home/sophie/visionaid/isaac_ros_ws/install/gxf_isaac_gems/share/gxf_isaac_gems/environment/path.dsv
-- Symlinking: /home/sophie/visionaid/isaac_ros_ws/install/gxf_isaac_gems/share/gxf_isaac_gems/local_setup.bash
-- Symlinking: /home/sophie/visionaid/isaac_ros_ws/install/gxf_isaac_gems/share/gxf_isaac_gems/local_setup.sh
-- Symlinking: /home/sophie/visionaid/isaac_ros_ws/install/gxf_isaac_gems/share/gxf_isaac_gems/local_setup.zsh
-- Symlinking: /home/sophie/visionaid/isaac_ros_ws/install/gxf_isaac_gems/share/gxf_isaac_gems/local_setup.dsv
-- Symlinking: /home/sophie/visionaid/isaac_ros_ws/install/gxf_isaac_gems/share/gxf_isaac_gems/package.dsv
-- Symlinking: /home/sophie/visionaid/isaac_ros_ws/install/gxf_isaac_gems/share/ament_index/resource_index/packages/gxf_isaac_gems
-- Symlinking: /home/sophie/visionaid/isaac_ros_ws/install/gxf_isaac_gems/share/gxf_isaac_gems/cmake/ament_cmake_export_targets-extras.cmake
-- Symlinking: /home/sophie/visionaid/isaac_ros_ws/install/gxf_isaac_gems/share/gxf_isaac_gems/cmake/ament_cmake_export_dependencies-extras.cmake
-- Symlinking: /home/sophie/visionaid/isaac_ros_ws/install/gxf_isaac_gems/share/gxf_isaac_gems/cmake/gxf_isaac_gemsConfig.cmake
-- Symlinking: /home/sophie/visionaid/isaac_ros_ws/install/gxf_isaac_gems/share/gxf_isaac_gems/cmake/gxf_isaac_gemsConfig-version.cmake
-- Symlinking: /home/sophie/visionaid/isaac_ros_ws/install/gxf_isaac_gems/share/gxf_isaac_gems/package.xml
-- Installing: /home/sophie/visionaid/isaac_ros_ws/install/gxf_isaac_gems/share/gxf_isaac_gems/cmake/export_gxf_isaac_gemsExport.cmake
