[0.015s] Invoking command in '/home/sophie/visionaid/isaac_ros_ws/build/gxf_isaac_tensor_rt': AMENT_PREFIX_PATH=/home/sophie/visionaid/isaac_ros_ws/install/gxf_isaac_tensorops:/home/sophie/visionaid/isaac_ros_ws/install/gxf_isaac_messages:/home/sophie/visionaid/isaac_ros_ws/install/gxf_isaac_gems:/home/sophie/visionaid/isaac_ros_ws/install/isaac_ros_gxf:/home/sophie/visionaid/isaac_ros_ws/install/isaac_ros_common:${AMENT_PREFIX_PATH} CMAKE_PREFIX_PATH=/home/sophie/visionaid/isaac_ros_ws/install/gxf_isaac_tensorops:/home/sophie/visionaid/isaac_ros_ws/install/gxf_isaac_messages:/home/sophie/visionaid/isaac_ros_ws/install/gxf_isaac_gems:/home/sophie/visionaid/isaac_ros_ws/install/isaac_ros_gxf:/home/sophie/visionaid/isaac_ros_ws/install/isaac_ros_common:/opt/ros/humble LD_LIBRARY_PATH=/home/sophie/visionaid/isaac_ros_ws/install/gxf_isaac_tensorops/lib:/home/sophie/visionaid/isaac_ros_ws/install/gxf_isaac_messages/lib:/home/sophie/visionaid/isaac_ros_ws/install/gxf_isaac_gems/lib:/home/sophie/visionaid/isaac_ros_ws/install/isaac_ros_gxf/lib:/home/sophie/visionaid/isaac_ros_ws/install/isaac_ros_common/lib:${LD_LIBRARY_PATH} PATH=/home/sophie/visionaid/isaac_ros_ws/install/isaac_ros_common/bin:${PATH} PYTHONPATH=/home/sophie/visionaid/isaac_ros_ws/install/isaac_ros_common/local/lib/python3.10/dist-packages:${PYTHONPATH} /usr/bin/cmake /home/sophie/visionaid/isaac_ros_ws/src/isaac_ros_dnn_inference/isaac_ros_gxf_extensions/gxf_isaac_tensor_rt -DCMAKE_BUILD_TYPE=Release -DBUILD_TESTING=OFF -DCMAKE_CUDA_ARCHITECTURES=89 -DAMENT_CMAKE_SYMLINK_INSTALL=1 -DCMAKE_INSTALL_PREFIX=/home/sophie/visionaid/isaac_ros_ws/install/gxf_isaac_tensor_rt
[0.060s] -- The C compiler identification is GNU 11.4.0
[0.096s] -- The CXX compiler identification is GNU 11.4.0
[0.100s] -- Detecting C compiler ABI info
[0.155s] -- Detecting C compiler ABI info - done
[0.160s] -- Check for working C compiler: /usr/bin/cc - skipped
[0.160s] -- Detecting C compile features
[0.160s] -- Detecting C compile features - done
[0.162s] -- Detecting CXX compiler ABI info
[0.223s] -- Detecting CXX compiler ABI info - done
[0.231s] -- Check for working CXX compiler: /usr/bin/c++ - skipped
[0.231s] -- Detecting CXX compile features
[0.231s] -- Detecting CXX compile features - done
[0.232s] -- Found ament_cmake_auto: 1.3.11 (/opt/ros/humble/share/ament_cmake_auto/cmake)
[0.330s] -- Found Python3: /usr/bin/python3 (found version "3.10.12") found components: Interpreter 
[0.373s] -- Override CMake install command with custom implementation using symlinks instead of copying resources
[0.425s] -- Loading isaac_ros_common extras
[0.425s] -- CMAKE_BUILD_TYPE: Release
[0.436s] -- Looking for pthread.h
[0.488s] -- Looking for pthread.h - found
[0.488s] -- Performing Test CMAKE_HAVE_LIBC_PTHREAD
[0.547s] -- Performing Test CMAKE_HAVE_LIBC_PTHREAD - Success
[0.548s] -- Found Threads: TRUE  
[0.554s] -- Found CUDA: /usr/local/cuda-12.8 (found version "12.8") 
[0.554s] -- CUDA architectures: 89
[0.554s] -- Loading isaac_ros_common extras (modules)
[0.575s] -- Found rosidl_generator_c: 3.1.6 (/opt/ros/humble/share/rosidl_generator_c/cmake)
[0.577s] -- Found rosidl_adapter: 3.1.6 (/opt/ros/humble/share/rosidl_adapter/cmake)
[0.582s] -- Found rosidl_generator_cpp: 3.1.6 (/opt/ros/humble/share/rosidl_generator_cpp/cmake)
[0.590s] -- Using all available rosidl_typesupport_c: rosidl_typesupport_fastrtps_c;rosidl_typesupport_introspection_c
[0.598s] -- Using all available rosidl_typesupport_cpp: rosidl_typesupport_fastrtps_cpp;rosidl_typesupport_introspection_cpp
[0.622s] -- Found rmw_implementation_cmake: 6.1.2 (/opt/ros/humble/share/rmw_implementation_cmake/cmake)
[0.623s] -- Found rmw_fastrtps_cpp: 6.2.7 (/opt/ros/humble/share/rmw_fastrtps_cpp/cmake)
[0.686s] -- Found OpenSSL: /usr/lib/x86_64-linux-gnu/libcrypto.so (found version "3.0.2")  
[0.708s] -- Found FastRTPS: /opt/ros/humble/include  
[0.732s] -- Using RMW implementation 'rmw_fastrtps_cpp' as default
[0.771s] -- Loading isaac_ros_gxf extras
[0.789s] -- Found CUDAToolkit: /usr/local/cuda-12.8/include (found version "12.8.61") 
[0.811s] -- Found TENSORRT: /home/sophie/Downloads/TensorRT-10.10.0.31/include (found suitable version "10.10.0", minimum required is "10") 
[0.860s] -- Configuring done
[0.871s] -- Generating done
[0.874s] -- Build files have been written to: /home/sophie/visionaid/isaac_ros_ws/build/gxf_isaac_tensor_rt
[0.883s] Invoked command in '/home/sophie/visionaid/isaac_ros_ws/build/gxf_isaac_tensor_rt' returned '0': AMENT_PREFIX_PATH=/home/sophie/visionaid/isaac_ros_ws/install/gxf_isaac_tensorops:/home/sophie/visionaid/isaac_ros_ws/install/gxf_isaac_messages:/home/sophie/visionaid/isaac_ros_ws/install/gxf_isaac_gems:/home/sophie/visionaid/isaac_ros_ws/install/isaac_ros_gxf:/home/sophie/visionaid/isaac_ros_ws/install/isaac_ros_common:${AMENT_PREFIX_PATH} CMAKE_PREFIX_PATH=/home/sophie/visionaid/isaac_ros_ws/install/gxf_isaac_tensorops:/home/sophie/visionaid/isaac_ros_ws/install/gxf_isaac_messages:/home/sophie/visionaid/isaac_ros_ws/install/gxf_isaac_gems:/home/sophie/visionaid/isaac_ros_ws/install/isaac_ros_gxf:/home/sophie/visionaid/isaac_ros_ws/install/isaac_ros_common:/opt/ros/humble LD_LIBRARY_PATH=/home/sophie/visionaid/isaac_ros_ws/install/gxf_isaac_tensorops/lib:/home/sophie/visionaid/isaac_ros_ws/install/gxf_isaac_messages/lib:/home/sophie/visionaid/isaac_ros_ws/install/gxf_isaac_gems/lib:/home/sophie/visionaid/isaac_ros_ws/install/isaac_ros_gxf/lib:/home/sophie/visionaid/isaac_ros_ws/install/isaac_ros_common/lib:${LD_LIBRARY_PATH} PATH=/home/sophie/visionaid/isaac_ros_ws/install/isaac_ros_common/bin:${PATH} PYTHONPATH=/home/sophie/visionaid/isaac_ros_ws/install/isaac_ros_common/local/lib/python3.10/dist-packages:${PYTHONPATH} /usr/bin/cmake /home/sophie/visionaid/isaac_ros_ws/src/isaac_ros_dnn_inference/isaac_ros_gxf_extensions/gxf_isaac_tensor_rt -DCMAKE_BUILD_TYPE=Release -DBUILD_TESTING=OFF -DCMAKE_CUDA_ARCHITECTURES=89 -DAMENT_CMAKE_SYMLINK_INSTALL=1 -DCMAKE_INSTALL_PREFIX=/home/sophie/visionaid/isaac_ros_ws/install/gxf_isaac_tensor_rt
[0.885s] Invoking command in '/home/sophie/visionaid/isaac_ros_ws/build/gxf_isaac_tensor_rt': AMENT_PREFIX_PATH=/home/sophie/visionaid/isaac_ros_ws/install/gxf_isaac_tensorops:/home/sophie/visionaid/isaac_ros_ws/install/gxf_isaac_messages:/home/sophie/visionaid/isaac_ros_ws/install/gxf_isaac_gems:/home/sophie/visionaid/isaac_ros_ws/install/isaac_ros_gxf:/home/sophie/visionaid/isaac_ros_ws/install/isaac_ros_common:${AMENT_PREFIX_PATH} CMAKE_PREFIX_PATH=/home/sophie/visionaid/isaac_ros_ws/install/gxf_isaac_tensorops:/home/sophie/visionaid/isaac_ros_ws/install/gxf_isaac_messages:/home/sophie/visionaid/isaac_ros_ws/install/gxf_isaac_gems:/home/sophie/visionaid/isaac_ros_ws/install/isaac_ros_gxf:/home/sophie/visionaid/isaac_ros_ws/install/isaac_ros_common:/opt/ros/humble LD_LIBRARY_PATH=/home/sophie/visionaid/isaac_ros_ws/install/gxf_isaac_tensorops/lib:/home/sophie/visionaid/isaac_ros_ws/install/gxf_isaac_messages/lib:/home/sophie/visionaid/isaac_ros_ws/install/gxf_isaac_gems/lib:/home/sophie/visionaid/isaac_ros_ws/install/isaac_ros_gxf/lib:/home/sophie/visionaid/isaac_ros_ws/install/isaac_ros_common/lib:${LD_LIBRARY_PATH} PATH=/home/sophie/visionaid/isaac_ros_ws/install/isaac_ros_common/bin:${PATH} PYTHONPATH=/home/sophie/visionaid/isaac_ros_ws/install/isaac_ros_common/local/lib/python3.10/dist-packages:${PYTHONPATH} /usr/bin/cmake --build /home/sophie/visionaid/isaac_ros_ws/build/gxf_isaac_tensor_rt -- -j22 -l22
[0.925s] [ 25%] [32mBuilding CXX object CMakeFiles/gxf_isaac_tensor_rt.dir/gxf/extensions/tensor_rt/tensor_rt_inference.cpp.o[0m
[0.926s] [ 50%] [34m[1mGenerating version information as YAML[0m
[0.927s] [ 75%] [32mBuilding CXX object CMakeFiles/gxf_isaac_tensor_rt.dir/gxf/extensions/tensor_rt/tensor_rt_extension.cpp.o[0m
[0.978s] [ 75%] Built target generate_version_info_target_gxf_isaac_tensor_rt
[5.267s] [100%] [32m[1mLinking CXX shared library libgxf_isaac_tensor_rt.so[0m
[5.362s] [100%] Built target gxf_isaac_tensor_rt
[5.370s] Invoked command in '/home/sophie/visionaid/isaac_ros_ws/build/gxf_isaac_tensor_rt' returned '0': AMENT_PREFIX_PATH=/home/sophie/visionaid/isaac_ros_ws/install/gxf_isaac_tensorops:/home/sophie/visionaid/isaac_ros_ws/install/gxf_isaac_messages:/home/sophie/visionaid/isaac_ros_ws/install/gxf_isaac_gems:/home/sophie/visionaid/isaac_ros_ws/install/isaac_ros_gxf:/home/sophie/visionaid/isaac_ros_ws/install/isaac_ros_common:${AMENT_PREFIX_PATH} CMAKE_PREFIX_PATH=/home/sophie/visionaid/isaac_ros_ws/install/gxf_isaac_tensorops:/home/sophie/visionaid/isaac_ros_ws/install/gxf_isaac_messages:/home/sophie/visionaid/isaac_ros_ws/install/gxf_isaac_gems:/home/sophie/visionaid/isaac_ros_ws/install/isaac_ros_gxf:/home/sophie/visionaid/isaac_ros_ws/install/isaac_ros_common:/opt/ros/humble LD_LIBRARY_PATH=/home/sophie/visionaid/isaac_ros_ws/install/gxf_isaac_tensorops/lib:/home/sophie/visionaid/isaac_ros_ws/install/gxf_isaac_messages/lib:/home/sophie/visionaid/isaac_ros_ws/install/gxf_isaac_gems/lib:/home/sophie/visionaid/isaac_ros_ws/install/isaac_ros_gxf/lib:/home/sophie/visionaid/isaac_ros_ws/install/isaac_ros_common/lib:${LD_LIBRARY_PATH} PATH=/home/sophie/visionaid/isaac_ros_ws/install/isaac_ros_common/bin:${PATH} PYTHONPATH=/home/sophie/visionaid/isaac_ros_ws/install/isaac_ros_common/local/lib/python3.10/dist-packages:${PYTHONPATH} /usr/bin/cmake --build /home/sophie/visionaid/isaac_ros_ws/build/gxf_isaac_tensor_rt -- -j22 -l22
[5.371s] Invoking command in '/home/sophie/visionaid/isaac_ros_ws/build/gxf_isaac_tensor_rt': AMENT_PREFIX_PATH=/home/sophie/visionaid/isaac_ros_ws/install/gxf_isaac_tensorops:/home/sophie/visionaid/isaac_ros_ws/install/gxf_isaac_messages:/home/sophie/visionaid/isaac_ros_ws/install/gxf_isaac_gems:/home/sophie/visionaid/isaac_ros_ws/install/isaac_ros_gxf:/home/sophie/visionaid/isaac_ros_ws/install/isaac_ros_common:${AMENT_PREFIX_PATH} CMAKE_PREFIX_PATH=/home/sophie/visionaid/isaac_ros_ws/install/gxf_isaac_tensorops:/home/sophie/visionaid/isaac_ros_ws/install/gxf_isaac_messages:/home/sophie/visionaid/isaac_ros_ws/install/gxf_isaac_gems:/home/sophie/visionaid/isaac_ros_ws/install/isaac_ros_gxf:/home/sophie/visionaid/isaac_ros_ws/install/isaac_ros_common:/opt/ros/humble LD_LIBRARY_PATH=/home/sophie/visionaid/isaac_ros_ws/install/gxf_isaac_tensorops/lib:/home/sophie/visionaid/isaac_ros_ws/install/gxf_isaac_messages/lib:/home/sophie/visionaid/isaac_ros_ws/install/gxf_isaac_gems/lib:/home/sophie/visionaid/isaac_ros_ws/install/isaac_ros_gxf/lib:/home/sophie/visionaid/isaac_ros_ws/install/isaac_ros_common/lib:${LD_LIBRARY_PATH} PATH=/home/sophie/visionaid/isaac_ros_ws/install/isaac_ros_common/bin:${PATH} PYTHONPATH=/home/sophie/visionaid/isaac_ros_ws/install/isaac_ros_common/local/lib/python3.10/dist-packages:${PYTHONPATH} /usr/bin/cmake --install /home/sophie/visionaid/isaac_ros_ws/build/gxf_isaac_tensor_rt
[5.377s] -- Install configuration: "Release"
[5.377s] -- Execute custom install script
[5.377s] -- Symlinking: /home/sophie/visionaid/isaac_ros_ws/install/gxf_isaac_tensor_rt/share/gxf_isaac_tensor_rt/gxf/lib/libgxf_isaac_tensor_rt.so
[5.384s] -- Symlinking: /home/sophie/visionaid/isaac_ros_ws/install/gxf_isaac_tensor_rt/share/gxf_isaac_tensor_rt/version_info.yaml
[5.392s] -- Symlinking: /home/sophie/visionaid/isaac_ros_ws/install/gxf_isaac_tensor_rt/share/gxf_isaac_tensor_rt/environment/library_path.sh
[5.400s] -- Symlinking: /home/sophie/visionaid/isaac_ros_ws/install/gxf_isaac_tensor_rt/share/gxf_isaac_tensor_rt/environment/library_path.dsv
[5.406s] -- Symlinking: /home/sophie/visionaid/isaac_ros_ws/install/gxf_isaac_tensor_rt/lib/libgxf_isaac_tensor_rt.so
[5.412s] -- Symlinking: /home/sophie/visionaid/isaac_ros_ws/install/gxf_isaac_tensor_rt/share/ament_index/resource_index/package_run_dependencies/gxf_isaac_tensor_rt
[5.418s] -- Symlinking: /home/sophie/visionaid/isaac_ros_ws/install/gxf_isaac_tensor_rt/share/ament_index/resource_index/parent_prefix_path/gxf_isaac_tensor_rt
[5.426s] -- Symlinking: /home/sophie/visionaid/isaac_ros_ws/install/gxf_isaac_tensor_rt/share/gxf_isaac_tensor_rt/environment/ament_prefix_path.sh
[5.431s] -- Symlinking: /home/sophie/visionaid/isaac_ros_ws/install/gxf_isaac_tensor_rt/share/gxf_isaac_tensor_rt/environment/ament_prefix_path.dsv
[5.437s] -- Symlinking: /home/sophie/visionaid/isaac_ros_ws/install/gxf_isaac_tensor_rt/share/gxf_isaac_tensor_rt/environment/path.sh
[5.444s] -- Symlinking: /home/sophie/visionaid/isaac_ros_ws/install/gxf_isaac_tensor_rt/share/gxf_isaac_tensor_rt/environment/path.dsv
[5.450s] -- Symlinking: /home/sophie/visionaid/isaac_ros_ws/install/gxf_isaac_tensor_rt/share/gxf_isaac_tensor_rt/local_setup.bash
[5.457s] -- Symlinking: /home/sophie/visionaid/isaac_ros_ws/install/gxf_isaac_tensor_rt/share/gxf_isaac_tensor_rt/local_setup.sh
[5.463s] -- Symlinking: /home/sophie/visionaid/isaac_ros_ws/install/gxf_isaac_tensor_rt/share/gxf_isaac_tensor_rt/local_setup.zsh
[5.469s] -- Symlinking: /home/sophie/visionaid/isaac_ros_ws/install/gxf_isaac_tensor_rt/share/gxf_isaac_tensor_rt/local_setup.dsv
[5.477s] -- Symlinking: /home/sophie/visionaid/isaac_ros_ws/install/gxf_isaac_tensor_rt/share/gxf_isaac_tensor_rt/package.dsv
[5.483s] -- Symlinking: /home/sophie/visionaid/isaac_ros_ws/install/gxf_isaac_tensor_rt/share/ament_index/resource_index/packages/gxf_isaac_tensor_rt
[5.488s] -- Symlinking: /home/sophie/visionaid/isaac_ros_ws/install/gxf_isaac_tensor_rt/share/gxf_isaac_tensor_rt/cmake/ament_cmake_export_dependencies-extras.cmake
[5.494s] -- Symlinking: /home/sophie/visionaid/isaac_ros_ws/install/gxf_isaac_tensor_rt/share/gxf_isaac_tensor_rt/cmake/ament_cmake_export_libraries-extras.cmake
[5.499s] -- Symlinking: /home/sophie/visionaid/isaac_ros_ws/install/gxf_isaac_tensor_rt/share/gxf_isaac_tensor_rt/cmake/gxf_isaac_tensor_rtConfig.cmake
[5.505s] -- Symlinking: /home/sophie/visionaid/isaac_ros_ws/install/gxf_isaac_tensor_rt/share/gxf_isaac_tensor_rt/cmake/gxf_isaac_tensor_rtConfig-version.cmake
[5.509s] -- Symlinking: /home/sophie/visionaid/isaac_ros_ws/install/gxf_isaac_tensor_rt/share/gxf_isaac_tensor_rt/package.xml
[5.520s] Invoked command in '/home/sophie/visionaid/isaac_ros_ws/build/gxf_isaac_tensor_rt' returned '0': AMENT_PREFIX_PATH=/home/sophie/visionaid/isaac_ros_ws/install/gxf_isaac_tensorops:/home/sophie/visionaid/isaac_ros_ws/install/gxf_isaac_messages:/home/sophie/visionaid/isaac_ros_ws/install/gxf_isaac_gems:/home/sophie/visionaid/isaac_ros_ws/install/isaac_ros_gxf:/home/sophie/visionaid/isaac_ros_ws/install/isaac_ros_common:${AMENT_PREFIX_PATH} CMAKE_PREFIX_PATH=/home/sophie/visionaid/isaac_ros_ws/install/gxf_isaac_tensorops:/home/sophie/visionaid/isaac_ros_ws/install/gxf_isaac_messages:/home/sophie/visionaid/isaac_ros_ws/install/gxf_isaac_gems:/home/sophie/visionaid/isaac_ros_ws/install/isaac_ros_gxf:/home/sophie/visionaid/isaac_ros_ws/install/isaac_ros_common:/opt/ros/humble LD_LIBRARY_PATH=/home/sophie/visionaid/isaac_ros_ws/install/gxf_isaac_tensorops/lib:/home/sophie/visionaid/isaac_ros_ws/install/gxf_isaac_messages/lib:/home/sophie/visionaid/isaac_ros_ws/install/gxf_isaac_gems/lib:/home/sophie/visionaid/isaac_ros_ws/install/isaac_ros_gxf/lib:/home/sophie/visionaid/isaac_ros_ws/install/isaac_ros_common/lib:${LD_LIBRARY_PATH} PATH=/home/sophie/visionaid/isaac_ros_ws/install/isaac_ros_common/bin:${PATH} PYTHONPATH=/home/sophie/visionaid/isaac_ros_ws/install/isaac_ros_common/local/lib/python3.10/dist-packages:${PYTHONPATH} /usr/bin/cmake --install /home/sophie/visionaid/isaac_ros_ws/build/gxf_isaac_tensor_rt
