In file included from [01m[K/opt/ros/humble/include/isaac_ros_nitros_image_type/nitros_image.hpp:28[m[K,
                 from [01m[K/opt/ros/humble/include/isaac_ros_nitros_image_type/nitros_image_view.hpp:31[m[K,
                 from [01m[K/home/kanye/Documents/visionaid/isaac_ws/src/isaac_ros_visual_slam/isaac_ros_visual_slam/include/isaac_ros_visual_slam/impl/types.hpp:28[m[K,
                 from [01m[K/home/kanye/Documents/visionaid/isaac_ws/src/isaac_ros_visual_slam/isaac_ros_visual_slam/include/isaac_ros_visual_slam/impl/viz_helper.hpp:27[m[K,
                 from [01m[K/home/kanye/Documents/visionaid/isaac_ws/src/isaac_ros_visual_slam/isaac_ros_visual_slam/include/isaac_ros_visual_slam/impl/landmarks_vis_helper.hpp:24[m[K,
                 from [01m[K/home/kanye/Documents/visionaid/isaac_ws/src/isaac_ros_visual_slam/isaac_ros_visual_slam/src/impl/landmarks_vis_helper.cpp:24[m[K:
[01m[K/opt/ros/humble/include/isaac_ros_nitros_image_type/nitros_image_details.hpp:32:10:[m[K [01;31m[Kfatal error: [m[Kvpi/Image.h: No such file or directory
   32 | #include [01;31m[K"vpi/Image.h"[m[K
      |          [01;31m[K^~~~~~~~~~~~~[m[K
compilation terminated.
gmake[2]: *** [CMakeFiles/visual_slam_node.dir/build.make:104: CMakeFiles/visual_slam_node.dir/src/impl/landmarks_vis_helper.cpp.o] Error 1
gmake[2]: *** Waiting for unfinished jobs....
In file included from [01m[K/opt/ros/humble/include/isaac_ros_nitros_image_type/nitros_image.hpp:28[m[K,
                 from [01m[K/opt/ros/humble/include/isaac_ros_nitros_image_type/nitros_image_view.hpp:31[m[K,
                 from [01m[K/home/kanye/Documents/visionaid/isaac_ws/src/isaac_ros_visual_slam/isaac_ros_visual_slam/include/isaac_ros_visual_slam/impl/types.hpp:28[m[K,
                 from [01m[K/home/kanye/Documents/visionaid/isaac_ws/src/isaac_ros_visual_slam/isaac_ros_visual_slam/include/isaac_ros_visual_slam/impl/viz_helper.hpp:27[m[K,
                 from [01m[K/home/kanye/Documents/visionaid/isaac_ws/src/isaac_ros_visual_slam/isaac_ros_visual_slam/src/impl/viz_helper.cpp:20[m[K:
[01m[K/opt/ros/humble/include/isaac_ros_nitros_image_type/nitros_image_details.hpp:32:10:[m[K [01;31m[Kfatal error: [m[Kvpi/Image.h: No such file or directory
   32 | #include [01;31m[K"vpi/Image.h"[m[K
      |          [01;31m[K^~~~~~~~~~~~~[m[K
compilation terminated.
gmake[2]: *** [CMakeFiles/visual_slam_node.dir/build.make:174: CMakeFiles/visual_slam_node.dir/src/impl/viz_helper.cpp.o] Error 1
In file included from [01m[K/opt/ros/humble/include/isaac_ros_nitros_image_type/nitros_image.hpp:28[m[K,
                 from [01m[K/opt/ros/humble/include/isaac_ros_nitros_image_type/nitros_image_view.hpp:31[m[K,
                 from [01m[K/home/kanye/Documents/visionaid/isaac_ws/src/isaac_ros_visual_slam/isaac_ros_visual_slam/include/isaac_ros_visual_slam/impl/types.hpp:28[m[K,
                 from [01m[K/home/kanye/Documents/visionaid/isaac_ws/src/isaac_ros_visual_slam/isaac_ros_visual_slam/include/isaac_ros_visual_slam/impl/cuvslam_ros_conversion.hpp:25[m[K,
                 from [01m[K/home/kanye/Documents/visionaid/isaac_ws/src/isaac_ros_visual_slam/isaac_ros_visual_slam/src/impl/posegraph_vis_helper.cpp:23[m[K:
[01m[K/opt/ros/humble/include/isaac_ros_nitros_image_type/nitros_image_details.hpp:32:10:[m[K [01;31m[Kfatal error: [m[Kvpi/Image.h: No such file or directory
   32 | #include [01;31m[K"vpi/Image.h"[m[K
      |          [01;31m[K^~~~~~~~~~~~~[m[K
compilation terminated.
gmake[2]: *** [CMakeFiles/visual_slam_node.dir/build.make:146: CMakeFiles/visual_slam_node.dir/src/impl/posegraph_vis_helper.cpp.o] Error 1
In file included from [01m[K/opt/ros/humble/include/isaac_ros_nitros_image_type/nitros_image.hpp:28[m[K,
                 from [01m[K/opt/ros/humble/include/isaac_ros_nitros_image_type/nitros_image_view.hpp:31[m[K,
                 from [01m[K/home/kanye/Documents/visionaid/isaac_ws/src/isaac_ros_visual_slam/isaac_ros_visual_slam/include/isaac_ros_visual_slam/impl/types.hpp:28[m[K,
                 from [01m[K/home/kanye/Documents/visionaid/isaac_ws/src/isaac_ros_visual_slam/isaac_ros_visual_slam/include/isaac_ros_visual_slam/visual_slam_node.hpp:26[m[K,
                 from [01m[K/home/kanye/Documents/visionaid/isaac_ws/src/isaac_ros_visual_slam/isaac_ros_visual_slam/src/visual_slam_node.cpp:27[m[K:
[01m[K/opt/ros/humble/include/isaac_ros_nitros_image_type/nitros_image_details.hpp:32:10:[m[K [01;31m[Kfatal error: [m[Kvpi/Image.h: No such file or directory
   32 | #include [01;31m[K"vpi/Image.h"[m[K
      |          [01;31m[K^~~~~~~~~~~~~[m[K
compilation terminated.
gmake[2]: *** [CMakeFiles/visual_slam_node.dir/build.make:76: CMakeFiles/visual_slam_node.dir/src/visual_slam_node.cpp.o] Error 1
In file included from [01m[K/opt/ros/humble/include/isaac_ros_nitros_image_type/nitros_image.hpp:28[m[K,
                 from [01m[K/opt/ros/humble/include/isaac_ros_nitros_image_type/nitros_image_view.hpp:31[m[K,
                 from [01m[K/home/kanye/Documents/visionaid/isaac_ws/src/isaac_ros_visual_slam/isaac_ros_visual_slam/include/isaac_ros_visual_slam/impl/types.hpp:28[m[K,
                 from [01m[K/home/kanye/Documents/visionaid/isaac_ws/src/isaac_ros_visual_slam/isaac_ros_visual_slam/include/isaac_ros_visual_slam/impl/cuvslam_ros_conversion.hpp:25[m[K,
                 from [01m[K/home/kanye/Documents/visionaid/isaac_ws/src/isaac_ros_visual_slam/isaac_ros_visual_slam/src/impl/localizer_vis_helper.cpp:22[m[K:
[01m[K/opt/ros/humble/include/isaac_ros_nitros_image_type/nitros_image_details.hpp:32:10:[m[K [01;31m[Kfatal error: [m[Kvpi/Image.h: No such file or directory
   32 | #include [01;31m[K"vpi/Image.h"[m[K
      |          [01;31m[K^~~~~~~~~~~~~[m[K
compilation terminated.
gmake[2]: *** [CMakeFiles/visual_slam_node.dir/build.make:118: CMakeFiles/visual_slam_node.dir/src/impl/localizer_vis_helper.cpp.o] Error 1
In file included from [01m[K/opt/ros/humble/include/isaac_ros_nitros_image_type/nitros_image.hpp:28[m[K,
                 from [01m[K/opt/ros/humble/include/isaac_ros_nitros_image_type/nitros_image_view.hpp:31[m[K,
                 from [01m[K/home/kanye/Documents/visionaid/isaac_ws/src/isaac_ros_visual_slam/isaac_ros_visual_slam/include/isaac_ros_visual_slam/impl/types.hpp:28[m[K,
                 from [01m[K/home/kanye/Documents/visionaid/isaac_ws/src/isaac_ros_visual_slam/isaac_ros_visual_slam/include/isaac_ros_visual_slam/impl/cuvslam_ros_conversion.hpp:25[m[K,
                 from [01m[K/home/kanye/Documents/visionaid/isaac_ws/src/isaac_ros_visual_slam/isaac_ros_visual_slam/src/impl/visual_slam_impl.cpp:27[m[K:
[01m[K/opt/ros/humble/include/isaac_ros_nitros_image_type/nitros_image_details.hpp:32:10:[m[K [01;31m[Kfatal error: [m[Kvpi/Image.h: No such file or directory
   32 | #include [01;31m[K"vpi/Image.h"[m[K
      |          [01;31m[K^~~~~~~~~~~~~[m[K
compilation terminated.
In file included from [01m[K/opt/ros/humble/include/isaac_ros_nitros_image_type/nitros_image.hpp:28[m[K,
                 from [01m[K/opt/ros/humble/include/isaac_ros_nitros_image_type/nitros_image_view.hpp:31[m[K,
                 from [01m[K/home/kanye/Documents/visionaid/isaac_ws/src/isaac_ros_visual_slam/isaac_ros_visual_slam/include/isaac_ros_visual_slam/impl/types.hpp:28[m[K,
                 from [01m[K/home/kanye/Documents/visionaid/isaac_ws/src/isaac_ros_visual_slam/isaac_ros_visual_slam/include/isaac_ros_visual_slam/impl/cuvslam_ros_conversion.hpp:25[m[K,
                 from [01m[K/home/kanye/Documents/visionaid/isaac_ws/src/isaac_ros_visual_slam/isaac_ros_visual_slam/src/impl/cuvslam_ros_conversion.cpp:19[m[K:
[01m[K/opt/ros/humble/include/isaac_ros_nitros_image_type/nitros_image_details.hpp:32:10:[m[K [01;31m[Kfatal error: [m[Kvpi/Image.h: No such file or directory
   32 | #include [01;31m[K"vpi/Image.h"[m[K
      |          [01;31m[K^~~~~~~~~~~~~[m[K
compilation terminated.
gmake[2]: *** [CMakeFiles/visual_slam_node.dir/build.make:160: CMakeFiles/visual_slam_node.dir/src/impl/visual_slam_impl.cpp.o] Error 1
gmake[2]: *** [CMakeFiles/visual_slam_node.dir/build.make:90: CMakeFiles/visual_slam_node.dir/src/impl/cuvslam_ros_conversion.cpp.o] Error 1
gmake[1]: *** [CMakeFiles/Makefile2:161: CMakeFiles/visual_slam_node.dir/all] Error 2
gmake[1]: *** Waiting for unfinished jobs....
gmake: *** [Makefile:146: all] Error 2
