[0.007s] Invoking command in '/home/sophie/visionaid/isaac_ros_ws/build/ur5_gripper_moveit_config': CMAKE_PREFIX_PATH=/opt/ros/humble /usr/bin/cmake /home/sophie/visionaid/isaac_ros_ws/src/isaac_ros_benchmark/benchmarks/isaac_ros_moveit_benchmark/robot_configs/ur5_gripper_moveit_config -DCMAKE_BUILD_TYPE=Release -DBUILD_TESTING=OFF -DCMAKE_CUDA_ARCHITECTURES=89 -DAMENT_CMAKE_SYMLINK_INSTALL=1 -DCMAKE_INSTALL_PREFIX=/home/sophie/visionaid/isaac_ros_ws/install/ur5_gripper_moveit_config
[0.050s] -- The C compiler identification is GNU 11.4.0
[0.085s] -- The CXX compiler identification is GNU 11.4.0
[0.090s] -- Detecting C compiler ABI info
[0.137s] -- Detecting C compiler ABI info - done
[0.141s] -- Check for working C compiler: /usr/bin/cc - skipped
[0.141s] -- Detecting C compile features
[0.142s] -- Detecting C compile features - done
[0.143s] -- Detecting CXX compiler ABI info
[0.199s] -- Detecting CXX compiler ABI info - done
[0.207s] -- Check for working CXX compiler: /usr/bin/c++ - skipped
[0.208s] -- Detecting CXX compile features
[0.208s] -- Detecting CXX compile features - done
[0.210s] -- Found ament_cmake: 1.3.11 (/opt/ros/humble/share/ament_cmake/cmake)
[0.298s] -- Found Python3: /usr/bin/python3 (found version "3.10.12") found components: Interpreter 
[0.334s] -- Override CMake install command with custom implementation using symlinks instead of copying resources
[0.379s] -- Configuring done
[0.380s] -- Generating done
[0.381s] -- Build files have been written to: /home/sophie/visionaid/isaac_ros_ws/build/ur5_gripper_moveit_config
[0.384s] Invoked command in '/home/sophie/visionaid/isaac_ros_ws/build/ur5_gripper_moveit_config' returned '0': CMAKE_PREFIX_PATH=/opt/ros/humble /usr/bin/cmake /home/sophie/visionaid/isaac_ros_ws/src/isaac_ros_benchmark/benchmarks/isaac_ros_moveit_benchmark/robot_configs/ur5_gripper_moveit_config -DCMAKE_BUILD_TYPE=Release -DBUILD_TESTING=OFF -DCMAKE_CUDA_ARCHITECTURES=89 -DAMENT_CMAKE_SYMLINK_INSTALL=1 -DCMAKE_INSTALL_PREFIX=/home/sophie/visionaid/isaac_ros_ws/install/ur5_gripper_moveit_config
[0.387s] Invoking command in '/home/sophie/visionaid/isaac_ros_ws/build/ur5_gripper_moveit_config': CMAKE_PREFIX_PATH=/opt/ros/humble /usr/bin/cmake --build /home/sophie/visionaid/isaac_ros_ws/build/ur5_gripper_moveit_config -- -j22 -l22
[0.421s] Invoked command in '/home/sophie/visionaid/isaac_ros_ws/build/ur5_gripper_moveit_config' returned '0': CMAKE_PREFIX_PATH=/opt/ros/humble /usr/bin/cmake --build /home/sophie/visionaid/isaac_ros_ws/build/ur5_gripper_moveit_config -- -j22 -l22
[0.429s] Invoking command in '/home/sophie/visionaid/isaac_ros_ws/build/ur5_gripper_moveit_config': CMAKE_PREFIX_PATH=/opt/ros/humble /usr/bin/cmake --install /home/sophie/visionaid/isaac_ros_ws/build/ur5_gripper_moveit_config
[0.435s] -- Install configuration: "Release"
[0.436s] -- Execute custom install script
[0.436s] -- Symlinking: /home/sophie/visionaid/isaac_ros_ws/install/ur5_gripper_moveit_config/share/ament_index/resource_index/package_run_dependencies/ur5_gripper_moveit_config
[0.441s] -- Symlinking: /home/sophie/visionaid/isaac_ros_ws/install/ur5_gripper_moveit_config/share/ament_index/resource_index/parent_prefix_path/ur5_gripper_moveit_config
[0.447s] -- Symlinking: /home/sophie/visionaid/isaac_ros_ws/install/ur5_gripper_moveit_config/share/ur5_gripper_moveit_config/environment/ament_prefix_path.sh
[0.453s] -- Symlinking: /home/sophie/visionaid/isaac_ros_ws/install/ur5_gripper_moveit_config/share/ur5_gripper_moveit_config/environment/ament_prefix_path.dsv
[0.459s] -- Symlinking: /home/sophie/visionaid/isaac_ros_ws/install/ur5_gripper_moveit_config/share/ur5_gripper_moveit_config/environment/path.sh
[0.465s] -- Symlinking: /home/sophie/visionaid/isaac_ros_ws/install/ur5_gripper_moveit_config/share/ur5_gripper_moveit_config/environment/path.dsv
[0.473s] -- Symlinking: /home/sophie/visionaid/isaac_ros_ws/install/ur5_gripper_moveit_config/share/ur5_gripper_moveit_config/local_setup.bash
[0.478s] -- Symlinking: /home/sophie/visionaid/isaac_ros_ws/install/ur5_gripper_moveit_config/share/ur5_gripper_moveit_config/local_setup.sh
[0.485s] -- Symlinking: /home/sophie/visionaid/isaac_ros_ws/install/ur5_gripper_moveit_config/share/ur5_gripper_moveit_config/local_setup.zsh
[0.491s] -- Symlinking: /home/sophie/visionaid/isaac_ros_ws/install/ur5_gripper_moveit_config/share/ur5_gripper_moveit_config/local_setup.dsv
[0.498s] -- Symlinking: /home/sophie/visionaid/isaac_ros_ws/install/ur5_gripper_moveit_config/share/ur5_gripper_moveit_config/package.dsv
[0.503s] -- Symlinking: /home/sophie/visionaid/isaac_ros_ws/install/ur5_gripper_moveit_config/share/ament_index/resource_index/packages/ur5_gripper_moveit_config
[0.508s] -- Symlinking: /home/sophie/visionaid/isaac_ros_ws/install/ur5_gripper_moveit_config/share/ur5_gripper_moveit_config/cmake/ur5_gripper_moveit_configConfig.cmake
[0.514s] -- Symlinking: /home/sophie/visionaid/isaac_ros_ws/install/ur5_gripper_moveit_config/share/ur5_gripper_moveit_config/cmake/ur5_gripper_moveit_configConfig-version.cmake
[0.520s] -- Symlinking: /home/sophie/visionaid/isaac_ros_ws/install/ur5_gripper_moveit_config/share/ur5_gripper_moveit_config/package.xml
[0.525s] -- Symlinking: /home/sophie/visionaid/isaac_ros_ws/install/ur5_gripper_moveit_config/share/ur5_gripper_moveit_config/launch/demo.launch.py
[0.532s] -- Symlinking: /home/sophie/visionaid/isaac_ros_ws/install/ur5_gripper_moveit_config/share/ur5_gripper_moveit_config/launch/move_group.launch.py
[0.538s] -- Symlinking: /home/sophie/visionaid/isaac_ros_ws/install/ur5_gripper_moveit_config/share/ur5_gripper_moveit_config/launch/moveit_rviz.launch.py
[0.542s] -- Symlinking: /home/sophie/visionaid/isaac_ros_ws/install/ur5_gripper_moveit_config/share/ur5_gripper_moveit_config/launch/rsp.launch.py
[0.550s] -- Symlinking: /home/sophie/visionaid/isaac_ros_ws/install/ur5_gripper_moveit_config/share/ur5_gripper_moveit_config/launch/setup_assistant.launch.py
[0.556s] -- Symlinking: /home/sophie/visionaid/isaac_ros_ws/install/ur5_gripper_moveit_config/share/ur5_gripper_moveit_config/launch/spawn_controllers.launch.py
[0.562s] -- Symlinking: /home/sophie/visionaid/isaac_ros_ws/install/ur5_gripper_moveit_config/share/ur5_gripper_moveit_config/launch/static_virtual_joint_tfs.launch.py
[0.567s] -- Symlinking: /home/sophie/visionaid/isaac_ros_ws/install/ur5_gripper_moveit_config/share/ur5_gripper_moveit_config/launch/warehouse_db.launch.py
[0.571s] -- Symlinking: /home/sophie/visionaid/isaac_ros_ws/install/ur5_gripper_moveit_config/share/ur5_gripper_moveit_config/config/chomp_planning.yaml
[0.578s] -- Symlinking: /home/sophie/visionaid/isaac_ros_ws/install/ur5_gripper_moveit_config/share/ur5_gripper_moveit_config/config/initial_positions.yaml
[0.583s] -- Symlinking: /home/sophie/visionaid/isaac_ros_ws/install/ur5_gripper_moveit_config/share/ur5_gripper_moveit_config/config/isaac_ros_cumotion_planning.yaml
[0.590s] -- Symlinking: /home/sophie/visionaid/isaac_ros_ws/install/ur5_gripper_moveit_config/share/ur5_gripper_moveit_config/config/joint_limits.yaml
[0.596s] -- Symlinking: /home/sophie/visionaid/isaac_ros_ws/install/ur5_gripper_moveit_config/share/ur5_gripper_moveit_config/config/kinematics.yaml
[0.601s] -- Symlinking: /home/sophie/visionaid/isaac_ros_ws/install/ur5_gripper_moveit_config/share/ur5_gripper_moveit_config/config/moveit.rviz
[0.608s] -- Symlinking: /home/sophie/visionaid/isaac_ros_ws/install/ur5_gripper_moveit_config/share/ur5_gripper_moveit_config/config/moveit_controllers.yaml
[0.612s] -- Symlinking: /home/sophie/visionaid/isaac_ros_ws/install/ur5_gripper_moveit_config/share/ur5_gripper_moveit_config/config/ompl_planning.yaml
[0.617s] -- Symlinking: /home/sophie/visionaid/isaac_ros_ws/install/ur5_gripper_moveit_config/share/ur5_gripper_moveit_config/config/pilz_cartesian_limits.yaml
[0.622s] -- Symlinking: /home/sophie/visionaid/isaac_ros_ws/install/ur5_gripper_moveit_config/share/ur5_gripper_moveit_config/config/ros2_controllers.yaml
[0.628s] -- Symlinking: /home/sophie/visionaid/isaac_ros_ws/install/ur5_gripper_moveit_config/share/ur5_gripper_moveit_config/config/ur5_robotiq_85.ros2_control.xacro
[0.634s] -- Symlinking: /home/sophie/visionaid/isaac_ros_ws/install/ur5_gripper_moveit_config/share/ur5_gripper_moveit_config/config/ur5_robotiq_85.srdf
[0.639s] -- Symlinking: /home/sophie/visionaid/isaac_ros_ws/install/ur5_gripper_moveit_config/share/ur5_gripper_moveit_config/config/ur5_robotiq_85.urdf.xacro
[0.645s] -- Symlinking: /home/sophie/visionaid/isaac_ros_ws/install/ur5_gripper_moveit_config/share/ur5_gripper_moveit_config/config/ur5_robotiq_85.xrdf
[0.652s] -- Symlinking: /home/sophie/visionaid/isaac_ros_ws/install/ur5_gripper_moveit_config/share/ur5_gripper_moveit_config/.setup_assistant
[0.658s] Invoked command in '/home/sophie/visionaid/isaac_ros_ws/build/ur5_gripper_moveit_config' returned '0': CMAKE_PREFIX_PATH=/opt/ros/humble /usr/bin/cmake --install /home/sophie/visionaid/isaac_ros_ws/build/ur5_gripper_moveit_config
