-- The C compiler identification is GNU 11.4.0
-- The CXX compiler identification is GNU 11.4.0
-- Detecting C compiler ABI info
-- Detecting C compiler ABI info - done
-- Check for working C compiler: /usr/bin/cc - skipped
-- Detecting C compile features
-- Detecting C compile features - done
-- Detecting CXX compiler ABI info
-- Detecting CXX compiler ABI info - done
-- Check for working CXX compiler: /usr/bin/c++ - skipped
-- Detecting CXX compile features
-- Detecting CXX compile features - done
-- CMAKE_BUILD_TYPE: Release
-- Found ament_cmake_auto: 1.3.11 (/opt/ros/humble/share/ament_cmake_auto/cmake)
-- Found Python3: /usr/bin/python3 (found version "3.10.12") found components: Interpreter 
-- Override CMake install command with custom implementation using symlinks instead of copying resources
-- Using all available rosidl_typesupport_c: rosidl_typesupport_fastrtps_c;rosidl_typesupport_introspection_c
-- Found rosidl_adapter: 3.1.6 (/opt/ros/humble/share/rosidl_adapter/cmake)
-- Using all available rosidl_typesupport_cpp: rosidl_typesupport_fastrtps_cpp;rosidl_typesupport_introspection_cpp
-- Loading isaac_ros_common extras
-- CMAKE_BUILD_TYPE: Release
-- Looking for pthread.h
-- Looking for pthread.h - found
-- Performing Test CMAKE_HAVE_LIBC_PTHREAD
-- Performing Test CMAKE_HAVE_LIBC_PTHREAD - Success
-- Found Threads: TRUE  
-- Found CUDA: /usr/local/cuda-12.8 (found version "12.8") 
-- CUDA architectures: 89
-- Loading isaac_ros_common extras (modules)
-- Found rmw_implementation_cmake: 6.1.2 (/opt/ros/humble/share/rmw_implementation_cmake/cmake)
-- Found rmw_fastrtps_cpp: 6.2.7 (/opt/ros/humble/share/rmw_fastrtps_cpp/cmake)
-- Found OpenSSL: /usr/lib/x86_64-linux-gnu/libcrypto.so (found version "3.0.2")  
-- Found FastRTPS: /opt/ros/humble/include  
-- Using RMW implementation 'rmw_fastrtps_cpp' as default
-- Found ament_cmake_ros: 0.10.0 (/opt/ros/humble/share/ament_cmake_ros/cmake)
-- Using all available rosidl_typesupport_c: rosidl_typesupport_fastrtps_c;rosidl_typesupport_introspection_c
-- Using all available rosidl_typesupport_cpp: rosidl_typesupport_fastrtps_cpp;rosidl_typesupport_introspection_cpp
-- Found PythonInterp: /usr/bin/python3 (found suitable version "3.10.12", minimum required is "3.6") 
-- Found python_cmake_module: 0.10.0 (/opt/ros/humble/share/python_cmake_module/cmake)
-- Found PythonLibs: /usr/lib/x86_64-linux-gnu/libpython3.10.so (found suitable version "3.10.12", minimum required is "3.5") 
-- Using PYTHON_EXECUTABLE: /usr/bin/python3
-- Using PYTHON_INCLUDE_DIRS: /usr/include/python3.10
-- Using PYTHON_LIBRARIES: /usr/lib/x86_64-linux-gnu/libpython3.10.so
-- Found PythonExtra: .so  
-- Configuring done
-- Generating done
-- Build files have been written to: /home/sophie/visionaid/isaac_ros_ws/build/ros2_benchmark_interfaces
[  1%] [34m[1mGenerating C code for ROS interfaces[0m
[  1%] [34m[1mGenerating version information as YAML[0m
[  2%] [34m[1mGenerating C++ code for ROS interfaces[0m
[  2%] Built target ament_cmake_python_symlink_ros2_benchmark_interfaces
[  2%] Built target generate_version_info_target_ros2_benchmark_interfaces
running egg_info
creating ros2_benchmark_interfaces.egg-info
writing ros2_benchmark_interfaces.egg-info/PKG-INFO
writing dependency_links to ros2_benchmark_interfaces.egg-info/dependency_links.txt
writing top-level names to ros2_benchmark_interfaces.egg-info/top_level.txt
writing manifest file 'ros2_benchmark_interfaces.egg-info/SOURCES.txt'
reading manifest file 'ros2_benchmark_interfaces.egg-info/SOURCES.txt'
writing manifest file 'ros2_benchmark_interfaces.egg-info/SOURCES.txt'
[  2%] Built target ament_cmake_python_build_ros2_benchmark_interfaces_egg
[  2%] Built target ros2_benchmark_interfaces__cpp
[  3%] [34m[1mGenerating C++ type support for eProsima Fast-RTPS[0m
[  4%] [34m[1mGenerating C++ introspection for ROS interfaces[0m
[  5%] [34m[1mGenerating C++ type support dispatch for ROS interfaces[0m
[  8%] [32mBuilding C object CMakeFiles/ros2_benchmark_interfaces__rosidl_generator_c.dir/rosidl_generator_c/ros2_benchmark_interfaces/srv/detail/get_topic_message_timestamps__functions.c.o[0m
[  8%] [32mBuilding C object CMakeFiles/ros2_benchmark_interfaces__rosidl_generator_c.dir/rosidl_generator_c/ros2_benchmark_interfaces/msg/detail/topic_message_count__functions.c.o[0m
[  8%] [32mBuilding C object CMakeFiles/ros2_benchmark_interfaces__rosidl_generator_c.dir/rosidl_generator_c/ros2_benchmark_interfaces/msg/detail/timestamped_message_array__functions.c.o[0m
[  8%] [32mBuilding C object CMakeFiles/ros2_benchmark_interfaces__rosidl_generator_c.dir/rosidl_generator_c/ros2_benchmark_interfaces/msg/detail/topic_message_timestamp_array__functions.c.o[0m
[  9%] [32mBuilding C object CMakeFiles/ros2_benchmark_interfaces__rosidl_generator_c.dir/rosidl_generator_c/ros2_benchmark_interfaces/srv/detail/play_messages__functions.c.o[0m
[ 11%] [32mBuilding C object CMakeFiles/ros2_benchmark_interfaces__rosidl_generator_c.dir/rosidl_generator_c/ros2_benchmark_interfaces/srv/detail/start_monitoring__functions.c.o[0m
[ 11%] [32mBuilding C object CMakeFiles/ros2_benchmark_interfaces__rosidl_generator_c.dir/rosidl_generator_c/ros2_benchmark_interfaces/srv/detail/start_loading__functions.c.o[0m
[ 12%] [32mBuilding C object CMakeFiles/ros2_benchmark_interfaces__rosidl_generator_c.dir/rosidl_generator_c/ros2_benchmark_interfaces/srv/detail/set_data__functions.c.o[0m
[ 13%] [32mBuilding C object CMakeFiles/ros2_benchmark_interfaces__rosidl_generator_c.dir/rosidl_generator_c/ros2_benchmark_interfaces/srv/detail/start_recording__functions.c.o[0m
[ 13%] [32mBuilding C object CMakeFiles/ros2_benchmark_interfaces__rosidl_generator_c.dir/rosidl_generator_c/ros2_benchmark_interfaces/srv/detail/stop_monitoring__functions.c.o[0m
[ 14%] [32mBuilding C object CMakeFiles/ros2_benchmark_interfaces__rosidl_generator_c.dir/rosidl_generator_c/ros2_benchmark_interfaces/srv/detail/stop_loading__functions.c.o[0m
[ 15%] [32mBuilding C object CMakeFiles/ros2_benchmark_interfaces__rosidl_generator_c.dir/rosidl_generator_c/ros2_benchmark_interfaces/srv/detail/stop_recording__functions.c.o[0m
[ 16%] [32m[1mLinking C shared library libros2_benchmark_interfaces__rosidl_generator_c.so[0m
[ 16%] Built target ros2_benchmark_interfaces__rosidl_generator_c
[ 16%] [34m[1mGenerating C introspection for ROS interfaces[0m
[ 16%] [34m[1mGenerating C type support for eProsima Fast-RTPS[0m
[ 16%] [34m[1mGenerating C type support dispatch for ROS interfaces[0m
[ 17%] [32mBuilding CXX object CMakeFiles/ros2_benchmark_interfaces__rosidl_typesupport_introspection_cpp.dir/rosidl_typesupport_introspection_cpp/ros2_benchmark_interfaces/msg/detail/timestamped_message_array__type_support.cpp.o[0m
[ 19%] [32mBuilding CXX object CMakeFiles/ros2_benchmark_interfaces__rosidl_typesupport_introspection_cpp.dir/rosidl_typesupport_introspection_cpp/ros2_benchmark_interfaces/srv/detail/start_loading__type_support.cpp.o[0m
[ 19%] [32mBuilding CXX object CMakeFiles/ros2_benchmark_interfaces__rosidl_typesupport_introspection_cpp.dir/rosidl_typesupport_introspection_cpp/ros2_benchmark_interfaces/srv/detail/get_topic_message_timestamps__type_support.cpp.o[0m
[ 20%] [32mBuilding CXX object CMakeFiles/ros2_benchmark_interfaces__rosidl_typesupport_introspection_cpp.dir/rosidl_typesupport_introspection_cpp/ros2_benchmark_interfaces/msg/detail/topic_message_timestamp_array__type_support.cpp.o[0m
[ 21%] [32mBuilding CXX object CMakeFiles/ros2_benchmark_interfaces__rosidl_typesupport_introspection_cpp.dir/rosidl_typesupport_introspection_cpp/ros2_benchmark_interfaces/srv/detail/play_messages__type_support.cpp.o[0m
[ 22%] [32mBuilding CXX object CMakeFiles/ros2_benchmark_interfaces__rosidl_typesupport_introspection_cpp.dir/rosidl_typesupport_introspection_cpp/ros2_benchmark_interfaces/srv/detail/start_monitoring__type_support.cpp.o[0m
[ 22%] [32mBuilding CXX object CMakeFiles/ros2_benchmark_interfaces__rosidl_typesupport_introspection_cpp.dir/rosidl_typesupport_introspection_cpp/ros2_benchmark_interfaces/srv/detail/stop_monitoring__type_support.cpp.o[0m
[ 23%] [32mBuilding CXX object CMakeFiles/ros2_benchmark_interfaces__rosidl_typesupport_introspection_cpp.dir/rosidl_typesupport_introspection_cpp/ros2_benchmark_interfaces/srv/detail/start_recording__type_support.cpp.o[0m
[ 23%] [32mBuilding CXX object CMakeFiles/ros2_benchmark_interfaces__rosidl_typesupport_introspection_cpp.dir/rosidl_typesupport_introspection_cpp/ros2_benchmark_interfaces/msg/detail/topic_message_count__type_support.cpp.o[0m
[ 24%] [32mBuilding CXX object CMakeFiles/ros2_benchmark_interfaces__rosidl_typesupport_introspection_cpp.dir/rosidl_typesupport_introspection_cpp/ros2_benchmark_interfaces/srv/detail/stop_loading__type_support.cpp.o[0m
[ 25%] [32mBuilding CXX object CMakeFiles/ros2_benchmark_interfaces__rosidl_typesupport_introspection_cpp.dir/rosidl_typesupport_introspection_cpp/ros2_benchmark_interfaces/srv/detail/set_data__type_support.cpp.o[0m
[ 26%] [32mBuilding CXX object CMakeFiles/ros2_benchmark_interfaces__rosidl_typesupport_introspection_cpp.dir/rosidl_typesupport_introspection_cpp/ros2_benchmark_interfaces/srv/detail/stop_recording__type_support.cpp.o[0m
[ 27%] [32mBuilding CXX object CMakeFiles/ros2_benchmark_interfaces__rosidl_typesupport_cpp.dir/rosidl_typesupport_cpp/ros2_benchmark_interfaces/msg/topic_message_count__type_support.cpp.o[0m
[ 27%] [32mBuilding CXX object CMakeFiles/ros2_benchmark_interfaces__rosidl_typesupport_cpp.dir/rosidl_typesupport_cpp/ros2_benchmark_interfaces/msg/timestamped_message_array__type_support.cpp.o[0m
[ 28%] [32mBuilding CXX object CMakeFiles/ros2_benchmark_interfaces__rosidl_typesupport_cpp.dir/rosidl_typesupport_cpp/ros2_benchmark_interfaces/msg/topic_message_timestamp_array__type_support.cpp.o[0m
[ 29%] [32mBuilding CXX object CMakeFiles/ros2_benchmark_interfaces__rosidl_typesupport_cpp.dir/rosidl_typesupport_cpp/ros2_benchmark_interfaces/srv/play_messages__type_support.cpp.o[0m
[ 31%] [32mBuilding CXX object CMakeFiles/ros2_benchmark_interfaces__rosidl_typesupport_cpp.dir/rosidl_typesupport_cpp/ros2_benchmark_interfaces/srv/get_topic_message_timestamps__type_support.cpp.o[0m
[ 31%] [32mBuilding CXX object CMakeFiles/ros2_benchmark_interfaces__rosidl_typesupport_cpp.dir/rosidl_typesupport_cpp/ros2_benchmark_interfaces/srv/set_data__type_support.cpp.o[0m
[ 32%] [32mBuilding CXX object CMakeFiles/ros2_benchmark_interfaces__rosidl_typesupport_cpp.dir/rosidl_typesupport_cpp/ros2_benchmark_interfaces/srv/start_loading__type_support.cpp.o[0m
[ 32%] [32mBuilding CXX object CMakeFiles/ros2_benchmark_interfaces__rosidl_typesupport_cpp.dir/rosidl_typesupport_cpp/ros2_benchmark_interfaces/srv/start_monitoring__type_support.cpp.o[0m
[ 33%] [32mBuilding CXX object CMakeFiles/ros2_benchmark_interfaces__rosidl_typesupport_cpp.dir/rosidl_typesupport_cpp/ros2_benchmark_interfaces/srv/stop_monitoring__type_support.cpp.o[0m
[ 34%] [32mBuilding CXX object CMakeFiles/ros2_benchmark_interfaces__rosidl_typesupport_cpp.dir/rosidl_typesupport_cpp/ros2_benchmark_interfaces/srv/start_recording__type_support.cpp.o[0m
[ 35%] [32mBuilding CXX object CMakeFiles/ros2_benchmark_interfaces__rosidl_typesupport_cpp.dir/rosidl_typesupport_cpp/ros2_benchmark_interfaces/srv/stop_loading__type_support.cpp.o[0m
[ 36%] [32mBuilding CXX object CMakeFiles/ros2_benchmark_interfaces__rosidl_typesupport_cpp.dir/rosidl_typesupport_cpp/ros2_benchmark_interfaces/srv/stop_recording__type_support.cpp.o[0m
[ 39%] [32mBuilding CXX object CMakeFiles/ros2_benchmark_interfaces__rosidl_typesupport_c.dir/rosidl_typesupport_c/ros2_benchmark_interfaces/srv/get_topic_message_timestamps__type_support.cpp.o[0m
[ 39%] [32mBuilding CXX object CMakeFiles/ros2_benchmark_interfaces__rosidl_typesupport_c.dir/rosidl_typesupport_c/ros2_benchmark_interfaces/msg/timestamped_message_array__type_support.cpp.o[0m
[ 39%] [32mBuilding CXX object CMakeFiles/ros2_benchmark_interfaces__rosidl_typesupport_c.dir/rosidl_typesupport_c/ros2_benchmark_interfaces/msg/topic_message_count__type_support.cpp.o[0m
[ 40%] [32mBuilding CXX object CMakeFiles/ros2_benchmark_interfaces__rosidl_typesupport_c.dir/rosidl_typesupport_c/ros2_benchmark_interfaces/srv/play_messages__type_support.cpp.o[0m
[ 41%] [32mBuilding CXX object CMakeFiles/ros2_benchmark_interfaces__rosidl_typesupport_c.dir/rosidl_typesupport_c/ros2_benchmark_interfaces/msg/topic_message_timestamp_array__type_support.cpp.o[0m
[ 41%] [32mBuilding CXX object CMakeFiles/ros2_benchmark_interfaces__rosidl_typesupport_c.dir/rosidl_typesupport_c/ros2_benchmark_interfaces/srv/set_data__type_support.cpp.o[0m
[ 42%] [32mBuilding CXX object CMakeFiles/ros2_benchmark_interfaces__rosidl_typesupport_c.dir/rosidl_typesupport_c/ros2_benchmark_interfaces/srv/start_monitoring__type_support.cpp.o[0m
[ 43%] [32mBuilding CXX object CMakeFiles/ros2_benchmark_interfaces__rosidl_typesupport_c.dir/rosidl_typesupport_c/ros2_benchmark_interfaces/srv/stop_monitoring__type_support.cpp.o[0m
[ 44%] [32mBuilding CXX object CMakeFiles/ros2_benchmark_interfaces__rosidl_typesupport_c.dir/rosidl_typesupport_c/ros2_benchmark_interfaces/srv/start_loading__type_support.cpp.o[0m
[ 44%] [32mBuilding CXX object CMakeFiles/ros2_benchmark_interfaces__rosidl_typesupport_c.dir/rosidl_typesupport_c/ros2_benchmark_interfaces/srv/stop_recording__type_support.cpp.o[0m
[ 45%] [32mBuilding CXX object CMakeFiles/ros2_benchmark_interfaces__rosidl_typesupport_c.dir/rosidl_typesupport_c/ros2_benchmark_interfaces/srv/start_recording__type_support.cpp.o[0m
[ 46%] [32mBuilding CXX object CMakeFiles/ros2_benchmark_interfaces__rosidl_typesupport_c.dir/rosidl_typesupport_c/ros2_benchmark_interfaces/srv/stop_loading__type_support.cpp.o[0m
[ 47%] [32m[1mLinking CXX shared library libros2_benchmark_interfaces__rosidl_typesupport_c.so[0m
[ 47%] Built target ros2_benchmark_interfaces__rosidl_typesupport_c
[ 48%] [32m[1mLinking CXX shared library libros2_benchmark_interfaces__rosidl_typesupport_cpp.so[0m
[ 48%] Built target ros2_benchmark_interfaces__rosidl_typesupport_cpp
[ 52%] [32mBuilding CXX object CMakeFiles/ros2_benchmark_interfaces__rosidl_typesupport_fastrtps_cpp.dir/rosidl_typesupport_fastrtps_cpp/ros2_benchmark_interfaces/srv/detail/dds_fastrtps/play_messages__type_support.cpp.o[0m
[ 52%] [32mBuilding CXX object CMakeFiles/ros2_benchmark_interfaces__rosidl_typesupport_fastrtps_cpp.dir/rosidl_typesupport_fastrtps_cpp/ros2_benchmark_interfaces/srv/detail/dds_fastrtps/set_data__type_support.cpp.o[0m
[ 52%] [32mBuilding CXX object CMakeFiles/ros2_benchmark_interfaces__rosidl_typesupport_fastrtps_cpp.dir/rosidl_typesupport_fastrtps_cpp/ros2_benchmark_interfaces/msg/detail/dds_fastrtps/topic_message_timestamp_array__type_support.cpp.o[0m
[ 53%] [32mBuilding CXX object CMakeFiles/ros2_benchmark_interfaces__rosidl_typesupport_fastrtps_cpp.dir/rosidl_typesupport_fastrtps_cpp/ros2_benchmark_interfaces/srv/detail/dds_fastrtps/get_topic_message_timestamps__type_support.cpp.o[0m
[ 54%] [32mBuilding CXX object CMakeFiles/ros2_benchmark_interfaces__rosidl_typesupport_fastrtps_cpp.dir/rosidl_typesupport_fastrtps_cpp/ros2_benchmark_interfaces/srv/detail/dds_fastrtps/stop_monitoring__type_support.cpp.o[0m
[ 54%] [32mBuilding CXX object CMakeFiles/ros2_benchmark_interfaces__rosidl_typesupport_fastrtps_cpp.dir/rosidl_typesupport_fastrtps_cpp/ros2_benchmark_interfaces/msg/detail/dds_fastrtps/timestamped_message_array__type_support.cpp.o[0m
[ 54%] [32mBuilding CXX object CMakeFiles/ros2_benchmark_interfaces__rosidl_typesupport_fastrtps_cpp.dir/rosidl_typesupport_fastrtps_cpp/ros2_benchmark_interfaces/msg/detail/dds_fastrtps/topic_message_count__type_support.cpp.o[0m
[ 55%] [32mBuilding CXX object CMakeFiles/ros2_benchmark_interfaces__rosidl_typesupport_fastrtps_cpp.dir/rosidl_typesupport_fastrtps_cpp/ros2_benchmark_interfaces/srv/detail/dds_fastrtps/start_monitoring__type_support.cpp.o[0m
[ 55%] [32mBuilding CXX object CMakeFiles/ros2_benchmark_interfaces__rosidl_typesupport_fastrtps_cpp.dir/rosidl_typesupport_fastrtps_cpp/ros2_benchmark_interfaces/srv/detail/dds_fastrtps/stop_recording__type_support.cpp.o[0m
[ 56%] [32mBuilding CXX object CMakeFiles/ros2_benchmark_interfaces__rosidl_typesupport_fastrtps_cpp.dir/rosidl_typesupport_fastrtps_cpp/ros2_benchmark_interfaces/srv/detail/dds_fastrtps/start_recording__type_support.cpp.o[0m
[ 57%] [32mBuilding CXX object CMakeFiles/ros2_benchmark_interfaces__rosidl_typesupport_fastrtps_cpp.dir/rosidl_typesupport_fastrtps_cpp/ros2_benchmark_interfaces/srv/detail/dds_fastrtps/start_loading__type_support.cpp.o[0m
[ 58%] [32mBuilding CXX object CMakeFiles/ros2_benchmark_interfaces__rosidl_typesupport_fastrtps_cpp.dir/rosidl_typesupport_fastrtps_cpp/ros2_benchmark_interfaces/srv/detail/dds_fastrtps/stop_loading__type_support.cpp.o[0m
[ 59%] [32m[1mLinking CXX shared library libros2_benchmark_interfaces__rosidl_typesupport_introspection_cpp.so[0m
[ 60%] [32mBuilding CXX object CMakeFiles/ros2_benchmark_interfaces__rosidl_typesupport_fastrtps_c.dir/rosidl_typesupport_fastrtps_c/ros2_benchmark_interfaces/msg/detail/timestamped_message_array__type_support_c.cpp.o[0m
[ 61%] [32mBuilding CXX object CMakeFiles/ros2_benchmark_interfaces__rosidl_typesupport_fastrtps_c.dir/rosidl_typesupport_fastrtps_c/ros2_benchmark_interfaces/msg/detail/topic_message_count__type_support_c.cpp.o[0m
[ 62%] [32mBuilding CXX object CMakeFiles/ros2_benchmark_interfaces__rosidl_typesupport_fastrtps_c.dir/rosidl_typesupport_fastrtps_c/ros2_benchmark_interfaces/srv/detail/start_loading__type_support_c.cpp.o[0m
[ 63%] [32mBuilding CXX object CMakeFiles/ros2_benchmark_interfaces__rosidl_typesupport_fastrtps_c.dir/rosidl_typesupport_fastrtps_c/ros2_benchmark_interfaces/srv/detail/get_topic_message_timestamps__type_support_c.cpp.o[0m
[ 64%] [32mBuilding CXX object CMakeFiles/ros2_benchmark_interfaces__rosidl_typesupport_fastrtps_c.dir/rosidl_typesupport_fastrtps_c/ros2_benchmark_interfaces/srv/detail/start_monitoring__type_support_c.cpp.o[0m
[ 64%] [32mBuilding CXX object CMakeFiles/ros2_benchmark_interfaces__rosidl_typesupport_fastrtps_c.dir/rosidl_typesupport_fastrtps_c/ros2_benchmark_interfaces/srv/detail/set_data__type_support_c.cpp.o[0m
[ 65%] [32mBuilding CXX object CMakeFiles/ros2_benchmark_interfaces__rosidl_typesupport_fastrtps_c.dir/rosidl_typesupport_fastrtps_c/ros2_benchmark_interfaces/msg/detail/topic_message_timestamp_array__type_support_c.cpp.o[0m
[ 66%] [32mBuilding CXX object CMakeFiles/ros2_benchmark_interfaces__rosidl_typesupport_fastrtps_c.dir/rosidl_typesupport_fastrtps_c/ros2_benchmark_interfaces/srv/detail/play_messages__type_support_c.cpp.o[0m
[ 66%] Built target ros2_benchmark_interfaces__rosidl_typesupport_introspection_cpp
[ 67%] [32mBuilding CXX object CMakeFiles/ros2_benchmark_interfaces__rosidl_typesupport_fastrtps_c.dir/rosidl_typesupport_fastrtps_c/ros2_benchmark_interfaces/srv/detail/stop_monitoring__type_support_c.cpp.o[0m
[ 68%] [32mBuilding CXX object CMakeFiles/ros2_benchmark_interfaces__rosidl_typesupport_fastrtps_c.dir/rosidl_typesupport_fastrtps_c/ros2_benchmark_interfaces/srv/detail/start_recording__type_support_c.cpp.o[0m
[ 69%] [32mBuilding CXX object CMakeFiles/ros2_benchmark_interfaces__rosidl_typesupport_fastrtps_c.dir/rosidl_typesupport_fastrtps_c/ros2_benchmark_interfaces/srv/detail/stop_loading__type_support_c.cpp.o[0m
[ 69%] [32mBuilding CXX object CMakeFiles/ros2_benchmark_interfaces__rosidl_typesupport_fastrtps_c.dir/rosidl_typesupport_fastrtps_c/ros2_benchmark_interfaces/srv/detail/stop_recording__type_support_c.cpp.o[0m
[ 70%] [32mBuilding C object CMakeFiles/ros2_benchmark_interfaces__rosidl_typesupport_introspection_c.dir/rosidl_typesupport_introspection_c/ros2_benchmark_interfaces/msg/detail/topic_message_count__type_support.c.o[0m
[ 71%] [32mBuilding C object CMakeFiles/ros2_benchmark_interfaces__rosidl_typesupport_introspection_c.dir/rosidl_typesupport_introspection_c/ros2_benchmark_interfaces/srv/detail/set_data__type_support.c.o[0m
[ 71%] [32mBuilding C object CMakeFiles/ros2_benchmark_interfaces__rosidl_typesupport_introspection_c.dir/rosidl_typesupport_introspection_c/ros2_benchmark_interfaces/msg/detail/timestamped_message_array__type_support.c.o[0m
[ 72%] [32mBuilding C object CMakeFiles/ros2_benchmark_interfaces__rosidl_typesupport_introspection_c.dir/rosidl_typesupport_introspection_c/ros2_benchmark_interfaces/srv/detail/play_messages__type_support.c.o[0m
[ 73%] [32mBuilding C object CMakeFiles/ros2_benchmark_interfaces__rosidl_typesupport_introspection_c.dir/rosidl_typesupport_introspection_c/ros2_benchmark_interfaces/srv/detail/start_loading__type_support.c.o[0m
[ 74%] [32mBuilding C object CMakeFiles/ros2_benchmark_interfaces__rosidl_typesupport_introspection_c.dir/rosidl_typesupport_introspection_c/ros2_benchmark_interfaces/srv/detail/get_topic_message_timestamps__type_support.c.o[0m
[ 75%] [32mBuilding C object CMakeFiles/ros2_benchmark_interfaces__rosidl_typesupport_introspection_c.dir/rosidl_typesupport_introspection_c/ros2_benchmark_interfaces/msg/detail/topic_message_timestamp_array__type_support.c.o[0m
[ 76%] [32mBuilding C object CMakeFiles/ros2_benchmark_interfaces__rosidl_typesupport_introspection_c.dir/rosidl_typesupport_introspection_c/ros2_benchmark_interfaces/srv/detail/start_monitoring__type_support.c.o[0m
[ 77%] [32mBuilding C object CMakeFiles/ros2_benchmark_interfaces__rosidl_typesupport_introspection_c.dir/rosidl_typesupport_introspection_c/ros2_benchmark_interfaces/srv/detail/stop_monitoring__type_support.c.o[0m
[ 78%] [32mBuilding C object CMakeFiles/ros2_benchmark_interfaces__rosidl_typesupport_introspection_c.dir/rosidl_typesupport_introspection_c/ros2_benchmark_interfaces/srv/detail/stop_loading__type_support.c.o[0m
[ 79%] [32mBuilding C object CMakeFiles/ros2_benchmark_interfaces__rosidl_typesupport_introspection_c.dir/rosidl_typesupport_introspection_c/ros2_benchmark_interfaces/srv/detail/start_recording__type_support.c.o[0m
[ 79%] [32mBuilding C object CMakeFiles/ros2_benchmark_interfaces__rosidl_typesupport_introspection_c.dir/rosidl_typesupport_introspection_c/ros2_benchmark_interfaces/srv/detail/stop_recording__type_support.c.o[0m
[ 80%] [32m[1mLinking CXX shared library libros2_benchmark_interfaces__rosidl_typesupport_fastrtps_cpp.so[0m
[ 81%] [32m[1mLinking C shared library libros2_benchmark_interfaces__rosidl_typesupport_introspection_c.so[0m
[ 81%] Built target ros2_benchmark_interfaces__rosidl_typesupport_fastrtps_cpp
[ 81%] Built target ros2_benchmark_interfaces__rosidl_typesupport_introspection_c
[ 82%] [32m[1mLinking CXX shared library libros2_benchmark_interfaces__rosidl_typesupport_fastrtps_c.so[0m
[ 82%] Built target ros2_benchmark_interfaces__rosidl_typesupport_fastrtps_c
[ 82%] Built target ros2_benchmark_interfaces
[ 83%] [34m[1mGenerating Python code for ROS interfaces[0m
[ 83%] Built target ros2_benchmark_interfaces__py
[ 84%] [32mBuilding C object CMakeFiles/ros2_benchmark_interfaces__rosidl_generator_py.dir/rosidl_generator_py/ros2_benchmark_interfaces/srv/_play_messages_s.c.o[0m
[ 86%] [32mBuilding C object CMakeFiles/ros2_benchmark_interfaces__rosidl_generator_py.dir/rosidl_generator_py/ros2_benchmark_interfaces/srv/_start_recording_s.c.o[0m
[ 86%] [32mBuilding C object CMakeFiles/ros2_benchmark_interfaces__rosidl_generator_py.dir/rosidl_generator_py/ros2_benchmark_interfaces/srv/_set_data_s.c.o[0m
[ 87%] [32mBuilding C object CMakeFiles/ros2_benchmark_interfaces__rosidl_generator_py.dir/rosidl_generator_py/ros2_benchmark_interfaces/srv/_start_loading_s.c.o[0m
[ 88%] [32mBuilding C object CMakeFiles/ros2_benchmark_interfaces__rosidl_generator_py.dir/rosidl_generator_py/ros2_benchmark_interfaces/srv/_stop_loading_s.c.o[0m
[ 89%] [32mBuilding C object CMakeFiles/ros2_benchmark_interfaces__rosidl_generator_py.dir/rosidl_generator_py/ros2_benchmark_interfaces/msg/_timestamped_message_array_s.c.o[0m
[ 91%] [32mBuilding C object CMakeFiles/ros2_benchmark_interfaces__rosidl_generator_py.dir/rosidl_generator_py/ros2_benchmark_interfaces/msg/_topic_message_count_s.c.o[0m
[ 91%] [32mBuilding C object CMakeFiles/ros2_benchmark_interfaces__rosidl_generator_py.dir/rosidl_generator_py/ros2_benchmark_interfaces/msg/_topic_message_timestamp_array_s.c.o[0m
[ 91%] [32mBuilding C object CMakeFiles/ros2_benchmark_interfaces__rosidl_generator_py.dir/rosidl_generator_py/ros2_benchmark_interfaces/srv/_get_topic_message_timestamps_s.c.o[0m
[ 91%] [32mBuilding C object CMakeFiles/ros2_benchmark_interfaces__rosidl_generator_py.dir/rosidl_generator_py/ros2_benchmark_interfaces/srv/_start_monitoring_s.c.o[0m
[ 92%] [32mBuilding C object CMakeFiles/ros2_benchmark_interfaces__rosidl_generator_py.dir/rosidl_generator_py/ros2_benchmark_interfaces/srv/_stop_monitoring_s.c.o[0m
[ 93%] [32mBuilding C object CMakeFiles/ros2_benchmark_interfaces__rosidl_generator_py.dir/rosidl_generator_py/ros2_benchmark_interfaces/srv/_stop_recording_s.c.o[0m
[ 94%] [32m[1mLinking C shared library rosidl_generator_py/ros2_benchmark_interfaces/libros2_benchmark_interfaces__rosidl_generator_py.so[0m
[ 94%] Built target ros2_benchmark_interfaces__rosidl_generator_py
[ 95%] [32mBuilding C object CMakeFiles/ros2_benchmark_interfaces__rosidl_typesupport_fastrtps_c__pyext.dir/rosidl_generator_py/ros2_benchmark_interfaces/_ros2_benchmark_interfaces_s.ep.rosidl_typesupport_fastrtps_c.c.o[0m
[ 96%] [32mBuilding C object CMakeFiles/ros2_benchmark_interfaces__rosidl_typesupport_introspection_c__pyext.dir/rosidl_generator_py/ros2_benchmark_interfaces/_ros2_benchmark_interfaces_s.ep.rosidl_typesupport_introspection_c.c.o[0m
[ 97%] [32mBuilding C object CMakeFiles/ros2_benchmark_interfaces__rosidl_typesupport_c__pyext.dir/rosidl_generator_py/ros2_benchmark_interfaces/_ros2_benchmark_interfaces_s.ep.rosidl_typesupport_c.c.o[0m
[ 98%] [32m[1mLinking C shared library rosidl_generator_py/ros2_benchmark_interfaces/ros2_benchmark_interfaces_s__rosidl_typesupport_introspection_c.cpython-310-x86_64-linux-gnu.so[0m
[ 99%] [32m[1mLinking C shared library rosidl_generator_py/ros2_benchmark_interfaces/ros2_benchmark_interfaces_s__rosidl_typesupport_fastrtps_c.cpython-310-x86_64-linux-gnu.so[0m
[100%] [32m[1mLinking C shared library rosidl_generator_py/ros2_benchmark_interfaces/ros2_benchmark_interfaces_s__rosidl_typesupport_c.cpython-310-x86_64-linux-gnu.so[0m
[100%] Built target ros2_benchmark_interfaces__rosidl_typesupport_introspection_c__pyext
[100%] Built target ros2_benchmark_interfaces__rosidl_typesupport_fastrtps_c__pyext
[100%] Built target ros2_benchmark_interfaces__rosidl_typesupport_c__pyext
-- Install configuration: "Release"
-- Execute custom install script
-- Symlinking: /home/sophie/visionaid/isaac_ros_ws/install/ros2_benchmark_interfaces/share/ament_index/resource_index/rosidl_interfaces/ros2_benchmark_interfaces
-- Symlinking: /home/sophie/visionaid/isaac_ros_ws/install/ros2_benchmark_interfaces/include/ros2_benchmark_interfaces/ros2_benchmark_interfaces/msg/detail/timestamped_message_array__functions.h
-- Symlinking: /home/sophie/visionaid/isaac_ros_ws/install/ros2_benchmark_interfaces/include/ros2_benchmark_interfaces/ros2_benchmark_interfaces/msg/detail/timestamped_message_array__struct.h
-- Symlinking: /home/sophie/visionaid/isaac_ros_ws/install/ros2_benchmark_interfaces/include/ros2_benchmark_interfaces/ros2_benchmark_interfaces/msg/detail/timestamped_message_array__type_support.h
-- Symlinking: /home/sophie/visionaid/isaac_ros_ws/install/ros2_benchmark_interfaces/include/ros2_benchmark_interfaces/ros2_benchmark_interfaces/msg/detail/topic_message_count__functions.h
-- Symlinking: /home/sophie/visionaid/isaac_ros_ws/install/ros2_benchmark_interfaces/include/ros2_benchmark_interfaces/ros2_benchmark_interfaces/msg/detail/topic_message_count__struct.h
-- Symlinking: /home/sophie/visionaid/isaac_ros_ws/install/ros2_benchmark_interfaces/include/ros2_benchmark_interfaces/ros2_benchmark_interfaces/msg/detail/topic_message_count__type_support.h
-- Symlinking: /home/sophie/visionaid/isaac_ros_ws/install/ros2_benchmark_interfaces/include/ros2_benchmark_interfaces/ros2_benchmark_interfaces/msg/detail/topic_message_timestamp_array__functions.h
-- Symlinking: /home/sophie/visionaid/isaac_ros_ws/install/ros2_benchmark_interfaces/include/ros2_benchmark_interfaces/ros2_benchmark_interfaces/msg/detail/topic_message_timestamp_array__struct.h
-- Symlinking: /home/sophie/visionaid/isaac_ros_ws/install/ros2_benchmark_interfaces/include/ros2_benchmark_interfaces/ros2_benchmark_interfaces/msg/detail/topic_message_timestamp_array__type_support.h
-- Symlinking: /home/sophie/visionaid/isaac_ros_ws/install/ros2_benchmark_interfaces/include/ros2_benchmark_interfaces/ros2_benchmark_interfaces/msg/rosidl_generator_c__visibility_control.h
-- Symlinking: /home/sophie/visionaid/isaac_ros_ws/install/ros2_benchmark_interfaces/include/ros2_benchmark_interfaces/ros2_benchmark_interfaces/msg/timestamped_message_array.h
-- Symlinking: /home/sophie/visionaid/isaac_ros_ws/install/ros2_benchmark_interfaces/include/ros2_benchmark_interfaces/ros2_benchmark_interfaces/msg/topic_message_count.h
-- Symlinking: /home/sophie/visionaid/isaac_ros_ws/install/ros2_benchmark_interfaces/include/ros2_benchmark_interfaces/ros2_benchmark_interfaces/msg/topic_message_timestamp_array.h
-- Symlinking: /home/sophie/visionaid/isaac_ros_ws/install/ros2_benchmark_interfaces/include/ros2_benchmark_interfaces/ros2_benchmark_interfaces/srv/detail/get_topic_message_timestamps__functions.h
-- Symlinking: /home/sophie/visionaid/isaac_ros_ws/install/ros2_benchmark_interfaces/include/ros2_benchmark_interfaces/ros2_benchmark_interfaces/srv/detail/get_topic_message_timestamps__struct.h
-- Symlinking: /home/sophie/visionaid/isaac_ros_ws/install/ros2_benchmark_interfaces/include/ros2_benchmark_interfaces/ros2_benchmark_interfaces/srv/detail/get_topic_message_timestamps__type_support.h
-- Symlinking: /home/sophie/visionaid/isaac_ros_ws/install/ros2_benchmark_interfaces/include/ros2_benchmark_interfaces/ros2_benchmark_interfaces/srv/detail/play_messages__functions.h
-- Symlinking: /home/sophie/visionaid/isaac_ros_ws/install/ros2_benchmark_interfaces/include/ros2_benchmark_interfaces/ros2_benchmark_interfaces/srv/detail/play_messages__struct.h
-- Symlinking: /home/sophie/visionaid/isaac_ros_ws/install/ros2_benchmark_interfaces/include/ros2_benchmark_interfaces/ros2_benchmark_interfaces/srv/detail/play_messages__type_support.h
-- Symlinking: /home/sophie/visionaid/isaac_ros_ws/install/ros2_benchmark_interfaces/include/ros2_benchmark_interfaces/ros2_benchmark_interfaces/srv/detail/set_data__functions.h
-- Symlinking: /home/sophie/visionaid/isaac_ros_ws/install/ros2_benchmark_interfaces/include/ros2_benchmark_interfaces/ros2_benchmark_interfaces/srv/detail/set_data__struct.h
-- Symlinking: /home/sophie/visionaid/isaac_ros_ws/install/ros2_benchmark_interfaces/include/ros2_benchmark_interfaces/ros2_benchmark_interfaces/srv/detail/set_data__type_support.h
-- Symlinking: /home/sophie/visionaid/isaac_ros_ws/install/ros2_benchmark_interfaces/include/ros2_benchmark_interfaces/ros2_benchmark_interfaces/srv/detail/start_loading__functions.h
-- Symlinking: /home/sophie/visionaid/isaac_ros_ws/install/ros2_benchmark_interfaces/include/ros2_benchmark_interfaces/ros2_benchmark_interfaces/srv/detail/start_loading__struct.h
-- Symlinking: /home/sophie/visionaid/isaac_ros_ws/install/ros2_benchmark_interfaces/include/ros2_benchmark_interfaces/ros2_benchmark_interfaces/srv/detail/start_loading__type_support.h
-- Symlinking: /home/sophie/visionaid/isaac_ros_ws/install/ros2_benchmark_interfaces/include/ros2_benchmark_interfaces/ros2_benchmark_interfaces/srv/detail/start_monitoring__functions.h
-- Symlinking: /home/sophie/visionaid/isaac_ros_ws/install/ros2_benchmark_interfaces/include/ros2_benchmark_interfaces/ros2_benchmark_interfaces/srv/detail/start_monitoring__struct.h
-- Symlinking: /home/sophie/visionaid/isaac_ros_ws/install/ros2_benchmark_interfaces/include/ros2_benchmark_interfaces/ros2_benchmark_interfaces/srv/detail/start_monitoring__type_support.h
-- Symlinking: /home/sophie/visionaid/isaac_ros_ws/install/ros2_benchmark_interfaces/include/ros2_benchmark_interfaces/ros2_benchmark_interfaces/srv/detail/start_recording__functions.h
-- Symlinking: /home/sophie/visionaid/isaac_ros_ws/install/ros2_benchmark_interfaces/include/ros2_benchmark_interfaces/ros2_benchmark_interfaces/srv/detail/start_recording__struct.h
-- Symlinking: /home/sophie/visionaid/isaac_ros_ws/install/ros2_benchmark_interfaces/include/ros2_benchmark_interfaces/ros2_benchmark_interfaces/srv/detail/start_recording__type_support.h
-- Symlinking: /home/sophie/visionaid/isaac_ros_ws/install/ros2_benchmark_interfaces/include/ros2_benchmark_interfaces/ros2_benchmark_interfaces/srv/detail/stop_loading__functions.h
-- Symlinking: /home/sophie/visionaid/isaac_ros_ws/install/ros2_benchmark_interfaces/include/ros2_benchmark_interfaces/ros2_benchmark_interfaces/srv/detail/stop_loading__struct.h
-- Symlinking: /home/sophie/visionaid/isaac_ros_ws/install/ros2_benchmark_interfaces/include/ros2_benchmark_interfaces/ros2_benchmark_interfaces/srv/detail/stop_loading__type_support.h
-- Symlinking: /home/sophie/visionaid/isaac_ros_ws/install/ros2_benchmark_interfaces/include/ros2_benchmark_interfaces/ros2_benchmark_interfaces/srv/detail/stop_monitoring__functions.h
-- Symlinking: /home/sophie/visionaid/isaac_ros_ws/install/ros2_benchmark_interfaces/include/ros2_benchmark_interfaces/ros2_benchmark_interfaces/srv/detail/stop_monitoring__struct.h
-- Symlinking: /home/sophie/visionaid/isaac_ros_ws/install/ros2_benchmark_interfaces/include/ros2_benchmark_interfaces/ros2_benchmark_interfaces/srv/detail/stop_monitoring__type_support.h
-- Symlinking: /home/sophie/visionaid/isaac_ros_ws/install/ros2_benchmark_interfaces/include/ros2_benchmark_interfaces/ros2_benchmark_interfaces/srv/detail/stop_recording__functions.h
-- Symlinking: /home/sophie/visionaid/isaac_ros_ws/install/ros2_benchmark_interfaces/include/ros2_benchmark_interfaces/ros2_benchmark_interfaces/srv/detail/stop_recording__struct.h
-- Symlinking: /home/sophie/visionaid/isaac_ros_ws/install/ros2_benchmark_interfaces/include/ros2_benchmark_interfaces/ros2_benchmark_interfaces/srv/detail/stop_recording__type_support.h
-- Symlinking: /home/sophie/visionaid/isaac_ros_ws/install/ros2_benchmark_interfaces/include/ros2_benchmark_interfaces/ros2_benchmark_interfaces/srv/get_topic_message_timestamps.h
-- Symlinking: /home/sophie/visionaid/isaac_ros_ws/install/ros2_benchmark_interfaces/include/ros2_benchmark_interfaces/ros2_benchmark_interfaces/srv/play_messages.h
-- Symlinking: /home/sophie/visionaid/isaac_ros_ws/install/ros2_benchmark_interfaces/include/ros2_benchmark_interfaces/ros2_benchmark_interfaces/srv/set_data.h
-- Symlinking: /home/sophie/visionaid/isaac_ros_ws/install/ros2_benchmark_interfaces/include/ros2_benchmark_interfaces/ros2_benchmark_interfaces/srv/start_loading.h
-- Symlinking: /home/sophie/visionaid/isaac_ros_ws/install/ros2_benchmark_interfaces/include/ros2_benchmark_interfaces/ros2_benchmark_interfaces/srv/start_monitoring.h
-- Symlinking: /home/sophie/visionaid/isaac_ros_ws/install/ros2_benchmark_interfaces/include/ros2_benchmark_interfaces/ros2_benchmark_interfaces/srv/start_recording.h
-- Symlinking: /home/sophie/visionaid/isaac_ros_ws/install/ros2_benchmark_interfaces/include/ros2_benchmark_interfaces/ros2_benchmark_interfaces/srv/stop_loading.h
-- Symlinking: /home/sophie/visionaid/isaac_ros_ws/install/ros2_benchmark_interfaces/include/ros2_benchmark_interfaces/ros2_benchmark_interfaces/srv/stop_monitoring.h
-- Symlinking: /home/sophie/visionaid/isaac_ros_ws/install/ros2_benchmark_interfaces/include/ros2_benchmark_interfaces/ros2_benchmark_interfaces/srv/stop_recording.h
-- Symlinking: /home/sophie/visionaid/isaac_ros_ws/install/ros2_benchmark_interfaces/share/ros2_benchmark_interfaces/environment/library_path.sh
-- Symlinking: /home/sophie/visionaid/isaac_ros_ws/install/ros2_benchmark_interfaces/share/ros2_benchmark_interfaces/environment/library_path.dsv
-- Symlinking: /home/sophie/visionaid/isaac_ros_ws/install/ros2_benchmark_interfaces/include/ros2_benchmark_interfaces/ros2_benchmark_interfaces/msg/detail/timestamped_message_array__rosidl_typesupport_fastrtps_c.h
-- Symlinking: /home/sophie/visionaid/isaac_ros_ws/install/ros2_benchmark_interfaces/include/ros2_benchmark_interfaces/ros2_benchmark_interfaces/msg/detail/topic_message_count__rosidl_typesupport_fastrtps_c.h
-- Symlinking: /home/sophie/visionaid/isaac_ros_ws/install/ros2_benchmark_interfaces/include/ros2_benchmark_interfaces/ros2_benchmark_interfaces/msg/detail/topic_message_timestamp_array__rosidl_typesupport_fastrtps_c.h
-- Symlinking: /home/sophie/visionaid/isaac_ros_ws/install/ros2_benchmark_interfaces/include/ros2_benchmark_interfaces/ros2_benchmark_interfaces/msg/rosidl_typesupport_fastrtps_c__visibility_control.h
-- Symlinking: /home/sophie/visionaid/isaac_ros_ws/install/ros2_benchmark_interfaces/include/ros2_benchmark_interfaces/ros2_benchmark_interfaces/srv/detail/get_topic_message_timestamps__rosidl_typesupport_fastrtps_c.h
-- Symlinking: /home/sophie/visionaid/isaac_ros_ws/install/ros2_benchmark_interfaces/include/ros2_benchmark_interfaces/ros2_benchmark_interfaces/srv/detail/play_messages__rosidl_typesupport_fastrtps_c.h
-- Symlinking: /home/sophie/visionaid/isaac_ros_ws/install/ros2_benchmark_interfaces/include/ros2_benchmark_interfaces/ros2_benchmark_interfaces/srv/detail/set_data__rosidl_typesupport_fastrtps_c.h
-- Symlinking: /home/sophie/visionaid/isaac_ros_ws/install/ros2_benchmark_interfaces/include/ros2_benchmark_interfaces/ros2_benchmark_interfaces/srv/detail/start_loading__rosidl_typesupport_fastrtps_c.h
-- Symlinking: /home/sophie/visionaid/isaac_ros_ws/install/ros2_benchmark_interfaces/include/ros2_benchmark_interfaces/ros2_benchmark_interfaces/srv/detail/start_monitoring__rosidl_typesupport_fastrtps_c.h
-- Symlinking: /home/sophie/visionaid/isaac_ros_ws/install/ros2_benchmark_interfaces/include/ros2_benchmark_interfaces/ros2_benchmark_interfaces/srv/detail/start_recording__rosidl_typesupport_fastrtps_c.h
-- Symlinking: /home/sophie/visionaid/isaac_ros_ws/install/ros2_benchmark_interfaces/include/ros2_benchmark_interfaces/ros2_benchmark_interfaces/srv/detail/stop_loading__rosidl_typesupport_fastrtps_c.h
-- Symlinking: /home/sophie/visionaid/isaac_ros_ws/install/ros2_benchmark_interfaces/include/ros2_benchmark_interfaces/ros2_benchmark_interfaces/srv/detail/stop_monitoring__rosidl_typesupport_fastrtps_c.h
-- Symlinking: /home/sophie/visionaid/isaac_ros_ws/install/ros2_benchmark_interfaces/include/ros2_benchmark_interfaces/ros2_benchmark_interfaces/srv/detail/stop_recording__rosidl_typesupport_fastrtps_c.h
-- Symlinking: /home/sophie/visionaid/isaac_ros_ws/install/ros2_benchmark_interfaces/include/ros2_benchmark_interfaces/ros2_benchmark_interfaces/msg/detail/timestamped_message_array__rosidl_typesupport_introspection_c.h
-- Symlinking: /home/sophie/visionaid/isaac_ros_ws/install/ros2_benchmark_interfaces/include/ros2_benchmark_interfaces/ros2_benchmark_interfaces/msg/detail/topic_message_count__rosidl_typesupport_introspection_c.h
-- Symlinking: /home/sophie/visionaid/isaac_ros_ws/install/ros2_benchmark_interfaces/include/ros2_benchmark_interfaces/ros2_benchmark_interfaces/msg/detail/topic_message_timestamp_array__rosidl_typesupport_introspection_c.h
-- Symlinking: /home/sophie/visionaid/isaac_ros_ws/install/ros2_benchmark_interfaces/include/ros2_benchmark_interfaces/ros2_benchmark_interfaces/msg/rosidl_typesupport_introspection_c__visibility_control.h
-- Symlinking: /home/sophie/visionaid/isaac_ros_ws/install/ros2_benchmark_interfaces/include/ros2_benchmark_interfaces/ros2_benchmark_interfaces/srv/detail/get_topic_message_timestamps__rosidl_typesupport_introspection_c.h
-- Symlinking: /home/sophie/visionaid/isaac_ros_ws/install/ros2_benchmark_interfaces/include/ros2_benchmark_interfaces/ros2_benchmark_interfaces/srv/detail/play_messages__rosidl_typesupport_introspection_c.h
-- Symlinking: /home/sophie/visionaid/isaac_ros_ws/install/ros2_benchmark_interfaces/include/ros2_benchmark_interfaces/ros2_benchmark_interfaces/srv/detail/set_data__rosidl_typesupport_introspection_c.h
-- Symlinking: /home/sophie/visionaid/isaac_ros_ws/install/ros2_benchmark_interfaces/include/ros2_benchmark_interfaces/ros2_benchmark_interfaces/srv/detail/start_loading__rosidl_typesupport_introspection_c.h
-- Symlinking: /home/sophie/visionaid/isaac_ros_ws/install/ros2_benchmark_interfaces/include/ros2_benchmark_interfaces/ros2_benchmark_interfaces/srv/detail/start_monitoring__rosidl_typesupport_introspection_c.h
-- Symlinking: /home/sophie/visionaid/isaac_ros_ws/install/ros2_benchmark_interfaces/include/ros2_benchmark_interfaces/ros2_benchmark_interfaces/srv/detail/start_recording__rosidl_typesupport_introspection_c.h
-- Symlinking: /home/sophie/visionaid/isaac_ros_ws/install/ros2_benchmark_interfaces/include/ros2_benchmark_interfaces/ros2_benchmark_interfaces/srv/detail/stop_loading__rosidl_typesupport_introspection_c.h
-- Symlinking: /home/sophie/visionaid/isaac_ros_ws/install/ros2_benchmark_interfaces/include/ros2_benchmark_interfaces/ros2_benchmark_interfaces/srv/detail/stop_monitoring__rosidl_typesupport_introspection_c.h
-- Symlinking: /home/sophie/visionaid/isaac_ros_ws/install/ros2_benchmark_interfaces/include/ros2_benchmark_interfaces/ros2_benchmark_interfaces/srv/detail/stop_recording__rosidl_typesupport_introspection_c.h
-- Symlinking: /home/sophie/visionaid/isaac_ros_ws/install/ros2_benchmark_interfaces/include/ros2_benchmark_interfaces/ros2_benchmark_interfaces/msg/detail/timestamped_message_array__builder.hpp
-- Symlinking: /home/sophie/visionaid/isaac_ros_ws/install/ros2_benchmark_interfaces/include/ros2_benchmark_interfaces/ros2_benchmark_interfaces/msg/detail/timestamped_message_array__struct.hpp
-- Symlinking: /home/sophie/visionaid/isaac_ros_ws/install/ros2_benchmark_interfaces/include/ros2_benchmark_interfaces/ros2_benchmark_interfaces/msg/detail/timestamped_message_array__traits.hpp
-- Symlinking: /home/sophie/visionaid/isaac_ros_ws/install/ros2_benchmark_interfaces/include/ros2_benchmark_interfaces/ros2_benchmark_interfaces/msg/detail/timestamped_message_array__type_support.hpp
-- Symlinking: /home/sophie/visionaid/isaac_ros_ws/install/ros2_benchmark_interfaces/include/ros2_benchmark_interfaces/ros2_benchmark_interfaces/msg/detail/topic_message_count__builder.hpp
-- Symlinking: /home/sophie/visionaid/isaac_ros_ws/install/ros2_benchmark_interfaces/include/ros2_benchmark_interfaces/ros2_benchmark_interfaces/msg/detail/topic_message_count__struct.hpp
-- Symlinking: /home/sophie/visionaid/isaac_ros_ws/install/ros2_benchmark_interfaces/include/ros2_benchmark_interfaces/ros2_benchmark_interfaces/msg/detail/topic_message_count__traits.hpp
-- Symlinking: /home/sophie/visionaid/isaac_ros_ws/install/ros2_benchmark_interfaces/include/ros2_benchmark_interfaces/ros2_benchmark_interfaces/msg/detail/topic_message_count__type_support.hpp
-- Symlinking: /home/sophie/visionaid/isaac_ros_ws/install/ros2_benchmark_interfaces/include/ros2_benchmark_interfaces/ros2_benchmark_interfaces/msg/detail/topic_message_timestamp_array__builder.hpp
-- Symlinking: /home/sophie/visionaid/isaac_ros_ws/install/ros2_benchmark_interfaces/include/ros2_benchmark_interfaces/ros2_benchmark_interfaces/msg/detail/topic_message_timestamp_array__struct.hpp
-- Symlinking: /home/sophie/visionaid/isaac_ros_ws/install/ros2_benchmark_interfaces/include/ros2_benchmark_interfaces/ros2_benchmark_interfaces/msg/detail/topic_message_timestamp_array__traits.hpp
-- Symlinking: /home/sophie/visionaid/isaac_ros_ws/install/ros2_benchmark_interfaces/include/ros2_benchmark_interfaces/ros2_benchmark_interfaces/msg/detail/topic_message_timestamp_array__type_support.hpp
-- Symlinking: /home/sophie/visionaid/isaac_ros_ws/install/ros2_benchmark_interfaces/include/ros2_benchmark_interfaces/ros2_benchmark_interfaces/msg/rosidl_generator_cpp__visibility_control.hpp
-- Symlinking: /home/sophie/visionaid/isaac_ros_ws/install/ros2_benchmark_interfaces/include/ros2_benchmark_interfaces/ros2_benchmark_interfaces/msg/timestamped_message_array.hpp
-- Symlinking: /home/sophie/visionaid/isaac_ros_ws/install/ros2_benchmark_interfaces/include/ros2_benchmark_interfaces/ros2_benchmark_interfaces/msg/topic_message_count.hpp
-- Symlinking: /home/sophie/visionaid/isaac_ros_ws/install/ros2_benchmark_interfaces/include/ros2_benchmark_interfaces/ros2_benchmark_interfaces/msg/topic_message_timestamp_array.hpp
-- Symlinking: /home/sophie/visionaid/isaac_ros_ws/install/ros2_benchmark_interfaces/include/ros2_benchmark_interfaces/ros2_benchmark_interfaces/srv/detail/get_topic_message_timestamps__builder.hpp
-- Symlinking: /home/sophie/visionaid/isaac_ros_ws/install/ros2_benchmark_interfaces/include/ros2_benchmark_interfaces/ros2_benchmark_interfaces/srv/detail/get_topic_message_timestamps__struct.hpp
-- Symlinking: /home/sophie/visionaid/isaac_ros_ws/install/ros2_benchmark_interfaces/include/ros2_benchmark_interfaces/ros2_benchmark_interfaces/srv/detail/get_topic_message_timestamps__traits.hpp
-- Symlinking: /home/sophie/visionaid/isaac_ros_ws/install/ros2_benchmark_interfaces/include/ros2_benchmark_interfaces/ros2_benchmark_interfaces/srv/detail/get_topic_message_timestamps__type_support.hpp
-- Symlinking: /home/sophie/visionaid/isaac_ros_ws/install/ros2_benchmark_interfaces/include/ros2_benchmark_interfaces/ros2_benchmark_interfaces/srv/detail/play_messages__builder.hpp
-- Symlinking: /home/sophie/visionaid/isaac_ros_ws/install/ros2_benchmark_interfaces/include/ros2_benchmark_interfaces/ros2_benchmark_interfaces/srv/detail/play_messages__struct.hpp
-- Symlinking: /home/sophie/visionaid/isaac_ros_ws/install/ros2_benchmark_interfaces/include/ros2_benchmark_interfaces/ros2_benchmark_interfaces/srv/detail/play_messages__traits.hpp
-- Symlinking: /home/sophie/visionaid/isaac_ros_ws/install/ros2_benchmark_interfaces/include/ros2_benchmark_interfaces/ros2_benchmark_interfaces/srv/detail/play_messages__type_support.hpp
-- Symlinking: /home/sophie/visionaid/isaac_ros_ws/install/ros2_benchmark_interfaces/include/ros2_benchmark_interfaces/ros2_benchmark_interfaces/srv/detail/set_data__builder.hpp
-- Symlinking: /home/sophie/visionaid/isaac_ros_ws/install/ros2_benchmark_interfaces/include/ros2_benchmark_interfaces/ros2_benchmark_interfaces/srv/detail/set_data__struct.hpp
-- Symlinking: /home/sophie/visionaid/isaac_ros_ws/install/ros2_benchmark_interfaces/include/ros2_benchmark_interfaces/ros2_benchmark_interfaces/srv/detail/set_data__traits.hpp
-- Symlinking: /home/sophie/visionaid/isaac_ros_ws/install/ros2_benchmark_interfaces/include/ros2_benchmark_interfaces/ros2_benchmark_interfaces/srv/detail/set_data__type_support.hpp
-- Symlinking: /home/sophie/visionaid/isaac_ros_ws/install/ros2_benchmark_interfaces/include/ros2_benchmark_interfaces/ros2_benchmark_interfaces/srv/detail/start_loading__builder.hpp
-- Symlinking: /home/sophie/visionaid/isaac_ros_ws/install/ros2_benchmark_interfaces/include/ros2_benchmark_interfaces/ros2_benchmark_interfaces/srv/detail/start_loading__struct.hpp
-- Symlinking: /home/sophie/visionaid/isaac_ros_ws/install/ros2_benchmark_interfaces/include/ros2_benchmark_interfaces/ros2_benchmark_interfaces/srv/detail/start_loading__traits.hpp
-- Symlinking: /home/sophie/visionaid/isaac_ros_ws/install/ros2_benchmark_interfaces/include/ros2_benchmark_interfaces/ros2_benchmark_interfaces/srv/detail/start_loading__type_support.hpp
-- Symlinking: /home/sophie/visionaid/isaac_ros_ws/install/ros2_benchmark_interfaces/include/ros2_benchmark_interfaces/ros2_benchmark_interfaces/srv/detail/start_monitoring__builder.hpp
-- Symlinking: /home/sophie/visionaid/isaac_ros_ws/install/ros2_benchmark_interfaces/include/ros2_benchmark_interfaces/ros2_benchmark_interfaces/srv/detail/start_monitoring__struct.hpp
-- Symlinking: /home/sophie/visionaid/isaac_ros_ws/install/ros2_benchmark_interfaces/include/ros2_benchmark_interfaces/ros2_benchmark_interfaces/srv/detail/start_monitoring__traits.hpp
-- Symlinking: /home/sophie/visionaid/isaac_ros_ws/install/ros2_benchmark_interfaces/include/ros2_benchmark_interfaces/ros2_benchmark_interfaces/srv/detail/start_monitoring__type_support.hpp
-- Symlinking: /home/sophie/visionaid/isaac_ros_ws/install/ros2_benchmark_interfaces/include/ros2_benchmark_interfaces/ros2_benchmark_interfaces/srv/detail/start_recording__builder.hpp
-- Symlinking: /home/sophie/visionaid/isaac_ros_ws/install/ros2_benchmark_interfaces/include/ros2_benchmark_interfaces/ros2_benchmark_interfaces/srv/detail/start_recording__struct.hpp
-- Symlinking: /home/sophie/visionaid/isaac_ros_ws/install/ros2_benchmark_interfaces/include/ros2_benchmark_interfaces/ros2_benchmark_interfaces/srv/detail/start_recording__traits.hpp
-- Symlinking: /home/sophie/visionaid/isaac_ros_ws/install/ros2_benchmark_interfaces/include/ros2_benchmark_interfaces/ros2_benchmark_interfaces/srv/detail/start_recording__type_support.hpp
-- Symlinking: /home/sophie/visionaid/isaac_ros_ws/install/ros2_benchmark_interfaces/include/ros2_benchmark_interfaces/ros2_benchmark_interfaces/srv/detail/stop_loading__builder.hpp
-- Symlinking: /home/sophie/visionaid/isaac_ros_ws/install/ros2_benchmark_interfaces/include/ros2_benchmark_interfaces/ros2_benchmark_interfaces/srv/detail/stop_loading__struct.hpp
-- Symlinking: /home/sophie/visionaid/isaac_ros_ws/install/ros2_benchmark_interfaces/include/ros2_benchmark_interfaces/ros2_benchmark_interfaces/srv/detail/stop_loading__traits.hpp
-- Symlinking: /home/sophie/visionaid/isaac_ros_ws/install/ros2_benchmark_interfaces/include/ros2_benchmark_interfaces/ros2_benchmark_interfaces/srv/detail/stop_loading__type_support.hpp
-- Symlinking: /home/sophie/visionaid/isaac_ros_ws/install/ros2_benchmark_interfaces/include/ros2_benchmark_interfaces/ros2_benchmark_interfaces/srv/detail/stop_monitoring__builder.hpp
-- Symlinking: /home/sophie/visionaid/isaac_ros_ws/install/ros2_benchmark_interfaces/include/ros2_benchmark_interfaces/ros2_benchmark_interfaces/srv/detail/stop_monitoring__struct.hpp
-- Symlinking: /home/sophie/visionaid/isaac_ros_ws/install/ros2_benchmark_interfaces/include/ros2_benchmark_interfaces/ros2_benchmark_interfaces/srv/detail/stop_monitoring__traits.hpp
-- Symlinking: /home/sophie/visionaid/isaac_ros_ws/install/ros2_benchmark_interfaces/include/ros2_benchmark_interfaces/ros2_benchmark_interfaces/srv/detail/stop_monitoring__type_support.hpp
-- Symlinking: /home/sophie/visionaid/isaac_ros_ws/install/ros2_benchmark_interfaces/include/ros2_benchmark_interfaces/ros2_benchmark_interfaces/srv/detail/stop_recording__builder.hpp
-- Symlinking: /home/sophie/visionaid/isaac_ros_ws/install/ros2_benchmark_interfaces/include/ros2_benchmark_interfaces/ros2_benchmark_interfaces/srv/detail/stop_recording__struct.hpp
-- Symlinking: /home/sophie/visionaid/isaac_ros_ws/install/ros2_benchmark_interfaces/include/ros2_benchmark_interfaces/ros2_benchmark_interfaces/srv/detail/stop_recording__traits.hpp
-- Symlinking: /home/sophie/visionaid/isaac_ros_ws/install/ros2_benchmark_interfaces/include/ros2_benchmark_interfaces/ros2_benchmark_interfaces/srv/detail/stop_recording__type_support.hpp
-- Symlinking: /home/sophie/visionaid/isaac_ros_ws/install/ros2_benchmark_interfaces/include/ros2_benchmark_interfaces/ros2_benchmark_interfaces/srv/get_topic_message_timestamps.hpp
-- Symlinking: /home/sophie/visionaid/isaac_ros_ws/install/ros2_benchmark_interfaces/include/ros2_benchmark_interfaces/ros2_benchmark_interfaces/srv/play_messages.hpp
-- Symlinking: /home/sophie/visionaid/isaac_ros_ws/install/ros2_benchmark_interfaces/include/ros2_benchmark_interfaces/ros2_benchmark_interfaces/srv/set_data.hpp
-- Symlinking: /home/sophie/visionaid/isaac_ros_ws/install/ros2_benchmark_interfaces/include/ros2_benchmark_interfaces/ros2_benchmark_interfaces/srv/start_loading.hpp
-- Symlinking: /home/sophie/visionaid/isaac_ros_ws/install/ros2_benchmark_interfaces/include/ros2_benchmark_interfaces/ros2_benchmark_interfaces/srv/start_monitoring.hpp
-- Symlinking: /home/sophie/visionaid/isaac_ros_ws/install/ros2_benchmark_interfaces/include/ros2_benchmark_interfaces/ros2_benchmark_interfaces/srv/start_recording.hpp
-- Symlinking: /home/sophie/visionaid/isaac_ros_ws/install/ros2_benchmark_interfaces/include/ros2_benchmark_interfaces/ros2_benchmark_interfaces/srv/stop_loading.hpp
-- Symlinking: /home/sophie/visionaid/isaac_ros_ws/install/ros2_benchmark_interfaces/include/ros2_benchmark_interfaces/ros2_benchmark_interfaces/srv/stop_monitoring.hpp
-- Symlinking: /home/sophie/visionaid/isaac_ros_ws/install/ros2_benchmark_interfaces/include/ros2_benchmark_interfaces/ros2_benchmark_interfaces/srv/stop_recording.hpp
-- Symlinking: /home/sophie/visionaid/isaac_ros_ws/install/ros2_benchmark_interfaces/include/ros2_benchmark_interfaces/ros2_benchmark_interfaces/msg/detail/timestamped_message_array__rosidl_typesupport_fastrtps_cpp.hpp
-- Symlinking: /home/sophie/visionaid/isaac_ros_ws/install/ros2_benchmark_interfaces/include/ros2_benchmark_interfaces/ros2_benchmark_interfaces/msg/detail/topic_message_count__rosidl_typesupport_fastrtps_cpp.hpp
-- Symlinking: /home/sophie/visionaid/isaac_ros_ws/install/ros2_benchmark_interfaces/include/ros2_benchmark_interfaces/ros2_benchmark_interfaces/msg/detail/topic_message_timestamp_array__rosidl_typesupport_fastrtps_cpp.hpp
-- Symlinking: /home/sophie/visionaid/isaac_ros_ws/install/ros2_benchmark_interfaces/include/ros2_benchmark_interfaces/ros2_benchmark_interfaces/msg/rosidl_typesupport_fastrtps_cpp__visibility_control.h
-- Symlinking: /home/sophie/visionaid/isaac_ros_ws/install/ros2_benchmark_interfaces/include/ros2_benchmark_interfaces/ros2_benchmark_interfaces/srv/detail/get_topic_message_timestamps__rosidl_typesupport_fastrtps_cpp.hpp
-- Symlinking: /home/sophie/visionaid/isaac_ros_ws/install/ros2_benchmark_interfaces/include/ros2_benchmark_interfaces/ros2_benchmark_interfaces/srv/detail/play_messages__rosidl_typesupport_fastrtps_cpp.hpp
-- Symlinking: /home/sophie/visionaid/isaac_ros_ws/install/ros2_benchmark_interfaces/include/ros2_benchmark_interfaces/ros2_benchmark_interfaces/srv/detail/set_data__rosidl_typesupport_fastrtps_cpp.hpp
-- Symlinking: /home/sophie/visionaid/isaac_ros_ws/install/ros2_benchmark_interfaces/include/ros2_benchmark_interfaces/ros2_benchmark_interfaces/srv/detail/start_loading__rosidl_typesupport_fastrtps_cpp.hpp
-- Symlinking: /home/sophie/visionaid/isaac_ros_ws/install/ros2_benchmark_interfaces/include/ros2_benchmark_interfaces/ros2_benchmark_interfaces/srv/detail/start_monitoring__rosidl_typesupport_fastrtps_cpp.hpp
-- Symlinking: /home/sophie/visionaid/isaac_ros_ws/install/ros2_benchmark_interfaces/include/ros2_benchmark_interfaces/ros2_benchmark_interfaces/srv/detail/start_recording__rosidl_typesupport_fastrtps_cpp.hpp
-- Symlinking: /home/sophie/visionaid/isaac_ros_ws/install/ros2_benchmark_interfaces/include/ros2_benchmark_interfaces/ros2_benchmark_interfaces/srv/detail/stop_loading__rosidl_typesupport_fastrtps_cpp.hpp
-- Symlinking: /home/sophie/visionaid/isaac_ros_ws/install/ros2_benchmark_interfaces/include/ros2_benchmark_interfaces/ros2_benchmark_interfaces/srv/detail/stop_monitoring__rosidl_typesupport_fastrtps_cpp.hpp
-- Symlinking: /home/sophie/visionaid/isaac_ros_ws/install/ros2_benchmark_interfaces/include/ros2_benchmark_interfaces/ros2_benchmark_interfaces/srv/detail/stop_recording__rosidl_typesupport_fastrtps_cpp.hpp
-- Symlinking: /home/sophie/visionaid/isaac_ros_ws/install/ros2_benchmark_interfaces/include/ros2_benchmark_interfaces/ros2_benchmark_interfaces/msg/detail/timestamped_message_array__rosidl_typesupport_introspection_cpp.hpp
-- Symlinking: /home/sophie/visionaid/isaac_ros_ws/install/ros2_benchmark_interfaces/include/ros2_benchmark_interfaces/ros2_benchmark_interfaces/msg/detail/topic_message_count__rosidl_typesupport_introspection_cpp.hpp
-- Symlinking: /home/sophie/visionaid/isaac_ros_ws/install/ros2_benchmark_interfaces/include/ros2_benchmark_interfaces/ros2_benchmark_interfaces/msg/detail/topic_message_timestamp_array__rosidl_typesupport_introspection_cpp.hpp
-- Symlinking: /home/sophie/visionaid/isaac_ros_ws/install/ros2_benchmark_interfaces/include/ros2_benchmark_interfaces/ros2_benchmark_interfaces/srv/detail/get_topic_message_timestamps__rosidl_typesupport_introspection_cpp.hpp
-- Symlinking: /home/sophie/visionaid/isaac_ros_ws/install/ros2_benchmark_interfaces/include/ros2_benchmark_interfaces/ros2_benchmark_interfaces/srv/detail/play_messages__rosidl_typesupport_introspection_cpp.hpp
-- Symlinking: /home/sophie/visionaid/isaac_ros_ws/install/ros2_benchmark_interfaces/include/ros2_benchmark_interfaces/ros2_benchmark_interfaces/srv/detail/set_data__rosidl_typesupport_introspection_cpp.hpp
-- Symlinking: /home/sophie/visionaid/isaac_ros_ws/install/ros2_benchmark_interfaces/include/ros2_benchmark_interfaces/ros2_benchmark_interfaces/srv/detail/start_loading__rosidl_typesupport_introspection_cpp.hpp
-- Symlinking: /home/sophie/visionaid/isaac_ros_ws/install/ros2_benchmark_interfaces/include/ros2_benchmark_interfaces/ros2_benchmark_interfaces/srv/detail/start_monitoring__rosidl_typesupport_introspection_cpp.hpp
-- Symlinking: /home/sophie/visionaid/isaac_ros_ws/install/ros2_benchmark_interfaces/include/ros2_benchmark_interfaces/ros2_benchmark_interfaces/srv/detail/start_recording__rosidl_typesupport_introspection_cpp.hpp
-- Symlinking: /home/sophie/visionaid/isaac_ros_ws/install/ros2_benchmark_interfaces/include/ros2_benchmark_interfaces/ros2_benchmark_interfaces/srv/detail/stop_loading__rosidl_typesupport_introspection_cpp.hpp
-- Symlinking: /home/sophie/visionaid/isaac_ros_ws/install/ros2_benchmark_interfaces/include/ros2_benchmark_interfaces/ros2_benchmark_interfaces/srv/detail/stop_monitoring__rosidl_typesupport_introspection_cpp.hpp
-- Symlinking: /home/sophie/visionaid/isaac_ros_ws/install/ros2_benchmark_interfaces/include/ros2_benchmark_interfaces/ros2_benchmark_interfaces/srv/detail/stop_recording__rosidl_typesupport_introspection_cpp.hpp
-- Symlinking: /home/sophie/visionaid/isaac_ros_ws/install/ros2_benchmark_interfaces/share/ros2_benchmark_interfaces/environment/pythonpath.sh
-- Symlinking: /home/sophie/visionaid/isaac_ros_ws/install/ros2_benchmark_interfaces/share/ros2_benchmark_interfaces/environment/pythonpath.dsv
-- Symlinking: /home/sophie/visionaid/isaac_ros_ws/install/ros2_benchmark_interfaces/local/lib/python3.10/dist-packages/ros2_benchmark_interfaces-3.2.5-py3.10.egg-info/PKG-INFO
-- Symlinking: /home/sophie/visionaid/isaac_ros_ws/install/ros2_benchmark_interfaces/local/lib/python3.10/dist-packages/ros2_benchmark_interfaces-3.2.5-py3.10.egg-info/SOURCES.txt
-- Symlinking: /home/sophie/visionaid/isaac_ros_ws/install/ros2_benchmark_interfaces/local/lib/python3.10/dist-packages/ros2_benchmark_interfaces-3.2.5-py3.10.egg-info/dependency_links.txt
-- Symlinking: /home/sophie/visionaid/isaac_ros_ws/install/ros2_benchmark_interfaces/local/lib/python3.10/dist-packages/ros2_benchmark_interfaces-3.2.5-py3.10.egg-info/top_level.txt
-- Symlinking: /home/sophie/visionaid/isaac_ros_ws/install/ros2_benchmark_interfaces/local/lib/python3.10/dist-packages/ros2_benchmark_interfaces/__init__.py
-- Symlinking: /home/sophie/visionaid/isaac_ros_ws/install/ros2_benchmark_interfaces/local/lib/python3.10/dist-packages/ros2_benchmark_interfaces/_ros2_benchmark_interfaces_s.ep.rosidl_typesupport_c.c
-- Symlinking: /home/sophie/visionaid/isaac_ros_ws/install/ros2_benchmark_interfaces/local/lib/python3.10/dist-packages/ros2_benchmark_interfaces/_ros2_benchmark_interfaces_s.ep.rosidl_typesupport_fastrtps_c.c
-- Symlinking: /home/sophie/visionaid/isaac_ros_ws/install/ros2_benchmark_interfaces/local/lib/python3.10/dist-packages/ros2_benchmark_interfaces/_ros2_benchmark_interfaces_s.ep.rosidl_typesupport_introspection_c.c
-- Symlinking: /home/sophie/visionaid/isaac_ros_ws/install/ros2_benchmark_interfaces/local/lib/python3.10/dist-packages/ros2_benchmark_interfaces/libros2_benchmark_interfaces__rosidl_generator_py.so
-- Symlinking: /home/sophie/visionaid/isaac_ros_ws/install/ros2_benchmark_interfaces/local/lib/python3.10/dist-packages/ros2_benchmark_interfaces/msg/__init__.py
-- Symlinking: /home/sophie/visionaid/isaac_ros_ws/install/ros2_benchmark_interfaces/local/lib/python3.10/dist-packages/ros2_benchmark_interfaces/msg/_timestamped_message_array.py
-- Symlinking: /home/sophie/visionaid/isaac_ros_ws/install/ros2_benchmark_interfaces/local/lib/python3.10/dist-packages/ros2_benchmark_interfaces/msg/_timestamped_message_array_s.c
-- Symlinking: /home/sophie/visionaid/isaac_ros_ws/install/ros2_benchmark_interfaces/local/lib/python3.10/dist-packages/ros2_benchmark_interfaces/msg/_topic_message_count.py
-- Symlinking: /home/sophie/visionaid/isaac_ros_ws/install/ros2_benchmark_interfaces/local/lib/python3.10/dist-packages/ros2_benchmark_interfaces/msg/_topic_message_count_s.c
-- Symlinking: /home/sophie/visionaid/isaac_ros_ws/install/ros2_benchmark_interfaces/local/lib/python3.10/dist-packages/ros2_benchmark_interfaces/msg/_topic_message_timestamp_array.py
-- Symlinking: /home/sophie/visionaid/isaac_ros_ws/install/ros2_benchmark_interfaces/local/lib/python3.10/dist-packages/ros2_benchmark_interfaces/msg/_topic_message_timestamp_array_s.c
-- Symlinking: /home/sophie/visionaid/isaac_ros_ws/install/ros2_benchmark_interfaces/local/lib/python3.10/dist-packages/ros2_benchmark_interfaces/ros2_benchmark_interfaces_s__rosidl_typesupport_c.cpython-310-x86_64-linux-gnu.so
-- Symlinking: /home/sophie/visionaid/isaac_ros_ws/install/ros2_benchmark_interfaces/local/lib/python3.10/dist-packages/ros2_benchmark_interfaces/ros2_benchmark_interfaces_s__rosidl_typesupport_fastrtps_c.cpython-310-x86_64-linux-gnu.so
-- Symlinking: /home/sophie/visionaid/isaac_ros_ws/install/ros2_benchmark_interfaces/local/lib/python3.10/dist-packages/ros2_benchmark_interfaces/ros2_benchmark_interfaces_s__rosidl_typesupport_introspection_c.cpython-310-x86_64-linux-gnu.so
-- Symlinking: /home/sophie/visionaid/isaac_ros_ws/install/ros2_benchmark_interfaces/local/lib/python3.10/dist-packages/ros2_benchmark_interfaces/srv/__init__.py
-- Symlinking: /home/sophie/visionaid/isaac_ros_ws/install/ros2_benchmark_interfaces/local/lib/python3.10/dist-packages/ros2_benchmark_interfaces/srv/_get_topic_message_timestamps.py
-- Symlinking: /home/sophie/visionaid/isaac_ros_ws/install/ros2_benchmark_interfaces/local/lib/python3.10/dist-packages/ros2_benchmark_interfaces/srv/_get_topic_message_timestamps_s.c
-- Symlinking: /home/sophie/visionaid/isaac_ros_ws/install/ros2_benchmark_interfaces/local/lib/python3.10/dist-packages/ros2_benchmark_interfaces/srv/_play_messages.py
-- Symlinking: /home/sophie/visionaid/isaac_ros_ws/install/ros2_benchmark_interfaces/local/lib/python3.10/dist-packages/ros2_benchmark_interfaces/srv/_play_messages_s.c
-- Symlinking: /home/sophie/visionaid/isaac_ros_ws/install/ros2_benchmark_interfaces/local/lib/python3.10/dist-packages/ros2_benchmark_interfaces/srv/_set_data.py
-- Symlinking: /home/sophie/visionaid/isaac_ros_ws/install/ros2_benchmark_interfaces/local/lib/python3.10/dist-packages/ros2_benchmark_interfaces/srv/_set_data_s.c
-- Symlinking: /home/sophie/visionaid/isaac_ros_ws/install/ros2_benchmark_interfaces/local/lib/python3.10/dist-packages/ros2_benchmark_interfaces/srv/_start_loading.py
-- Symlinking: /home/sophie/visionaid/isaac_ros_ws/install/ros2_benchmark_interfaces/local/lib/python3.10/dist-packages/ros2_benchmark_interfaces/srv/_start_loading_s.c
-- Symlinking: /home/sophie/visionaid/isaac_ros_ws/install/ros2_benchmark_interfaces/local/lib/python3.10/dist-packages/ros2_benchmark_interfaces/srv/_start_monitoring.py
-- Symlinking: /home/sophie/visionaid/isaac_ros_ws/install/ros2_benchmark_interfaces/local/lib/python3.10/dist-packages/ros2_benchmark_interfaces/srv/_start_monitoring_s.c
-- Symlinking: /home/sophie/visionaid/isaac_ros_ws/install/ros2_benchmark_interfaces/local/lib/python3.10/dist-packages/ros2_benchmark_interfaces/srv/_start_recording.py
-- Symlinking: /home/sophie/visionaid/isaac_ros_ws/install/ros2_benchmark_interfaces/local/lib/python3.10/dist-packages/ros2_benchmark_interfaces/srv/_start_recording_s.c
-- Symlinking: /home/sophie/visionaid/isaac_ros_ws/install/ros2_benchmark_interfaces/local/lib/python3.10/dist-packages/ros2_benchmark_interfaces/srv/_stop_loading.py
-- Symlinking: /home/sophie/visionaid/isaac_ros_ws/install/ros2_benchmark_interfaces/local/lib/python3.10/dist-packages/ros2_benchmark_interfaces/srv/_stop_loading_s.c
-- Symlinking: /home/sophie/visionaid/isaac_ros_ws/install/ros2_benchmark_interfaces/local/lib/python3.10/dist-packages/ros2_benchmark_interfaces/srv/_stop_monitoring.py
-- Symlinking: /home/sophie/visionaid/isaac_ros_ws/install/ros2_benchmark_interfaces/local/lib/python3.10/dist-packages/ros2_benchmark_interfaces/srv/_stop_monitoring_s.c
-- Symlinking: /home/sophie/visionaid/isaac_ros_ws/install/ros2_benchmark_interfaces/local/lib/python3.10/dist-packages/ros2_benchmark_interfaces/srv/_stop_recording.py
-- Symlinking: /home/sophie/visionaid/isaac_ros_ws/install/ros2_benchmark_interfaces/local/lib/python3.10/dist-packages/ros2_benchmark_interfaces/srv/_stop_recording_s.c
-- Up-to-date symlink: /home/sophie/visionaid/isaac_ros_ws/install/ros2_benchmark_interfaces/local/lib/python3.10/dist-packages/ros2_benchmark_interfaces/ros2_benchmark_interfaces_s__rosidl_typesupport_fastrtps_c.cpython-310-x86_64-linux-gnu.so
-- Up-to-date symlink: /home/sophie/visionaid/isaac_ros_ws/install/ros2_benchmark_interfaces/local/lib/python3.10/dist-packages/ros2_benchmark_interfaces/ros2_benchmark_interfaces_s__rosidl_typesupport_introspection_c.cpython-310-x86_64-linux-gnu.so
-- Up-to-date symlink: /home/sophie/visionaid/isaac_ros_ws/install/ros2_benchmark_interfaces/local/lib/python3.10/dist-packages/ros2_benchmark_interfaces/ros2_benchmark_interfaces_s__rosidl_typesupport_c.cpython-310-x86_64-linux-gnu.so
-- Symlinking: /home/sophie/visionaid/isaac_ros_ws/install/ros2_benchmark_interfaces/share/ros2_benchmark_interfaces/msg/TimestampedMessageArray.idl
-- Symlinking: /home/sophie/visionaid/isaac_ros_ws/install/ros2_benchmark_interfaces/share/ros2_benchmark_interfaces/msg/TopicMessageCount.idl
-- Symlinking: /home/sophie/visionaid/isaac_ros_ws/install/ros2_benchmark_interfaces/share/ros2_benchmark_interfaces/msg/TopicMessageTimestampArray.idl
-- Symlinking: /home/sophie/visionaid/isaac_ros_ws/install/ros2_benchmark_interfaces/share/ros2_benchmark_interfaces/srv/GetTopicMessageTimestamps.idl
-- Symlinking: /home/sophie/visionaid/isaac_ros_ws/install/ros2_benchmark_interfaces/share/ros2_benchmark_interfaces/srv/PlayMessages.idl
-- Symlinking: /home/sophie/visionaid/isaac_ros_ws/install/ros2_benchmark_interfaces/share/ros2_benchmark_interfaces/srv/SetData.idl
-- Symlinking: /home/sophie/visionaid/isaac_ros_ws/install/ros2_benchmark_interfaces/share/ros2_benchmark_interfaces/srv/StartLoading.idl
-- Symlinking: /home/sophie/visionaid/isaac_ros_ws/install/ros2_benchmark_interfaces/share/ros2_benchmark_interfaces/srv/StartMonitoring.idl
-- Symlinking: /home/sophie/visionaid/isaac_ros_ws/install/ros2_benchmark_interfaces/share/ros2_benchmark_interfaces/srv/StopMonitoring.idl
-- Symlinking: /home/sophie/visionaid/isaac_ros_ws/install/ros2_benchmark_interfaces/share/ros2_benchmark_interfaces/srv/StartRecording.idl
-- Symlinking: /home/sophie/visionaid/isaac_ros_ws/install/ros2_benchmark_interfaces/share/ros2_benchmark_interfaces/srv/StopLoading.idl
-- Symlinking: /home/sophie/visionaid/isaac_ros_ws/install/ros2_benchmark_interfaces/share/ros2_benchmark_interfaces/srv/StopRecording.idl
-- Symlinking: /home/sophie/visionaid/isaac_ros_ws/install/ros2_benchmark_interfaces/share/ros2_benchmark_interfaces/msg/TimestampedMessageArray.msg
-- Symlinking: /home/sophie/visionaid/isaac_ros_ws/install/ros2_benchmark_interfaces/share/ros2_benchmark_interfaces/msg/TopicMessageCount.msg
-- Symlinking: /home/sophie/visionaid/isaac_ros_ws/install/ros2_benchmark_interfaces/share/ros2_benchmark_interfaces/msg/TopicMessageTimestampArray.msg
-- Symlinking: /home/sophie/visionaid/isaac_ros_ws/install/ros2_benchmark_interfaces/share/ros2_benchmark_interfaces/srv/GetTopicMessageTimestamps.srv
-- Symlinking: /home/sophie/visionaid/isaac_ros_ws/install/ros2_benchmark_interfaces/share/ros2_benchmark_interfaces/srv/GetTopicMessageTimestamps_Request.msg
-- Symlinking: /home/sophie/visionaid/isaac_ros_ws/install/ros2_benchmark_interfaces/share/ros2_benchmark_interfaces/srv/GetTopicMessageTimestamps_Response.msg
-- Symlinking: /home/sophie/visionaid/isaac_ros_ws/install/ros2_benchmark_interfaces/share/ros2_benchmark_interfaces/srv/PlayMessages.srv
-- Symlinking: /home/sophie/visionaid/isaac_ros_ws/install/ros2_benchmark_interfaces/share/ros2_benchmark_interfaces/srv/PlayMessages_Request.msg
-- Symlinking: /home/sophie/visionaid/isaac_ros_ws/install/ros2_benchmark_interfaces/share/ros2_benchmark_interfaces/srv/PlayMessages_Response.msg
-- Symlinking: /home/sophie/visionaid/isaac_ros_ws/install/ros2_benchmark_interfaces/share/ros2_benchmark_interfaces/srv/SetData.srv
-- Symlinking: /home/sophie/visionaid/isaac_ros_ws/install/ros2_benchmark_interfaces/share/ros2_benchmark_interfaces/srv/SetData_Request.msg
-- Symlinking: /home/sophie/visionaid/isaac_ros_ws/install/ros2_benchmark_interfaces/share/ros2_benchmark_interfaces/srv/SetData_Response.msg
-- Symlinking: /home/sophie/visionaid/isaac_ros_ws/install/ros2_benchmark_interfaces/share/ros2_benchmark_interfaces/srv/StartLoading.srv
-- Symlinking: /home/sophie/visionaid/isaac_ros_ws/install/ros2_benchmark_interfaces/share/ros2_benchmark_interfaces/srv/StartLoading_Request.msg
-- Symlinking: /home/sophie/visionaid/isaac_ros_ws/install/ros2_benchmark_interfaces/share/ros2_benchmark_interfaces/srv/StartLoading_Response.msg
-- Symlinking: /home/sophie/visionaid/isaac_ros_ws/install/ros2_benchmark_interfaces/share/ros2_benchmark_interfaces/srv/StartMonitoring.srv
-- Symlinking: /home/sophie/visionaid/isaac_ros_ws/install/ros2_benchmark_interfaces/share/ros2_benchmark_interfaces/srv/StartMonitoring_Request.msg
-- Symlinking: /home/sophie/visionaid/isaac_ros_ws/install/ros2_benchmark_interfaces/share/ros2_benchmark_interfaces/srv/StartMonitoring_Response.msg
-- Symlinking: /home/sophie/visionaid/isaac_ros_ws/install/ros2_benchmark_interfaces/share/ros2_benchmark_interfaces/srv/StopMonitoring.srv
-- Symlinking: /home/sophie/visionaid/isaac_ros_ws/install/ros2_benchmark_interfaces/share/ros2_benchmark_interfaces/srv/StopMonitoring_Request.msg
-- Symlinking: /home/sophie/visionaid/isaac_ros_ws/install/ros2_benchmark_interfaces/share/ros2_benchmark_interfaces/srv/StopMonitoring_Response.msg
-- Symlinking: /home/sophie/visionaid/isaac_ros_ws/install/ros2_benchmark_interfaces/share/ros2_benchmark_interfaces/srv/StartRecording.srv
-- Symlinking: /home/sophie/visionaid/isaac_ros_ws/install/ros2_benchmark_interfaces/share/ros2_benchmark_interfaces/srv/StartRecording_Request.msg
-- Symlinking: /home/sophie/visionaid/isaac_ros_ws/install/ros2_benchmark_interfaces/share/ros2_benchmark_interfaces/srv/StartRecording_Response.msg
-- Symlinking: /home/sophie/visionaid/isaac_ros_ws/install/ros2_benchmark_interfaces/share/ros2_benchmark_interfaces/srv/StopLoading.srv
-- Symlinking: /home/sophie/visionaid/isaac_ros_ws/install/ros2_benchmark_interfaces/share/ros2_benchmark_interfaces/srv/StopLoading_Request.msg
-- Symlinking: /home/sophie/visionaid/isaac_ros_ws/install/ros2_benchmark_interfaces/share/ros2_benchmark_interfaces/srv/StopLoading_Response.msg
-- Symlinking: /home/sophie/visionaid/isaac_ros_ws/install/ros2_benchmark_interfaces/share/ros2_benchmark_interfaces/srv/StopRecording.srv
-- Symlinking: /home/sophie/visionaid/isaac_ros_ws/install/ros2_benchmark_interfaces/share/ros2_benchmark_interfaces/srv/StopRecording_Request.msg
-- Symlinking: /home/sophie/visionaid/isaac_ros_ws/install/ros2_benchmark_interfaces/share/ros2_benchmark_interfaces/srv/StopRecording_Response.msg
-- Symlinking: /home/sophie/visionaid/isaac_ros_ws/install/ros2_benchmark_interfaces/share/ros2_benchmark_interfaces/version_info.yaml
-- Symlinking: /home/sophie/visionaid/isaac_ros_ws/install/ros2_benchmark_interfaces/share/ament_index/resource_index/package_run_dependencies/ros2_benchmark_interfaces
-- Symlinking: /home/sophie/visionaid/isaac_ros_ws/install/ros2_benchmark_interfaces/share/ament_index/resource_index/parent_prefix_path/ros2_benchmark_interfaces
-- Symlinking: /home/sophie/visionaid/isaac_ros_ws/install/ros2_benchmark_interfaces/share/ros2_benchmark_interfaces/environment/ament_prefix_path.sh
-- Symlinking: /home/sophie/visionaid/isaac_ros_ws/install/ros2_benchmark_interfaces/share/ros2_benchmark_interfaces/environment/ament_prefix_path.dsv
-- Symlinking: /home/sophie/visionaid/isaac_ros_ws/install/ros2_benchmark_interfaces/share/ros2_benchmark_interfaces/environment/path.sh
-- Symlinking: /home/sophie/visionaid/isaac_ros_ws/install/ros2_benchmark_interfaces/share/ros2_benchmark_interfaces/environment/path.dsv
-- Symlinking: /home/sophie/visionaid/isaac_ros_ws/install/ros2_benchmark_interfaces/share/ros2_benchmark_interfaces/local_setup.bash
-- Symlinking: /home/sophie/visionaid/isaac_ros_ws/install/ros2_benchmark_interfaces/share/ros2_benchmark_interfaces/local_setup.sh
-- Symlinking: /home/sophie/visionaid/isaac_ros_ws/install/ros2_benchmark_interfaces/share/ros2_benchmark_interfaces/local_setup.zsh
-- Symlinking: /home/sophie/visionaid/isaac_ros_ws/install/ros2_benchmark_interfaces/share/ros2_benchmark_interfaces/local_setup.dsv
-- Symlinking: /home/sophie/visionaid/isaac_ros_ws/install/ros2_benchmark_interfaces/share/ros2_benchmark_interfaces/package.dsv
-- Symlinking: /home/sophie/visionaid/isaac_ros_ws/install/ros2_benchmark_interfaces/share/ament_index/resource_index/packages/ros2_benchmark_interfaces
-- Symlinking: /home/sophie/visionaid/isaac_ros_ws/install/ros2_benchmark_interfaces/share/ros2_benchmark_interfaces/cmake/rosidl_cmake-extras.cmake
-- Symlinking: /home/sophie/visionaid/isaac_ros_ws/install/ros2_benchmark_interfaces/share/ros2_benchmark_interfaces/cmake/ament_cmake_export_include_directories-extras.cmake
-- Symlinking: /home/sophie/visionaid/isaac_ros_ws/install/ros2_benchmark_interfaces/share/ros2_benchmark_interfaces/cmake/ament_cmake_export_libraries-extras.cmake
-- Symlinking: /home/sophie/visionaid/isaac_ros_ws/install/ros2_benchmark_interfaces/share/ros2_benchmark_interfaces/cmake/ament_cmake_export_targets-extras.cmake
-- Symlinking: /home/sophie/visionaid/isaac_ros_ws/install/ros2_benchmark_interfaces/share/ros2_benchmark_interfaces/cmake/rosidl_cmake_export_typesupport_targets-extras.cmake
-- Symlinking: /home/sophie/visionaid/isaac_ros_ws/install/ros2_benchmark_interfaces/share/ros2_benchmark_interfaces/cmake/ament_cmake_export_dependencies-extras.cmake
-- Symlinking: /home/sophie/visionaid/isaac_ros_ws/install/ros2_benchmark_interfaces/share/ros2_benchmark_interfaces/cmake/rosidl_cmake_export_typesupport_libraries-extras.cmake
-- Symlinking: /home/sophie/visionaid/isaac_ros_ws/install/ros2_benchmark_interfaces/share/ros2_benchmark_interfaces/cmake/ros2_benchmark_interfacesConfig.cmake
-- Symlinking: /home/sophie/visionaid/isaac_ros_ws/install/ros2_benchmark_interfaces/share/ros2_benchmark_interfaces/cmake/ros2_benchmark_interfacesConfig-version.cmake
-- Symlinking: /home/sophie/visionaid/isaac_ros_ws/install/ros2_benchmark_interfaces/share/ros2_benchmark_interfaces/package.xml
-- Installing: /home/sophie/visionaid/isaac_ros_ws/install/ros2_benchmark_interfaces/lib/libros2_benchmark_interfaces__rosidl_generator_c.so
-- Set runtime path of "/home/sophie/visionaid/isaac_ros_ws/install/ros2_benchmark_interfaces/lib/libros2_benchmark_interfaces__rosidl_generator_c.so" to ""
-- Installing: /home/sophie/visionaid/isaac_ros_ws/install/ros2_benchmark_interfaces/lib/libros2_benchmark_interfaces__rosidl_typesupport_fastrtps_c.so
-- Set runtime path of "/home/sophie/visionaid/isaac_ros_ws/install/ros2_benchmark_interfaces/lib/libros2_benchmark_interfaces__rosidl_typesupport_fastrtps_c.so" to ""
-- Installing: /home/sophie/visionaid/isaac_ros_ws/install/ros2_benchmark_interfaces/lib/libros2_benchmark_interfaces__rosidl_typesupport_introspection_c.so
-- Set runtime path of "/home/sophie/visionaid/isaac_ros_ws/install/ros2_benchmark_interfaces/lib/libros2_benchmark_interfaces__rosidl_typesupport_introspection_c.so" to ""
-- Installing: /home/sophie/visionaid/isaac_ros_ws/install/ros2_benchmark_interfaces/lib/libros2_benchmark_interfaces__rosidl_typesupport_c.so
-- Set runtime path of "/home/sophie/visionaid/isaac_ros_ws/install/ros2_benchmark_interfaces/lib/libros2_benchmark_interfaces__rosidl_typesupport_c.so" to ""
-- Installing: /home/sophie/visionaid/isaac_ros_ws/install/ros2_benchmark_interfaces/lib/libros2_benchmark_interfaces__rosidl_typesupport_fastrtps_cpp.so
-- Set runtime path of "/home/sophie/visionaid/isaac_ros_ws/install/ros2_benchmark_interfaces/lib/libros2_benchmark_interfaces__rosidl_typesupport_fastrtps_cpp.so" to ""
-- Installing: /home/sophie/visionaid/isaac_ros_ws/install/ros2_benchmark_interfaces/lib/libros2_benchmark_interfaces__rosidl_typesupport_introspection_cpp.so
-- Set runtime path of "/home/sophie/visionaid/isaac_ros_ws/install/ros2_benchmark_interfaces/lib/libros2_benchmark_interfaces__rosidl_typesupport_introspection_cpp.so" to ""
-- Installing: /home/sophie/visionaid/isaac_ros_ws/install/ros2_benchmark_interfaces/lib/libros2_benchmark_interfaces__rosidl_typesupport_cpp.so
-- Set runtime path of "/home/sophie/visionaid/isaac_ros_ws/install/ros2_benchmark_interfaces/lib/libros2_benchmark_interfaces__rosidl_typesupport_cpp.so" to ""
Listing '/home/sophie/visionaid/isaac_ros_ws/install/ros2_benchmark_interfaces/local/lib/python3.10/dist-packages/ros2_benchmark_interfaces'...
Compiling '/home/sophie/visionaid/isaac_ros_ws/install/ros2_benchmark_interfaces/local/lib/python3.10/dist-packages/ros2_benchmark_interfaces/__init__.py'...
Listing '/home/sophie/visionaid/isaac_ros_ws/install/ros2_benchmark_interfaces/local/lib/python3.10/dist-packages/ros2_benchmark_interfaces/msg'...
Compiling '/home/sophie/visionaid/isaac_ros_ws/install/ros2_benchmark_interfaces/local/lib/python3.10/dist-packages/ros2_benchmark_interfaces/msg/__init__.py'...
Compiling '/home/sophie/visionaid/isaac_ros_ws/install/ros2_benchmark_interfaces/local/lib/python3.10/dist-packages/ros2_benchmark_interfaces/msg/_timestamped_message_array.py'...
Compiling '/home/sophie/visionaid/isaac_ros_ws/install/ros2_benchmark_interfaces/local/lib/python3.10/dist-packages/ros2_benchmark_interfaces/msg/_topic_message_count.py'...
Compiling '/home/sophie/visionaid/isaac_ros_ws/install/ros2_benchmark_interfaces/local/lib/python3.10/dist-packages/ros2_benchmark_interfaces/msg/_topic_message_timestamp_array.py'...
Listing '/home/sophie/visionaid/isaac_ros_ws/install/ros2_benchmark_interfaces/local/lib/python3.10/dist-packages/ros2_benchmark_interfaces/srv'...
Compiling '/home/sophie/visionaid/isaac_ros_ws/install/ros2_benchmark_interfaces/local/lib/python3.10/dist-packages/ros2_benchmark_interfaces/srv/__init__.py'...
Compiling '/home/sophie/visionaid/isaac_ros_ws/install/ros2_benchmark_interfaces/local/lib/python3.10/dist-packages/ros2_benchmark_interfaces/srv/_get_topic_message_timestamps.py'...
Compiling '/home/sophie/visionaid/isaac_ros_ws/install/ros2_benchmark_interfaces/local/lib/python3.10/dist-packages/ros2_benchmark_interfaces/srv/_play_messages.py'...
Compiling '/home/sophie/visionaid/isaac_ros_ws/install/ros2_benchmark_interfaces/local/lib/python3.10/dist-packages/ros2_benchmark_interfaces/srv/_set_data.py'...
Compiling '/home/sophie/visionaid/isaac_ros_ws/install/ros2_benchmark_interfaces/local/lib/python3.10/dist-packages/ros2_benchmark_interfaces/srv/_start_loading.py'...
Compiling '/home/sophie/visionaid/isaac_ros_ws/install/ros2_benchmark_interfaces/local/lib/python3.10/dist-packages/ros2_benchmark_interfaces/srv/_start_monitoring.py'...
Compiling '/home/sophie/visionaid/isaac_ros_ws/install/ros2_benchmark_interfaces/local/lib/python3.10/dist-packages/ros2_benchmark_interfaces/srv/_start_recording.py'...
Compiling '/home/sophie/visionaid/isaac_ros_ws/install/ros2_benchmark_interfaces/local/lib/python3.10/dist-packages/ros2_benchmark_interfaces/srv/_stop_loading.py'...
Compiling '/home/sophie/visionaid/isaac_ros_ws/install/ros2_benchmark_interfaces/local/lib/python3.10/dist-packages/ros2_benchmark_interfaces/srv/_stop_monitoring.py'...
Compiling '/home/sophie/visionaid/isaac_ros_ws/install/ros2_benchmark_interfaces/local/lib/python3.10/dist-packages/ros2_benchmark_interfaces/srv/_stop_recording.py'...
-- Installing: /home/sophie/visionaid/isaac_ros_ws/install/ros2_benchmark_interfaces/lib/libros2_benchmark_interfaces__rosidl_generator_py.so
-- Set runtime path of "/home/sophie/visionaid/isaac_ros_ws/install/ros2_benchmark_interfaces/lib/libros2_benchmark_interfaces__rosidl_generator_py.so" to ""
-- Installing: /home/sophie/visionaid/isaac_ros_ws/install/ros2_benchmark_interfaces/share/ros2_benchmark_interfaces/cmake/export_ros2_benchmark_interfaces__rosidl_generator_cExport.cmake
-- Installing: /home/sophie/visionaid/isaac_ros_ws/install/ros2_benchmark_interfaces/share/ros2_benchmark_interfaces/cmake/export_ros2_benchmark_interfaces__rosidl_generator_cExport-release.cmake
-- Installing: /home/sophie/visionaid/isaac_ros_ws/install/ros2_benchmark_interfaces/share/ros2_benchmark_interfaces/cmake/export_ros2_benchmark_interfaces__rosidl_typesupport_fastrtps_cExport.cmake
-- Installing: /home/sophie/visionaid/isaac_ros_ws/install/ros2_benchmark_interfaces/share/ros2_benchmark_interfaces/cmake/export_ros2_benchmark_interfaces__rosidl_typesupport_fastrtps_cExport-release.cmake
-- Installing: /home/sophie/visionaid/isaac_ros_ws/install/ros2_benchmark_interfaces/share/ros2_benchmark_interfaces/cmake/ros2_benchmark_interfaces__rosidl_typesupport_introspection_cExport.cmake
-- Installing: /home/sophie/visionaid/isaac_ros_ws/install/ros2_benchmark_interfaces/share/ros2_benchmark_interfaces/cmake/ros2_benchmark_interfaces__rosidl_typesupport_introspection_cExport-release.cmake
-- Installing: /home/sophie/visionaid/isaac_ros_ws/install/ros2_benchmark_interfaces/share/ros2_benchmark_interfaces/cmake/ros2_benchmark_interfaces__rosidl_typesupport_cExport.cmake
-- Installing: /home/sophie/visionaid/isaac_ros_ws/install/ros2_benchmark_interfaces/share/ros2_benchmark_interfaces/cmake/ros2_benchmark_interfaces__rosidl_typesupport_cExport-release.cmake
-- Installing: /home/sophie/visionaid/isaac_ros_ws/install/ros2_benchmark_interfaces/share/ros2_benchmark_interfaces/cmake/export_ros2_benchmark_interfaces__rosidl_generator_cppExport.cmake
-- Installing: /home/sophie/visionaid/isaac_ros_ws/install/ros2_benchmark_interfaces/share/ros2_benchmark_interfaces/cmake/export_ros2_benchmark_interfaces__rosidl_typesupport_fastrtps_cppExport.cmake
-- Installing: /home/sophie/visionaid/isaac_ros_ws/install/ros2_benchmark_interfaces/share/ros2_benchmark_interfaces/cmake/export_ros2_benchmark_interfaces__rosidl_typesupport_fastrtps_cppExport-release.cmake
-- Installing: /home/sophie/visionaid/isaac_ros_ws/install/ros2_benchmark_interfaces/share/ros2_benchmark_interfaces/cmake/ros2_benchmark_interfaces__rosidl_typesupport_introspection_cppExport.cmake
-- Installing: /home/sophie/visionaid/isaac_ros_ws/install/ros2_benchmark_interfaces/share/ros2_benchmark_interfaces/cmake/ros2_benchmark_interfaces__rosidl_typesupport_introspection_cppExport-release.cmake
-- Installing: /home/sophie/visionaid/isaac_ros_ws/install/ros2_benchmark_interfaces/share/ros2_benchmark_interfaces/cmake/ros2_benchmark_interfaces__rosidl_typesupport_cppExport.cmake
-- Installing: /home/sophie/visionaid/isaac_ros_ws/install/ros2_benchmark_interfaces/share/ros2_benchmark_interfaces/cmake/ros2_benchmark_interfaces__rosidl_typesupport_cppExport-release.cmake
-- Installing: /home/sophie/visionaid/isaac_ros_ws/install/ros2_benchmark_interfaces/share/ros2_benchmark_interfaces/cmake/export_ros2_benchmark_interfaces__rosidl_generator_pyExport.cmake
-- Installing: /home/sophie/visionaid/isaac_ros_ws/install/ros2_benchmark_interfaces/share/ros2_benchmark_interfaces/cmake/export_ros2_benchmark_interfaces__rosidl_generator_pyExport-release.cmake
