[0.007s] Invoking command in '/home/sophie/visionaid/isaac_ros_ws/build/ros2_benchmark_interfaces': AMENT_PREFIX_PATH=/home/sophie/visionaid/isaac_ros_ws/install/isaac_ros_common:${AMENT_PREFIX_PATH} CMAKE_PREFIX_PATH=/home/sophie/visionaid/isaac_ros_ws/install/isaac_ros_common:/opt/ros/humble LD_LIBRARY_PATH=/home/sophie/visionaid/isaac_ros_ws/install/isaac_ros_common/lib:${LD_LIBRARY_PATH} PATH=/home/sophie/visionaid/isaac_ros_ws/install/isaac_ros_common/bin:${PATH} PYTHONPATH=/home/sophie/visionaid/isaac_ros_ws/install/isaac_ros_common/local/lib/python3.10/dist-packages:${PYTHONPATH} /usr/bin/cmake /home/sophie/visionaid/isaac_ros_ws/src/ros2_benchmark/ros2_benchmark_interfaces -DCMAKE_BUILD_TYPE=Release -DBUILD_TESTING=OFF -DCMAKE_CUDA_ARCHITECTURES=89 -DAMENT_CMAKE_SYMLINK_INSTALL=1 -DCMAKE_INSTALL_PREFIX=/home/sophie/visionaid/isaac_ros_ws/install/ros2_benchmark_interfaces
[0.043s] -- The C compiler identification is GNU 11.4.0
[0.078s] -- The CXX compiler identification is GNU 11.4.0
[0.082s] -- Detecting C compiler ABI info
[0.130s] -- Detecting C compiler ABI info - done
[0.136s] -- Check for working C compiler: /usr/bin/cc - skipped
[0.136s] -- Detecting C compile features
[0.137s] -- Detecting C compile features - done
[0.138s] -- Detecting CXX compiler ABI info
[0.197s] -- Detecting CXX compiler ABI info - done
[0.203s] -- Check for working CXX compiler: /usr/bin/c++ - skipped
[0.203s] -- Detecting CXX compile features
[0.203s] -- Detecting CXX compile features - done
[0.203s] -- CMAKE_BUILD_TYPE: Release
[0.204s] -- Found ament_cmake_auto: 1.3.11 (/opt/ros/humble/share/ament_cmake_auto/cmake)
[0.296s] -- Found Python3: /usr/bin/python3 (found version "3.10.12") found components: Interpreter 
[0.332s] -- Override CMake install command with custom implementation using symlinks instead of copying resources
[0.379s] -- Using all available rosidl_typesupport_c: rosidl_typesupport_fastrtps_c;rosidl_typesupport_introspection_c
[0.382s] -- Found rosidl_adapter: 3.1.6 (/opt/ros/humble/share/rosidl_adapter/cmake)
[0.403s] -- Using all available rosidl_typesupport_cpp: rosidl_typesupport_fastrtps_cpp;rosidl_typesupport_introspection_cpp
[0.420s] -- Loading isaac_ros_common extras
[0.420s] -- CMAKE_BUILD_TYPE: Release
[0.435s] -- Looking for pthread.h
[0.499s] -- Looking for pthread.h - found
[0.500s] -- Performing Test CMAKE_HAVE_LIBC_PTHREAD
[0.570s] -- Performing Test CMAKE_HAVE_LIBC_PTHREAD - Success
[0.570s] -- Found Threads: TRUE  
[0.575s] -- Found CUDA: /usr/local/cuda-12.8 (found version "12.8") 
[0.576s] -- CUDA architectures: 89
[0.576s] -- Loading isaac_ros_common extras (modules)
[0.621s] -- Found rmw_implementation_cmake: 6.1.2 (/opt/ros/humble/share/rmw_implementation_cmake/cmake)
[0.623s] -- Found rmw_fastrtps_cpp: 6.2.7 (/opt/ros/humble/share/rmw_fastrtps_cpp/cmake)
[0.699s] -- Found OpenSSL: /usr/lib/x86_64-linux-gnu/libcrypto.so (found version "3.0.2")  
[0.725s] -- Found FastRTPS: /opt/ros/humble/include  
[0.763s] -- Using RMW implementation 'rmw_fastrtps_cpp' as default
[1.052s] -- Found ament_cmake_ros: 0.10.0 (/opt/ros/humble/share/ament_cmake_ros/cmake)
[1.237s] -- Using all available rosidl_typesupport_c: rosidl_typesupport_fastrtps_c;rosidl_typesupport_introspection_c
[1.480s] -- Using all available rosidl_typesupport_cpp: rosidl_typesupport_fastrtps_cpp;rosidl_typesupport_introspection_cpp
[1.504s] -- Found PythonInterp: /usr/bin/python3 (found suitable version "3.10.12", minimum required is "3.6") 
[1.505s] -- Found python_cmake_module: 0.10.0 (/opt/ros/humble/share/python_cmake_module/cmake)
[1.531s] -- Found PythonLibs: /usr/lib/x86_64-linux-gnu/libpython3.10.so (found suitable version "3.10.12", minimum required is "3.5") 
[1.531s] -- Using PYTHON_EXECUTABLE: /usr/bin/python3
[1.531s] -- Using PYTHON_INCLUDE_DIRS: /usr/include/python3.10
[1.531s] -- Using PYTHON_LIBRARIES: /usr/lib/x86_64-linux-gnu/libpython3.10.so
[1.553s] -- Found PythonExtra: .so  
[1.658s] -- Configuring done
[1.704s] -- Generating done
[1.716s] -- Build files have been written to: /home/sophie/visionaid/isaac_ros_ws/build/ros2_benchmark_interfaces
[1.735s] Invoked command in '/home/sophie/visionaid/isaac_ros_ws/build/ros2_benchmark_interfaces' returned '0': AMENT_PREFIX_PATH=/home/sophie/visionaid/isaac_ros_ws/install/isaac_ros_common:${AMENT_PREFIX_PATH} CMAKE_PREFIX_PATH=/home/sophie/visionaid/isaac_ros_ws/install/isaac_ros_common:/opt/ros/humble LD_LIBRARY_PATH=/home/sophie/visionaid/isaac_ros_ws/install/isaac_ros_common/lib:${LD_LIBRARY_PATH} PATH=/home/sophie/visionaid/isaac_ros_ws/install/isaac_ros_common/bin:${PATH} PYTHONPATH=/home/sophie/visionaid/isaac_ros_ws/install/isaac_ros_common/local/lib/python3.10/dist-packages:${PYTHONPATH} /usr/bin/cmake /home/sophie/visionaid/isaac_ros_ws/src/ros2_benchmark/ros2_benchmark_interfaces -DCMAKE_BUILD_TYPE=Release -DBUILD_TESTING=OFF -DCMAKE_CUDA_ARCHITECTURES=89 -DAMENT_CMAKE_SYMLINK_INSTALL=1 -DCMAKE_INSTALL_PREFIX=/home/sophie/visionaid/isaac_ros_ws/install/ros2_benchmark_interfaces
[1.737s] Invoking command in '/home/sophie/visionaid/isaac_ros_ws/build/ros2_benchmark_interfaces': AMENT_PREFIX_PATH=/home/sophie/visionaid/isaac_ros_ws/install/isaac_ros_common:${AMENT_PREFIX_PATH} CMAKE_PREFIX_PATH=/home/sophie/visionaid/isaac_ros_ws/install/isaac_ros_common:/opt/ros/humble LD_LIBRARY_PATH=/home/sophie/visionaid/isaac_ros_ws/install/isaac_ros_common/lib:${LD_LIBRARY_PATH} PATH=/home/sophie/visionaid/isaac_ros_ws/install/isaac_ros_common/bin:${PATH} PYTHONPATH=/home/sophie/visionaid/isaac_ros_ws/install/isaac_ros_common/local/lib/python3.10/dist-packages:${PYTHONPATH} /usr/bin/cmake --build /home/sophie/visionaid/isaac_ros_ws/build/ros2_benchmark_interfaces -- -j22 -l22
[1.771s] [  1%] [34m[1mGenerating C code for ROS interfaces[0m
[1.778s] [  1%] [34m[1mGenerating version information as YAML[0m
[1.782s] [  2%] [34m[1mGenerating C++ code for ROS interfaces[0m
[1.784s] [  2%] Built target ament_cmake_python_symlink_ros2_benchmark_interfaces
[1.851s] [  2%] Built target generate_version_info_target_ros2_benchmark_interfaces
[1.942s] running egg_info
[1.943s] creating ros2_benchmark_interfaces.egg-info
[1.943s] writing ros2_benchmark_interfaces.egg-info/PKG-INFO
[1.943s] writing dependency_links to ros2_benchmark_interfaces.egg-info/dependency_links.txt
[1.943s] writing top-level names to ros2_benchmark_interfaces.egg-info/top_level.txt
[1.943s] writing manifest file 'ros2_benchmark_interfaces.egg-info/SOURCES.txt'
[1.945s] reading manifest file 'ros2_benchmark_interfaces.egg-info/SOURCES.txt'
[1.945s] writing manifest file 'ros2_benchmark_interfaces.egg-info/SOURCES.txt'
[1.967s] [  2%] Built target ament_cmake_python_build_ros2_benchmark_interfaces_egg
[2.980s] [  2%] Built target ros2_benchmark_interfaces__cpp
[2.989s] [  3%] [34m[1mGenerating C++ type support for eProsima Fast-RTPS[0m
[2.989s] [  4%] [34m[1mGenerating C++ introspection for ROS interfaces[0m
[2.990s] [  5%] [34m[1mGenerating C++ type support dispatch for ROS interfaces[0m
[3.212s] [  8%] [32mBuilding C object CMakeFiles/ros2_benchmark_interfaces__rosidl_generator_c.dir/rosidl_generator_c/ros2_benchmark_interfaces/srv/detail/get_topic_message_timestamps__functions.c.o[0m
[3.213s] [  8%] [32mBuilding C object CMakeFiles/ros2_benchmark_interfaces__rosidl_generator_c.dir/rosidl_generator_c/ros2_benchmark_interfaces/msg/detail/topic_message_count__functions.c.o[0m
[3.213s] [  8%] [32mBuilding C object CMakeFiles/ros2_benchmark_interfaces__rosidl_generator_c.dir/rosidl_generator_c/ros2_benchmark_interfaces/msg/detail/timestamped_message_array__functions.c.o[0m
[3.213s] [  8%] [32mBuilding C object CMakeFiles/ros2_benchmark_interfaces__rosidl_generator_c.dir/rosidl_generator_c/ros2_benchmark_interfaces/msg/detail/topic_message_timestamp_array__functions.c.o[0m
[3.213s] [  9%] [32mBuilding C object CMakeFiles/ros2_benchmark_interfaces__rosidl_generator_c.dir/rosidl_generator_c/ros2_benchmark_interfaces/srv/detail/play_messages__functions.c.o[0m
[3.213s] [ 11%] [32mBuilding C object CMakeFiles/ros2_benchmark_interfaces__rosidl_generator_c.dir/rosidl_generator_c/ros2_benchmark_interfaces/srv/detail/start_monitoring__functions.c.o[0m
[3.213s] [ 11%] [32mBuilding C object CMakeFiles/ros2_benchmark_interfaces__rosidl_generator_c.dir/rosidl_generator_c/ros2_benchmark_interfaces/srv/detail/start_loading__functions.c.o[0m
[3.216s] [ 12%] [32mBuilding C object CMakeFiles/ros2_benchmark_interfaces__rosidl_generator_c.dir/rosidl_generator_c/ros2_benchmark_interfaces/srv/detail/set_data__functions.c.o[0m
[3.217s] [ 13%] [32mBuilding C object CMakeFiles/ros2_benchmark_interfaces__rosidl_generator_c.dir/rosidl_generator_c/ros2_benchmark_interfaces/srv/detail/start_recording__functions.c.o[0m
[3.220s] [ 13%] [32mBuilding C object CMakeFiles/ros2_benchmark_interfaces__rosidl_generator_c.dir/rosidl_generator_c/ros2_benchmark_interfaces/srv/detail/stop_monitoring__functions.c.o[0m
[3.220s] [ 14%] [32mBuilding C object CMakeFiles/ros2_benchmark_interfaces__rosidl_generator_c.dir/rosidl_generator_c/ros2_benchmark_interfaces/srv/detail/stop_loading__functions.c.o[0m
[3.222s] [ 15%] [32mBuilding C object CMakeFiles/ros2_benchmark_interfaces__rosidl_generator_c.dir/rosidl_generator_c/ros2_benchmark_interfaces/srv/detail/stop_recording__functions.c.o[0m
[3.424s] [ 16%] [32m[1mLinking C shared library libros2_benchmark_interfaces__rosidl_generator_c.so[0m
[3.452s] [ 16%] Built target ros2_benchmark_interfaces__rosidl_generator_c
[3.460s] [ 16%] [34m[1mGenerating C introspection for ROS interfaces[0m
[3.462s] [ 16%] [34m[1mGenerating C type support for eProsima Fast-RTPS[0m
[3.463s] [ 16%] [34m[1mGenerating C type support dispatch for ROS interfaces[0m
[4.034s] [ 17%] [32mBuilding CXX object CMakeFiles/ros2_benchmark_interfaces__rosidl_typesupport_introspection_cpp.dir/rosidl_typesupport_introspection_cpp/ros2_benchmark_interfaces/msg/detail/timestamped_message_array__type_support.cpp.o[0m
[4.034s] [ 19%] [32mBuilding CXX object CMakeFiles/ros2_benchmark_interfaces__rosidl_typesupport_introspection_cpp.dir/rosidl_typesupport_introspection_cpp/ros2_benchmark_interfaces/srv/detail/start_loading__type_support.cpp.o[0m
[4.034s] [ 19%] [32mBuilding CXX object CMakeFiles/ros2_benchmark_interfaces__rosidl_typesupport_introspection_cpp.dir/rosidl_typesupport_introspection_cpp/ros2_benchmark_interfaces/srv/detail/get_topic_message_timestamps__type_support.cpp.o[0m
[4.034s] [ 20%] [32mBuilding CXX object CMakeFiles/ros2_benchmark_interfaces__rosidl_typesupport_introspection_cpp.dir/rosidl_typesupport_introspection_cpp/ros2_benchmark_interfaces/msg/detail/topic_message_timestamp_array__type_support.cpp.o[0m
[4.034s] [ 21%] [32mBuilding CXX object CMakeFiles/ros2_benchmark_interfaces__rosidl_typesupport_introspection_cpp.dir/rosidl_typesupport_introspection_cpp/ros2_benchmark_interfaces/srv/detail/play_messages__type_support.cpp.o[0m
[4.034s] [ 22%] [32mBuilding CXX object CMakeFiles/ros2_benchmark_interfaces__rosidl_typesupport_introspection_cpp.dir/rosidl_typesupport_introspection_cpp/ros2_benchmark_interfaces/srv/detail/start_monitoring__type_support.cpp.o[0m
[4.034s] [ 22%] [32mBuilding CXX object CMakeFiles/ros2_benchmark_interfaces__rosidl_typesupport_introspection_cpp.dir/rosidl_typesupport_introspection_cpp/ros2_benchmark_interfaces/srv/detail/stop_monitoring__type_support.cpp.o[0m
[4.035s] [ 23%] [32mBuilding CXX object CMakeFiles/ros2_benchmark_interfaces__rosidl_typesupport_introspection_cpp.dir/rosidl_typesupport_introspection_cpp/ros2_benchmark_interfaces/srv/detail/start_recording__type_support.cpp.o[0m
[4.035s] [ 23%] [32mBuilding CXX object CMakeFiles/ros2_benchmark_interfaces__rosidl_typesupport_introspection_cpp.dir/rosidl_typesupport_introspection_cpp/ros2_benchmark_interfaces/msg/detail/topic_message_count__type_support.cpp.o[0m
[4.035s] [ 24%] [32mBuilding CXX object CMakeFiles/ros2_benchmark_interfaces__rosidl_typesupport_introspection_cpp.dir/rosidl_typesupport_introspection_cpp/ros2_benchmark_interfaces/srv/detail/stop_loading__type_support.cpp.o[0m
[4.036s] [ 25%] [32mBuilding CXX object CMakeFiles/ros2_benchmark_interfaces__rosidl_typesupport_introspection_cpp.dir/rosidl_typesupport_introspection_cpp/ros2_benchmark_interfaces/srv/detail/set_data__type_support.cpp.o[0m
[4.039s] [ 26%] [32mBuilding CXX object CMakeFiles/ros2_benchmark_interfaces__rosidl_typesupport_introspection_cpp.dir/rosidl_typesupport_introspection_cpp/ros2_benchmark_interfaces/srv/detail/stop_recording__type_support.cpp.o[0m
[4.052s] [ 27%] [32mBuilding CXX object CMakeFiles/ros2_benchmark_interfaces__rosidl_typesupport_cpp.dir/rosidl_typesupport_cpp/ros2_benchmark_interfaces/msg/topic_message_count__type_support.cpp.o[0m
[4.053s] [ 27%] [32mBuilding CXX object CMakeFiles/ros2_benchmark_interfaces__rosidl_typesupport_cpp.dir/rosidl_typesupport_cpp/ros2_benchmark_interfaces/msg/timestamped_message_array__type_support.cpp.o[0m
[4.073s] [ 28%] [32mBuilding CXX object CMakeFiles/ros2_benchmark_interfaces__rosidl_typesupport_cpp.dir/rosidl_typesupport_cpp/ros2_benchmark_interfaces/msg/topic_message_timestamp_array__type_support.cpp.o[0m
[4.083s] [ 29%] [32mBuilding CXX object CMakeFiles/ros2_benchmark_interfaces__rosidl_typesupport_cpp.dir/rosidl_typesupport_cpp/ros2_benchmark_interfaces/srv/play_messages__type_support.cpp.o[0m
[4.114s] [ 31%] [32mBuilding CXX object CMakeFiles/ros2_benchmark_interfaces__rosidl_typesupport_cpp.dir/rosidl_typesupport_cpp/ros2_benchmark_interfaces/srv/get_topic_message_timestamps__type_support.cpp.o[0m
[4.114s] [ 31%] [32mBuilding CXX object CMakeFiles/ros2_benchmark_interfaces__rosidl_typesupport_cpp.dir/rosidl_typesupport_cpp/ros2_benchmark_interfaces/srv/set_data__type_support.cpp.o[0m
[4.416s] [ 32%] [32mBuilding CXX object CMakeFiles/ros2_benchmark_interfaces__rosidl_typesupport_cpp.dir/rosidl_typesupport_cpp/ros2_benchmark_interfaces/srv/start_loading__type_support.cpp.o[0m
[4.444s] [ 32%] [32mBuilding CXX object CMakeFiles/ros2_benchmark_interfaces__rosidl_typesupport_cpp.dir/rosidl_typesupport_cpp/ros2_benchmark_interfaces/srv/start_monitoring__type_support.cpp.o[0m
[4.453s] [ 33%] [32mBuilding CXX object CMakeFiles/ros2_benchmark_interfaces__rosidl_typesupport_cpp.dir/rosidl_typesupport_cpp/ros2_benchmark_interfaces/srv/stop_monitoring__type_support.cpp.o[0m
[4.472s] [ 34%] [32mBuilding CXX object CMakeFiles/ros2_benchmark_interfaces__rosidl_typesupport_cpp.dir/rosidl_typesupport_cpp/ros2_benchmark_interfaces/srv/start_recording__type_support.cpp.o[0m
[4.472s] [ 35%] [32mBuilding CXX object CMakeFiles/ros2_benchmark_interfaces__rosidl_typesupport_cpp.dir/rosidl_typesupport_cpp/ros2_benchmark_interfaces/srv/stop_loading__type_support.cpp.o[0m
[4.518s] [ 36%] [32mBuilding CXX object CMakeFiles/ros2_benchmark_interfaces__rosidl_typesupport_cpp.dir/rosidl_typesupport_cpp/ros2_benchmark_interfaces/srv/stop_recording__type_support.cpp.o[0m
[4.742s] [ 39%] [32mBuilding CXX object CMakeFiles/ros2_benchmark_interfaces__rosidl_typesupport_c.dir/rosidl_typesupport_c/ros2_benchmark_interfaces/srv/get_topic_message_timestamps__type_support.cpp.o[0m
[4.742s] [ 39%] [32mBuilding CXX object CMakeFiles/ros2_benchmark_interfaces__rosidl_typesupport_c.dir/rosidl_typesupport_c/ros2_benchmark_interfaces/msg/timestamped_message_array__type_support.cpp.o[0m
[4.742s] [ 39%] [32mBuilding CXX object CMakeFiles/ros2_benchmark_interfaces__rosidl_typesupport_c.dir/rosidl_typesupport_c/ros2_benchmark_interfaces/msg/topic_message_count__type_support.cpp.o[0m
[4.742s] [ 40%] [32mBuilding CXX object CMakeFiles/ros2_benchmark_interfaces__rosidl_typesupport_c.dir/rosidl_typesupport_c/ros2_benchmark_interfaces/srv/play_messages__type_support.cpp.o[0m
[4.742s] [ 41%] [32mBuilding CXX object CMakeFiles/ros2_benchmark_interfaces__rosidl_typesupport_c.dir/rosidl_typesupport_c/ros2_benchmark_interfaces/msg/topic_message_timestamp_array__type_support.cpp.o[0m
[4.742s] [ 41%] [32mBuilding CXX object CMakeFiles/ros2_benchmark_interfaces__rosidl_typesupport_c.dir/rosidl_typesupport_c/ros2_benchmark_interfaces/srv/set_data__type_support.cpp.o[0m
[4.750s] [ 42%] [32mBuilding CXX object CMakeFiles/ros2_benchmark_interfaces__rosidl_typesupport_c.dir/rosidl_typesupport_c/ros2_benchmark_interfaces/srv/start_monitoring__type_support.cpp.o[0m
[4.755s] [ 43%] [32mBuilding CXX object CMakeFiles/ros2_benchmark_interfaces__rosidl_typesupport_c.dir/rosidl_typesupport_c/ros2_benchmark_interfaces/srv/stop_monitoring__type_support.cpp.o[0m
[4.757s] [ 44%] [32mBuilding CXX object CMakeFiles/ros2_benchmark_interfaces__rosidl_typesupport_c.dir/rosidl_typesupport_c/ros2_benchmark_interfaces/srv/start_loading__type_support.cpp.o[0m
[4.759s] [ 44%] [32mBuilding CXX object CMakeFiles/ros2_benchmark_interfaces__rosidl_typesupport_c.dir/rosidl_typesupport_c/ros2_benchmark_interfaces/srv/stop_recording__type_support.cpp.o[0m
[4.774s] [ 45%] [32mBuilding CXX object CMakeFiles/ros2_benchmark_interfaces__rosidl_typesupport_c.dir/rosidl_typesupport_c/ros2_benchmark_interfaces/srv/start_recording__type_support.cpp.o[0m
[4.777s] [ 46%] [32mBuilding CXX object CMakeFiles/ros2_benchmark_interfaces__rosidl_typesupport_c.dir/rosidl_typesupport_c/ros2_benchmark_interfaces/srv/stop_loading__type_support.cpp.o[0m
[4.805s] [ 47%] [32m[1mLinking CXX shared library libros2_benchmark_interfaces__rosidl_typesupport_c.so[0m
[4.835s] [ 47%] Built target ros2_benchmark_interfaces__rosidl_typesupport_c
[4.843s] [ 48%] [32m[1mLinking CXX shared library libros2_benchmark_interfaces__rosidl_typesupport_cpp.so[0m
[4.877s] [ 48%] Built target ros2_benchmark_interfaces__rosidl_typesupport_cpp
[4.904s] [ 52%] [32mBuilding CXX object CMakeFiles/ros2_benchmark_interfaces__rosidl_typesupport_fastrtps_cpp.dir/rosidl_typesupport_fastrtps_cpp/ros2_benchmark_interfaces/srv/detail/dds_fastrtps/play_messages__type_support.cpp.o[0m
[4.905s] [ 52%] [32mBuilding CXX object CMakeFiles/ros2_benchmark_interfaces__rosidl_typesupport_fastrtps_cpp.dir/rosidl_typesupport_fastrtps_cpp/ros2_benchmark_interfaces/srv/detail/dds_fastrtps/set_data__type_support.cpp.o[0m
[4.905s] [ 52%] [32mBuilding CXX object CMakeFiles/ros2_benchmark_interfaces__rosidl_typesupport_fastrtps_cpp.dir/rosidl_typesupport_fastrtps_cpp/ros2_benchmark_interfaces/msg/detail/dds_fastrtps/topic_message_timestamp_array__type_support.cpp.o[0m
[4.905s] [ 53%] [32mBuilding CXX object CMakeFiles/ros2_benchmark_interfaces__rosidl_typesupport_fastrtps_cpp.dir/rosidl_typesupport_fastrtps_cpp/ros2_benchmark_interfaces/srv/detail/dds_fastrtps/get_topic_message_timestamps__type_support.cpp.o[0m
[4.905s] [ 54%] [32mBuilding CXX object CMakeFiles/ros2_benchmark_interfaces__rosidl_typesupport_fastrtps_cpp.dir/rosidl_typesupport_fastrtps_cpp/ros2_benchmark_interfaces/srv/detail/dds_fastrtps/stop_monitoring__type_support.cpp.o[0m
[4.905s] [ 54%] [32mBuilding CXX object CMakeFiles/ros2_benchmark_interfaces__rosidl_typesupport_fastrtps_cpp.dir/rosidl_typesupport_fastrtps_cpp/ros2_benchmark_interfaces/msg/detail/dds_fastrtps/timestamped_message_array__type_support.cpp.o[0m
[4.905s] [ 54%] [32mBuilding CXX object CMakeFiles/ros2_benchmark_interfaces__rosidl_typesupport_fastrtps_cpp.dir/rosidl_typesupport_fastrtps_cpp/ros2_benchmark_interfaces/msg/detail/dds_fastrtps/topic_message_count__type_support.cpp.o[0m
[4.906s] [ 55%] [32mBuilding CXX object CMakeFiles/ros2_benchmark_interfaces__rosidl_typesupport_fastrtps_cpp.dir/rosidl_typesupport_fastrtps_cpp/ros2_benchmark_interfaces/srv/detail/dds_fastrtps/start_monitoring__type_support.cpp.o[0m
[4.906s] [ 55%] [32mBuilding CXX object CMakeFiles/ros2_benchmark_interfaces__rosidl_typesupport_fastrtps_cpp.dir/rosidl_typesupport_fastrtps_cpp/ros2_benchmark_interfaces/srv/detail/dds_fastrtps/stop_recording__type_support.cpp.o[0m
[4.908s] [ 56%] [32mBuilding CXX object CMakeFiles/ros2_benchmark_interfaces__rosidl_typesupport_fastrtps_cpp.dir/rosidl_typesupport_fastrtps_cpp/ros2_benchmark_interfaces/srv/detail/dds_fastrtps/start_recording__type_support.cpp.o[0m
[4.909s] [ 57%] [32mBuilding CXX object CMakeFiles/ros2_benchmark_interfaces__rosidl_typesupport_fastrtps_cpp.dir/rosidl_typesupport_fastrtps_cpp/ros2_benchmark_interfaces/srv/detail/dds_fastrtps/start_loading__type_support.cpp.o[0m
[4.909s] [ 58%] [32mBuilding CXX object CMakeFiles/ros2_benchmark_interfaces__rosidl_typesupport_fastrtps_cpp.dir/rosidl_typesupport_fastrtps_cpp/ros2_benchmark_interfaces/srv/detail/dds_fastrtps/stop_loading__type_support.cpp.o[0m
[5.069s] [ 59%] [32m[1mLinking CXX shared library libros2_benchmark_interfaces__rosidl_typesupport_introspection_cpp.so[0m
[5.139s] [ 60%] [32mBuilding CXX object CMakeFiles/ros2_benchmark_interfaces__rosidl_typesupport_fastrtps_c.dir/rosidl_typesupport_fastrtps_c/ros2_benchmark_interfaces/msg/detail/timestamped_message_array__type_support_c.cpp.o[0m
[5.139s] [ 61%] [32mBuilding CXX object CMakeFiles/ros2_benchmark_interfaces__rosidl_typesupport_fastrtps_c.dir/rosidl_typesupport_fastrtps_c/ros2_benchmark_interfaces/msg/detail/topic_message_count__type_support_c.cpp.o[0m
[5.143s] [ 62%] [32mBuilding CXX object CMakeFiles/ros2_benchmark_interfaces__rosidl_typesupport_fastrtps_c.dir/rosidl_typesupport_fastrtps_c/ros2_benchmark_interfaces/srv/detail/start_loading__type_support_c.cpp.o[0m
[5.144s] [ 63%] [32mBuilding CXX object CMakeFiles/ros2_benchmark_interfaces__rosidl_typesupport_fastrtps_c.dir/rosidl_typesupport_fastrtps_c/ros2_benchmark_interfaces/srv/detail/get_topic_message_timestamps__type_support_c.cpp.o[0m
[5.156s] [ 64%] [32mBuilding CXX object CMakeFiles/ros2_benchmark_interfaces__rosidl_typesupport_fastrtps_c.dir/rosidl_typesupport_fastrtps_c/ros2_benchmark_interfaces/srv/detail/start_monitoring__type_support_c.cpp.o[0m
[5.156s] [ 64%] [32mBuilding CXX object CMakeFiles/ros2_benchmark_interfaces__rosidl_typesupport_fastrtps_c.dir/rosidl_typesupport_fastrtps_c/ros2_benchmark_interfaces/srv/detail/set_data__type_support_c.cpp.o[0m
[5.156s] [ 65%] [32mBuilding CXX object CMakeFiles/ros2_benchmark_interfaces__rosidl_typesupport_fastrtps_c.dir/rosidl_typesupport_fastrtps_c/ros2_benchmark_interfaces/msg/detail/topic_message_timestamp_array__type_support_c.cpp.o[0m
[5.162s] [ 66%] [32mBuilding CXX object CMakeFiles/ros2_benchmark_interfaces__rosidl_typesupport_fastrtps_c.dir/rosidl_typesupport_fastrtps_c/ros2_benchmark_interfaces/srv/detail/play_messages__type_support_c.cpp.o[0m
[5.234s] [ 66%] Built target ros2_benchmark_interfaces__rosidl_typesupport_introspection_cpp
[5.282s] [ 67%] [32mBuilding CXX object CMakeFiles/ros2_benchmark_interfaces__rosidl_typesupport_fastrtps_c.dir/rosidl_typesupport_fastrtps_c/ros2_benchmark_interfaces/srv/detail/stop_monitoring__type_support_c.cpp.o[0m
[5.311s] [ 68%] [32mBuilding CXX object CMakeFiles/ros2_benchmark_interfaces__rosidl_typesupport_fastrtps_c.dir/rosidl_typesupport_fastrtps_c/ros2_benchmark_interfaces/srv/detail/start_recording__type_support_c.cpp.o[0m
[5.352s] [ 69%] [32mBuilding CXX object CMakeFiles/ros2_benchmark_interfaces__rosidl_typesupport_fastrtps_c.dir/rosidl_typesupport_fastrtps_c/ros2_benchmark_interfaces/srv/detail/stop_loading__type_support_c.cpp.o[0m
[5.404s] [ 69%] [32mBuilding CXX object CMakeFiles/ros2_benchmark_interfaces__rosidl_typesupport_fastrtps_c.dir/rosidl_typesupport_fastrtps_c/ros2_benchmark_interfaces/srv/detail/stop_recording__type_support_c.cpp.o[0m
[5.518s] [ 70%] [32mBuilding C object CMakeFiles/ros2_benchmark_interfaces__rosidl_typesupport_introspection_c.dir/rosidl_typesupport_introspection_c/ros2_benchmark_interfaces/msg/detail/topic_message_count__type_support.c.o[0m
[5.528s] [ 71%] [32mBuilding C object CMakeFiles/ros2_benchmark_interfaces__rosidl_typesupport_introspection_c.dir/rosidl_typesupport_introspection_c/ros2_benchmark_interfaces/srv/detail/set_data__type_support.c.o[0m
[5.528s] [ 71%] [32mBuilding C object CMakeFiles/ros2_benchmark_interfaces__rosidl_typesupport_introspection_c.dir/rosidl_typesupport_introspection_c/ros2_benchmark_interfaces/msg/detail/timestamped_message_array__type_support.c.o[0m
[5.528s] [ 72%] [32mBuilding C object CMakeFiles/ros2_benchmark_interfaces__rosidl_typesupport_introspection_c.dir/rosidl_typesupport_introspection_c/ros2_benchmark_interfaces/srv/detail/play_messages__type_support.c.o[0m
[5.528s] [ 73%] [32mBuilding C object CMakeFiles/ros2_benchmark_interfaces__rosidl_typesupport_introspection_c.dir/rosidl_typesupport_introspection_c/ros2_benchmark_interfaces/srv/detail/start_loading__type_support.c.o[0m
[5.538s] [ 74%] [32mBuilding C object CMakeFiles/ros2_benchmark_interfaces__rosidl_typesupport_introspection_c.dir/rosidl_typesupport_introspection_c/ros2_benchmark_interfaces/srv/detail/get_topic_message_timestamps__type_support.c.o[0m
[5.539s] [ 75%] [32mBuilding C object CMakeFiles/ros2_benchmark_interfaces__rosidl_typesupport_introspection_c.dir/rosidl_typesupport_introspection_c/ros2_benchmark_interfaces/msg/detail/topic_message_timestamp_array__type_support.c.o[0m
[5.539s] [ 76%] [32mBuilding C object CMakeFiles/ros2_benchmark_interfaces__rosidl_typesupport_introspection_c.dir/rosidl_typesupport_introspection_c/ros2_benchmark_interfaces/srv/detail/start_monitoring__type_support.c.o[0m
[5.569s] [ 77%] [32mBuilding C object CMakeFiles/ros2_benchmark_interfaces__rosidl_typesupport_introspection_c.dir/rosidl_typesupport_introspection_c/ros2_benchmark_interfaces/srv/detail/stop_monitoring__type_support.c.o[0m
[5.590s] [ 78%] [32mBuilding C object CMakeFiles/ros2_benchmark_interfaces__rosidl_typesupport_introspection_c.dir/rosidl_typesupport_introspection_c/ros2_benchmark_interfaces/srv/detail/stop_loading__type_support.c.o[0m
[5.601s] [ 79%] [32mBuilding C object CMakeFiles/ros2_benchmark_interfaces__rosidl_typesupport_introspection_c.dir/rosidl_typesupport_introspection_c/ros2_benchmark_interfaces/srv/detail/start_recording__type_support.c.o[0m
[5.603s] [ 79%] [32mBuilding C object CMakeFiles/ros2_benchmark_interfaces__rosidl_typesupport_introspection_c.dir/rosidl_typesupport_introspection_c/ros2_benchmark_interfaces/srv/detail/stop_recording__type_support.c.o[0m
[5.620s] [ 80%] [32m[1mLinking CXX shared library libros2_benchmark_interfaces__rosidl_typesupport_fastrtps_cpp.so[0m
[5.671s] [ 81%] [32m[1mLinking C shared library libros2_benchmark_interfaces__rosidl_typesupport_introspection_c.so[0m
[5.676s] [ 81%] Built target ros2_benchmark_interfaces__rosidl_typesupport_fastrtps_cpp
[5.704s] [ 81%] Built target ros2_benchmark_interfaces__rosidl_typesupport_introspection_c
[5.814s] [ 82%] [32m[1mLinking CXX shared library libros2_benchmark_interfaces__rosidl_typesupport_fastrtps_c.so[0m
[5.875s] [ 82%] Built target ros2_benchmark_interfaces__rosidl_typesupport_fastrtps_c
[5.895s] [ 82%] Built target ros2_benchmark_interfaces
[5.915s] [ 83%] [34m[1mGenerating Python code for ROS interfaces[0m
[7.953s] [ 83%] Built target ros2_benchmark_interfaces__py
[7.969s] [ 84%] [32mBuilding C object CMakeFiles/ros2_benchmark_interfaces__rosidl_generator_py.dir/rosidl_generator_py/ros2_benchmark_interfaces/srv/_play_messages_s.c.o[0m
[7.969s] [ 86%] [32mBuilding C object CMakeFiles/ros2_benchmark_interfaces__rosidl_generator_py.dir/rosidl_generator_py/ros2_benchmark_interfaces/srv/_start_recording_s.c.o[0m
[7.969s] [ 86%] [32mBuilding C object CMakeFiles/ros2_benchmark_interfaces__rosidl_generator_py.dir/rosidl_generator_py/ros2_benchmark_interfaces/srv/_set_data_s.c.o[0m
[7.969s] [ 87%] [32mBuilding C object CMakeFiles/ros2_benchmark_interfaces__rosidl_generator_py.dir/rosidl_generator_py/ros2_benchmark_interfaces/srv/_start_loading_s.c.o[0m
[7.969s] [ 88%] [32mBuilding C object CMakeFiles/ros2_benchmark_interfaces__rosidl_generator_py.dir/rosidl_generator_py/ros2_benchmark_interfaces/srv/_stop_loading_s.c.o[0m
[7.970s] [ 89%] [32mBuilding C object CMakeFiles/ros2_benchmark_interfaces__rosidl_generator_py.dir/rosidl_generator_py/ros2_benchmark_interfaces/msg/_timestamped_message_array_s.c.o[0m
[7.970s] [ 91%] [32mBuilding C object CMakeFiles/ros2_benchmark_interfaces__rosidl_generator_py.dir/rosidl_generator_py/ros2_benchmark_interfaces/msg/_topic_message_count_s.c.o[0m
[7.970s] [ 91%] [32mBuilding C object CMakeFiles/ros2_benchmark_interfaces__rosidl_generator_py.dir/rosidl_generator_py/ros2_benchmark_interfaces/msg/_topic_message_timestamp_array_s.c.o[0m
[7.970s] [ 91%] [32mBuilding C object CMakeFiles/ros2_benchmark_interfaces__rosidl_generator_py.dir/rosidl_generator_py/ros2_benchmark_interfaces/srv/_get_topic_message_timestamps_s.c.o[0m
[7.970s] [ 91%] [32mBuilding C object CMakeFiles/ros2_benchmark_interfaces__rosidl_generator_py.dir/rosidl_generator_py/ros2_benchmark_interfaces/srv/_start_monitoring_s.c.o[0m
[7.971s] [ 92%] [32mBuilding C object CMakeFiles/ros2_benchmark_interfaces__rosidl_generator_py.dir/rosidl_generator_py/ros2_benchmark_interfaces/srv/_stop_monitoring_s.c.o[0m
[7.971s] [ 93%] [32mBuilding C object CMakeFiles/ros2_benchmark_interfaces__rosidl_generator_py.dir/rosidl_generator_py/ros2_benchmark_interfaces/srv/_stop_recording_s.c.o[0m
[8.109s] [ 94%] [32m[1mLinking C shared library rosidl_generator_py/ros2_benchmark_interfaces/libros2_benchmark_interfaces__rosidl_generator_py.so[0m
[8.139s] [ 94%] Built target ros2_benchmark_interfaces__rosidl_generator_py
[8.153s] [ 95%] [32mBuilding C object CMakeFiles/ros2_benchmark_interfaces__rosidl_typesupport_fastrtps_c__pyext.dir/rosidl_generator_py/ros2_benchmark_interfaces/_ros2_benchmark_interfaces_s.ep.rosidl_typesupport_fastrtps_c.c.o[0m
[8.155s] [ 96%] [32mBuilding C object CMakeFiles/ros2_benchmark_interfaces__rosidl_typesupport_introspection_c__pyext.dir/rosidl_generator_py/ros2_benchmark_interfaces/_ros2_benchmark_interfaces_s.ep.rosidl_typesupport_introspection_c.c.o[0m
[8.156s] [ 97%] [32mBuilding C object CMakeFiles/ros2_benchmark_interfaces__rosidl_typesupport_c__pyext.dir/rosidl_generator_py/ros2_benchmark_interfaces/_ros2_benchmark_interfaces_s.ep.rosidl_typesupport_c.c.o[0m
[8.360s] [ 98%] [32m[1mLinking C shared library rosidl_generator_py/ros2_benchmark_interfaces/ros2_benchmark_interfaces_s__rosidl_typesupport_introspection_c.cpython-310-x86_64-linux-gnu.so[0m
[8.360s] [ 99%] [32m[1mLinking C shared library rosidl_generator_py/ros2_benchmark_interfaces/ros2_benchmark_interfaces_s__rosidl_typesupport_fastrtps_c.cpython-310-x86_64-linux-gnu.so[0m
[8.369s] [100%] [32m[1mLinking C shared library rosidl_generator_py/ros2_benchmark_interfaces/ros2_benchmark_interfaces_s__rosidl_typesupport_c.cpython-310-x86_64-linux-gnu.so[0m
[8.383s] [100%] Built target ros2_benchmark_interfaces__rosidl_typesupport_introspection_c__pyext
[8.386s] [100%] Built target ros2_benchmark_interfaces__rosidl_typesupport_fastrtps_c__pyext
[8.397s] [100%] Built target ros2_benchmark_interfaces__rosidl_typesupport_c__pyext
[8.405s] Invoked command in '/home/sophie/visionaid/isaac_ros_ws/build/ros2_benchmark_interfaces' returned '0': AMENT_PREFIX_PATH=/home/sophie/visionaid/isaac_ros_ws/install/isaac_ros_common:${AMENT_PREFIX_PATH} CMAKE_PREFIX_PATH=/home/sophie/visionaid/isaac_ros_ws/install/isaac_ros_common:/opt/ros/humble LD_LIBRARY_PATH=/home/sophie/visionaid/isaac_ros_ws/install/isaac_ros_common/lib:${LD_LIBRARY_PATH} PATH=/home/sophie/visionaid/isaac_ros_ws/install/isaac_ros_common/bin:${PATH} PYTHONPATH=/home/sophie/visionaid/isaac_ros_ws/install/isaac_ros_common/local/lib/python3.10/dist-packages:${PYTHONPATH} /usr/bin/cmake --build /home/sophie/visionaid/isaac_ros_ws/build/ros2_benchmark_interfaces -- -j22 -l22
[8.407s] Invoking command in '/home/sophie/visionaid/isaac_ros_ws/build/ros2_benchmark_interfaces': AMENT_PREFIX_PATH=/home/sophie/visionaid/isaac_ros_ws/install/isaac_ros_common:${AMENT_PREFIX_PATH} CMAKE_PREFIX_PATH=/home/sophie/visionaid/isaac_ros_ws/install/isaac_ros_common:/opt/ros/humble LD_LIBRARY_PATH=/home/sophie/visionaid/isaac_ros_ws/install/isaac_ros_common/lib:${LD_LIBRARY_PATH} PATH=/home/sophie/visionaid/isaac_ros_ws/install/isaac_ros_common/bin:${PATH} PYTHONPATH=/home/sophie/visionaid/isaac_ros_ws/install/isaac_ros_common/local/lib/python3.10/dist-packages:${PYTHONPATH} /usr/bin/cmake --install /home/sophie/visionaid/isaac_ros_ws/build/ros2_benchmark_interfaces
[8.412s] -- Install configuration: "Release"
[8.412s] -- Execute custom install script
[8.412s] -- Symlinking: /home/sophie/visionaid/isaac_ros_ws/install/ros2_benchmark_interfaces/share/ament_index/resource_index/rosidl_interfaces/ros2_benchmark_interfaces
[8.419s] -- Symlinking: /home/sophie/visionaid/isaac_ros_ws/install/ros2_benchmark_interfaces/include/ros2_benchmark_interfaces/ros2_benchmark_interfaces/msg/detail/timestamped_message_array__functions.h
[8.424s] -- Symlinking: /home/sophie/visionaid/isaac_ros_ws/install/ros2_benchmark_interfaces/include/ros2_benchmark_interfaces/ros2_benchmark_interfaces/msg/detail/timestamped_message_array__struct.h
[8.431s] -- Symlinking: /home/sophie/visionaid/isaac_ros_ws/install/ros2_benchmark_interfaces/include/ros2_benchmark_interfaces/ros2_benchmark_interfaces/msg/detail/timestamped_message_array__type_support.h
[8.439s] -- Symlinking: /home/sophie/visionaid/isaac_ros_ws/install/ros2_benchmark_interfaces/include/ros2_benchmark_interfaces/ros2_benchmark_interfaces/msg/detail/topic_message_count__functions.h
[8.445s] -- Symlinking: /home/sophie/visionaid/isaac_ros_ws/install/ros2_benchmark_interfaces/include/ros2_benchmark_interfaces/ros2_benchmark_interfaces/msg/detail/topic_message_count__struct.h
[8.450s] -- Symlinking: /home/sophie/visionaid/isaac_ros_ws/install/ros2_benchmark_interfaces/include/ros2_benchmark_interfaces/ros2_benchmark_interfaces/msg/detail/topic_message_count__type_support.h
[8.457s] -- Symlinking: /home/sophie/visionaid/isaac_ros_ws/install/ros2_benchmark_interfaces/include/ros2_benchmark_interfaces/ros2_benchmark_interfaces/msg/detail/topic_message_timestamp_array__functions.h
[8.463s] -- Symlinking: /home/sophie/visionaid/isaac_ros_ws/install/ros2_benchmark_interfaces/include/ros2_benchmark_interfaces/ros2_benchmark_interfaces/msg/detail/topic_message_timestamp_array__struct.h
[8.469s] -- Symlinking: /home/sophie/visionaid/isaac_ros_ws/install/ros2_benchmark_interfaces/include/ros2_benchmark_interfaces/ros2_benchmark_interfaces/msg/detail/topic_message_timestamp_array__type_support.h
[8.477s] -- Symlinking: /home/sophie/visionaid/isaac_ros_ws/install/ros2_benchmark_interfaces/include/ros2_benchmark_interfaces/ros2_benchmark_interfaces/msg/rosidl_generator_c__visibility_control.h
[8.483s] -- Symlinking: /home/sophie/visionaid/isaac_ros_ws/install/ros2_benchmark_interfaces/include/ros2_benchmark_interfaces/ros2_benchmark_interfaces/msg/timestamped_message_array.h
[8.488s] -- Symlinking: /home/sophie/visionaid/isaac_ros_ws/install/ros2_benchmark_interfaces/include/ros2_benchmark_interfaces/ros2_benchmark_interfaces/msg/topic_message_count.h
[8.495s] -- Symlinking: /home/sophie/visionaid/isaac_ros_ws/install/ros2_benchmark_interfaces/include/ros2_benchmark_interfaces/ros2_benchmark_interfaces/msg/topic_message_timestamp_array.h
[8.501s] -- Symlinking: /home/sophie/visionaid/isaac_ros_ws/install/ros2_benchmark_interfaces/include/ros2_benchmark_interfaces/ros2_benchmark_interfaces/srv/detail/get_topic_message_timestamps__functions.h
[8.510s] -- Symlinking: /home/sophie/visionaid/isaac_ros_ws/install/ros2_benchmark_interfaces/include/ros2_benchmark_interfaces/ros2_benchmark_interfaces/srv/detail/get_topic_message_timestamps__struct.h
[8.517s] -- Symlinking: /home/sophie/visionaid/isaac_ros_ws/install/ros2_benchmark_interfaces/include/ros2_benchmark_interfaces/ros2_benchmark_interfaces/srv/detail/get_topic_message_timestamps__type_support.h
[8.524s] -- Symlinking: /home/sophie/visionaid/isaac_ros_ws/install/ros2_benchmark_interfaces/include/ros2_benchmark_interfaces/ros2_benchmark_interfaces/srv/detail/play_messages__functions.h
[8.532s] -- Symlinking: /home/sophie/visionaid/isaac_ros_ws/install/ros2_benchmark_interfaces/include/ros2_benchmark_interfaces/ros2_benchmark_interfaces/srv/detail/play_messages__struct.h
[8.538s] -- Symlinking: /home/sophie/visionaid/isaac_ros_ws/install/ros2_benchmark_interfaces/include/ros2_benchmark_interfaces/ros2_benchmark_interfaces/srv/detail/play_messages__type_support.h
[8.545s] -- Symlinking: /home/sophie/visionaid/isaac_ros_ws/install/ros2_benchmark_interfaces/include/ros2_benchmark_interfaces/ros2_benchmark_interfaces/srv/detail/set_data__functions.h
[8.553s] -- Symlinking: /home/sophie/visionaid/isaac_ros_ws/install/ros2_benchmark_interfaces/include/ros2_benchmark_interfaces/ros2_benchmark_interfaces/srv/detail/set_data__struct.h
[8.561s] -- Symlinking: /home/sophie/visionaid/isaac_ros_ws/install/ros2_benchmark_interfaces/include/ros2_benchmark_interfaces/ros2_benchmark_interfaces/srv/detail/set_data__type_support.h
[8.569s] -- Symlinking: /home/sophie/visionaid/isaac_ros_ws/install/ros2_benchmark_interfaces/include/ros2_benchmark_interfaces/ros2_benchmark_interfaces/srv/detail/start_loading__functions.h
[8.574s] -- Symlinking: /home/sophie/visionaid/isaac_ros_ws/install/ros2_benchmark_interfaces/include/ros2_benchmark_interfaces/ros2_benchmark_interfaces/srv/detail/start_loading__struct.h
[8.580s] -- Symlinking: /home/sophie/visionaid/isaac_ros_ws/install/ros2_benchmark_interfaces/include/ros2_benchmark_interfaces/ros2_benchmark_interfaces/srv/detail/start_loading__type_support.h
[8.586s] -- Symlinking: /home/sophie/visionaid/isaac_ros_ws/install/ros2_benchmark_interfaces/include/ros2_benchmark_interfaces/ros2_benchmark_interfaces/srv/detail/start_monitoring__functions.h
[8.593s] -- Symlinking: /home/sophie/visionaid/isaac_ros_ws/install/ros2_benchmark_interfaces/include/ros2_benchmark_interfaces/ros2_benchmark_interfaces/srv/detail/start_monitoring__struct.h
[8.601s] -- Symlinking: /home/sophie/visionaid/isaac_ros_ws/install/ros2_benchmark_interfaces/include/ros2_benchmark_interfaces/ros2_benchmark_interfaces/srv/detail/start_monitoring__type_support.h
[8.608s] -- Symlinking: /home/sophie/visionaid/isaac_ros_ws/install/ros2_benchmark_interfaces/include/ros2_benchmark_interfaces/ros2_benchmark_interfaces/srv/detail/start_recording__functions.h
[8.614s] -- Symlinking: /home/sophie/visionaid/isaac_ros_ws/install/ros2_benchmark_interfaces/include/ros2_benchmark_interfaces/ros2_benchmark_interfaces/srv/detail/start_recording__struct.h
[8.621s] -- Symlinking: /home/sophie/visionaid/isaac_ros_ws/install/ros2_benchmark_interfaces/include/ros2_benchmark_interfaces/ros2_benchmark_interfaces/srv/detail/start_recording__type_support.h
[8.628s] -- Symlinking: /home/sophie/visionaid/isaac_ros_ws/install/ros2_benchmark_interfaces/include/ros2_benchmark_interfaces/ros2_benchmark_interfaces/srv/detail/stop_loading__functions.h
[8.633s] -- Symlinking: /home/sophie/visionaid/isaac_ros_ws/install/ros2_benchmark_interfaces/include/ros2_benchmark_interfaces/ros2_benchmark_interfaces/srv/detail/stop_loading__struct.h
[8.638s] -- Symlinking: /home/sophie/visionaid/isaac_ros_ws/install/ros2_benchmark_interfaces/include/ros2_benchmark_interfaces/ros2_benchmark_interfaces/srv/detail/stop_loading__type_support.h
[8.645s] -- Symlinking: /home/sophie/visionaid/isaac_ros_ws/install/ros2_benchmark_interfaces/include/ros2_benchmark_interfaces/ros2_benchmark_interfaces/srv/detail/stop_monitoring__functions.h
[8.652s] -- Symlinking: /home/sophie/visionaid/isaac_ros_ws/install/ros2_benchmark_interfaces/include/ros2_benchmark_interfaces/ros2_benchmark_interfaces/srv/detail/stop_monitoring__struct.h
[8.657s] -- Symlinking: /home/sophie/visionaid/isaac_ros_ws/install/ros2_benchmark_interfaces/include/ros2_benchmark_interfaces/ros2_benchmark_interfaces/srv/detail/stop_monitoring__type_support.h
[8.662s] -- Symlinking: /home/sophie/visionaid/isaac_ros_ws/install/ros2_benchmark_interfaces/include/ros2_benchmark_interfaces/ros2_benchmark_interfaces/srv/detail/stop_recording__functions.h
[8.672s] -- Symlinking: /home/sophie/visionaid/isaac_ros_ws/install/ros2_benchmark_interfaces/include/ros2_benchmark_interfaces/ros2_benchmark_interfaces/srv/detail/stop_recording__struct.h
[8.678s] -- Symlinking: /home/sophie/visionaid/isaac_ros_ws/install/ros2_benchmark_interfaces/include/ros2_benchmark_interfaces/ros2_benchmark_interfaces/srv/detail/stop_recording__type_support.h
[8.688s] -- Symlinking: /home/sophie/visionaid/isaac_ros_ws/install/ros2_benchmark_interfaces/include/ros2_benchmark_interfaces/ros2_benchmark_interfaces/srv/get_topic_message_timestamps.h
[8.693s] -- Symlinking: /home/sophie/visionaid/isaac_ros_ws/install/ros2_benchmark_interfaces/include/ros2_benchmark_interfaces/ros2_benchmark_interfaces/srv/play_messages.h
[8.701s] -- Symlinking: /home/sophie/visionaid/isaac_ros_ws/install/ros2_benchmark_interfaces/include/ros2_benchmark_interfaces/ros2_benchmark_interfaces/srv/set_data.h
[8.706s] -- Symlinking: /home/sophie/visionaid/isaac_ros_ws/install/ros2_benchmark_interfaces/include/ros2_benchmark_interfaces/ros2_benchmark_interfaces/srv/start_loading.h
[8.711s] -- Symlinking: /home/sophie/visionaid/isaac_ros_ws/install/ros2_benchmark_interfaces/include/ros2_benchmark_interfaces/ros2_benchmark_interfaces/srv/start_monitoring.h
[8.716s] -- Symlinking: /home/sophie/visionaid/isaac_ros_ws/install/ros2_benchmark_interfaces/include/ros2_benchmark_interfaces/ros2_benchmark_interfaces/srv/start_recording.h
[8.723s] -- Symlinking: /home/sophie/visionaid/isaac_ros_ws/install/ros2_benchmark_interfaces/include/ros2_benchmark_interfaces/ros2_benchmark_interfaces/srv/stop_loading.h
[8.730s] -- Symlinking: /home/sophie/visionaid/isaac_ros_ws/install/ros2_benchmark_interfaces/include/ros2_benchmark_interfaces/ros2_benchmark_interfaces/srv/stop_monitoring.h
[8.737s] -- Symlinking: /home/sophie/visionaid/isaac_ros_ws/install/ros2_benchmark_interfaces/include/ros2_benchmark_interfaces/ros2_benchmark_interfaces/srv/stop_recording.h
[8.746s] -- Symlinking: /home/sophie/visionaid/isaac_ros_ws/install/ros2_benchmark_interfaces/share/ros2_benchmark_interfaces/environment/library_path.sh
[8.752s] -- Symlinking: /home/sophie/visionaid/isaac_ros_ws/install/ros2_benchmark_interfaces/share/ros2_benchmark_interfaces/environment/library_path.dsv
[8.760s] -- Symlinking: /home/sophie/visionaid/isaac_ros_ws/install/ros2_benchmark_interfaces/include/ros2_benchmark_interfaces/ros2_benchmark_interfaces/msg/detail/timestamped_message_array__rosidl_typesupport_fastrtps_c.h
[8.768s] -- Symlinking: /home/sophie/visionaid/isaac_ros_ws/install/ros2_benchmark_interfaces/include/ros2_benchmark_interfaces/ros2_benchmark_interfaces/msg/detail/topic_message_count__rosidl_typesupport_fastrtps_c.h
[8.775s] -- Symlinking: /home/sophie/visionaid/isaac_ros_ws/install/ros2_benchmark_interfaces/include/ros2_benchmark_interfaces/ros2_benchmark_interfaces/msg/detail/topic_message_timestamp_array__rosidl_typesupport_fastrtps_c.h
[8.782s] -- Symlinking: /home/sophie/visionaid/isaac_ros_ws/install/ros2_benchmark_interfaces/include/ros2_benchmark_interfaces/ros2_benchmark_interfaces/msg/rosidl_typesupport_fastrtps_c__visibility_control.h
[8.789s] -- Symlinking: /home/sophie/visionaid/isaac_ros_ws/install/ros2_benchmark_interfaces/include/ros2_benchmark_interfaces/ros2_benchmark_interfaces/srv/detail/get_topic_message_timestamps__rosidl_typesupport_fastrtps_c.h
[8.794s] -- Symlinking: /home/sophie/visionaid/isaac_ros_ws/install/ros2_benchmark_interfaces/include/ros2_benchmark_interfaces/ros2_benchmark_interfaces/srv/detail/play_messages__rosidl_typesupport_fastrtps_c.h
[8.800s] -- Symlinking: /home/sophie/visionaid/isaac_ros_ws/install/ros2_benchmark_interfaces/include/ros2_benchmark_interfaces/ros2_benchmark_interfaces/srv/detail/set_data__rosidl_typesupport_fastrtps_c.h
[8.807s] -- Symlinking: /home/sophie/visionaid/isaac_ros_ws/install/ros2_benchmark_interfaces/include/ros2_benchmark_interfaces/ros2_benchmark_interfaces/srv/detail/start_loading__rosidl_typesupport_fastrtps_c.h
[8.813s] -- Symlinking: /home/sophie/visionaid/isaac_ros_ws/install/ros2_benchmark_interfaces/include/ros2_benchmark_interfaces/ros2_benchmark_interfaces/srv/detail/start_monitoring__rosidl_typesupport_fastrtps_c.h
[8.820s] -- Symlinking: /home/sophie/visionaid/isaac_ros_ws/install/ros2_benchmark_interfaces/include/ros2_benchmark_interfaces/ros2_benchmark_interfaces/srv/detail/start_recording__rosidl_typesupport_fastrtps_c.h
[8.826s] -- Symlinking: /home/sophie/visionaid/isaac_ros_ws/install/ros2_benchmark_interfaces/include/ros2_benchmark_interfaces/ros2_benchmark_interfaces/srv/detail/stop_loading__rosidl_typesupport_fastrtps_c.h
[8.832s] -- Symlinking: /home/sophie/visionaid/isaac_ros_ws/install/ros2_benchmark_interfaces/include/ros2_benchmark_interfaces/ros2_benchmark_interfaces/srv/detail/stop_monitoring__rosidl_typesupport_fastrtps_c.h
[8.839s] -- Symlinking: /home/sophie/visionaid/isaac_ros_ws/install/ros2_benchmark_interfaces/include/ros2_benchmark_interfaces/ros2_benchmark_interfaces/srv/detail/stop_recording__rosidl_typesupport_fastrtps_c.h
[8.845s] -- Symlinking: /home/sophie/visionaid/isaac_ros_ws/install/ros2_benchmark_interfaces/include/ros2_benchmark_interfaces/ros2_benchmark_interfaces/msg/detail/timestamped_message_array__rosidl_typesupport_introspection_c.h
[8.853s] -- Symlinking: /home/sophie/visionaid/isaac_ros_ws/install/ros2_benchmark_interfaces/include/ros2_benchmark_interfaces/ros2_benchmark_interfaces/msg/detail/topic_message_count__rosidl_typesupport_introspection_c.h
[8.861s] -- Symlinking: /home/sophie/visionaid/isaac_ros_ws/install/ros2_benchmark_interfaces/include/ros2_benchmark_interfaces/ros2_benchmark_interfaces/msg/detail/topic_message_timestamp_array__rosidl_typesupport_introspection_c.h
[8.866s] -- Symlinking: /home/sophie/visionaid/isaac_ros_ws/install/ros2_benchmark_interfaces/include/ros2_benchmark_interfaces/ros2_benchmark_interfaces/msg/rosidl_typesupport_introspection_c__visibility_control.h
[8.871s] -- Symlinking: /home/sophie/visionaid/isaac_ros_ws/install/ros2_benchmark_interfaces/include/ros2_benchmark_interfaces/ros2_benchmark_interfaces/srv/detail/get_topic_message_timestamps__rosidl_typesupport_introspection_c.h
[8.875s] -- Symlinking: /home/sophie/visionaid/isaac_ros_ws/install/ros2_benchmark_interfaces/include/ros2_benchmark_interfaces/ros2_benchmark_interfaces/srv/detail/play_messages__rosidl_typesupport_introspection_c.h
[8.881s] -- Symlinking: /home/sophie/visionaid/isaac_ros_ws/install/ros2_benchmark_interfaces/include/ros2_benchmark_interfaces/ros2_benchmark_interfaces/srv/detail/set_data__rosidl_typesupport_introspection_c.h
[8.887s] -- Symlinking: /home/sophie/visionaid/isaac_ros_ws/install/ros2_benchmark_interfaces/include/ros2_benchmark_interfaces/ros2_benchmark_interfaces/srv/detail/start_loading__rosidl_typesupport_introspection_c.h
[8.892s] -- Symlinking: /home/sophie/visionaid/isaac_ros_ws/install/ros2_benchmark_interfaces/include/ros2_benchmark_interfaces/ros2_benchmark_interfaces/srv/detail/start_monitoring__rosidl_typesupport_introspection_c.h
[8.896s] -- Symlinking: /home/sophie/visionaid/isaac_ros_ws/install/ros2_benchmark_interfaces/include/ros2_benchmark_interfaces/ros2_benchmark_interfaces/srv/detail/start_recording__rosidl_typesupport_introspection_c.h
[8.903s] -- Symlinking: /home/sophie/visionaid/isaac_ros_ws/install/ros2_benchmark_interfaces/include/ros2_benchmark_interfaces/ros2_benchmark_interfaces/srv/detail/stop_loading__rosidl_typesupport_introspection_c.h
[8.909s] -- Symlinking: /home/sophie/visionaid/isaac_ros_ws/install/ros2_benchmark_interfaces/include/ros2_benchmark_interfaces/ros2_benchmark_interfaces/srv/detail/stop_monitoring__rosidl_typesupport_introspection_c.h
[8.915s] -- Symlinking: /home/sophie/visionaid/isaac_ros_ws/install/ros2_benchmark_interfaces/include/ros2_benchmark_interfaces/ros2_benchmark_interfaces/srv/detail/stop_recording__rosidl_typesupport_introspection_c.h
[8.925s] -- Symlinking: /home/sophie/visionaid/isaac_ros_ws/install/ros2_benchmark_interfaces/include/ros2_benchmark_interfaces/ros2_benchmark_interfaces/msg/detail/timestamped_message_array__builder.hpp
[8.931s] -- Symlinking: /home/sophie/visionaid/isaac_ros_ws/install/ros2_benchmark_interfaces/include/ros2_benchmark_interfaces/ros2_benchmark_interfaces/msg/detail/timestamped_message_array__struct.hpp
[8.936s] -- Symlinking: /home/sophie/visionaid/isaac_ros_ws/install/ros2_benchmark_interfaces/include/ros2_benchmark_interfaces/ros2_benchmark_interfaces/msg/detail/timestamped_message_array__traits.hpp
[8.943s] -- Symlinking: /home/sophie/visionaid/isaac_ros_ws/install/ros2_benchmark_interfaces/include/ros2_benchmark_interfaces/ros2_benchmark_interfaces/msg/detail/timestamped_message_array__type_support.hpp
[8.949s] -- Symlinking: /home/sophie/visionaid/isaac_ros_ws/install/ros2_benchmark_interfaces/include/ros2_benchmark_interfaces/ros2_benchmark_interfaces/msg/detail/topic_message_count__builder.hpp
[8.956s] -- Symlinking: /home/sophie/visionaid/isaac_ros_ws/install/ros2_benchmark_interfaces/include/ros2_benchmark_interfaces/ros2_benchmark_interfaces/msg/detail/topic_message_count__struct.hpp
[8.961s] -- Symlinking: /home/sophie/visionaid/isaac_ros_ws/install/ros2_benchmark_interfaces/include/ros2_benchmark_interfaces/ros2_benchmark_interfaces/msg/detail/topic_message_count__traits.hpp
[8.966s] -- Symlinking: /home/sophie/visionaid/isaac_ros_ws/install/ros2_benchmark_interfaces/include/ros2_benchmark_interfaces/ros2_benchmark_interfaces/msg/detail/topic_message_count__type_support.hpp
[8.972s] -- Symlinking: /home/sophie/visionaid/isaac_ros_ws/install/ros2_benchmark_interfaces/include/ros2_benchmark_interfaces/ros2_benchmark_interfaces/msg/detail/topic_message_timestamp_array__builder.hpp
[8.976s] -- Symlinking: /home/sophie/visionaid/isaac_ros_ws/install/ros2_benchmark_interfaces/include/ros2_benchmark_interfaces/ros2_benchmark_interfaces/msg/detail/topic_message_timestamp_array__struct.hpp
[8.984s] -- Symlinking: /home/sophie/visionaid/isaac_ros_ws/install/ros2_benchmark_interfaces/include/ros2_benchmark_interfaces/ros2_benchmark_interfaces/msg/detail/topic_message_timestamp_array__traits.hpp
[8.988s] -- Symlinking: /home/sophie/visionaid/isaac_ros_ws/install/ros2_benchmark_interfaces/include/ros2_benchmark_interfaces/ros2_benchmark_interfaces/msg/detail/topic_message_timestamp_array__type_support.hpp
[8.992s] -- Symlinking: /home/sophie/visionaid/isaac_ros_ws/install/ros2_benchmark_interfaces/include/ros2_benchmark_interfaces/ros2_benchmark_interfaces/msg/rosidl_generator_cpp__visibility_control.hpp
[8.998s] -- Symlinking: /home/sophie/visionaid/isaac_ros_ws/install/ros2_benchmark_interfaces/include/ros2_benchmark_interfaces/ros2_benchmark_interfaces/msg/timestamped_message_array.hpp
[9.004s] -- Symlinking: /home/sophie/visionaid/isaac_ros_ws/install/ros2_benchmark_interfaces/include/ros2_benchmark_interfaces/ros2_benchmark_interfaces/msg/topic_message_count.hpp
[9.010s] -- Symlinking: /home/sophie/visionaid/isaac_ros_ws/install/ros2_benchmark_interfaces/include/ros2_benchmark_interfaces/ros2_benchmark_interfaces/msg/topic_message_timestamp_array.hpp
[9.017s] -- Symlinking: /home/sophie/visionaid/isaac_ros_ws/install/ros2_benchmark_interfaces/include/ros2_benchmark_interfaces/ros2_benchmark_interfaces/srv/detail/get_topic_message_timestamps__builder.hpp
[9.022s] -- Symlinking: /home/sophie/visionaid/isaac_ros_ws/install/ros2_benchmark_interfaces/include/ros2_benchmark_interfaces/ros2_benchmark_interfaces/srv/detail/get_topic_message_timestamps__struct.hpp
[9.028s] -- Symlinking: /home/sophie/visionaid/isaac_ros_ws/install/ros2_benchmark_interfaces/include/ros2_benchmark_interfaces/ros2_benchmark_interfaces/srv/detail/get_topic_message_timestamps__traits.hpp
[9.034s] -- Symlinking: /home/sophie/visionaid/isaac_ros_ws/install/ros2_benchmark_interfaces/include/ros2_benchmark_interfaces/ros2_benchmark_interfaces/srv/detail/get_topic_message_timestamps__type_support.hpp
[9.039s] -- Symlinking: /home/sophie/visionaid/isaac_ros_ws/install/ros2_benchmark_interfaces/include/ros2_benchmark_interfaces/ros2_benchmark_interfaces/srv/detail/play_messages__builder.hpp
[9.045s] -- Symlinking: /home/sophie/visionaid/isaac_ros_ws/install/ros2_benchmark_interfaces/include/ros2_benchmark_interfaces/ros2_benchmark_interfaces/srv/detail/play_messages__struct.hpp
[9.050s] -- Symlinking: /home/sophie/visionaid/isaac_ros_ws/install/ros2_benchmark_interfaces/include/ros2_benchmark_interfaces/ros2_benchmark_interfaces/srv/detail/play_messages__traits.hpp
[9.057s] -- Symlinking: /home/sophie/visionaid/isaac_ros_ws/install/ros2_benchmark_interfaces/include/ros2_benchmark_interfaces/ros2_benchmark_interfaces/srv/detail/play_messages__type_support.hpp
[9.063s] -- Symlinking: /home/sophie/visionaid/isaac_ros_ws/install/ros2_benchmark_interfaces/include/ros2_benchmark_interfaces/ros2_benchmark_interfaces/srv/detail/set_data__builder.hpp
[9.070s] -- Symlinking: /home/sophie/visionaid/isaac_ros_ws/install/ros2_benchmark_interfaces/include/ros2_benchmark_interfaces/ros2_benchmark_interfaces/srv/detail/set_data__struct.hpp
[9.074s] -- Symlinking: /home/sophie/visionaid/isaac_ros_ws/install/ros2_benchmark_interfaces/include/ros2_benchmark_interfaces/ros2_benchmark_interfaces/srv/detail/set_data__traits.hpp
[9.078s] -- Symlinking: /home/sophie/visionaid/isaac_ros_ws/install/ros2_benchmark_interfaces/include/ros2_benchmark_interfaces/ros2_benchmark_interfaces/srv/detail/set_data__type_support.hpp
[9.083s] -- Symlinking: /home/sophie/visionaid/isaac_ros_ws/install/ros2_benchmark_interfaces/include/ros2_benchmark_interfaces/ros2_benchmark_interfaces/srv/detail/start_loading__builder.hpp
[9.090s] -- Symlinking: /home/sophie/visionaid/isaac_ros_ws/install/ros2_benchmark_interfaces/include/ros2_benchmark_interfaces/ros2_benchmark_interfaces/srv/detail/start_loading__struct.hpp
[9.095s] -- Symlinking: /home/sophie/visionaid/isaac_ros_ws/install/ros2_benchmark_interfaces/include/ros2_benchmark_interfaces/ros2_benchmark_interfaces/srv/detail/start_loading__traits.hpp
[9.101s] -- Symlinking: /home/sophie/visionaid/isaac_ros_ws/install/ros2_benchmark_interfaces/include/ros2_benchmark_interfaces/ros2_benchmark_interfaces/srv/detail/start_loading__type_support.hpp
[9.106s] -- Symlinking: /home/sophie/visionaid/isaac_ros_ws/install/ros2_benchmark_interfaces/include/ros2_benchmark_interfaces/ros2_benchmark_interfaces/srv/detail/start_monitoring__builder.hpp
[9.112s] -- Symlinking: /home/sophie/visionaid/isaac_ros_ws/install/ros2_benchmark_interfaces/include/ros2_benchmark_interfaces/ros2_benchmark_interfaces/srv/detail/start_monitoring__struct.hpp
[9.116s] -- Symlinking: /home/sophie/visionaid/isaac_ros_ws/install/ros2_benchmark_interfaces/include/ros2_benchmark_interfaces/ros2_benchmark_interfaces/srv/detail/start_monitoring__traits.hpp
[9.121s] -- Symlinking: /home/sophie/visionaid/isaac_ros_ws/install/ros2_benchmark_interfaces/include/ros2_benchmark_interfaces/ros2_benchmark_interfaces/srv/detail/start_monitoring__type_support.hpp
[9.126s] -- Symlinking: /home/sophie/visionaid/isaac_ros_ws/install/ros2_benchmark_interfaces/include/ros2_benchmark_interfaces/ros2_benchmark_interfaces/srv/detail/start_recording__builder.hpp
[9.132s] -- Symlinking: /home/sophie/visionaid/isaac_ros_ws/install/ros2_benchmark_interfaces/include/ros2_benchmark_interfaces/ros2_benchmark_interfaces/srv/detail/start_recording__struct.hpp
[9.136s] -- Symlinking: /home/sophie/visionaid/isaac_ros_ws/install/ros2_benchmark_interfaces/include/ros2_benchmark_interfaces/ros2_benchmark_interfaces/srv/detail/start_recording__traits.hpp
[9.141s] -- Symlinking: /home/sophie/visionaid/isaac_ros_ws/install/ros2_benchmark_interfaces/include/ros2_benchmark_interfaces/ros2_benchmark_interfaces/srv/detail/start_recording__type_support.hpp
[9.147s] -- Symlinking: /home/sophie/visionaid/isaac_ros_ws/install/ros2_benchmark_interfaces/include/ros2_benchmark_interfaces/ros2_benchmark_interfaces/srv/detail/stop_loading__builder.hpp
[9.153s] -- Symlinking: /home/sophie/visionaid/isaac_ros_ws/install/ros2_benchmark_interfaces/include/ros2_benchmark_interfaces/ros2_benchmark_interfaces/srv/detail/stop_loading__struct.hpp
[9.157s] -- Symlinking: /home/sophie/visionaid/isaac_ros_ws/install/ros2_benchmark_interfaces/include/ros2_benchmark_interfaces/ros2_benchmark_interfaces/srv/detail/stop_loading__traits.hpp
[9.161s] -- Symlinking: /home/sophie/visionaid/isaac_ros_ws/install/ros2_benchmark_interfaces/include/ros2_benchmark_interfaces/ros2_benchmark_interfaces/srv/detail/stop_loading__type_support.hpp
[9.168s] -- Symlinking: /home/sophie/visionaid/isaac_ros_ws/install/ros2_benchmark_interfaces/include/ros2_benchmark_interfaces/ros2_benchmark_interfaces/srv/detail/stop_monitoring__builder.hpp
[9.173s] -- Symlinking: /home/sophie/visionaid/isaac_ros_ws/install/ros2_benchmark_interfaces/include/ros2_benchmark_interfaces/ros2_benchmark_interfaces/srv/detail/stop_monitoring__struct.hpp
[9.177s] -- Symlinking: /home/sophie/visionaid/isaac_ros_ws/install/ros2_benchmark_interfaces/include/ros2_benchmark_interfaces/ros2_benchmark_interfaces/srv/detail/stop_monitoring__traits.hpp
[9.182s] -- Symlinking: /home/sophie/visionaid/isaac_ros_ws/install/ros2_benchmark_interfaces/include/ros2_benchmark_interfaces/ros2_benchmark_interfaces/srv/detail/stop_monitoring__type_support.hpp
[9.186s] -- Symlinking: /home/sophie/visionaid/isaac_ros_ws/install/ros2_benchmark_interfaces/include/ros2_benchmark_interfaces/ros2_benchmark_interfaces/srv/detail/stop_recording__builder.hpp
[9.192s] -- Symlinking: /home/sophie/visionaid/isaac_ros_ws/install/ros2_benchmark_interfaces/include/ros2_benchmark_interfaces/ros2_benchmark_interfaces/srv/detail/stop_recording__struct.hpp
[9.196s] -- Symlinking: /home/sophie/visionaid/isaac_ros_ws/install/ros2_benchmark_interfaces/include/ros2_benchmark_interfaces/ros2_benchmark_interfaces/srv/detail/stop_recording__traits.hpp
[9.201s] -- Symlinking: /home/sophie/visionaid/isaac_ros_ws/install/ros2_benchmark_interfaces/include/ros2_benchmark_interfaces/ros2_benchmark_interfaces/srv/detail/stop_recording__type_support.hpp
[9.207s] -- Symlinking: /home/sophie/visionaid/isaac_ros_ws/install/ros2_benchmark_interfaces/include/ros2_benchmark_interfaces/ros2_benchmark_interfaces/srv/get_topic_message_timestamps.hpp
[9.212s] -- Symlinking: /home/sophie/visionaid/isaac_ros_ws/install/ros2_benchmark_interfaces/include/ros2_benchmark_interfaces/ros2_benchmark_interfaces/srv/play_messages.hpp
[9.216s] -- Symlinking: /home/sophie/visionaid/isaac_ros_ws/install/ros2_benchmark_interfaces/include/ros2_benchmark_interfaces/ros2_benchmark_interfaces/srv/set_data.hpp
[9.221s] -- Symlinking: /home/sophie/visionaid/isaac_ros_ws/install/ros2_benchmark_interfaces/include/ros2_benchmark_interfaces/ros2_benchmark_interfaces/srv/start_loading.hpp
[9.225s] -- Symlinking: /home/sophie/visionaid/isaac_ros_ws/install/ros2_benchmark_interfaces/include/ros2_benchmark_interfaces/ros2_benchmark_interfaces/srv/start_monitoring.hpp
[9.231s] -- Symlinking: /home/sophie/visionaid/isaac_ros_ws/install/ros2_benchmark_interfaces/include/ros2_benchmark_interfaces/ros2_benchmark_interfaces/srv/start_recording.hpp
[9.236s] -- Symlinking: /home/sophie/visionaid/isaac_ros_ws/install/ros2_benchmark_interfaces/include/ros2_benchmark_interfaces/ros2_benchmark_interfaces/srv/stop_loading.hpp
[9.241s] -- Symlinking: /home/sophie/visionaid/isaac_ros_ws/install/ros2_benchmark_interfaces/include/ros2_benchmark_interfaces/ros2_benchmark_interfaces/srv/stop_monitoring.hpp
[9.246s] -- Symlinking: /home/sophie/visionaid/isaac_ros_ws/install/ros2_benchmark_interfaces/include/ros2_benchmark_interfaces/ros2_benchmark_interfaces/srv/stop_recording.hpp
[9.252s] -- Symlinking: /home/sophie/visionaid/isaac_ros_ws/install/ros2_benchmark_interfaces/include/ros2_benchmark_interfaces/ros2_benchmark_interfaces/msg/detail/timestamped_message_array__rosidl_typesupport_fastrtps_cpp.hpp
[9.258s] -- Symlinking: /home/sophie/visionaid/isaac_ros_ws/install/ros2_benchmark_interfaces/include/ros2_benchmark_interfaces/ros2_benchmark_interfaces/msg/detail/topic_message_count__rosidl_typesupport_fastrtps_cpp.hpp
[9.266s] -- Symlinking: /home/sophie/visionaid/isaac_ros_ws/install/ros2_benchmark_interfaces/include/ros2_benchmark_interfaces/ros2_benchmark_interfaces/msg/detail/topic_message_timestamp_array__rosidl_typesupport_fastrtps_cpp.hpp
[9.273s] -- Symlinking: /home/sophie/visionaid/isaac_ros_ws/install/ros2_benchmark_interfaces/include/ros2_benchmark_interfaces/ros2_benchmark_interfaces/msg/rosidl_typesupport_fastrtps_cpp__visibility_control.h
[9.278s] -- Symlinking: /home/sophie/visionaid/isaac_ros_ws/install/ros2_benchmark_interfaces/include/ros2_benchmark_interfaces/ros2_benchmark_interfaces/srv/detail/get_topic_message_timestamps__rosidl_typesupport_fastrtps_cpp.hpp
[9.285s] -- Symlinking: /home/sophie/visionaid/isaac_ros_ws/install/ros2_benchmark_interfaces/include/ros2_benchmark_interfaces/ros2_benchmark_interfaces/srv/detail/play_messages__rosidl_typesupport_fastrtps_cpp.hpp
[9.292s] -- Symlinking: /home/sophie/visionaid/isaac_ros_ws/install/ros2_benchmark_interfaces/include/ros2_benchmark_interfaces/ros2_benchmark_interfaces/srv/detail/set_data__rosidl_typesupport_fastrtps_cpp.hpp
[9.296s] -- Symlinking: /home/sophie/visionaid/isaac_ros_ws/install/ros2_benchmark_interfaces/include/ros2_benchmark_interfaces/ros2_benchmark_interfaces/srv/detail/start_loading__rosidl_typesupport_fastrtps_cpp.hpp
[9.302s] -- Symlinking: /home/sophie/visionaid/isaac_ros_ws/install/ros2_benchmark_interfaces/include/ros2_benchmark_interfaces/ros2_benchmark_interfaces/srv/detail/start_monitoring__rosidl_typesupport_fastrtps_cpp.hpp
[9.306s] -- Symlinking: /home/sophie/visionaid/isaac_ros_ws/install/ros2_benchmark_interfaces/include/ros2_benchmark_interfaces/ros2_benchmark_interfaces/srv/detail/start_recording__rosidl_typesupport_fastrtps_cpp.hpp
[9.313s] -- Symlinking: /home/sophie/visionaid/isaac_ros_ws/install/ros2_benchmark_interfaces/include/ros2_benchmark_interfaces/ros2_benchmark_interfaces/srv/detail/stop_loading__rosidl_typesupport_fastrtps_cpp.hpp
[9.319s] -- Symlinking: /home/sophie/visionaid/isaac_ros_ws/install/ros2_benchmark_interfaces/include/ros2_benchmark_interfaces/ros2_benchmark_interfaces/srv/detail/stop_monitoring__rosidl_typesupport_fastrtps_cpp.hpp
[9.324s] -- Symlinking: /home/sophie/visionaid/isaac_ros_ws/install/ros2_benchmark_interfaces/include/ros2_benchmark_interfaces/ros2_benchmark_interfaces/srv/detail/stop_recording__rosidl_typesupport_fastrtps_cpp.hpp
[9.331s] -- Symlinking: /home/sophie/visionaid/isaac_ros_ws/install/ros2_benchmark_interfaces/include/ros2_benchmark_interfaces/ros2_benchmark_interfaces/msg/detail/timestamped_message_array__rosidl_typesupport_introspection_cpp.hpp
[9.335s] -- Symlinking: /home/sophie/visionaid/isaac_ros_ws/install/ros2_benchmark_interfaces/include/ros2_benchmark_interfaces/ros2_benchmark_interfaces/msg/detail/topic_message_count__rosidl_typesupport_introspection_cpp.hpp
[9.341s] -- Symlinking: /home/sophie/visionaid/isaac_ros_ws/install/ros2_benchmark_interfaces/include/ros2_benchmark_interfaces/ros2_benchmark_interfaces/msg/detail/topic_message_timestamp_array__rosidl_typesupport_introspection_cpp.hpp
[9.346s] -- Symlinking: /home/sophie/visionaid/isaac_ros_ws/install/ros2_benchmark_interfaces/include/ros2_benchmark_interfaces/ros2_benchmark_interfaces/srv/detail/get_topic_message_timestamps__rosidl_typesupport_introspection_cpp.hpp
[9.355s] -- Symlinking: /home/sophie/visionaid/isaac_ros_ws/install/ros2_benchmark_interfaces/include/ros2_benchmark_interfaces/ros2_benchmark_interfaces/srv/detail/play_messages__rosidl_typesupport_introspection_cpp.hpp
[9.360s] -- Symlinking: /home/sophie/visionaid/isaac_ros_ws/install/ros2_benchmark_interfaces/include/ros2_benchmark_interfaces/ros2_benchmark_interfaces/srv/detail/set_data__rosidl_typesupport_introspection_cpp.hpp
[9.367s] -- Symlinking: /home/sophie/visionaid/isaac_ros_ws/install/ros2_benchmark_interfaces/include/ros2_benchmark_interfaces/ros2_benchmark_interfaces/srv/detail/start_loading__rosidl_typesupport_introspection_cpp.hpp
[9.372s] -- Symlinking: /home/sophie/visionaid/isaac_ros_ws/install/ros2_benchmark_interfaces/include/ros2_benchmark_interfaces/ros2_benchmark_interfaces/srv/detail/start_monitoring__rosidl_typesupport_introspection_cpp.hpp
[9.379s] -- Symlinking: /home/sophie/visionaid/isaac_ros_ws/install/ros2_benchmark_interfaces/include/ros2_benchmark_interfaces/ros2_benchmark_interfaces/srv/detail/start_recording__rosidl_typesupport_introspection_cpp.hpp
[9.386s] -- Symlinking: /home/sophie/visionaid/isaac_ros_ws/install/ros2_benchmark_interfaces/include/ros2_benchmark_interfaces/ros2_benchmark_interfaces/srv/detail/stop_loading__rosidl_typesupport_introspection_cpp.hpp
[9.393s] -- Symlinking: /home/sophie/visionaid/isaac_ros_ws/install/ros2_benchmark_interfaces/include/ros2_benchmark_interfaces/ros2_benchmark_interfaces/srv/detail/stop_monitoring__rosidl_typesupport_introspection_cpp.hpp
[9.403s] -- Symlinking: /home/sophie/visionaid/isaac_ros_ws/install/ros2_benchmark_interfaces/include/ros2_benchmark_interfaces/ros2_benchmark_interfaces/srv/detail/stop_recording__rosidl_typesupport_introspection_cpp.hpp
[9.410s] -- Symlinking: /home/sophie/visionaid/isaac_ros_ws/install/ros2_benchmark_interfaces/share/ros2_benchmark_interfaces/environment/pythonpath.sh
[9.415s] -- Symlinking: /home/sophie/visionaid/isaac_ros_ws/install/ros2_benchmark_interfaces/share/ros2_benchmark_interfaces/environment/pythonpath.dsv
[9.420s] -- Symlinking: /home/sophie/visionaid/isaac_ros_ws/install/ros2_benchmark_interfaces/local/lib/python3.10/dist-packages/ros2_benchmark_interfaces-3.2.5-py3.10.egg-info/PKG-INFO
[9.425s] -- Symlinking: /home/sophie/visionaid/isaac_ros_ws/install/ros2_benchmark_interfaces/local/lib/python3.10/dist-packages/ros2_benchmark_interfaces-3.2.5-py3.10.egg-info/SOURCES.txt
[9.432s] -- Symlinking: /home/sophie/visionaid/isaac_ros_ws/install/ros2_benchmark_interfaces/local/lib/python3.10/dist-packages/ros2_benchmark_interfaces-3.2.5-py3.10.egg-info/dependency_links.txt
[9.436s] -- Symlinking: /home/sophie/visionaid/isaac_ros_ws/install/ros2_benchmark_interfaces/local/lib/python3.10/dist-packages/ros2_benchmark_interfaces-3.2.5-py3.10.egg-info/top_level.txt
[9.441s] -- Symlinking: /home/sophie/visionaid/isaac_ros_ws/install/ros2_benchmark_interfaces/local/lib/python3.10/dist-packages/ros2_benchmark_interfaces/__init__.py
[9.448s] -- Symlinking: /home/sophie/visionaid/isaac_ros_ws/install/ros2_benchmark_interfaces/local/lib/python3.10/dist-packages/ros2_benchmark_interfaces/_ros2_benchmark_interfaces_s.ep.rosidl_typesupport_c.c
[9.456s] -- Symlinking: /home/sophie/visionaid/isaac_ros_ws/install/ros2_benchmark_interfaces/local/lib/python3.10/dist-packages/ros2_benchmark_interfaces/_ros2_benchmark_interfaces_s.ep.rosidl_typesupport_fastrtps_c.c
[9.461s] -- Symlinking: /home/sophie/visionaid/isaac_ros_ws/install/ros2_benchmark_interfaces/local/lib/python3.10/dist-packages/ros2_benchmark_interfaces/_ros2_benchmark_interfaces_s.ep.rosidl_typesupport_introspection_c.c
[9.468s] -- Symlinking: /home/sophie/visionaid/isaac_ros_ws/install/ros2_benchmark_interfaces/local/lib/python3.10/dist-packages/ros2_benchmark_interfaces/libros2_benchmark_interfaces__rosidl_generator_py.so
[9.473s] -- Symlinking: /home/sophie/visionaid/isaac_ros_ws/install/ros2_benchmark_interfaces/local/lib/python3.10/dist-packages/ros2_benchmark_interfaces/msg/__init__.py
[9.477s] -- Symlinking: /home/sophie/visionaid/isaac_ros_ws/install/ros2_benchmark_interfaces/local/lib/python3.10/dist-packages/ros2_benchmark_interfaces/msg/_timestamped_message_array.py
[9.482s] -- Symlinking: /home/sophie/visionaid/isaac_ros_ws/install/ros2_benchmark_interfaces/local/lib/python3.10/dist-packages/ros2_benchmark_interfaces/msg/_timestamped_message_array_s.c
[9.489s] -- Symlinking: /home/sophie/visionaid/isaac_ros_ws/install/ros2_benchmark_interfaces/local/lib/python3.10/dist-packages/ros2_benchmark_interfaces/msg/_topic_message_count.py
[9.494s] -- Symlinking: /home/sophie/visionaid/isaac_ros_ws/install/ros2_benchmark_interfaces/local/lib/python3.10/dist-packages/ros2_benchmark_interfaces/msg/_topic_message_count_s.c
[9.499s] -- Symlinking: /home/sophie/visionaid/isaac_ros_ws/install/ros2_benchmark_interfaces/local/lib/python3.10/dist-packages/ros2_benchmark_interfaces/msg/_topic_message_timestamp_array.py
[9.503s] -- Symlinking: /home/sophie/visionaid/isaac_ros_ws/install/ros2_benchmark_interfaces/local/lib/python3.10/dist-packages/ros2_benchmark_interfaces/msg/_topic_message_timestamp_array_s.c
[9.509s] -- Symlinking: /home/sophie/visionaid/isaac_ros_ws/install/ros2_benchmark_interfaces/local/lib/python3.10/dist-packages/ros2_benchmark_interfaces/ros2_benchmark_interfaces_s__rosidl_typesupport_c.cpython-310-x86_64-linux-gnu.so
[9.514s] -- Symlinking: /home/sophie/visionaid/isaac_ros_ws/install/ros2_benchmark_interfaces/local/lib/python3.10/dist-packages/ros2_benchmark_interfaces/ros2_benchmark_interfaces_s__rosidl_typesupport_fastrtps_c.cpython-310-x86_64-linux-gnu.so
[9.518s] -- Symlinking: /home/sophie/visionaid/isaac_ros_ws/install/ros2_benchmark_interfaces/local/lib/python3.10/dist-packages/ros2_benchmark_interfaces/ros2_benchmark_interfaces_s__rosidl_typesupport_introspection_c.cpython-310-x86_64-linux-gnu.so
[9.523s] -- Symlinking: /home/sophie/visionaid/isaac_ros_ws/install/ros2_benchmark_interfaces/local/lib/python3.10/dist-packages/ros2_benchmark_interfaces/srv/__init__.py
[9.528s] -- Symlinking: /home/sophie/visionaid/isaac_ros_ws/install/ros2_benchmark_interfaces/local/lib/python3.10/dist-packages/ros2_benchmark_interfaces/srv/_get_topic_message_timestamps.py
[9.534s] -- Symlinking: /home/sophie/visionaid/isaac_ros_ws/install/ros2_benchmark_interfaces/local/lib/python3.10/dist-packages/ros2_benchmark_interfaces/srv/_get_topic_message_timestamps_s.c
[9.540s] -- Symlinking: /home/sophie/visionaid/isaac_ros_ws/install/ros2_benchmark_interfaces/local/lib/python3.10/dist-packages/ros2_benchmark_interfaces/srv/_play_messages.py
[9.545s] -- Symlinking: /home/sophie/visionaid/isaac_ros_ws/install/ros2_benchmark_interfaces/local/lib/python3.10/dist-packages/ros2_benchmark_interfaces/srv/_play_messages_s.c
[9.549s] -- Symlinking: /home/sophie/visionaid/isaac_ros_ws/install/ros2_benchmark_interfaces/local/lib/python3.10/dist-packages/ros2_benchmark_interfaces/srv/_set_data.py
[9.555s] -- Symlinking: /home/sophie/visionaid/isaac_ros_ws/install/ros2_benchmark_interfaces/local/lib/python3.10/dist-packages/ros2_benchmark_interfaces/srv/_set_data_s.c
[9.560s] -- Symlinking: /home/sophie/visionaid/isaac_ros_ws/install/ros2_benchmark_interfaces/local/lib/python3.10/dist-packages/ros2_benchmark_interfaces/srv/_start_loading.py
[9.564s] -- Symlinking: /home/sophie/visionaid/isaac_ros_ws/install/ros2_benchmark_interfaces/local/lib/python3.10/dist-packages/ros2_benchmark_interfaces/srv/_start_loading_s.c
[9.569s] -- Symlinking: /home/sophie/visionaid/isaac_ros_ws/install/ros2_benchmark_interfaces/local/lib/python3.10/dist-packages/ros2_benchmark_interfaces/srv/_start_monitoring.py
[9.575s] -- Symlinking: /home/sophie/visionaid/isaac_ros_ws/install/ros2_benchmark_interfaces/local/lib/python3.10/dist-packages/ros2_benchmark_interfaces/srv/_start_monitoring_s.c
[9.581s] -- Symlinking: /home/sophie/visionaid/isaac_ros_ws/install/ros2_benchmark_interfaces/local/lib/python3.10/dist-packages/ros2_benchmark_interfaces/srv/_start_recording.py
[9.586s] -- Symlinking: /home/sophie/visionaid/isaac_ros_ws/install/ros2_benchmark_interfaces/local/lib/python3.10/dist-packages/ros2_benchmark_interfaces/srv/_start_recording_s.c
[9.591s] -- Symlinking: /home/sophie/visionaid/isaac_ros_ws/install/ros2_benchmark_interfaces/local/lib/python3.10/dist-packages/ros2_benchmark_interfaces/srv/_stop_loading.py
[9.597s] -- Symlinking: /home/sophie/visionaid/isaac_ros_ws/install/ros2_benchmark_interfaces/local/lib/python3.10/dist-packages/ros2_benchmark_interfaces/srv/_stop_loading_s.c
[9.601s] -- Symlinking: /home/sophie/visionaid/isaac_ros_ws/install/ros2_benchmark_interfaces/local/lib/python3.10/dist-packages/ros2_benchmark_interfaces/srv/_stop_monitoring.py
[9.605s] -- Symlinking: /home/sophie/visionaid/isaac_ros_ws/install/ros2_benchmark_interfaces/local/lib/python3.10/dist-packages/ros2_benchmark_interfaces/srv/_stop_monitoring_s.c
[9.613s] -- Symlinking: /home/sophie/visionaid/isaac_ros_ws/install/ros2_benchmark_interfaces/local/lib/python3.10/dist-packages/ros2_benchmark_interfaces/srv/_stop_recording.py
[9.620s] -- Symlinking: /home/sophie/visionaid/isaac_ros_ws/install/ros2_benchmark_interfaces/local/lib/python3.10/dist-packages/ros2_benchmark_interfaces/srv/_stop_recording_s.c
[9.625s] -- Up-to-date symlink: /home/sophie/visionaid/isaac_ros_ws/install/ros2_benchmark_interfaces/local/lib/python3.10/dist-packages/ros2_benchmark_interfaces/ros2_benchmark_interfaces_s__rosidl_typesupport_fastrtps_c.cpython-310-x86_64-linux-gnu.so
[9.625s] -- Up-to-date symlink: /home/sophie/visionaid/isaac_ros_ws/install/ros2_benchmark_interfaces/local/lib/python3.10/dist-packages/ros2_benchmark_interfaces/ros2_benchmark_interfaces_s__rosidl_typesupport_introspection_c.cpython-310-x86_64-linux-gnu.so
[9.625s] -- Up-to-date symlink: /home/sophie/visionaid/isaac_ros_ws/install/ros2_benchmark_interfaces/local/lib/python3.10/dist-packages/ros2_benchmark_interfaces/ros2_benchmark_interfaces_s__rosidl_typesupport_c.cpython-310-x86_64-linux-gnu.so
[9.626s] -- Symlinking: /home/sophie/visionaid/isaac_ros_ws/install/ros2_benchmark_interfaces/share/ros2_benchmark_interfaces/msg/TimestampedMessageArray.idl
[9.630s] -- Symlinking: /home/sophie/visionaid/isaac_ros_ws/install/ros2_benchmark_interfaces/share/ros2_benchmark_interfaces/msg/TopicMessageCount.idl
[9.636s] -- Symlinking: /home/sophie/visionaid/isaac_ros_ws/install/ros2_benchmark_interfaces/share/ros2_benchmark_interfaces/msg/TopicMessageTimestampArray.idl
[9.642s] -- Symlinking: /home/sophie/visionaid/isaac_ros_ws/install/ros2_benchmark_interfaces/share/ros2_benchmark_interfaces/srv/GetTopicMessageTimestamps.idl
[9.649s] -- Symlinking: /home/sophie/visionaid/isaac_ros_ws/install/ros2_benchmark_interfaces/share/ros2_benchmark_interfaces/srv/PlayMessages.idl
[9.655s] -- Symlinking: /home/sophie/visionaid/isaac_ros_ws/install/ros2_benchmark_interfaces/share/ros2_benchmark_interfaces/srv/SetData.idl
[9.661s] -- Symlinking: /home/sophie/visionaid/isaac_ros_ws/install/ros2_benchmark_interfaces/share/ros2_benchmark_interfaces/srv/StartLoading.idl
[9.667s] -- Symlinking: /home/sophie/visionaid/isaac_ros_ws/install/ros2_benchmark_interfaces/share/ros2_benchmark_interfaces/srv/StartMonitoring.idl
[9.672s] -- Symlinking: /home/sophie/visionaid/isaac_ros_ws/install/ros2_benchmark_interfaces/share/ros2_benchmark_interfaces/srv/StopMonitoring.idl
[9.676s] -- Symlinking: /home/sophie/visionaid/isaac_ros_ws/install/ros2_benchmark_interfaces/share/ros2_benchmark_interfaces/srv/StartRecording.idl
[9.681s] -- Symlinking: /home/sophie/visionaid/isaac_ros_ws/install/ros2_benchmark_interfaces/share/ros2_benchmark_interfaces/srv/StopLoading.idl
[9.688s] -- Symlinking: /home/sophie/visionaid/isaac_ros_ws/install/ros2_benchmark_interfaces/share/ros2_benchmark_interfaces/srv/StopRecording.idl
[9.694s] -- Symlinking: /home/sophie/visionaid/isaac_ros_ws/install/ros2_benchmark_interfaces/share/ros2_benchmark_interfaces/msg/TimestampedMessageArray.msg
[9.702s] -- Symlinking: /home/sophie/visionaid/isaac_ros_ws/install/ros2_benchmark_interfaces/share/ros2_benchmark_interfaces/msg/TopicMessageCount.msg
[9.707s] -- Symlinking: /home/sophie/visionaid/isaac_ros_ws/install/ros2_benchmark_interfaces/share/ros2_benchmark_interfaces/msg/TopicMessageTimestampArray.msg
[9.712s] -- Symlinking: /home/sophie/visionaid/isaac_ros_ws/install/ros2_benchmark_interfaces/share/ros2_benchmark_interfaces/srv/GetTopicMessageTimestamps.srv
[9.718s] -- Symlinking: /home/sophie/visionaid/isaac_ros_ws/install/ros2_benchmark_interfaces/share/ros2_benchmark_interfaces/srv/GetTopicMessageTimestamps_Request.msg
[9.723s] -- Symlinking: /home/sophie/visionaid/isaac_ros_ws/install/ros2_benchmark_interfaces/share/ros2_benchmark_interfaces/srv/GetTopicMessageTimestamps_Response.msg
[9.730s] -- Symlinking: /home/sophie/visionaid/isaac_ros_ws/install/ros2_benchmark_interfaces/share/ros2_benchmark_interfaces/srv/PlayMessages.srv
[9.736s] -- Symlinking: /home/sophie/visionaid/isaac_ros_ws/install/ros2_benchmark_interfaces/share/ros2_benchmark_interfaces/srv/PlayMessages_Request.msg
[9.741s] -- Symlinking: /home/sophie/visionaid/isaac_ros_ws/install/ros2_benchmark_interfaces/share/ros2_benchmark_interfaces/srv/PlayMessages_Response.msg
[9.748s] -- Symlinking: /home/sophie/visionaid/isaac_ros_ws/install/ros2_benchmark_interfaces/share/ros2_benchmark_interfaces/srv/SetData.srv
[9.752s] -- Symlinking: /home/sophie/visionaid/isaac_ros_ws/install/ros2_benchmark_interfaces/share/ros2_benchmark_interfaces/srv/SetData_Request.msg
[9.756s] -- Symlinking: /home/sophie/visionaid/isaac_ros_ws/install/ros2_benchmark_interfaces/share/ros2_benchmark_interfaces/srv/SetData_Response.msg
[9.761s] -- Symlinking: /home/sophie/visionaid/isaac_ros_ws/install/ros2_benchmark_interfaces/share/ros2_benchmark_interfaces/srv/StartLoading.srv
[9.767s] -- Symlinking: /home/sophie/visionaid/isaac_ros_ws/install/ros2_benchmark_interfaces/share/ros2_benchmark_interfaces/srv/StartLoading_Request.msg
[9.773s] -- Symlinking: /home/sophie/visionaid/isaac_ros_ws/install/ros2_benchmark_interfaces/share/ros2_benchmark_interfaces/srv/StartLoading_Response.msg
[9.778s] -- Symlinking: /home/sophie/visionaid/isaac_ros_ws/install/ros2_benchmark_interfaces/share/ros2_benchmark_interfaces/srv/StartMonitoring.srv
[9.785s] -- Symlinking: /home/sophie/visionaid/isaac_ros_ws/install/ros2_benchmark_interfaces/share/ros2_benchmark_interfaces/srv/StartMonitoring_Request.msg
[9.789s] -- Symlinking: /home/sophie/visionaid/isaac_ros_ws/install/ros2_benchmark_interfaces/share/ros2_benchmark_interfaces/srv/StartMonitoring_Response.msg
[9.794s] -- Symlinking: /home/sophie/visionaid/isaac_ros_ws/install/ros2_benchmark_interfaces/share/ros2_benchmark_interfaces/srv/StopMonitoring.srv
[9.798s] -- Symlinking: /home/sophie/visionaid/isaac_ros_ws/install/ros2_benchmark_interfaces/share/ros2_benchmark_interfaces/srv/StopMonitoring_Request.msg
[9.805s] -- Symlinking: /home/sophie/visionaid/isaac_ros_ws/install/ros2_benchmark_interfaces/share/ros2_benchmark_interfaces/srv/StopMonitoring_Response.msg
[9.809s] -- Symlinking: /home/sophie/visionaid/isaac_ros_ws/install/ros2_benchmark_interfaces/share/ros2_benchmark_interfaces/srv/StartRecording.srv
[9.815s] -- Symlinking: /home/sophie/visionaid/isaac_ros_ws/install/ros2_benchmark_interfaces/share/ros2_benchmark_interfaces/srv/StartRecording_Request.msg
[9.820s] -- Symlinking: /home/sophie/visionaid/isaac_ros_ws/install/ros2_benchmark_interfaces/share/ros2_benchmark_interfaces/srv/StartRecording_Response.msg
[9.826s] -- Symlinking: /home/sophie/visionaid/isaac_ros_ws/install/ros2_benchmark_interfaces/share/ros2_benchmark_interfaces/srv/StopLoading.srv
[9.830s] -- Symlinking: /home/sophie/visionaid/isaac_ros_ws/install/ros2_benchmark_interfaces/share/ros2_benchmark_interfaces/srv/StopLoading_Request.msg
[9.837s] -- Symlinking: /home/sophie/visionaid/isaac_ros_ws/install/ros2_benchmark_interfaces/share/ros2_benchmark_interfaces/srv/StopLoading_Response.msg
[9.841s] -- Symlinking: /home/sophie/visionaid/isaac_ros_ws/install/ros2_benchmark_interfaces/share/ros2_benchmark_interfaces/srv/StopRecording.srv
[9.847s] -- Symlinking: /home/sophie/visionaid/isaac_ros_ws/install/ros2_benchmark_interfaces/share/ros2_benchmark_interfaces/srv/StopRecording_Request.msg
[9.852s] -- Symlinking: /home/sophie/visionaid/isaac_ros_ws/install/ros2_benchmark_interfaces/share/ros2_benchmark_interfaces/srv/StopRecording_Response.msg
[9.858s] -- Symlinking: /home/sophie/visionaid/isaac_ros_ws/install/ros2_benchmark_interfaces/share/ros2_benchmark_interfaces/version_info.yaml
[9.863s] -- Symlinking: /home/sophie/visionaid/isaac_ros_ws/install/ros2_benchmark_interfaces/share/ament_index/resource_index/package_run_dependencies/ros2_benchmark_interfaces
[9.869s] -- Symlinking: /home/sophie/visionaid/isaac_ros_ws/install/ros2_benchmark_interfaces/share/ament_index/resource_index/parent_prefix_path/ros2_benchmark_interfaces
[9.874s] -- Symlinking: /home/sophie/visionaid/isaac_ros_ws/install/ros2_benchmark_interfaces/share/ros2_benchmark_interfaces/environment/ament_prefix_path.sh
[9.879s] -- Symlinking: /home/sophie/visionaid/isaac_ros_ws/install/ros2_benchmark_interfaces/share/ros2_benchmark_interfaces/environment/ament_prefix_path.dsv
[9.886s] -- Symlinking: /home/sophie/visionaid/isaac_ros_ws/install/ros2_benchmark_interfaces/share/ros2_benchmark_interfaces/environment/path.sh
[9.891s] -- Symlinking: /home/sophie/visionaid/isaac_ros_ws/install/ros2_benchmark_interfaces/share/ros2_benchmark_interfaces/environment/path.dsv
[9.897s] -- Symlinking: /home/sophie/visionaid/isaac_ros_ws/install/ros2_benchmark_interfaces/share/ros2_benchmark_interfaces/local_setup.bash
[9.903s] -- Symlinking: /home/sophie/visionaid/isaac_ros_ws/install/ros2_benchmark_interfaces/share/ros2_benchmark_interfaces/local_setup.sh
[9.907s] -- Symlinking: /home/sophie/visionaid/isaac_ros_ws/install/ros2_benchmark_interfaces/share/ros2_benchmark_interfaces/local_setup.zsh
[9.911s] -- Symlinking: /home/sophie/visionaid/isaac_ros_ws/install/ros2_benchmark_interfaces/share/ros2_benchmark_interfaces/local_setup.dsv
[9.918s] -- Symlinking: /home/sophie/visionaid/isaac_ros_ws/install/ros2_benchmark_interfaces/share/ros2_benchmark_interfaces/package.dsv
[9.925s] -- Symlinking: /home/sophie/visionaid/isaac_ros_ws/install/ros2_benchmark_interfaces/share/ament_index/resource_index/packages/ros2_benchmark_interfaces
[9.931s] -- Symlinking: /home/sophie/visionaid/isaac_ros_ws/install/ros2_benchmark_interfaces/share/ros2_benchmark_interfaces/cmake/rosidl_cmake-extras.cmake
[9.937s] -- Symlinking: /home/sophie/visionaid/isaac_ros_ws/install/ros2_benchmark_interfaces/share/ros2_benchmark_interfaces/cmake/ament_cmake_export_include_directories-extras.cmake
[9.943s] -- Symlinking: /home/sophie/visionaid/isaac_ros_ws/install/ros2_benchmark_interfaces/share/ros2_benchmark_interfaces/cmake/ament_cmake_export_libraries-extras.cmake
[9.949s] -- Symlinking: /home/sophie/visionaid/isaac_ros_ws/install/ros2_benchmark_interfaces/share/ros2_benchmark_interfaces/cmake/ament_cmake_export_targets-extras.cmake
[9.955s] -- Symlinking: /home/sophie/visionaid/isaac_ros_ws/install/ros2_benchmark_interfaces/share/ros2_benchmark_interfaces/cmake/rosidl_cmake_export_typesupport_targets-extras.cmake
[9.960s] -- Symlinking: /home/sophie/visionaid/isaac_ros_ws/install/ros2_benchmark_interfaces/share/ros2_benchmark_interfaces/cmake/ament_cmake_export_dependencies-extras.cmake
[9.966s] -- Symlinking: /home/sophie/visionaid/isaac_ros_ws/install/ros2_benchmark_interfaces/share/ros2_benchmark_interfaces/cmake/rosidl_cmake_export_typesupport_libraries-extras.cmake
[9.970s] -- Symlinking: /home/sophie/visionaid/isaac_ros_ws/install/ros2_benchmark_interfaces/share/ros2_benchmark_interfaces/cmake/ros2_benchmark_interfacesConfig.cmake
[9.976s] -- Symlinking: /home/sophie/visionaid/isaac_ros_ws/install/ros2_benchmark_interfaces/share/ros2_benchmark_interfaces/cmake/ros2_benchmark_interfacesConfig-version.cmake
[9.983s] -- Symlinking: /home/sophie/visionaid/isaac_ros_ws/install/ros2_benchmark_interfaces/share/ros2_benchmark_interfaces/package.xml
[9.987s] -- Installing: /home/sophie/visionaid/isaac_ros_ws/install/ros2_benchmark_interfaces/lib/libros2_benchmark_interfaces__rosidl_generator_c.so
[9.988s] -- Set runtime path of "/home/sophie/visionaid/isaac_ros_ws/install/ros2_benchmark_interfaces/lib/libros2_benchmark_interfaces__rosidl_generator_c.so" to ""
[9.988s] -- Installing: /home/sophie/visionaid/isaac_ros_ws/install/ros2_benchmark_interfaces/lib/libros2_benchmark_interfaces__rosidl_typesupport_fastrtps_c.so
[9.988s] -- Set runtime path of "/home/sophie/visionaid/isaac_ros_ws/install/ros2_benchmark_interfaces/lib/libros2_benchmark_interfaces__rosidl_typesupport_fastrtps_c.so" to ""
[9.988s] -- Installing: /home/sophie/visionaid/isaac_ros_ws/install/ros2_benchmark_interfaces/lib/libros2_benchmark_interfaces__rosidl_typesupport_introspection_c.so
[9.988s] -- Set runtime path of "/home/sophie/visionaid/isaac_ros_ws/install/ros2_benchmark_interfaces/lib/libros2_benchmark_interfaces__rosidl_typesupport_introspection_c.so" to ""
[9.988s] -- Installing: /home/sophie/visionaid/isaac_ros_ws/install/ros2_benchmark_interfaces/lib/libros2_benchmark_interfaces__rosidl_typesupport_c.so
[9.988s] -- Set runtime path of "/home/sophie/visionaid/isaac_ros_ws/install/ros2_benchmark_interfaces/lib/libros2_benchmark_interfaces__rosidl_typesupport_c.so" to ""
[9.988s] -- Installing: /home/sophie/visionaid/isaac_ros_ws/install/ros2_benchmark_interfaces/lib/libros2_benchmark_interfaces__rosidl_typesupport_fastrtps_cpp.so
[9.988s] -- Set runtime path of "/home/sophie/visionaid/isaac_ros_ws/install/ros2_benchmark_interfaces/lib/libros2_benchmark_interfaces__rosidl_typesupport_fastrtps_cpp.so" to ""
[9.988s] -- Installing: /home/sophie/visionaid/isaac_ros_ws/install/ros2_benchmark_interfaces/lib/libros2_benchmark_interfaces__rosidl_typesupport_introspection_cpp.so
[9.988s] -- Set runtime path of "/home/sophie/visionaid/isaac_ros_ws/install/ros2_benchmark_interfaces/lib/libros2_benchmark_interfaces__rosidl_typesupport_introspection_cpp.so" to ""
[9.988s] -- Installing: /home/sophie/visionaid/isaac_ros_ws/install/ros2_benchmark_interfaces/lib/libros2_benchmark_interfaces__rosidl_typesupport_cpp.so
[9.989s] -- Set runtime path of "/home/sophie/visionaid/isaac_ros_ws/install/ros2_benchmark_interfaces/lib/libros2_benchmark_interfaces__rosidl_typesupport_cpp.so" to ""
[10.017s] Listing '/home/sophie/visionaid/isaac_ros_ws/install/ros2_benchmark_interfaces/local/lib/python3.10/dist-packages/ros2_benchmark_interfaces'...
[10.017s] Compiling '/home/sophie/visionaid/isaac_ros_ws/install/ros2_benchmark_interfaces/local/lib/python3.10/dist-packages/ros2_benchmark_interfaces/__init__.py'...
[10.017s] Listing '/home/sophie/visionaid/isaac_ros_ws/install/ros2_benchmark_interfaces/local/lib/python3.10/dist-packages/ros2_benchmark_interfaces/msg'...
[10.017s] Compiling '/home/sophie/visionaid/isaac_ros_ws/install/ros2_benchmark_interfaces/local/lib/python3.10/dist-packages/ros2_benchmark_interfaces/msg/__init__.py'...
[10.017s] Compiling '/home/sophie/visionaid/isaac_ros_ws/install/ros2_benchmark_interfaces/local/lib/python3.10/dist-packages/ros2_benchmark_interfaces/msg/_timestamped_message_array.py'...
[10.018s] Compiling '/home/sophie/visionaid/isaac_ros_ws/install/ros2_benchmark_interfaces/local/lib/python3.10/dist-packages/ros2_benchmark_interfaces/msg/_topic_message_count.py'...
[10.018s] Compiling '/home/sophie/visionaid/isaac_ros_ws/install/ros2_benchmark_interfaces/local/lib/python3.10/dist-packages/ros2_benchmark_interfaces/msg/_topic_message_timestamp_array.py'...
[10.018s] Listing '/home/sophie/visionaid/isaac_ros_ws/install/ros2_benchmark_interfaces/local/lib/python3.10/dist-packages/ros2_benchmark_interfaces/srv'...
[10.018s] Compiling '/home/sophie/visionaid/isaac_ros_ws/install/ros2_benchmark_interfaces/local/lib/python3.10/dist-packages/ros2_benchmark_interfaces/srv/__init__.py'...
[10.018s] Compiling '/home/sophie/visionaid/isaac_ros_ws/install/ros2_benchmark_interfaces/local/lib/python3.10/dist-packages/ros2_benchmark_interfaces/srv/_get_topic_message_timestamps.py'...
[10.018s] Compiling '/home/sophie/visionaid/isaac_ros_ws/install/ros2_benchmark_interfaces/local/lib/python3.10/dist-packages/ros2_benchmark_interfaces/srv/_play_messages.py'...
[10.018s] Compiling '/home/sophie/visionaid/isaac_ros_ws/install/ros2_benchmark_interfaces/local/lib/python3.10/dist-packages/ros2_benchmark_interfaces/srv/_set_data.py'...
[10.018s] Compiling '/home/sophie/visionaid/isaac_ros_ws/install/ros2_benchmark_interfaces/local/lib/python3.10/dist-packages/ros2_benchmark_interfaces/srv/_start_loading.py'...
[10.018s] Compiling '/home/sophie/visionaid/isaac_ros_ws/install/ros2_benchmark_interfaces/local/lib/python3.10/dist-packages/ros2_benchmark_interfaces/srv/_start_monitoring.py'...
[10.018s] Compiling '/home/sophie/visionaid/isaac_ros_ws/install/ros2_benchmark_interfaces/local/lib/python3.10/dist-packages/ros2_benchmark_interfaces/srv/_start_recording.py'...
[10.018s] Compiling '/home/sophie/visionaid/isaac_ros_ws/install/ros2_benchmark_interfaces/local/lib/python3.10/dist-packages/ros2_benchmark_interfaces/srv/_stop_loading.py'...
[10.018s] Compiling '/home/sophie/visionaid/isaac_ros_ws/install/ros2_benchmark_interfaces/local/lib/python3.10/dist-packages/ros2_benchmark_interfaces/srv/_stop_monitoring.py'...
[10.018s] Compiling '/home/sophie/visionaid/isaac_ros_ws/install/ros2_benchmark_interfaces/local/lib/python3.10/dist-packages/ros2_benchmark_interfaces/srv/_stop_recording.py'...
[10.020s] -- Installing: /home/sophie/visionaid/isaac_ros_ws/install/ros2_benchmark_interfaces/lib/libros2_benchmark_interfaces__rosidl_generator_py.so
[10.020s] -- Set runtime path of "/home/sophie/visionaid/isaac_ros_ws/install/ros2_benchmark_interfaces/lib/libros2_benchmark_interfaces__rosidl_generator_py.so" to ""
[10.020s] -- Installing: /home/sophie/visionaid/isaac_ros_ws/install/ros2_benchmark_interfaces/share/ros2_benchmark_interfaces/cmake/export_ros2_benchmark_interfaces__rosidl_generator_cExport.cmake
[10.020s] -- Installing: /home/sophie/visionaid/isaac_ros_ws/install/ros2_benchmark_interfaces/share/ros2_benchmark_interfaces/cmake/export_ros2_benchmark_interfaces__rosidl_generator_cExport-release.cmake
[10.020s] -- Installing: /home/sophie/visionaid/isaac_ros_ws/install/ros2_benchmark_interfaces/share/ros2_benchmark_interfaces/cmake/export_ros2_benchmark_interfaces__rosidl_typesupport_fastrtps_cExport.cmake
[10.020s] -- Installing: /home/sophie/visionaid/isaac_ros_ws/install/ros2_benchmark_interfaces/share/ros2_benchmark_interfaces/cmake/export_ros2_benchmark_interfaces__rosidl_typesupport_fastrtps_cExport-release.cmake
[10.021s] -- Installing: /home/sophie/visionaid/isaac_ros_ws/install/ros2_benchmark_interfaces/share/ros2_benchmark_interfaces/cmake/ros2_benchmark_interfaces__rosidl_typesupport_introspection_cExport.cmake
[10.021s] -- Installing: /home/sophie/visionaid/isaac_ros_ws/install/ros2_benchmark_interfaces/share/ros2_benchmark_interfaces/cmake/ros2_benchmark_interfaces__rosidl_typesupport_introspection_cExport-release.cmake
[10.021s] -- Installing: /home/sophie/visionaid/isaac_ros_ws/install/ros2_benchmark_interfaces/share/ros2_benchmark_interfaces/cmake/ros2_benchmark_interfaces__rosidl_typesupport_cExport.cmake
[10.021s] -- Installing: /home/sophie/visionaid/isaac_ros_ws/install/ros2_benchmark_interfaces/share/ros2_benchmark_interfaces/cmake/ros2_benchmark_interfaces__rosidl_typesupport_cExport-release.cmake
[10.021s] -- Installing: /home/sophie/visionaid/isaac_ros_ws/install/ros2_benchmark_interfaces/share/ros2_benchmark_interfaces/cmake/export_ros2_benchmark_interfaces__rosidl_generator_cppExport.cmake
[10.021s] -- Installing: /home/sophie/visionaid/isaac_ros_ws/install/ros2_benchmark_interfaces/share/ros2_benchmark_interfaces/cmake/export_ros2_benchmark_interfaces__rosidl_typesupport_fastrtps_cppExport.cmake
[10.021s] -- Installing: /home/sophie/visionaid/isaac_ros_ws/install/ros2_benchmark_interfaces/share/ros2_benchmark_interfaces/cmake/export_ros2_benchmark_interfaces__rosidl_typesupport_fastrtps_cppExport-release.cmake
[10.021s] -- Installing: /home/sophie/visionaid/isaac_ros_ws/install/ros2_benchmark_interfaces/share/ros2_benchmark_interfaces/cmake/ros2_benchmark_interfaces__rosidl_typesupport_introspection_cppExport.cmake
[10.021s] -- Installing: /home/sophie/visionaid/isaac_ros_ws/install/ros2_benchmark_interfaces/share/ros2_benchmark_interfaces/cmake/ros2_benchmark_interfaces__rosidl_typesupport_introspection_cppExport-release.cmake
[10.021s] -- Installing: /home/sophie/visionaid/isaac_ros_ws/install/ros2_benchmark_interfaces/share/ros2_benchmark_interfaces/cmake/ros2_benchmark_interfaces__rosidl_typesupport_cppExport.cmake
[10.021s] -- Installing: /home/sophie/visionaid/isaac_ros_ws/install/ros2_benchmark_interfaces/share/ros2_benchmark_interfaces/cmake/ros2_benchmark_interfaces__rosidl_typesupport_cppExport-release.cmake
[10.021s] -- Installing: /home/sophie/visionaid/isaac_ros_ws/install/ros2_benchmark_interfaces/share/ros2_benchmark_interfaces/cmake/export_ros2_benchmark_interfaces__rosidl_generator_pyExport.cmake
[10.021s] -- Installing: /home/sophie/visionaid/isaac_ros_ws/install/ros2_benchmark_interfaces/share/ros2_benchmark_interfaces/cmake/export_ros2_benchmark_interfaces__rosidl_generator_pyExport-release.cmake
[10.024s] Invoked command in '/home/sophie/visionaid/isaac_ros_ws/build/ros2_benchmark_interfaces' returned '0': AMENT_PREFIX_PATH=/home/sophie/visionaid/isaac_ros_ws/install/isaac_ros_common:${AMENT_PREFIX_PATH} CMAKE_PREFIX_PATH=/home/sophie/visionaid/isaac_ros_ws/install/isaac_ros_common:/opt/ros/humble LD_LIBRARY_PATH=/home/sophie/visionaid/isaac_ros_ws/install/isaac_ros_common/lib:${LD_LIBRARY_PATH} PATH=/home/sophie/visionaid/isaac_ros_ws/install/isaac_ros_common/bin:${PATH} PYTHONPATH=/home/sophie/visionaid/isaac_ros_ws/install/isaac_ros_common/local/lib/python3.10/dist-packages:${PYTHONPATH} /usr/bin/cmake --install /home/sophie/visionaid/isaac_ros_ws/build/ros2_benchmark_interfaces
