[0.544s] Invoking command in '/home/sophie/visionaid-1/build/shared_interfaces': CMAKE_PREFIX_PATH=${CMAKE_PREFIX_PATH}:/home/sophie/visionaid/isaac_ros_ws/install/vlm_scene_understanding:/home/sophie/visionaid/isaac_ros_ws/install/traffic_crossing_assistant:/home/sophie/visionaid/isaac_ros_ws/install/scene_description_system:/home/sophie/visionaid/isaac_ros_ws/install/isaac_ros_test:/home/sophie/visionaid/isaac_ros_ws/install/isaac_ros_pynitros:/home/sophie/visionaid/isaac_ros_ws/install/isaac_ros_launch_utils:/home/sophie/visionaid/isaac_ros_ws/install/isaac_common_py:/home/sophie/visionaid/isaac_ros_ws/install/gps_navigation_system:/home/sophie/visionaid/isaac_ros_ws/install/assistive_navigation_core:/home/sophie/visionaid-1/isaac_ros_ws/install/yolov8_detection:/opt/ros/humble /usr/bin/cmake /home/sophie/visionaid-1/isaac_ros_ws/src/shared_interfaces -DAMENT_CMAKE_SYMLINK_INSTALL=1 -DCMAKE_INSTALL_PREFIX=/home/sophie/visionaid-1/install/shared_interfaces
[0.688s] -- The C compiler identification is GNU 11.4.0
[0.688s] -- The CXX compiler identification is GNU 11.4.0
[0.688s] -- Detecting C compiler ABI info
[0.741s] -- Detecting C compiler ABI info - done
[0.746s] -- Check for working C compiler: /usr/bin/cc - skipped
[0.746s] -- Detecting C compile features
[0.746s] -- Detecting C compile features - done
[0.748s] -- Detecting CXX compiler ABI info
[0.840s] -- Detecting CXX compiler ABI info - done
[0.846s] -- Check for working CXX compiler: /usr/bin/c++ - skipped
[0.846s] -- Detecting CXX compile features
[0.846s] -- Detecting CXX compile features - done
[0.847s] -- Found ament_cmake: 1.3.11 (/opt/ros/humble/share/ament_cmake/cmake)
[1.149s] -- Found Python3: /usr/bin/python3 (found version "3.10.12") found components: Interpreter 
[1.189s] -- Override CMake install command with custom implementation using symlinks instead of copying resources
[1.207s] -- Found ament_lint_auto: 0.12.12 (/opt/ros/humble/share/ament_lint_auto/cmake)
[1.255s] -- Added test 'lint_cmake' to check CMake code style
[1.256s] -- Added test 'xmllint' to check XML markup files
[1.257s] -- Configuring done
[1.258s] -- Generating done
[1.259s] -- Build files have been written to: /home/sophie/visionaid-1/build/shared_interfaces
