[0.007s] Invoking command in '/home/kanye/Documents/visionaid/ros2_ws/build/my_robot_localization': CMAKE_PREFIX_PATH=${CMAKE_PREFIX_PATH}:/opt/ros/humble /usr/bin/cmake --build /home/kanye/Documents/visionaid/ros2_ws/build/my_robot_localization -- -j28 -l28
[0.029s] -- Found ament_cmake: 1.3.11 (/opt/ros/humble/share/ament_cmake/cmake)
[0.144s] -- Found ament_lint_auto: 0.12.12 (/opt/ros/humble/share/ament_lint_auto/cmake)
[0.204s] -- Added test 'flake8' to check Python code syntax and style conventions
[0.205s] -- Added test 'lint_cmake' to check CMake code style
[0.205s] -- Added test 'pep257' to check Python code against some of the docstring style conventions in PEP 257
[0.206s] -- Added test 'xmllint' to check XML markup files
[0.207s] -- Configuring done
[0.211s] -- Generating done
[0.213s] -- Build files have been written to: /home/kanye/Documents/visionaid/ros2_ws/build/my_robot_localization
[0.234s] Invoked command in '/home/kanye/Documents/visionaid/ros2_ws/build/my_robot_localization' returned '0': CMAKE_PREFIX_PATH=${CMAKE_PREFIX_PATH}:/opt/ros/humble /usr/bin/cmake --build /home/kanye/Documents/visionaid/ros2_ws/build/my_robot_localization -- -j28 -l28
[0.241s] Invoking command in '/home/kanye/Documents/visionaid/ros2_ws/build/my_robot_localization': CMAKE_PREFIX_PATH=${CMAKE_PREFIX_PATH}:/opt/ros/humble /usr/bin/cmake --install /home/kanye/Documents/visionaid/ros2_ws/build/my_robot_localization
[0.253s] -- Install configuration: ""
[0.253s] -- Installing: /home/kanye/Documents/visionaid/ros2_ws/install/my_robot_localization/share/my_robot_localization/launch
[0.253s] -- Installing: /home/kanye/Documents/visionaid/ros2_ws/install/my_robot_localization/share/my_robot_localization/launch/ekf_gps_imu.launch.py
[0.253s] -- Installing: /home/kanye/Documents/visionaid/ros2_ws/install/my_robot_localization/share/my_robot_localization/launch/imu_filter.launch.py
[0.253s] -- Installing: /home/kanye/Documents/visionaid/ros2_ws/install/my_robot_localization/share/ament_index/resource_index/package_run_dependencies/my_robot_localization
[0.254s] -- Up-to-date: /home/kanye/Documents/visionaid/ros2_ws/install/my_robot_localization/share/ament_index/resource_index/parent_prefix_path/my_robot_localization
[0.254s] -- Up-to-date: /home/kanye/Documents/visionaid/ros2_ws/install/my_robot_localization/share/my_robot_localization/environment/ament_prefix_path.sh
[0.254s] -- Installing: /home/kanye/Documents/visionaid/ros2_ws/install/my_robot_localization/share/my_robot_localization/environment/ament_prefix_path.dsv
[0.254s] -- Up-to-date: /home/kanye/Documents/visionaid/ros2_ws/install/my_robot_localization/share/my_robot_localization/environment/path.sh
[0.254s] -- Installing: /home/kanye/Documents/visionaid/ros2_ws/install/my_robot_localization/share/my_robot_localization/environment/path.dsv
[0.255s] -- Up-to-date: /home/kanye/Documents/visionaid/ros2_ws/install/my_robot_localization/share/my_robot_localization/local_setup.bash
[0.255s] -- Up-to-date: /home/kanye/Documents/visionaid/ros2_ws/install/my_robot_localization/share/my_robot_localization/local_setup.sh
[0.255s] -- Up-to-date: /home/kanye/Documents/visionaid/ros2_ws/install/my_robot_localization/share/my_robot_localization/local_setup.zsh
[0.255s] -- Installing: /home/kanye/Documents/visionaid/ros2_ws/install/my_robot_localization/share/my_robot_localization/local_setup.dsv
[0.255s] -- Installing: /home/kanye/Documents/visionaid/ros2_ws/install/my_robot_localization/share/my_robot_localization/package.dsv
[0.255s] -- Up-to-date: /home/kanye/Documents/visionaid/ros2_ws/install/my_robot_localization/share/ament_index/resource_index/packages/my_robot_localization
[0.255s] -- Up-to-date: /home/kanye/Documents/visionaid/ros2_ws/install/my_robot_localization/share/my_robot_localization/cmake/my_robot_localizationConfig.cmake
[0.255s] -- Up-to-date: /home/kanye/Documents/visionaid/ros2_ws/install/my_robot_localization/share/my_robot_localization/cmake/my_robot_localizationConfig-version.cmake
[0.256s] -- Installing: /home/kanye/Documents/visionaid/ros2_ws/install/my_robot_localization/share/my_robot_localization/package.xml
[0.257s] Invoked command in '/home/kanye/Documents/visionaid/ros2_ws/build/my_robot_localization' returned '0': CMAKE_PREFIX_PATH=${CMAKE_PREFIX_PATH}:/opt/ros/humble /usr/bin/cmake --install /home/kanye/Documents/visionaid/ros2_ws/build/my_robot_localization
