[0.013s] Invoking command in '/home/sophie/visionaid/isaac_ros_ws/build/gxf_isaac_triton': AMENT_PREFIX_PATH=/home/sophie/visionaid/isaac_ros_ws/install/isaac_ros_gxf:/home/sophie/visionaid/isaac_ros_ws/install/isaac_ros_common:${AMENT_PREFIX_PATH} CMAKE_PREFIX_PATH=/home/sophie/visionaid/isaac_ros_ws/install/isaac_ros_gxf:/home/sophie/visionaid/isaac_ros_ws/install/isaac_ros_common:/opt/ros/humble LD_LIBRARY_PATH=/home/sophie/visionaid/isaac_ros_ws/install/isaac_ros_gxf/lib:/home/sophie/visionaid/isaac_ros_ws/install/isaac_ros_common/lib:${LD_LIBRARY_PATH} PATH=/home/sophie/visionaid/isaac_ros_ws/install/isaac_ros_common/bin:${PATH} PYTHONPATH=/home/sophie/visionaid/isaac_ros_ws/install/isaac_ros_common/local/lib/python3.10/dist-packages:${PYTHONPATH} /usr/bin/cmake /home/sophie/visionaid/isaac_ros_ws/src/isaac_ros_dnn_inference/isaac_ros_gxf_extensions/gxf_isaac_triton -DCMAKE_BUILD_TYPE=Release -DBUILD_TESTING=OFF -DCMAKE_CUDA_ARCHITECTURES=89 -DAMENT_CMAKE_SYMLINK_INSTALL=1 -DCMAKE_INSTALL_PREFIX=/home/sophie/visionaid/isaac_ros_ws/install/gxf_isaac_triton
[0.055s] -- The C compiler identification is GNU 11.4.0
[0.092s] -- The CXX compiler identification is GNU 11.4.0
[0.097s] -- Detecting C compiler ABI info
[0.151s] -- Detecting C compiler ABI info - done
[0.156s] -- Check for working C compiler: /usr/bin/cc - skipped
[0.156s] -- Detecting C compile features
[0.156s] -- Detecting C compile features - done
[0.158s] -- Detecting CXX compiler ABI info
[0.215s] -- Detecting CXX compiler ABI info - done
[0.222s] -- Check for working CXX compiler: /usr/bin/c++ - skipped
[0.222s] -- Detecting CXX compile features
[0.222s] -- Detecting CXX compile features - done
[0.223s] -- Found ament_cmake_auto: 1.3.11 (/opt/ros/humble/share/ament_cmake_auto/cmake)
[0.328s] -- Found Python3: /usr/bin/python3 (found version "3.10.12") found components: Interpreter 
[0.368s] -- Override CMake install command with custom implementation using symlinks instead of copying resources
[0.419s] -- Loading isaac_ros_common extras
[0.419s] -- CMAKE_BUILD_TYPE: Release
[0.435s] -- Looking for pthread.h
[0.490s] -- Looking for pthread.h - found
[0.490s] -- Performing Test CMAKE_HAVE_LIBC_PTHREAD
[0.548s] -- Performing Test CMAKE_HAVE_LIBC_PTHREAD - Success
[0.550s] -- Found Threads: TRUE  
[0.556s] -- Found CUDA: /usr/local/cuda-12.8 (found version "12.8") 
[0.557s] -- CUDA architectures: 89
[0.557s] -- Loading isaac_ros_common extras (modules)
[0.576s] -- Found rosidl_generator_c: 3.1.6 (/opt/ros/humble/share/rosidl_generator_c/cmake)
[0.578s] -- Found rosidl_adapter: 3.1.6 (/opt/ros/humble/share/rosidl_adapter/cmake)
[0.582s] -- Found rosidl_generator_cpp: 3.1.6 (/opt/ros/humble/share/rosidl_generator_cpp/cmake)
[0.589s] -- Using all available rosidl_typesupport_c: rosidl_typesupport_fastrtps_c;rosidl_typesupport_introspection_c
[0.598s] -- Using all available rosidl_typesupport_cpp: rosidl_typesupport_fastrtps_cpp;rosidl_typesupport_introspection_cpp
[0.623s] -- Found rmw_implementation_cmake: 6.1.2 (/opt/ros/humble/share/rmw_implementation_cmake/cmake)
[0.625s] -- Found rmw_fastrtps_cpp: 6.2.7 (/opt/ros/humble/share/rmw_fastrtps_cpp/cmake)
[0.695s] -- Found OpenSSL: /usr/lib/x86_64-linux-gnu/libcrypto.so (found version "3.0.2")  
[0.711s] -- Found FastRTPS: /opt/ros/humble/include  
[0.736s] -- Using RMW implementation 'rmw_fastrtps_cpp' as default
[0.772s] -- Loading isaac_ros_gxf extras
[0.815s] -- Configuring done
[0.817s] -- Generating done
[0.819s] -- Build files have been written to: /home/sophie/visionaid/isaac_ros_ws/build/gxf_isaac_triton
[0.826s] Invoked command in '/home/sophie/visionaid/isaac_ros_ws/build/gxf_isaac_triton' returned '0': AMENT_PREFIX_PATH=/home/sophie/visionaid/isaac_ros_ws/install/isaac_ros_gxf:/home/sophie/visionaid/isaac_ros_ws/install/isaac_ros_common:${AMENT_PREFIX_PATH} CMAKE_PREFIX_PATH=/home/sophie/visionaid/isaac_ros_ws/install/isaac_ros_gxf:/home/sophie/visionaid/isaac_ros_ws/install/isaac_ros_common:/opt/ros/humble LD_LIBRARY_PATH=/home/sophie/visionaid/isaac_ros_ws/install/isaac_ros_gxf/lib:/home/sophie/visionaid/isaac_ros_ws/install/isaac_ros_common/lib:${LD_LIBRARY_PATH} PATH=/home/sophie/visionaid/isaac_ros_ws/install/isaac_ros_common/bin:${PATH} PYTHONPATH=/home/sophie/visionaid/isaac_ros_ws/install/isaac_ros_common/local/lib/python3.10/dist-packages:${PYTHONPATH} /usr/bin/cmake /home/sophie/visionaid/isaac_ros_ws/src/isaac_ros_dnn_inference/isaac_ros_gxf_extensions/gxf_isaac_triton -DCMAKE_BUILD_TYPE=Release -DBUILD_TESTING=OFF -DCMAKE_CUDA_ARCHITECTURES=89 -DAMENT_CMAKE_SYMLINK_INSTALL=1 -DCMAKE_INSTALL_PREFIX=/home/sophie/visionaid/isaac_ros_ws/install/gxf_isaac_triton
[0.827s] Invoking command in '/home/sophie/visionaid/isaac_ros_ws/build/gxf_isaac_triton': AMENT_PREFIX_PATH=/home/sophie/visionaid/isaac_ros_ws/install/isaac_ros_gxf:/home/sophie/visionaid/isaac_ros_ws/install/isaac_ros_common:${AMENT_PREFIX_PATH} CMAKE_PREFIX_PATH=/home/sophie/visionaid/isaac_ros_ws/install/isaac_ros_gxf:/home/sophie/visionaid/isaac_ros_ws/install/isaac_ros_common:/opt/ros/humble LD_LIBRARY_PATH=/home/sophie/visionaid/isaac_ros_ws/install/isaac_ros_gxf/lib:/home/sophie/visionaid/isaac_ros_ws/install/isaac_ros_common/lib:${LD_LIBRARY_PATH} PATH=/home/sophie/visionaid/isaac_ros_ws/install/isaac_ros_common/bin:${PATH} PYTHONPATH=/home/sophie/visionaid/isaac_ros_ws/install/isaac_ros_common/local/lib/python3.10/dist-packages:${PYTHONPATH} /usr/bin/cmake --build /home/sophie/visionaid/isaac_ros_ws/build/gxf_isaac_triton -- -j22 -l22
[0.867s] [100%] [34m[1mGenerating version information as YAML[0m
[0.928s] [100%] Built target generate_version_info_target_gxf_isaac_triton
[0.938s] Invoked command in '/home/sophie/visionaid/isaac_ros_ws/build/gxf_isaac_triton' returned '0': AMENT_PREFIX_PATH=/home/sophie/visionaid/isaac_ros_ws/install/isaac_ros_gxf:/home/sophie/visionaid/isaac_ros_ws/install/isaac_ros_common:${AMENT_PREFIX_PATH} CMAKE_PREFIX_PATH=/home/sophie/visionaid/isaac_ros_ws/install/isaac_ros_gxf:/home/sophie/visionaid/isaac_ros_ws/install/isaac_ros_common:/opt/ros/humble LD_LIBRARY_PATH=/home/sophie/visionaid/isaac_ros_ws/install/isaac_ros_gxf/lib:/home/sophie/visionaid/isaac_ros_ws/install/isaac_ros_common/lib:${LD_LIBRARY_PATH} PATH=/home/sophie/visionaid/isaac_ros_ws/install/isaac_ros_common/bin:${PATH} PYTHONPATH=/home/sophie/visionaid/isaac_ros_ws/install/isaac_ros_common/local/lib/python3.10/dist-packages:${PYTHONPATH} /usr/bin/cmake --build /home/sophie/visionaid/isaac_ros_ws/build/gxf_isaac_triton -- -j22 -l22
[0.940s] Invoking command in '/home/sophie/visionaid/isaac_ros_ws/build/gxf_isaac_triton': AMENT_PREFIX_PATH=/home/sophie/visionaid/isaac_ros_ws/install/isaac_ros_gxf:/home/sophie/visionaid/isaac_ros_ws/install/isaac_ros_common:${AMENT_PREFIX_PATH} CMAKE_PREFIX_PATH=/home/sophie/visionaid/isaac_ros_ws/install/isaac_ros_gxf:/home/sophie/visionaid/isaac_ros_ws/install/isaac_ros_common:/opt/ros/humble LD_LIBRARY_PATH=/home/sophie/visionaid/isaac_ros_ws/install/isaac_ros_gxf/lib:/home/sophie/visionaid/isaac_ros_ws/install/isaac_ros_common/lib:${LD_LIBRARY_PATH} PATH=/home/sophie/visionaid/isaac_ros_ws/install/isaac_ros_common/bin:${PATH} PYTHONPATH=/home/sophie/visionaid/isaac_ros_ws/install/isaac_ros_common/local/lib/python3.10/dist-packages:${PYTHONPATH} /usr/bin/cmake --install /home/sophie/visionaid/isaac_ros_ws/build/gxf_isaac_triton
[0.947s] -- Install configuration: "Release"
[0.947s] -- Execute custom install script
[0.948s] -- Symlinking: /home/sophie/visionaid/isaac_ros_ws/install/gxf_isaac_triton/share/gxf_isaac_triton/gxf/lib/libgxf_isaac_triton.so
[0.955s] -- Symlinking: /home/sophie/visionaid/isaac_ros_ws/install/gxf_isaac_triton/share/gxf_isaac_triton/environment/library_path.sh
[0.961s] -- Symlinking: /home/sophie/visionaid/isaac_ros_ws/install/gxf_isaac_triton/share/gxf_isaac_triton/environment/library_path.dsv
[0.968s] -- Symlinking: /home/sophie/visionaid/isaac_ros_ws/install/gxf_isaac_triton/share/gxf_isaac_triton/gxf/lib/libnvbuf_fdmap.so
[0.975s] -- Symlinking: /home/sophie/visionaid/isaac_ros_ws/install/gxf_isaac_triton/share/gxf_isaac_triton/gxf/lib/libnvbufsurface.so
[0.982s] -- Symlinking: /home/sophie/visionaid/isaac_ros_ws/install/gxf_isaac_triton/share/gxf_isaac_triton/gxf/lib/libnvbufsurftransform.so
[0.989s] -- Symlinking: /home/sophie/visionaid/isaac_ros_ws/install/gxf_isaac_triton/share/gxf_isaac_triton/gxf/lib/libnvds_infer_server.so
[0.996s] -- Symlinking: /home/sophie/visionaid/isaac_ros_ws/install/gxf_isaac_triton/share/gxf_isaac_triton/gxf/lib/libnvds_inferlogger.so
[1.001s] -- Symlinking: /home/sophie/visionaid/isaac_ros_ws/install/gxf_isaac_triton/share/gxf_isaac_triton/gxf/lib/libnvds_inferutils.so
[1.008s] -- Symlinking: /home/sophie/visionaid/isaac_ros_ws/install/gxf_isaac_triton/share/gxf_isaac_triton/gxf/lib/libtritonserver.so
[1.014s] -- Symlinking: /home/sophie/visionaid/isaac_ros_ws/install/gxf_isaac_triton/share/gxf_isaac_triton/version_info.yaml
[1.020s] -- Symlinking: /home/sophie/visionaid/isaac_ros_ws/install/gxf_isaac_triton/share/ament_index/resource_index/package_run_dependencies/gxf_isaac_triton
[1.027s] -- Symlinking: /home/sophie/visionaid/isaac_ros_ws/install/gxf_isaac_triton/share/ament_index/resource_index/parent_prefix_path/gxf_isaac_triton
[1.034s] -- Symlinking: /home/sophie/visionaid/isaac_ros_ws/install/gxf_isaac_triton/share/gxf_isaac_triton/environment/ament_prefix_path.sh
[1.039s] -- Symlinking: /home/sophie/visionaid/isaac_ros_ws/install/gxf_isaac_triton/share/gxf_isaac_triton/environment/ament_prefix_path.dsv
[1.045s] -- Symlinking: /home/sophie/visionaid/isaac_ros_ws/install/gxf_isaac_triton/share/gxf_isaac_triton/environment/path.sh
[1.050s] -- Symlinking: /home/sophie/visionaid/isaac_ros_ws/install/gxf_isaac_triton/share/gxf_isaac_triton/environment/path.dsv
[1.057s] -- Symlinking: /home/sophie/visionaid/isaac_ros_ws/install/gxf_isaac_triton/share/gxf_isaac_triton/local_setup.bash
[1.062s] -- Symlinking: /home/sophie/visionaid/isaac_ros_ws/install/gxf_isaac_triton/share/gxf_isaac_triton/local_setup.sh
[1.068s] -- Symlinking: /home/sophie/visionaid/isaac_ros_ws/install/gxf_isaac_triton/share/gxf_isaac_triton/local_setup.zsh
[1.073s] -- Symlinking: /home/sophie/visionaid/isaac_ros_ws/install/gxf_isaac_triton/share/gxf_isaac_triton/local_setup.dsv
[1.079s] -- Symlinking: /home/sophie/visionaid/isaac_ros_ws/install/gxf_isaac_triton/share/gxf_isaac_triton/package.dsv
[1.084s] -- Symlinking: /home/sophie/visionaid/isaac_ros_ws/install/gxf_isaac_triton/share/ament_index/resource_index/packages/gxf_isaac_triton
[1.091s] -- Symlinking: /home/sophie/visionaid/isaac_ros_ws/install/gxf_isaac_triton/share/gxf_isaac_triton/cmake/ament_cmake_export_targets-extras.cmake
[1.098s] -- Symlinking: /home/sophie/visionaid/isaac_ros_ws/install/gxf_isaac_triton/share/gxf_isaac_triton/cmake/ament_cmake_export_dependencies-extras.cmake
[1.105s] -- Symlinking: /home/sophie/visionaid/isaac_ros_ws/install/gxf_isaac_triton/share/gxf_isaac_triton/cmake/gxf_isaac_tritonConfig.cmake
[1.109s] -- Symlinking: /home/sophie/visionaid/isaac_ros_ws/install/gxf_isaac_triton/share/gxf_isaac_triton/cmake/gxf_isaac_tritonConfig-version.cmake
[1.115s] -- Symlinking: /home/sophie/visionaid/isaac_ros_ws/install/gxf_isaac_triton/share/gxf_isaac_triton/package.xml
[1.121s] -- Installing: /home/sophie/visionaid/isaac_ros_ws/install/gxf_isaac_triton/share/gxf_isaac_triton/cmake/export_gxf_isaac_tritonExport.cmake
[1.125s] Invoked command in '/home/sophie/visionaid/isaac_ros_ws/build/gxf_isaac_triton' returned '0': AMENT_PREFIX_PATH=/home/sophie/visionaid/isaac_ros_ws/install/isaac_ros_gxf:/home/sophie/visionaid/isaac_ros_ws/install/isaac_ros_common:${AMENT_PREFIX_PATH} CMAKE_PREFIX_PATH=/home/sophie/visionaid/isaac_ros_ws/install/isaac_ros_gxf:/home/sophie/visionaid/isaac_ros_ws/install/isaac_ros_common:/opt/ros/humble LD_LIBRARY_PATH=/home/sophie/visionaid/isaac_ros_ws/install/isaac_ros_gxf/lib:/home/sophie/visionaid/isaac_ros_ws/install/isaac_ros_common/lib:${LD_LIBRARY_PATH} PATH=/home/sophie/visionaid/isaac_ros_ws/install/isaac_ros_common/bin:${PATH} PYTHONPATH=/home/sophie/visionaid/isaac_ros_ws/install/isaac_ros_common/local/lib/python3.10/dist-packages:${PYTHONPATH} /usr/bin/cmake --install /home/sophie/visionaid/isaac_ros_ws/build/gxf_isaac_triton
