[0.009s] Invoking command in '/home/sophie/visionaid/isaac_ros_ws/build/gxf_isaac_sight': AMENT_PREFIX_PATH=/home/sophie/visionaid/isaac_ros_ws/install/isaac_ros_gxf:/home/sophie/visionaid/isaac_ros_ws/install/isaac_ros_common:${AMENT_PREFIX_PATH} CMAKE_PREFIX_PATH=/home/sophie/visionaid/isaac_ros_ws/install/isaac_ros_gxf:/home/sophie/visionaid/isaac_ros_ws/install/isaac_ros_common:/opt/ros/humble LD_LIBRARY_PATH=/home/sophie/visionaid/isaac_ros_ws/install/isaac_ros_gxf/lib:/home/sophie/visionaid/isaac_ros_ws/install/isaac_ros_common/lib:${LD_LIBRARY_PATH} PATH=/home/sophie/visionaid/isaac_ros_ws/install/isaac_ros_common/bin:${PATH} PYTHONPATH=/home/sophie/visionaid/isaac_ros_ws/install/isaac_ros_common/local/lib/python3.10/dist-packages:${PYTHONPATH} /usr/bin/cmake /home/sophie/visionaid/isaac_ros_ws/src/isaac_ros_nitros/isaac_ros_gxf_extensions/gxf_isaac_sight -DCMAKE_BUILD_TYPE=Release -DBUILD_TESTING=OFF -DCMAKE_CUDA_ARCHITECTURES=89 -DAMENT_CMAKE_SYMLINK_INSTALL=1 -DCMAKE_INSTALL_PREFIX=/home/sophie/visionaid/isaac_ros_ws/install/gxf_isaac_sight
[0.051s] -- The C compiler identification is GNU 11.4.0
[0.096s] -- The CXX compiler identification is GNU 11.4.0
[0.100s] -- Detecting C compiler ABI info
[0.147s] -- Detecting C compiler ABI info - done
[0.153s] -- Check for working C compiler: /usr/bin/cc - skipped
[0.153s] -- Detecting C compile features
[0.153s] -- Detecting C compile features - done
[0.155s] -- Detecting CXX compiler ABI info
[0.208s] -- Detecting CXX compiler ABI info - done
[0.214s] -- Check for working CXX compiler: /usr/bin/c++ - skipped
[0.214s] -- Detecting CXX compile features
[0.214s] -- Detecting CXX compile features - done
[0.216s] -- Found ament_cmake_auto: 1.3.11 (/opt/ros/humble/share/ament_cmake_auto/cmake)
[0.306s] -- Found Python3: /usr/bin/python3 (found version "3.10.12") found components: Interpreter 
[0.342s] -- Override CMake install command with custom implementation using symlinks instead of copying resources
[0.390s] -- Loading isaac_ros_common extras
[0.390s] -- CMAKE_BUILD_TYPE: Release
[0.405s] -- Looking for pthread.h
[0.456s] -- Looking for pthread.h - found
[0.456s] -- Performing Test CMAKE_HAVE_LIBC_PTHREAD
[0.504s] -- Performing Test CMAKE_HAVE_LIBC_PTHREAD - Success
[0.505s] -- Found Threads: TRUE  
[0.511s] -- Found CUDA: /usr/local/cuda-12.8 (found version "12.8") 
[0.511s] -- CUDA architectures: 89
[0.511s] -- Loading isaac_ros_common extras (modules)
[0.529s] -- Found rosidl_generator_c: 3.1.6 (/opt/ros/humble/share/rosidl_generator_c/cmake)
[0.532s] -- Found rosidl_adapter: 3.1.6 (/opt/ros/humble/share/rosidl_adapter/cmake)
[0.536s] -- Found rosidl_generator_cpp: 3.1.6 (/opt/ros/humble/share/rosidl_generator_cpp/cmake)
[0.542s] -- Using all available rosidl_typesupport_c: rosidl_typesupport_fastrtps_c;rosidl_typesupport_introspection_c
[0.550s] -- Using all available rosidl_typesupport_cpp: rosidl_typesupport_fastrtps_cpp;rosidl_typesupport_introspection_cpp
[0.571s] -- Found rmw_implementation_cmake: 6.1.2 (/opt/ros/humble/share/rmw_implementation_cmake/cmake)
[0.572s] -- Found rmw_fastrtps_cpp: 6.2.7 (/opt/ros/humble/share/rmw_fastrtps_cpp/cmake)
[0.630s] -- Found OpenSSL: /usr/lib/x86_64-linux-gnu/libcrypto.so (found version "3.0.2")  
[0.645s] -- Found FastRTPS: /opt/ros/humble/include  
[0.668s] -- Using RMW implementation 'rmw_fastrtps_cpp' as default
[0.700s] -- Loading isaac_ros_gxf extras
[0.748s] -- Configuring done
[0.750s] -- Generating done
[0.751s] -- Build files have been written to: /home/sophie/visionaid/isaac_ros_ws/build/gxf_isaac_sight
[0.757s] Invoked command in '/home/sophie/visionaid/isaac_ros_ws/build/gxf_isaac_sight' returned '0': AMENT_PREFIX_PATH=/home/sophie/visionaid/isaac_ros_ws/install/isaac_ros_gxf:/home/sophie/visionaid/isaac_ros_ws/install/isaac_ros_common:${AMENT_PREFIX_PATH} CMAKE_PREFIX_PATH=/home/sophie/visionaid/isaac_ros_ws/install/isaac_ros_gxf:/home/sophie/visionaid/isaac_ros_ws/install/isaac_ros_common:/opt/ros/humble LD_LIBRARY_PATH=/home/sophie/visionaid/isaac_ros_ws/install/isaac_ros_gxf/lib:/home/sophie/visionaid/isaac_ros_ws/install/isaac_ros_common/lib:${LD_LIBRARY_PATH} PATH=/home/sophie/visionaid/isaac_ros_ws/install/isaac_ros_common/bin:${PATH} PYTHONPATH=/home/sophie/visionaid/isaac_ros_ws/install/isaac_ros_common/local/lib/python3.10/dist-packages:${PYTHONPATH} /usr/bin/cmake /home/sophie/visionaid/isaac_ros_ws/src/isaac_ros_nitros/isaac_ros_gxf_extensions/gxf_isaac_sight -DCMAKE_BUILD_TYPE=Release -DBUILD_TESTING=OFF -DCMAKE_CUDA_ARCHITECTURES=89 -DAMENT_CMAKE_SYMLINK_INSTALL=1 -DCMAKE_INSTALL_PREFIX=/home/sophie/visionaid/isaac_ros_ws/install/gxf_isaac_sight
[0.759s] Invoking command in '/home/sophie/visionaid/isaac_ros_ws/build/gxf_isaac_sight': AMENT_PREFIX_PATH=/home/sophie/visionaid/isaac_ros_ws/install/isaac_ros_gxf:/home/sophie/visionaid/isaac_ros_ws/install/isaac_ros_common:${AMENT_PREFIX_PATH} CMAKE_PREFIX_PATH=/home/sophie/visionaid/isaac_ros_ws/install/isaac_ros_gxf:/home/sophie/visionaid/isaac_ros_ws/install/isaac_ros_common:/opt/ros/humble LD_LIBRARY_PATH=/home/sophie/visionaid/isaac_ros_ws/install/isaac_ros_gxf/lib:/home/sophie/visionaid/isaac_ros_ws/install/isaac_ros_common/lib:${LD_LIBRARY_PATH} PATH=/home/sophie/visionaid/isaac_ros_ws/install/isaac_ros_common/bin:${PATH} PYTHONPATH=/home/sophie/visionaid/isaac_ros_ws/install/isaac_ros_common/local/lib/python3.10/dist-packages:${PYTHONPATH} /usr/bin/cmake --build /home/sophie/visionaid/isaac_ros_ws/build/gxf_isaac_sight -- -j22 -l22
[0.791s] [100%] [34m[1mGenerating version information as YAML[0m
[0.841s] [100%] Built target generate_version_info_target_gxf_isaac_sight
[0.848s] Invoked command in '/home/sophie/visionaid/isaac_ros_ws/build/gxf_isaac_sight' returned '0': AMENT_PREFIX_PATH=/home/sophie/visionaid/isaac_ros_ws/install/isaac_ros_gxf:/home/sophie/visionaid/isaac_ros_ws/install/isaac_ros_common:${AMENT_PREFIX_PATH} CMAKE_PREFIX_PATH=/home/sophie/visionaid/isaac_ros_ws/install/isaac_ros_gxf:/home/sophie/visionaid/isaac_ros_ws/install/isaac_ros_common:/opt/ros/humble LD_LIBRARY_PATH=/home/sophie/visionaid/isaac_ros_ws/install/isaac_ros_gxf/lib:/home/sophie/visionaid/isaac_ros_ws/install/isaac_ros_common/lib:${LD_LIBRARY_PATH} PATH=/home/sophie/visionaid/isaac_ros_ws/install/isaac_ros_common/bin:${PATH} PYTHONPATH=/home/sophie/visionaid/isaac_ros_ws/install/isaac_ros_common/local/lib/python3.10/dist-packages:${PYTHONPATH} /usr/bin/cmake --build /home/sophie/visionaid/isaac_ros_ws/build/gxf_isaac_sight -- -j22 -l22
[0.850s] Invoking command in '/home/sophie/visionaid/isaac_ros_ws/build/gxf_isaac_sight': AMENT_PREFIX_PATH=/home/sophie/visionaid/isaac_ros_ws/install/isaac_ros_gxf:/home/sophie/visionaid/isaac_ros_ws/install/isaac_ros_common:${AMENT_PREFIX_PATH} CMAKE_PREFIX_PATH=/home/sophie/visionaid/isaac_ros_ws/install/isaac_ros_gxf:/home/sophie/visionaid/isaac_ros_ws/install/isaac_ros_common:/opt/ros/humble LD_LIBRARY_PATH=/home/sophie/visionaid/isaac_ros_ws/install/isaac_ros_gxf/lib:/home/sophie/visionaid/isaac_ros_ws/install/isaac_ros_common/lib:${LD_LIBRARY_PATH} PATH=/home/sophie/visionaid/isaac_ros_ws/install/isaac_ros_common/bin:${PATH} PYTHONPATH=/home/sophie/visionaid/isaac_ros_ws/install/isaac_ros_common/local/lib/python3.10/dist-packages:${PYTHONPATH} /usr/bin/cmake --install /home/sophie/visionaid/isaac_ros_ws/build/gxf_isaac_sight
[0.857s] -- Install configuration: "Release"
[0.857s] -- Execute custom install script
[0.858s] -- Symlinking: /home/sophie/visionaid/isaac_ros_ws/install/gxf_isaac_sight/share/gxf_isaac_sight/gxf/lib/libgxf_isaac_sight.so
[0.863s] -- Symlinking: /home/sophie/visionaid/isaac_ros_ws/install/gxf_isaac_sight/share/gxf_isaac_sight/environment/library_path.sh
[0.869s] -- Symlinking: /home/sophie/visionaid/isaac_ros_ws/install/gxf_isaac_sight/share/gxf_isaac_sight/environment/library_path.dsv
[0.875s] -- Symlinking: /home/sophie/visionaid/isaac_ros_ws/install/gxf_isaac_sight/share/gxf_isaac_sight/version_info.yaml
[0.880s] -- Symlinking: /home/sophie/visionaid/isaac_ros_ws/install/gxf_isaac_sight/share/ament_index/resource_index/package_run_dependencies/gxf_isaac_sight
[0.885s] -- Symlinking: /home/sophie/visionaid/isaac_ros_ws/install/gxf_isaac_sight/share/ament_index/resource_index/parent_prefix_path/gxf_isaac_sight
[0.892s] -- Symlinking: /home/sophie/visionaid/isaac_ros_ws/install/gxf_isaac_sight/share/gxf_isaac_sight/environment/ament_prefix_path.sh
[0.897s] -- Symlinking: /home/sophie/visionaid/isaac_ros_ws/install/gxf_isaac_sight/share/gxf_isaac_sight/environment/ament_prefix_path.dsv
[0.903s] -- Symlinking: /home/sophie/visionaid/isaac_ros_ws/install/gxf_isaac_sight/share/gxf_isaac_sight/environment/path.sh
[0.908s] -- Symlinking: /home/sophie/visionaid/isaac_ros_ws/install/gxf_isaac_sight/share/gxf_isaac_sight/environment/path.dsv
[0.915s] -- Symlinking: /home/sophie/visionaid/isaac_ros_ws/install/gxf_isaac_sight/share/gxf_isaac_sight/local_setup.bash
[0.920s] -- Symlinking: /home/sophie/visionaid/isaac_ros_ws/install/gxf_isaac_sight/share/gxf_isaac_sight/local_setup.sh
[0.924s] -- Symlinking: /home/sophie/visionaid/isaac_ros_ws/install/gxf_isaac_sight/share/gxf_isaac_sight/local_setup.zsh
[0.930s] -- Symlinking: /home/sophie/visionaid/isaac_ros_ws/install/gxf_isaac_sight/share/gxf_isaac_sight/local_setup.dsv
[0.936s] -- Symlinking: /home/sophie/visionaid/isaac_ros_ws/install/gxf_isaac_sight/share/gxf_isaac_sight/package.dsv
[0.943s] -- Symlinking: /home/sophie/visionaid/isaac_ros_ws/install/gxf_isaac_sight/share/ament_index/resource_index/packages/gxf_isaac_sight
[0.948s] -- Symlinking: /home/sophie/visionaid/isaac_ros_ws/install/gxf_isaac_sight/share/gxf_isaac_sight/cmake/ament_cmake_export_targets-extras.cmake
[0.955s] -- Symlinking: /home/sophie/visionaid/isaac_ros_ws/install/gxf_isaac_sight/share/gxf_isaac_sight/cmake/ament_cmake_export_dependencies-extras.cmake
[0.962s] -- Symlinking: /home/sophie/visionaid/isaac_ros_ws/install/gxf_isaac_sight/share/gxf_isaac_sight/cmake/gxf_isaac_sightConfig.cmake
[0.967s] -- Symlinking: /home/sophie/visionaid/isaac_ros_ws/install/gxf_isaac_sight/share/gxf_isaac_sight/cmake/gxf_isaac_sightConfig-version.cmake
[0.974s] -- Symlinking: /home/sophie/visionaid/isaac_ros_ws/install/gxf_isaac_sight/share/gxf_isaac_sight/package.xml
[0.981s] -- Installing: /home/sophie/visionaid/isaac_ros_ws/install/gxf_isaac_sight/share/gxf_isaac_sight/cmake/export_gxf_isaac_sightExport.cmake
[0.984s] Invoked command in '/home/sophie/visionaid/isaac_ros_ws/build/gxf_isaac_sight' returned '0': AMENT_PREFIX_PATH=/home/sophie/visionaid/isaac_ros_ws/install/isaac_ros_gxf:/home/sophie/visionaid/isaac_ros_ws/install/isaac_ros_common:${AMENT_PREFIX_PATH} CMAKE_PREFIX_PATH=/home/sophie/visionaid/isaac_ros_ws/install/isaac_ros_gxf:/home/sophie/visionaid/isaac_ros_ws/install/isaac_ros_common:/opt/ros/humble LD_LIBRARY_PATH=/home/sophie/visionaid/isaac_ros_ws/install/isaac_ros_gxf/lib:/home/sophie/visionaid/isaac_ros_ws/install/isaac_ros_common/lib:${LD_LIBRARY_PATH} PATH=/home/sophie/visionaid/isaac_ros_ws/install/isaac_ros_common/bin:${PATH} PYTHONPATH=/home/sophie/visionaid/isaac_ros_ws/install/isaac_ros_common/local/lib/python3.10/dist-packages:${PYTHONPATH} /usr/bin/cmake --install /home/sophie/visionaid/isaac_ros_ws/build/gxf_isaac_sight
