-- Found ament_cmake_auto: 1.3.11 (/opt/ros/humble/share/ament_cmake_auto/cmake)
-- Override CMake install command with custom implementation using symlinks instead of copying resources
-- Using all available rosidl_typesupport_c: rosidl_typesupport_fastrtps_c;rosidl_typesupport_introspection_c
-- Found rosidl_adapter: 3.1.6 (/opt/ros/humble/share/rosidl_adapter/cmake)
-- Using all available rosidl_typesupport_cpp: rosidl_typesupport_fastrtps_cpp;rosidl_typesupport_introspection_cpp
-- Loading isaac_ros_common extras
-- CMAKE_BUILD_TYPE: Release
-- CUDA architectures: 89
-- Loading isaac_ros_common extras (modules)
-- Found rmw_implementation_cmake: 6.1.2 (/opt/ros/humble/share/rmw_implementation_cmake/cmake)
-- Found rmw_fastrtps_cpp: 6.2.7 (/opt/ros/humble/share/rmw_fastrtps_cpp/cmake)
-- Using RMW implementation 'rmw_fastrtps_cpp' as default
-- Found ament_cmake_ros: 0.10.0 (/opt/ros/humble/share/ament_cmake_ros/cmake)
-- Using all available rosidl_typesupport_c: rosidl_typesupport_fastrtps_c;rosidl_typesupport_introspection_c
-- Using all available rosidl_typesupport_cpp: rosidl_typesupport_fastrtps_cpp;rosidl_typesupport_introspection_cpp
-- Found python_cmake_module: 0.10.0 (/opt/ros/humble/share/python_cmake_module/cmake)
-- Using PYTHON_EXECUTABLE: /usr/bin/python3
-- Using PYTHON_INCLUDE_DIRS: /usr/include/python3.10
-- Using PYTHON_LIBRARIES: /usr/lib/x86_64-linux-gnu/libpython3.10.so
-- Configuring done
-- Generating done
-- Build files have been written to: /home/sophie/visionaid/isaac_ros_ws/build/isaac_ros_nova_interfaces
[35m[1mConsolidate compiler generated dependencies of target isaac_ros_nova_interfaces__rosidl_generator_c[0m
[  2%] Built target generate_version_info_target_isaac_ros_nova_interfaces
[ 12%] Built target isaac_ros_nova_interfaces__rosidl_generator_c
[ 12%] Built target ament_cmake_python_symlink_isaac_ros_nova_interfaces
[35m[1mConsolidate compiler generated dependencies of target isaac_ros_nova_interfaces__rosidl_typesupport_fastrtps_c[0m
[ 15%] Built target isaac_ros_nova_interfaces__cpp
[35m[1mConsolidate compiler generated dependencies of target isaac_ros_nova_interfaces__rosidl_typesupport_introspection_c[0m
[35m[1mConsolidate compiler generated dependencies of target isaac_ros_nova_interfaces__rosidl_typesupport_c[0m
[35m[1mConsolidate compiler generated dependencies of target isaac_ros_nova_interfaces__rosidl_typesupport_introspection_cpp[0m
[35m[1mConsolidate compiler generated dependencies of target isaac_ros_nova_interfaces__rosidl_typesupport_fastrtps_cpp[0m
[ 25%] Built target isaac_ros_nova_interfaces__rosidl_typesupport_fastrtps_c
[ 35%] Built target isaac_ros_nova_interfaces__rosidl_typesupport_c
[35m[1mConsolidate compiler generated dependencies of target isaac_ros_nova_interfaces__rosidl_typesupport_cpp[0m
[ 45%] Built target isaac_ros_nova_interfaces__rosidl_typesupport_introspection_c
[ 55%] Built target isaac_ros_nova_interfaces__rosidl_typesupport_introspection_cpp
[ 65%] Built target isaac_ros_nova_interfaces__rosidl_typesupport_fastrtps_cpp
[ 75%] Built target isaac_ros_nova_interfaces__rosidl_typesupport_cpp
[ 75%] Built target isaac_ros_nova_interfaces
[ 77%] Built target isaac_ros_nova_interfaces__py
[35m[1mConsolidate compiler generated dependencies of target isaac_ros_nova_interfaces__rosidl_generator_py[0m
[ 85%] Built target isaac_ros_nova_interfaces__rosidl_generator_py
[35m[1mConsolidate compiler generated dependencies of target isaac_ros_nova_interfaces__rosidl_typesupport_c__pyext[0m
[35m[1mConsolidate compiler generated dependencies of target isaac_ros_nova_interfaces__rosidl_typesupport_introspection_c__pyext[0m
[35m[1mConsolidate compiler generated dependencies of target isaac_ros_nova_interfaces__rosidl_typesupport_fastrtps_c__pyext[0m
[ 90%] Built target isaac_ros_nova_interfaces__rosidl_typesupport_c__pyext
[ 95%] Built target isaac_ros_nova_interfaces__rosidl_typesupport_fastrtps_c__pyext
[100%] Built target isaac_ros_nova_interfaces__rosidl_typesupport_introspection_c__pyext
running egg_info
writing isaac_ros_nova_interfaces.egg-info/PKG-INFO
writing dependency_links to isaac_ros_nova_interfaces.egg-info/dependency_links.txt
writing top-level names to isaac_ros_nova_interfaces.egg-info/top_level.txt
reading manifest file 'isaac_ros_nova_interfaces.egg-info/SOURCES.txt'
writing manifest file 'isaac_ros_nova_interfaces.egg-info/SOURCES.txt'
[100%] Built target ament_cmake_python_build_isaac_ros_nova_interfaces_egg
-- Install configuration: "Release"
-- Execute custom install script
-- Up-to-date symlink: /home/sophie/visionaid/isaac_ros_ws/install/isaac_ros_nova_interfaces/share/ament_index/resource_index/rosidl_interfaces/isaac_ros_nova_interfaces
-- Up-to-date symlink: /home/sophie/visionaid/isaac_ros_ws/install/isaac_ros_nova_interfaces/include/isaac_ros_nova_interfaces/isaac_ros_nova_interfaces/msg/correlated_timestamp.h
-- Up-to-date symlink: /home/sophie/visionaid/isaac_ros_ws/install/isaac_ros_nova_interfaces/include/isaac_ros_nova_interfaces/isaac_ros_nova_interfaces/msg/detail/correlated_timestamp__functions.h
-- Up-to-date symlink: /home/sophie/visionaid/isaac_ros_ws/install/isaac_ros_nova_interfaces/include/isaac_ros_nova_interfaces/isaac_ros_nova_interfaces/msg/detail/correlated_timestamp__struct.h
-- Up-to-date symlink: /home/sophie/visionaid/isaac_ros_ws/install/isaac_ros_nova_interfaces/include/isaac_ros_nova_interfaces/isaac_ros_nova_interfaces/msg/detail/correlated_timestamp__type_support.h
-- Up-to-date symlink: /home/sophie/visionaid/isaac_ros_ws/install/isaac_ros_nova_interfaces/include/isaac_ros_nova_interfaces/isaac_ros_nova_interfaces/msg/detail/encoder_ticks__functions.h
-- Up-to-date symlink: /home/sophie/visionaid/isaac_ros_ws/install/isaac_ros_nova_interfaces/include/isaac_ros_nova_interfaces/isaac_ros_nova_interfaces/msg/detail/encoder_ticks__struct.h
-- Up-to-date symlink: /home/sophie/visionaid/isaac_ros_ws/install/isaac_ros_nova_interfaces/include/isaac_ros_nova_interfaces/isaac_ros_nova_interfaces/msg/detail/encoder_ticks__type_support.h
-- Up-to-date symlink: /home/sophie/visionaid/isaac_ros_ws/install/isaac_ros_nova_interfaces/include/isaac_ros_nova_interfaces/isaac_ros_nova_interfaces/msg/encoder_ticks.h
-- Up-to-date symlink: /home/sophie/visionaid/isaac_ros_ws/install/isaac_ros_nova_interfaces/include/isaac_ros_nova_interfaces/isaac_ros_nova_interfaces/msg/rosidl_generator_c__visibility_control.h
-- Up-to-date symlink: /home/sophie/visionaid/isaac_ros_ws/install/isaac_ros_nova_interfaces/share/isaac_ros_nova_interfaces/environment/library_path.sh
-- Up-to-date symlink: /home/sophie/visionaid/isaac_ros_ws/install/isaac_ros_nova_interfaces/share/isaac_ros_nova_interfaces/environment/library_path.dsv
-- Up-to-date symlink: /home/sophie/visionaid/isaac_ros_ws/install/isaac_ros_nova_interfaces/include/isaac_ros_nova_interfaces/isaac_ros_nova_interfaces/msg/detail/correlated_timestamp__rosidl_typesupport_fastrtps_c.h
-- Up-to-date symlink: /home/sophie/visionaid/isaac_ros_ws/install/isaac_ros_nova_interfaces/include/isaac_ros_nova_interfaces/isaac_ros_nova_interfaces/msg/detail/encoder_ticks__rosidl_typesupport_fastrtps_c.h
-- Up-to-date symlink: /home/sophie/visionaid/isaac_ros_ws/install/isaac_ros_nova_interfaces/include/isaac_ros_nova_interfaces/isaac_ros_nova_interfaces/msg/rosidl_typesupport_fastrtps_c__visibility_control.h
-- Up-to-date symlink: /home/sophie/visionaid/isaac_ros_ws/install/isaac_ros_nova_interfaces/include/isaac_ros_nova_interfaces/isaac_ros_nova_interfaces/msg/detail/correlated_timestamp__rosidl_typesupport_introspection_c.h
-- Up-to-date symlink: /home/sophie/visionaid/isaac_ros_ws/install/isaac_ros_nova_interfaces/include/isaac_ros_nova_interfaces/isaac_ros_nova_interfaces/msg/detail/encoder_ticks__rosidl_typesupport_introspection_c.h
-- Up-to-date symlink: /home/sophie/visionaid/isaac_ros_ws/install/isaac_ros_nova_interfaces/include/isaac_ros_nova_interfaces/isaac_ros_nova_interfaces/msg/rosidl_typesupport_introspection_c__visibility_control.h
-- Up-to-date symlink: /home/sophie/visionaid/isaac_ros_ws/install/isaac_ros_nova_interfaces/include/isaac_ros_nova_interfaces/isaac_ros_nova_interfaces/msg/correlated_timestamp.hpp
-- Up-to-date symlink: /home/sophie/visionaid/isaac_ros_ws/install/isaac_ros_nova_interfaces/include/isaac_ros_nova_interfaces/isaac_ros_nova_interfaces/msg/detail/correlated_timestamp__builder.hpp
-- Up-to-date symlink: /home/sophie/visionaid/isaac_ros_ws/install/isaac_ros_nova_interfaces/include/isaac_ros_nova_interfaces/isaac_ros_nova_interfaces/msg/detail/correlated_timestamp__struct.hpp
-- Up-to-date symlink: /home/sophie/visionaid/isaac_ros_ws/install/isaac_ros_nova_interfaces/include/isaac_ros_nova_interfaces/isaac_ros_nova_interfaces/msg/detail/correlated_timestamp__traits.hpp
-- Up-to-date symlink: /home/sophie/visionaid/isaac_ros_ws/install/isaac_ros_nova_interfaces/include/isaac_ros_nova_interfaces/isaac_ros_nova_interfaces/msg/detail/correlated_timestamp__type_support.hpp
-- Up-to-date symlink: /home/sophie/visionaid/isaac_ros_ws/install/isaac_ros_nova_interfaces/include/isaac_ros_nova_interfaces/isaac_ros_nova_interfaces/msg/detail/encoder_ticks__builder.hpp
-- Up-to-date symlink: /home/sophie/visionaid/isaac_ros_ws/install/isaac_ros_nova_interfaces/include/isaac_ros_nova_interfaces/isaac_ros_nova_interfaces/msg/detail/encoder_ticks__struct.hpp
-- Up-to-date symlink: /home/sophie/visionaid/isaac_ros_ws/install/isaac_ros_nova_interfaces/include/isaac_ros_nova_interfaces/isaac_ros_nova_interfaces/msg/detail/encoder_ticks__traits.hpp
-- Up-to-date symlink: /home/sophie/visionaid/isaac_ros_ws/install/isaac_ros_nova_interfaces/include/isaac_ros_nova_interfaces/isaac_ros_nova_interfaces/msg/detail/encoder_ticks__type_support.hpp
-- Up-to-date symlink: /home/sophie/visionaid/isaac_ros_ws/install/isaac_ros_nova_interfaces/include/isaac_ros_nova_interfaces/isaac_ros_nova_interfaces/msg/encoder_ticks.hpp
-- Up-to-date symlink: /home/sophie/visionaid/isaac_ros_ws/install/isaac_ros_nova_interfaces/include/isaac_ros_nova_interfaces/isaac_ros_nova_interfaces/msg/rosidl_generator_cpp__visibility_control.hpp
-- Up-to-date symlink: /home/sophie/visionaid/isaac_ros_ws/install/isaac_ros_nova_interfaces/include/isaac_ros_nova_interfaces/isaac_ros_nova_interfaces/msg/detail/correlated_timestamp__rosidl_typesupport_fastrtps_cpp.hpp
-- Up-to-date symlink: /home/sophie/visionaid/isaac_ros_ws/install/isaac_ros_nova_interfaces/include/isaac_ros_nova_interfaces/isaac_ros_nova_interfaces/msg/detail/encoder_ticks__rosidl_typesupport_fastrtps_cpp.hpp
-- Up-to-date symlink: /home/sophie/visionaid/isaac_ros_ws/install/isaac_ros_nova_interfaces/include/isaac_ros_nova_interfaces/isaac_ros_nova_interfaces/msg/rosidl_typesupport_fastrtps_cpp__visibility_control.h
-- Up-to-date symlink: /home/sophie/visionaid/isaac_ros_ws/install/isaac_ros_nova_interfaces/include/isaac_ros_nova_interfaces/isaac_ros_nova_interfaces/msg/detail/correlated_timestamp__rosidl_typesupport_introspection_cpp.hpp
-- Up-to-date symlink: /home/sophie/visionaid/isaac_ros_ws/install/isaac_ros_nova_interfaces/include/isaac_ros_nova_interfaces/isaac_ros_nova_interfaces/msg/detail/encoder_ticks__rosidl_typesupport_introspection_cpp.hpp
-- Up-to-date symlink: /home/sophie/visionaid/isaac_ros_ws/install/isaac_ros_nova_interfaces/share/isaac_ros_nova_interfaces/environment/pythonpath.sh
-- Up-to-date symlink: /home/sophie/visionaid/isaac_ros_ws/install/isaac_ros_nova_interfaces/share/isaac_ros_nova_interfaces/environment/pythonpath.dsv
-- Up-to-date symlink: /home/sophie/visionaid/isaac_ros_ws/install/isaac_ros_nova_interfaces/local/lib/python3.10/dist-packages/isaac_ros_nova_interfaces-3.2.5-py3.10.egg-info/PKG-INFO
-- Up-to-date symlink: /home/sophie/visionaid/isaac_ros_ws/install/isaac_ros_nova_interfaces/local/lib/python3.10/dist-packages/isaac_ros_nova_interfaces-3.2.5-py3.10.egg-info/SOURCES.txt
-- Up-to-date symlink: /home/sophie/visionaid/isaac_ros_ws/install/isaac_ros_nova_interfaces/local/lib/python3.10/dist-packages/isaac_ros_nova_interfaces-3.2.5-py3.10.egg-info/dependency_links.txt
-- Up-to-date symlink: /home/sophie/visionaid/isaac_ros_ws/install/isaac_ros_nova_interfaces/local/lib/python3.10/dist-packages/isaac_ros_nova_interfaces-3.2.5-py3.10.egg-info/top_level.txt
-- Up-to-date symlink: /home/sophie/visionaid/isaac_ros_ws/install/isaac_ros_nova_interfaces/local/lib/python3.10/dist-packages/isaac_ros_nova_interfaces/__init__.py
-- Up-to-date symlink: /home/sophie/visionaid/isaac_ros_ws/install/isaac_ros_nova_interfaces/local/lib/python3.10/dist-packages/isaac_ros_nova_interfaces/_isaac_ros_nova_interfaces_s.ep.rosidl_typesupport_c.c
-- Up-to-date symlink: /home/sophie/visionaid/isaac_ros_ws/install/isaac_ros_nova_interfaces/local/lib/python3.10/dist-packages/isaac_ros_nova_interfaces/_isaac_ros_nova_interfaces_s.ep.rosidl_typesupport_fastrtps_c.c
-- Up-to-date symlink: /home/sophie/visionaid/isaac_ros_ws/install/isaac_ros_nova_interfaces/local/lib/python3.10/dist-packages/isaac_ros_nova_interfaces/_isaac_ros_nova_interfaces_s.ep.rosidl_typesupport_introspection_c.c
-- Up-to-date symlink: /home/sophie/visionaid/isaac_ros_ws/install/isaac_ros_nova_interfaces/local/lib/python3.10/dist-packages/isaac_ros_nova_interfaces/isaac_ros_nova_interfaces_s__rosidl_typesupport_c.cpython-310-x86_64-linux-gnu.so
-- Up-to-date symlink: /home/sophie/visionaid/isaac_ros_ws/install/isaac_ros_nova_interfaces/local/lib/python3.10/dist-packages/isaac_ros_nova_interfaces/isaac_ros_nova_interfaces_s__rosidl_typesupport_fastrtps_c.cpython-310-x86_64-linux-gnu.so
-- Up-to-date symlink: /home/sophie/visionaid/isaac_ros_ws/install/isaac_ros_nova_interfaces/local/lib/python3.10/dist-packages/isaac_ros_nova_interfaces/isaac_ros_nova_interfaces_s__rosidl_typesupport_introspection_c.cpython-310-x86_64-linux-gnu.so
-- Up-to-date symlink: /home/sophie/visionaid/isaac_ros_ws/install/isaac_ros_nova_interfaces/local/lib/python3.10/dist-packages/isaac_ros_nova_interfaces/libisaac_ros_nova_interfaces__rosidl_generator_py.so
-- Up-to-date symlink: /home/sophie/visionaid/isaac_ros_ws/install/isaac_ros_nova_interfaces/local/lib/python3.10/dist-packages/isaac_ros_nova_interfaces/msg/__init__.py
-- Up-to-date symlink: /home/sophie/visionaid/isaac_ros_ws/install/isaac_ros_nova_interfaces/local/lib/python3.10/dist-packages/isaac_ros_nova_interfaces/msg/_correlated_timestamp.py
-- Up-to-date symlink: /home/sophie/visionaid/isaac_ros_ws/install/isaac_ros_nova_interfaces/local/lib/python3.10/dist-packages/isaac_ros_nova_interfaces/msg/_correlated_timestamp_s.c
-- Up-to-date symlink: /home/sophie/visionaid/isaac_ros_ws/install/isaac_ros_nova_interfaces/local/lib/python3.10/dist-packages/isaac_ros_nova_interfaces/msg/_encoder_ticks.py
-- Up-to-date symlink: /home/sophie/visionaid/isaac_ros_ws/install/isaac_ros_nova_interfaces/local/lib/python3.10/dist-packages/isaac_ros_nova_interfaces/msg/_encoder_ticks_s.c
-- Up-to-date symlink: /home/sophie/visionaid/isaac_ros_ws/install/isaac_ros_nova_interfaces/local/lib/python3.10/dist-packages/isaac_ros_nova_interfaces/isaac_ros_nova_interfaces_s__rosidl_typesupport_fastrtps_c.cpython-310-x86_64-linux-gnu.so
-- Up-to-date symlink: /home/sophie/visionaid/isaac_ros_ws/install/isaac_ros_nova_interfaces/local/lib/python3.10/dist-packages/isaac_ros_nova_interfaces/isaac_ros_nova_interfaces_s__rosidl_typesupport_introspection_c.cpython-310-x86_64-linux-gnu.so
-- Up-to-date symlink: /home/sophie/visionaid/isaac_ros_ws/install/isaac_ros_nova_interfaces/local/lib/python3.10/dist-packages/isaac_ros_nova_interfaces/isaac_ros_nova_interfaces_s__rosidl_typesupport_c.cpython-310-x86_64-linux-gnu.so
-- Up-to-date symlink: /home/sophie/visionaid/isaac_ros_ws/install/isaac_ros_nova_interfaces/share/isaac_ros_nova_interfaces/msg/CorrelatedTimestamp.idl
-- Up-to-date symlink: /home/sophie/visionaid/isaac_ros_ws/install/isaac_ros_nova_interfaces/share/isaac_ros_nova_interfaces/msg/EncoderTicks.idl
-- Up-to-date symlink: /home/sophie/visionaid/isaac_ros_ws/install/isaac_ros_nova_interfaces/share/isaac_ros_nova_interfaces/msg/CorrelatedTimestamp.msg
-- Up-to-date symlink: /home/sophie/visionaid/isaac_ros_ws/install/isaac_ros_nova_interfaces/share/isaac_ros_nova_interfaces/msg/EncoderTicks.msg
-- Up-to-date symlink: /home/sophie/visionaid/isaac_ros_ws/install/isaac_ros_nova_interfaces/share/isaac_ros_nova_interfaces/version_info.yaml
-- Up-to-date symlink: /home/sophie/visionaid/isaac_ros_ws/install/isaac_ros_nova_interfaces/share/ament_index/resource_index/package_run_dependencies/isaac_ros_nova_interfaces
-- Up-to-date symlink: /home/sophie/visionaid/isaac_ros_ws/install/isaac_ros_nova_interfaces/share/ament_index/resource_index/parent_prefix_path/isaac_ros_nova_interfaces
-- Up-to-date symlink: /home/sophie/visionaid/isaac_ros_ws/install/isaac_ros_nova_interfaces/share/isaac_ros_nova_interfaces/environment/ament_prefix_path.sh
-- Up-to-date symlink: /home/sophie/visionaid/isaac_ros_ws/install/isaac_ros_nova_interfaces/share/isaac_ros_nova_interfaces/environment/ament_prefix_path.dsv
-- Up-to-date symlink: /home/sophie/visionaid/isaac_ros_ws/install/isaac_ros_nova_interfaces/share/isaac_ros_nova_interfaces/environment/path.sh
-- Up-to-date symlink: /home/sophie/visionaid/isaac_ros_ws/install/isaac_ros_nova_interfaces/share/isaac_ros_nova_interfaces/environment/path.dsv
-- Up-to-date symlink: /home/sophie/visionaid/isaac_ros_ws/install/isaac_ros_nova_interfaces/share/isaac_ros_nova_interfaces/local_setup.bash
-- Up-to-date symlink: /home/sophie/visionaid/isaac_ros_ws/install/isaac_ros_nova_interfaces/share/isaac_ros_nova_interfaces/local_setup.sh
-- Up-to-date symlink: /home/sophie/visionaid/isaac_ros_ws/install/isaac_ros_nova_interfaces/share/isaac_ros_nova_interfaces/local_setup.zsh
-- Up-to-date symlink: /home/sophie/visionaid/isaac_ros_ws/install/isaac_ros_nova_interfaces/share/isaac_ros_nova_interfaces/local_setup.dsv
-- Symlinking: /home/sophie/visionaid/isaac_ros_ws/install/isaac_ros_nova_interfaces/share/isaac_ros_nova_interfaces/package.dsv
-- Up-to-date symlink: /home/sophie/visionaid/isaac_ros_ws/install/isaac_ros_nova_interfaces/share/ament_index/resource_index/packages/isaac_ros_nova_interfaces
-- Up-to-date symlink: /home/sophie/visionaid/isaac_ros_ws/install/isaac_ros_nova_interfaces/share/isaac_ros_nova_interfaces/cmake/rosidl_cmake-extras.cmake
-- Up-to-date symlink: /home/sophie/visionaid/isaac_ros_ws/install/isaac_ros_nova_interfaces/share/isaac_ros_nova_interfaces/cmake/ament_cmake_export_dependencies-extras.cmake
-- Up-to-date symlink: /home/sophie/visionaid/isaac_ros_ws/install/isaac_ros_nova_interfaces/share/isaac_ros_nova_interfaces/cmake/ament_cmake_export_include_directories-extras.cmake
-- Up-to-date symlink: /home/sophie/visionaid/isaac_ros_ws/install/isaac_ros_nova_interfaces/share/isaac_ros_nova_interfaces/cmake/ament_cmake_export_libraries-extras.cmake
-- Up-to-date symlink: /home/sophie/visionaid/isaac_ros_ws/install/isaac_ros_nova_interfaces/share/isaac_ros_nova_interfaces/cmake/ament_cmake_export_targets-extras.cmake
-- Up-to-date symlink: /home/sophie/visionaid/isaac_ros_ws/install/isaac_ros_nova_interfaces/share/isaac_ros_nova_interfaces/cmake/rosidl_cmake_export_typesupport_targets-extras.cmake
-- Up-to-date symlink: /home/sophie/visionaid/isaac_ros_ws/install/isaac_ros_nova_interfaces/share/isaac_ros_nova_interfaces/cmake/rosidl_cmake_export_typesupport_libraries-extras.cmake
-- Up-to-date symlink: /home/sophie/visionaid/isaac_ros_ws/install/isaac_ros_nova_interfaces/share/isaac_ros_nova_interfaces/cmake/isaac_ros_nova_interfacesConfig.cmake
-- Up-to-date symlink: /home/sophie/visionaid/isaac_ros_ws/install/isaac_ros_nova_interfaces/share/isaac_ros_nova_interfaces/cmake/isaac_ros_nova_interfacesConfig-version.cmake
-- Up-to-date symlink: /home/sophie/visionaid/isaac_ros_ws/install/isaac_ros_nova_interfaces/share/isaac_ros_nova_interfaces/package.xml
-- Up-to-date: /home/sophie/visionaid/isaac_ros_ws/install/isaac_ros_nova_interfaces/lib/libisaac_ros_nova_interfaces__rosidl_generator_c.so
-- Up-to-date: /home/sophie/visionaid/isaac_ros_ws/install/isaac_ros_nova_interfaces/lib/libisaac_ros_nova_interfaces__rosidl_typesupport_fastrtps_c.so
-- Up-to-date: /home/sophie/visionaid/isaac_ros_ws/install/isaac_ros_nova_interfaces/lib/libisaac_ros_nova_interfaces__rosidl_typesupport_introspection_c.so
-- Up-to-date: /home/sophie/visionaid/isaac_ros_ws/install/isaac_ros_nova_interfaces/lib/libisaac_ros_nova_interfaces__rosidl_typesupport_c.so
-- Up-to-date: /home/sophie/visionaid/isaac_ros_ws/install/isaac_ros_nova_interfaces/lib/libisaac_ros_nova_interfaces__rosidl_typesupport_fastrtps_cpp.so
-- Up-to-date: /home/sophie/visionaid/isaac_ros_ws/install/isaac_ros_nova_interfaces/lib/libisaac_ros_nova_interfaces__rosidl_typesupport_introspection_cpp.so
-- Up-to-date: /home/sophie/visionaid/isaac_ros_ws/install/isaac_ros_nova_interfaces/lib/libisaac_ros_nova_interfaces__rosidl_typesupport_cpp.so
Listing '/home/sophie/visionaid/isaac_ros_ws/install/isaac_ros_nova_interfaces/local/lib/python3.10/dist-packages/isaac_ros_nova_interfaces'...
Compiling '/home/sophie/visionaid/isaac_ros_ws/install/isaac_ros_nova_interfaces/local/lib/python3.10/dist-packages/isaac_ros_nova_interfaces/__init__.py'...
Listing '/home/sophie/visionaid/isaac_ros_ws/install/isaac_ros_nova_interfaces/local/lib/python3.10/dist-packages/isaac_ros_nova_interfaces/msg'...
-- Up-to-date: /home/sophie/visionaid/isaac_ros_ws/install/isaac_ros_nova_interfaces/lib/libisaac_ros_nova_interfaces__rosidl_generator_py.so
-- Up-to-date: /home/sophie/visionaid/isaac_ros_ws/install/isaac_ros_nova_interfaces/share/isaac_ros_nova_interfaces/cmake/export_isaac_ros_nova_interfaces__rosidl_generator_cExport.cmake
-- Up-to-date: /home/sophie/visionaid/isaac_ros_ws/install/isaac_ros_nova_interfaces/share/isaac_ros_nova_interfaces/cmake/export_isaac_ros_nova_interfaces__rosidl_generator_cExport-release.cmake
-- Up-to-date: /home/sophie/visionaid/isaac_ros_ws/install/isaac_ros_nova_interfaces/share/isaac_ros_nova_interfaces/cmake/export_isaac_ros_nova_interfaces__rosidl_typesupport_fastrtps_cExport.cmake
-- Up-to-date: /home/sophie/visionaid/isaac_ros_ws/install/isaac_ros_nova_interfaces/share/isaac_ros_nova_interfaces/cmake/export_isaac_ros_nova_interfaces__rosidl_typesupport_fastrtps_cExport-release.cmake
-- Up-to-date: /home/sophie/visionaid/isaac_ros_ws/install/isaac_ros_nova_interfaces/share/isaac_ros_nova_interfaces/cmake/isaac_ros_nova_interfaces__rosidl_typesupport_introspection_cExport.cmake
-- Up-to-date: /home/sophie/visionaid/isaac_ros_ws/install/isaac_ros_nova_interfaces/share/isaac_ros_nova_interfaces/cmake/isaac_ros_nova_interfaces__rosidl_typesupport_introspection_cExport-release.cmake
-- Up-to-date: /home/sophie/visionaid/isaac_ros_ws/install/isaac_ros_nova_interfaces/share/isaac_ros_nova_interfaces/cmake/isaac_ros_nova_interfaces__rosidl_typesupport_cExport.cmake
-- Up-to-date: /home/sophie/visionaid/isaac_ros_ws/install/isaac_ros_nova_interfaces/share/isaac_ros_nova_interfaces/cmake/isaac_ros_nova_interfaces__rosidl_typesupport_cExport-release.cmake
-- Up-to-date: /home/sophie/visionaid/isaac_ros_ws/install/isaac_ros_nova_interfaces/share/isaac_ros_nova_interfaces/cmake/export_isaac_ros_nova_interfaces__rosidl_generator_cppExport.cmake
-- Up-to-date: /home/sophie/visionaid/isaac_ros_ws/install/isaac_ros_nova_interfaces/share/isaac_ros_nova_interfaces/cmake/export_isaac_ros_nova_interfaces__rosidl_typesupport_fastrtps_cppExport.cmake
-- Up-to-date: /home/sophie/visionaid/isaac_ros_ws/install/isaac_ros_nova_interfaces/share/isaac_ros_nova_interfaces/cmake/export_isaac_ros_nova_interfaces__rosidl_typesupport_fastrtps_cppExport-release.cmake
-- Up-to-date: /home/sophie/visionaid/isaac_ros_ws/install/isaac_ros_nova_interfaces/share/isaac_ros_nova_interfaces/cmake/isaac_ros_nova_interfaces__rosidl_typesupport_introspection_cppExport.cmake
-- Up-to-date: /home/sophie/visionaid/isaac_ros_ws/install/isaac_ros_nova_interfaces/share/isaac_ros_nova_interfaces/cmake/isaac_ros_nova_interfaces__rosidl_typesupport_introspection_cppExport-release.cmake
-- Up-to-date: /home/sophie/visionaid/isaac_ros_ws/install/isaac_ros_nova_interfaces/share/isaac_ros_nova_interfaces/cmake/isaac_ros_nova_interfaces__rosidl_typesupport_cppExport.cmake
-- Up-to-date: /home/sophie/visionaid/isaac_ros_ws/install/isaac_ros_nova_interfaces/share/isaac_ros_nova_interfaces/cmake/isaac_ros_nova_interfaces__rosidl_typesupport_cppExport-release.cmake
-- Up-to-date: /home/sophie/visionaid/isaac_ros_ws/install/isaac_ros_nova_interfaces/share/isaac_ros_nova_interfaces/cmake/export_isaac_ros_nova_interfaces__rosidl_generator_pyExport.cmake
-- Up-to-date: /home/sophie/visionaid/isaac_ros_ws/install/isaac_ros_nova_interfaces/share/isaac_ros_nova_interfaces/cmake/export_isaac_ros_nova_interfaces__rosidl_generator_pyExport-release.cmake
