[0.014s] Invoking command in '/home/sophie/visionaid/isaac_ros_ws/build/isaac_ros_moveit_benchmark': AMENT_PREFIX_PATH=/home/sophie/visionaid/isaac_ros_ws/install/ros2_benchmark:/home/sophie/visionaid/isaac_ros_ws/install/ros2_benchmark_interfaces:/home/sophie/visionaid/isaac_ros_ws/install/isaac_ros_common:${AMENT_PREFIX_PATH} CMAKE_PREFIX_PATH=/home/sophie/visionaid/isaac_ros_ws/install/ros2_benchmark:/home/sophie/visionaid/isaac_ros_ws/install/ros2_benchmark_interfaces:/home/sophie/visionaid/isaac_ros_ws/install/isaac_ros_common:/opt/ros/humble LD_LIBRARY_PATH=/home/sophie/visionaid/isaac_ros_ws/install/ros2_benchmark/lib:/home/sophie/visionaid/isaac_ros_ws/install/ros2_benchmark_interfaces/lib:/home/sophie/visionaid/isaac_ros_ws/install/isaac_ros_common/lib:${LD_LIBRARY_PATH} PATH=/home/sophie/visionaid/isaac_ros_ws/install/isaac_ros_common/bin:${PATH} PYTHONPATH=/home/sophie/visionaid/isaac_ros_ws/install/ros2_benchmark/local/lib/python3.10/dist-packages:/home/sophie/visionaid/isaac_ros_ws/install/ros2_benchmark_interfaces/local/lib/python3.10/dist-packages:/home/sophie/visionaid/isaac_ros_ws/install/isaac_ros_common/local/lib/python3.10/dist-packages:${PYTHONPATH} /usr/bin/cmake /home/sophie/visionaid/isaac_ros_ws/src/isaac_ros_benchmark/benchmarks/isaac_ros_moveit_benchmark/isaac_ros_moveit_benchmark -DCMAKE_BUILD_TYPE=Release -DBUILD_TESTING=OFF -DCMAKE_CUDA_ARCHITECTURES=89 -DAMENT_CMAKE_SYMLINK_INSTALL=1 -DCMAKE_INSTALL_PREFIX=/home/sophie/visionaid/isaac_ros_ws/install/isaac_ros_moveit_benchmark
[0.055s] -- The C compiler identification is GNU 11.4.0
[0.094s] -- The CXX compiler identification is GNU 11.4.0
[0.099s] -- Detecting C compiler ABI info
[0.150s] -- Detecting C compiler ABI info - done
[0.157s] -- Check for working C compiler: /usr/bin/cc - skipped
[0.157s] -- Detecting C compile features
[0.157s] -- Detecting C compile features - done
[0.159s] -- Detecting CXX compiler ABI info
[0.219s] -- Detecting CXX compiler ABI info - done
[0.225s] -- Check for working CXX compiler: /usr/bin/c++ - skipped
[0.225s] -- Detecting CXX compile features
[0.225s] -- Detecting CXX compile features - done
[0.226s] -- Found ament_cmake_auto: 1.3.11 (/opt/ros/humble/share/ament_cmake_auto/cmake)
[0.327s] -- Found Python3: /usr/bin/python3 (found version "3.10.12") found components: Interpreter 
[0.368s] -- Override CMake install command with custom implementation using symlinks instead of copying resources
[0.445s] -- Found rosidl_generator_c: 3.1.6 (/opt/ros/humble/share/rosidl_generator_c/cmake)
[0.447s] -- Found rosidl_adapter: 3.1.6 (/opt/ros/humble/share/rosidl_adapter/cmake)
[0.452s] -- Found rosidl_generator_cpp: 3.1.6 (/opt/ros/humble/share/rosidl_generator_cpp/cmake)
[0.459s] -- Using all available rosidl_typesupport_c: rosidl_typesupport_fastrtps_c;rosidl_typesupport_introspection_c
[0.469s] -- Using all available rosidl_typesupport_cpp: rosidl_typesupport_fastrtps_cpp;rosidl_typesupport_introspection_cpp
[0.495s] -- Found rmw_implementation_cmake: 6.1.2 (/opt/ros/humble/share/rmw_implementation_cmake/cmake)
[0.496s] -- Found rmw_fastrtps_cpp: 6.2.7 (/opt/ros/humble/share/rmw_fastrtps_cpp/cmake)
[0.562s] -- Found OpenSSL: /usr/lib/x86_64-linux-gnu/libcrypto.so (found version "3.0.2")  
[0.577s] -- Found FastRTPS: /opt/ros/humble/include  
[0.602s] -- Using RMW implementation 'rmw_fastrtps_cpp' as default
[0.606s] -- Looking for pthread.h
[0.666s] -- Looking for pthread.h - found
[0.666s] -- Performing Test CMAKE_HAVE_LIBC_PTHREAD
[0.734s] -- Performing Test CMAKE_HAVE_LIBC_PTHREAD - Success
[0.735s] -- Found Threads: TRUE  
[0.851s] -- Configuring done
[0.854s] -- Generating done
[0.855s] -- Build files have been written to: /home/sophie/visionaid/isaac_ros_ws/build/isaac_ros_moveit_benchmark
[0.864s] Invoked command in '/home/sophie/visionaid/isaac_ros_ws/build/isaac_ros_moveit_benchmark' returned '0': AMENT_PREFIX_PATH=/home/sophie/visionaid/isaac_ros_ws/install/ros2_benchmark:/home/sophie/visionaid/isaac_ros_ws/install/ros2_benchmark_interfaces:/home/sophie/visionaid/isaac_ros_ws/install/isaac_ros_common:${AMENT_PREFIX_PATH} CMAKE_PREFIX_PATH=/home/sophie/visionaid/isaac_ros_ws/install/ros2_benchmark:/home/sophie/visionaid/isaac_ros_ws/install/ros2_benchmark_interfaces:/home/sophie/visionaid/isaac_ros_ws/install/isaac_ros_common:/opt/ros/humble LD_LIBRARY_PATH=/home/sophie/visionaid/isaac_ros_ws/install/ros2_benchmark/lib:/home/sophie/visionaid/isaac_ros_ws/install/ros2_benchmark_interfaces/lib:/home/sophie/visionaid/isaac_ros_ws/install/isaac_ros_common/lib:${LD_LIBRARY_PATH} PATH=/home/sophie/visionaid/isaac_ros_ws/install/isaac_ros_common/bin:${PATH} PYTHONPATH=/home/sophie/visionaid/isaac_ros_ws/install/ros2_benchmark/local/lib/python3.10/dist-packages:/home/sophie/visionaid/isaac_ros_ws/install/ros2_benchmark_interfaces/local/lib/python3.10/dist-packages:/home/sophie/visionaid/isaac_ros_ws/install/isaac_ros_common/local/lib/python3.10/dist-packages:${PYTHONPATH} /usr/bin/cmake /home/sophie/visionaid/isaac_ros_ws/src/isaac_ros_benchmark/benchmarks/isaac_ros_moveit_benchmark/isaac_ros_moveit_benchmark -DCMAKE_BUILD_TYPE=Release -DBUILD_TESTING=OFF -DCMAKE_CUDA_ARCHITECTURES=89 -DAMENT_CMAKE_SYMLINK_INSTALL=1 -DCMAKE_INSTALL_PREFIX=/home/sophie/visionaid/isaac_ros_ws/install/isaac_ros_moveit_benchmark
[0.865s] Invoking command in '/home/sophie/visionaid/isaac_ros_ws/build/isaac_ros_moveit_benchmark': AMENT_PREFIX_PATH=/home/sophie/visionaid/isaac_ros_ws/install/ros2_benchmark:/home/sophie/visionaid/isaac_ros_ws/install/ros2_benchmark_interfaces:/home/sophie/visionaid/isaac_ros_ws/install/isaac_ros_common:${AMENT_PREFIX_PATH} CMAKE_PREFIX_PATH=/home/sophie/visionaid/isaac_ros_ws/install/ros2_benchmark:/home/sophie/visionaid/isaac_ros_ws/install/ros2_benchmark_interfaces:/home/sophie/visionaid/isaac_ros_ws/install/isaac_ros_common:/opt/ros/humble LD_LIBRARY_PATH=/home/sophie/visionaid/isaac_ros_ws/install/ros2_benchmark/lib:/home/sophie/visionaid/isaac_ros_ws/install/ros2_benchmark_interfaces/lib:/home/sophie/visionaid/isaac_ros_ws/install/isaac_ros_common/lib:${LD_LIBRARY_PATH} PATH=/home/sophie/visionaid/isaac_ros_ws/install/isaac_ros_common/bin:${PATH} PYTHONPATH=/home/sophie/visionaid/isaac_ros_ws/install/ros2_benchmark/local/lib/python3.10/dist-packages:/home/sophie/visionaid/isaac_ros_ws/install/ros2_benchmark_interfaces/local/lib/python3.10/dist-packages:/home/sophie/visionaid/isaac_ros_ws/install/isaac_ros_common/local/lib/python3.10/dist-packages:${PYTHONPATH} /usr/bin/cmake --build /home/sophie/visionaid/isaac_ros_ws/build/isaac_ros_moveit_benchmark -- -j22 -l22
[0.910s] Built target ament_cmake_python_symlink_isaac_ros_moveit_benchmark
[1.048s] running egg_info
[1.048s] creating isaac_ros_moveit_benchmark.egg-info
[1.048s] writing isaac_ros_moveit_benchmark.egg-info/PKG-INFO
[1.048s] writing dependency_links to isaac_ros_moveit_benchmark.egg-info/dependency_links.txt
[1.048s] writing top-level names to isaac_ros_moveit_benchmark.egg-info/top_level.txt
[1.048s] writing manifest file 'isaac_ros_moveit_benchmark.egg-info/SOURCES.txt'
[1.050s] reading manifest file 'isaac_ros_moveit_benchmark.egg-info/SOURCES.txt'
[1.050s] writing manifest file 'isaac_ros_moveit_benchmark.egg-info/SOURCES.txt'
[1.069s] Built target ament_cmake_python_build_isaac_ros_moveit_benchmark_egg
[1.080s] Invoked command in '/home/sophie/visionaid/isaac_ros_ws/build/isaac_ros_moveit_benchmark' returned '0': AMENT_PREFIX_PATH=/home/sophie/visionaid/isaac_ros_ws/install/ros2_benchmark:/home/sophie/visionaid/isaac_ros_ws/install/ros2_benchmark_interfaces:/home/sophie/visionaid/isaac_ros_ws/install/isaac_ros_common:${AMENT_PREFIX_PATH} CMAKE_PREFIX_PATH=/home/sophie/visionaid/isaac_ros_ws/install/ros2_benchmark:/home/sophie/visionaid/isaac_ros_ws/install/ros2_benchmark_interfaces:/home/sophie/visionaid/isaac_ros_ws/install/isaac_ros_common:/opt/ros/humble LD_LIBRARY_PATH=/home/sophie/visionaid/isaac_ros_ws/install/ros2_benchmark/lib:/home/sophie/visionaid/isaac_ros_ws/install/ros2_benchmark_interfaces/lib:/home/sophie/visionaid/isaac_ros_ws/install/isaac_ros_common/lib:${LD_LIBRARY_PATH} PATH=/home/sophie/visionaid/isaac_ros_ws/install/isaac_ros_common/bin:${PATH} PYTHONPATH=/home/sophie/visionaid/isaac_ros_ws/install/ros2_benchmark/local/lib/python3.10/dist-packages:/home/sophie/visionaid/isaac_ros_ws/install/ros2_benchmark_interfaces/local/lib/python3.10/dist-packages:/home/sophie/visionaid/isaac_ros_ws/install/isaac_ros_common/local/lib/python3.10/dist-packages:${PYTHONPATH} /usr/bin/cmake --build /home/sophie/visionaid/isaac_ros_ws/build/isaac_ros_moveit_benchmark -- -j22 -l22
[1.081s] Invoking command in '/home/sophie/visionaid/isaac_ros_ws/build/isaac_ros_moveit_benchmark': AMENT_PREFIX_PATH=/home/sophie/visionaid/isaac_ros_ws/install/ros2_benchmark:/home/sophie/visionaid/isaac_ros_ws/install/ros2_benchmark_interfaces:/home/sophie/visionaid/isaac_ros_ws/install/isaac_ros_common:${AMENT_PREFIX_PATH} CMAKE_PREFIX_PATH=/home/sophie/visionaid/isaac_ros_ws/install/ros2_benchmark:/home/sophie/visionaid/isaac_ros_ws/install/ros2_benchmark_interfaces:/home/sophie/visionaid/isaac_ros_ws/install/isaac_ros_common:/opt/ros/humble LD_LIBRARY_PATH=/home/sophie/visionaid/isaac_ros_ws/install/ros2_benchmark/lib:/home/sophie/visionaid/isaac_ros_ws/install/ros2_benchmark_interfaces/lib:/home/sophie/visionaid/isaac_ros_ws/install/isaac_ros_common/lib:${LD_LIBRARY_PATH} PATH=/home/sophie/visionaid/isaac_ros_ws/install/isaac_ros_common/bin:${PATH} PYTHONPATH=/home/sophie/visionaid/isaac_ros_ws/install/ros2_benchmark/local/lib/python3.10/dist-packages:/home/sophie/visionaid/isaac_ros_ws/install/ros2_benchmark_interfaces/local/lib/python3.10/dist-packages:/home/sophie/visionaid/isaac_ros_ws/install/isaac_ros_common/local/lib/python3.10/dist-packages:${PYTHONPATH} /usr/bin/cmake --install /home/sophie/visionaid/isaac_ros_ws/build/isaac_ros_moveit_benchmark
[1.087s] -- Install configuration: "Release"
[1.088s] -- Execute custom install script
[1.088s] -- Symlinking: /home/sophie/visionaid/isaac_ros_ws/install/isaac_ros_moveit_benchmark/share/isaac_ros_moveit_benchmark/environment/pythonpath.sh
[1.095s] -- Symlinking: /home/sophie/visionaid/isaac_ros_ws/install/isaac_ros_moveit_benchmark/share/isaac_ros_moveit_benchmark/environment/pythonpath.dsv
[1.102s] -- Symlinking: /home/sophie/visionaid/isaac_ros_ws/install/isaac_ros_moveit_benchmark/local/lib/python3.10/dist-packages/isaac_ros_moveit_benchmark-3.2.6-py3.10.egg-info/PKG-INFO
[1.108s] -- Symlinking: /home/sophie/visionaid/isaac_ros_ws/install/isaac_ros_moveit_benchmark/local/lib/python3.10/dist-packages/isaac_ros_moveit_benchmark-3.2.6-py3.10.egg-info/SOURCES.txt
[1.117s] -- Symlinking: /home/sophie/visionaid/isaac_ros_ws/install/isaac_ros_moveit_benchmark/local/lib/python3.10/dist-packages/isaac_ros_moveit_benchmark-3.2.6-py3.10.egg-info/dependency_links.txt
[1.125s] -- Symlinking: /home/sophie/visionaid/isaac_ros_ws/install/isaac_ros_moveit_benchmark/local/lib/python3.10/dist-packages/isaac_ros_moveit_benchmark-3.2.6-py3.10.egg-info/top_level.txt
[1.131s] -- Symlinking: /home/sophie/visionaid/isaac_ros_ws/install/isaac_ros_moveit_benchmark/local/lib/python3.10/dist-packages/isaac_ros_moveit_benchmark/__init__.py
[1.138s] -- Symlinking: /home/sophie/visionaid/isaac_ros_ws/install/isaac_ros_moveit_benchmark/local/lib/python3.10/dist-packages/isaac_ros_moveit_benchmark/mbm_loader.py
[1.145s] -- Symlinking: /home/sophie/visionaid/isaac_ros_ws/install/isaac_ros_moveit_benchmark/local/lib/python3.10/dist-packages/isaac_ros_moveit_benchmark/planner_benchmark_base.py
[1.151s] -- Symlinking: /home/sophie/visionaid/isaac_ros_ws/install/isaac_ros_moveit_benchmark/local/lib/python3.10/dist-packages/isaac_ros_moveit_benchmark/planner_benchmark_mbm.py
[1.157s] -- Symlinking: /home/sophie/visionaid/isaac_ros_ws/install/isaac_ros_moveit_benchmark/local/lib/python3.10/dist-packages/isaac_ros_moveit_benchmark/planner_performance_calculator.py
[1.163s] -- Symlinking: /home/sophie/visionaid/isaac_ros_ws/install/isaac_ros_moveit_benchmark/share/isaac_ros_moveit_benchmark/datasets/panda_arm_mbm_dataset.yaml.gz
[1.170s] -- Symlinking: /home/sophie/visionaid/isaac_ros_ws/install/isaac_ros_moveit_benchmark/share/isaac_ros_moveit_benchmark/datasets/ur5_arm_mbm_dataset.yaml.gz
[1.179s] -- Symlinking: /home/sophie/visionaid/isaac_ros_ws/install/isaac_ros_moveit_benchmark/share/isaac_ros_moveit_benchmark/isaac_ros_moveit_benchmark/__init__.py
[1.186s] -- Symlinking: /home/sophie/visionaid/isaac_ros_ws/install/isaac_ros_moveit_benchmark/share/isaac_ros_moveit_benchmark/isaac_ros_moveit_benchmark/mbm_loader.py
[1.191s] -- Symlinking: /home/sophie/visionaid/isaac_ros_ws/install/isaac_ros_moveit_benchmark/share/isaac_ros_moveit_benchmark/isaac_ros_moveit_benchmark/planner_benchmark_base.py
[1.198s] -- Symlinking: /home/sophie/visionaid/isaac_ros_ws/install/isaac_ros_moveit_benchmark/share/isaac_ros_moveit_benchmark/isaac_ros_moveit_benchmark/planner_benchmark_mbm.py
[1.202s] -- Symlinking: /home/sophie/visionaid/isaac_ros_ws/install/isaac_ros_moveit_benchmark/share/isaac_ros_moveit_benchmark/isaac_ros_moveit_benchmark/planner_performance_calculator.py
[1.207s] -- Symlinking: /home/sophie/visionaid/isaac_ros_ws/install/isaac_ros_moveit_benchmark/share/ament_index/resource_index/package_run_dependencies/isaac_ros_moveit_benchmark
[1.212s] -- Symlinking: /home/sophie/visionaid/isaac_ros_ws/install/isaac_ros_moveit_benchmark/share/ament_index/resource_index/parent_prefix_path/isaac_ros_moveit_benchmark
[1.220s] -- Symlinking: /home/sophie/visionaid/isaac_ros_ws/install/isaac_ros_moveit_benchmark/share/isaac_ros_moveit_benchmark/environment/ament_prefix_path.sh
[1.227s] -- Symlinking: /home/sophie/visionaid/isaac_ros_ws/install/isaac_ros_moveit_benchmark/share/isaac_ros_moveit_benchmark/environment/ament_prefix_path.dsv
[1.232s] -- Symlinking: /home/sophie/visionaid/isaac_ros_ws/install/isaac_ros_moveit_benchmark/share/isaac_ros_moveit_benchmark/environment/path.sh
[1.238s] -- Symlinking: /home/sophie/visionaid/isaac_ros_ws/install/isaac_ros_moveit_benchmark/share/isaac_ros_moveit_benchmark/environment/path.dsv
[1.245s] -- Symlinking: /home/sophie/visionaid/isaac_ros_ws/install/isaac_ros_moveit_benchmark/share/isaac_ros_moveit_benchmark/local_setup.bash
[1.250s] -- Symlinking: /home/sophie/visionaid/isaac_ros_ws/install/isaac_ros_moveit_benchmark/share/isaac_ros_moveit_benchmark/local_setup.sh
[1.254s] -- Symlinking: /home/sophie/visionaid/isaac_ros_ws/install/isaac_ros_moveit_benchmark/share/isaac_ros_moveit_benchmark/local_setup.zsh
[1.259s] -- Symlinking: /home/sophie/visionaid/isaac_ros_ws/install/isaac_ros_moveit_benchmark/share/isaac_ros_moveit_benchmark/local_setup.dsv
[1.266s] -- Symlinking: /home/sophie/visionaid/isaac_ros_ws/install/isaac_ros_moveit_benchmark/share/isaac_ros_moveit_benchmark/package.dsv
[1.275s] -- Symlinking: /home/sophie/visionaid/isaac_ros_ws/install/isaac_ros_moveit_benchmark/share/ament_index/resource_index/packages/isaac_ros_moveit_benchmark
[1.280s] -- Symlinking: /home/sophie/visionaid/isaac_ros_ws/install/isaac_ros_moveit_benchmark/share/isaac_ros_moveit_benchmark/cmake/ament_cmake_export_dependencies-extras.cmake
[1.287s] -- Symlinking: /home/sophie/visionaid/isaac_ros_ws/install/isaac_ros_moveit_benchmark/share/isaac_ros_moveit_benchmark/cmake/isaac_ros_moveit_benchmarkConfig.cmake
[1.294s] -- Symlinking: /home/sophie/visionaid/isaac_ros_ws/install/isaac_ros_moveit_benchmark/share/isaac_ros_moveit_benchmark/cmake/isaac_ros_moveit_benchmarkConfig-version.cmake
[1.299s] -- Symlinking: /home/sophie/visionaid/isaac_ros_ws/install/isaac_ros_moveit_benchmark/share/isaac_ros_moveit_benchmark/package.xml
[1.327s] Listing '/home/sophie/visionaid/isaac_ros_ws/install/isaac_ros_moveit_benchmark/local/lib/python3.10/dist-packages/isaac_ros_moveit_benchmark'...
[1.327s] Compiling '/home/sophie/visionaid/isaac_ros_ws/install/isaac_ros_moveit_benchmark/local/lib/python3.10/dist-packages/isaac_ros_moveit_benchmark/__init__.py'...
[1.327s] Compiling '/home/sophie/visionaid/isaac_ros_ws/install/isaac_ros_moveit_benchmark/local/lib/python3.10/dist-packages/isaac_ros_moveit_benchmark/mbm_loader.py'...
[1.327s] Compiling '/home/sophie/visionaid/isaac_ros_ws/install/isaac_ros_moveit_benchmark/local/lib/python3.10/dist-packages/isaac_ros_moveit_benchmark/planner_benchmark_base.py'...
[1.327s] Compiling '/home/sophie/visionaid/isaac_ros_ws/install/isaac_ros_moveit_benchmark/local/lib/python3.10/dist-packages/isaac_ros_moveit_benchmark/planner_benchmark_mbm.py'...
[1.327s] Compiling '/home/sophie/visionaid/isaac_ros_ws/install/isaac_ros_moveit_benchmark/local/lib/python3.10/dist-packages/isaac_ros_moveit_benchmark/planner_performance_calculator.py'...
[1.332s] Invoked command in '/home/sophie/visionaid/isaac_ros_ws/build/isaac_ros_moveit_benchmark' returned '0': AMENT_PREFIX_PATH=/home/sophie/visionaid/isaac_ros_ws/install/ros2_benchmark:/home/sophie/visionaid/isaac_ros_ws/install/ros2_benchmark_interfaces:/home/sophie/visionaid/isaac_ros_ws/install/isaac_ros_common:${AMENT_PREFIX_PATH} CMAKE_PREFIX_PATH=/home/sophie/visionaid/isaac_ros_ws/install/ros2_benchmark:/home/sophie/visionaid/isaac_ros_ws/install/ros2_benchmark_interfaces:/home/sophie/visionaid/isaac_ros_ws/install/isaac_ros_common:/opt/ros/humble LD_LIBRARY_PATH=/home/sophie/visionaid/isaac_ros_ws/install/ros2_benchmark/lib:/home/sophie/visionaid/isaac_ros_ws/install/ros2_benchmark_interfaces/lib:/home/sophie/visionaid/isaac_ros_ws/install/isaac_ros_common/lib:${LD_LIBRARY_PATH} PATH=/home/sophie/visionaid/isaac_ros_ws/install/isaac_ros_common/bin:${PATH} PYTHONPATH=/home/sophie/visionaid/isaac_ros_ws/install/ros2_benchmark/local/lib/python3.10/dist-packages:/home/sophie/visionaid/isaac_ros_ws/install/ros2_benchmark_interfaces/local/lib/python3.10/dist-packages:/home/sophie/visionaid/isaac_ros_ws/install/isaac_ros_common/local/lib/python3.10/dist-packages:${PYTHONPATH} /usr/bin/cmake --install /home/sophie/visionaid/isaac_ros_ws/build/isaac_ros_moveit_benchmark
