-- The C compiler identification is GNU 11.4.0
-- The CXX compiler identification is GNU 11.4.0
-- Detecting C compiler ABI info
-- Detecting C compiler ABI info - done
-- Check for working C compiler: /usr/bin/cc - skipped
-- Detecting C compile features
-- Detecting C compile features - done
-- Detecting CXX compiler ABI info
-- Detecting CXX compiler ABI info - done
-- Check for working CXX compiler: /usr/bin/c++ - skipped
-- Detecting CXX compile features
-- Detecting CXX compile features - done
-- Found ament_cmake_auto: 1.3.11 (/opt/ros/humble/share/ament_cmake_auto/cmake)
-- Found Python3: /usr/bin/python3 (found version "3.10.12") found components: Interpreter 
-- Override CMake install command with custom implementation using symlinks instead of copying resources
-- Loading isaac_ros_common extras
-- CMAKE_BUILD_TYPE: Release
-- Looking for pthread.h
-- Looking for pthread.h - found
-- Performing Test CMAKE_HAVE_LIBC_PTHREAD
-- Performing Test CMAKE_HAVE_LIBC_PTHREAD - Success
-- Found Threads: TRUE  
-- Found CUDA: /usr/local/cuda-12.8 (found version "12.8") 
-- CUDA architectures: 89
-- Loading isaac_ros_common extras (modules)
-- Found rosidl_generator_c: 3.1.6 (/opt/ros/humble/share/rosidl_generator_c/cmake)
-- Found rosidl_adapter: 3.1.6 (/opt/ros/humble/share/rosidl_adapter/cmake)
-- Found rosidl_generator_cpp: 3.1.6 (/opt/ros/humble/share/rosidl_generator_cpp/cmake)
-- Using all available rosidl_typesupport_c: rosidl_typesupport_fastrtps_c;rosidl_typesupport_introspection_c
-- Using all available rosidl_typesupport_cpp: rosidl_typesupport_fastrtps_cpp;rosidl_typesupport_introspection_cpp
-- Found rmw_implementation_cmake: 6.1.2 (/opt/ros/humble/share/rmw_implementation_cmake/cmake)
-- Found rmw_fastrtps_cpp: 6.2.7 (/opt/ros/humble/share/rmw_fastrtps_cpp/cmake)
-- Found OpenSSL: /usr/lib/x86_64-linux-gnu/libcrypto.so (found version "3.0.2")  
-- Found FastRTPS: /opt/ros/humble/include  
-- Using RMW implementation 'rmw_fastrtps_cpp' as default
-- Configuring done
-- Generating done
-- Build files have been written to: /home/sophie/visionaid/isaac_ros_ws/build/gxf_isaac_argus
[100%] [34m[1mGenerating version information as YAML[0m
[100%] Built target generate_version_info_target_gxf_isaac_argus
-- Install configuration: "Release"
-- Execute custom install script
-- Symlinking: /home/sophie/visionaid/isaac_ros_ws/install/gxf_isaac_argus/share/gxf_isaac_argus/environment/library_path.sh
-- Symlinking: /home/sophie/visionaid/isaac_ros_ws/install/gxf_isaac_argus/share/gxf_isaac_argus/environment/library_path.dsv
-- Symlinking: /home/sophie/visionaid/isaac_ros_ws/install/gxf_isaac_argus/share/gxf_isaac_argus/version_info.yaml
-- Symlinking: /home/sophie/visionaid/isaac_ros_ws/install/gxf_isaac_argus/share/ament_index/resource_index/package_run_dependencies/gxf_isaac_argus
-- Symlinking: /home/sophie/visionaid/isaac_ros_ws/install/gxf_isaac_argus/share/ament_index/resource_index/parent_prefix_path/gxf_isaac_argus
-- Symlinking: /home/sophie/visionaid/isaac_ros_ws/install/gxf_isaac_argus/share/gxf_isaac_argus/environment/ament_prefix_path.sh
-- Symlinking: /home/sophie/visionaid/isaac_ros_ws/install/gxf_isaac_argus/share/gxf_isaac_argus/environment/ament_prefix_path.dsv
-- Symlinking: /home/sophie/visionaid/isaac_ros_ws/install/gxf_isaac_argus/share/gxf_isaac_argus/environment/path.sh
-- Symlinking: /home/sophie/visionaid/isaac_ros_ws/install/gxf_isaac_argus/share/gxf_isaac_argus/environment/path.dsv
-- Symlinking: /home/sophie/visionaid/isaac_ros_ws/install/gxf_isaac_argus/share/gxf_isaac_argus/local_setup.bash
-- Symlinking: /home/sophie/visionaid/isaac_ros_ws/install/gxf_isaac_argus/share/gxf_isaac_argus/local_setup.sh
-- Symlinking: /home/sophie/visionaid/isaac_ros_ws/install/gxf_isaac_argus/share/gxf_isaac_argus/local_setup.zsh
-- Symlinking: /home/sophie/visionaid/isaac_ros_ws/install/gxf_isaac_argus/share/gxf_isaac_argus/local_setup.dsv
-- Symlinking: /home/sophie/visionaid/isaac_ros_ws/install/gxf_isaac_argus/share/gxf_isaac_argus/package.dsv
-- Symlinking: /home/sophie/visionaid/isaac_ros_ws/install/gxf_isaac_argus/share/ament_index/resource_index/packages/gxf_isaac_argus
-- Symlinking: /home/sophie/visionaid/isaac_ros_ws/install/gxf_isaac_argus/share/gxf_isaac_argus/cmake/ament_cmake_export_targets-extras.cmake
-- Symlinking: /home/sophie/visionaid/isaac_ros_ws/install/gxf_isaac_argus/share/gxf_isaac_argus/cmake/ament_cmake_export_dependencies-extras.cmake
-- Symlinking: /home/sophie/visionaid/isaac_ros_ws/install/gxf_isaac_argus/share/gxf_isaac_argus/cmake/gxf_isaac_argusConfig.cmake
-- Symlinking: /home/sophie/visionaid/isaac_ros_ws/install/gxf_isaac_argus/share/gxf_isaac_argus/cmake/gxf_isaac_argusConfig-version.cmake
-- Symlinking: /home/sophie/visionaid/isaac_ros_ws/install/gxf_isaac_argus/share/gxf_isaac_argus/package.xml
-- Installing: /home/sophie/visionaid/isaac_ros_ws/install/gxf_isaac_argus/share/gxf_isaac_argus/cmake/export_gxf_isaac_argusExport.cmake
