[0.012s] Invoking command in '/home/sophie/visionaid/isaac_ros_ws/build/gxf_isaac_argus': AMENT_PREFIX_PATH=/home/sophie/visionaid/isaac_ros_ws/install/isaac_ros_gxf:/home/sophie/visionaid/isaac_ros_ws/install/isaac_ros_common:${AMENT_PREFIX_PATH} CMAKE_PREFIX_PATH=/home/sophie/visionaid/isaac_ros_ws/install/isaac_ros_gxf:/home/sophie/visionaid/isaac_ros_ws/install/isaac_ros_common:/opt/ros/humble LD_LIBRARY_PATH=/home/sophie/visionaid/isaac_ros_ws/install/isaac_ros_gxf/lib:/home/sophie/visionaid/isaac_ros_ws/install/isaac_ros_common/lib:${LD_LIBRARY_PATH} PATH=/home/sophie/visionaid/isaac_ros_ws/install/isaac_ros_common/bin:${PATH} PYTHONPATH=/home/sophie/visionaid/isaac_ros_ws/install/isaac_ros_common/local/lib/python3.10/dist-packages:${PYTHONPATH} /usr/bin/cmake /home/sophie/visionaid/isaac_ros_ws/src/isaac_ros_nitros/isaac_ros_gxf_extensions/gxf_isaac_argus -DCMAKE_BUILD_TYPE=Release -DBUILD_TESTING=OFF -DCMAKE_CUDA_ARCHITECTURES=89 -DAMENT_CMAKE_SYMLINK_INSTALL=1 -DCMAKE_INSTALL_PREFIX=/home/sophie/visionaid/isaac_ros_ws/install/gxf_isaac_argus
[0.055s] -- The C compiler identification is GNU 11.4.0
[0.090s] -- The CXX compiler identification is GNU 11.4.0
[0.095s] -- Detecting C compiler ABI info
[0.145s] -- Detecting C compiler ABI info - done
[0.153s] -- Check for working C compiler: /usr/bin/cc - skipped
[0.153s] -- Detecting C compile features
[0.153s] -- Detecting C compile features - done
[0.155s] -- Detecting CXX compiler ABI info
[0.210s] -- Detecting CXX compiler ABI info - done
[0.216s] -- Check for working CXX compiler: /usr/bin/c++ - skipped
[0.216s] -- Detecting CXX compile features
[0.216s] -- Detecting CXX compile features - done
[0.217s] -- Found ament_cmake_auto: 1.3.11 (/opt/ros/humble/share/ament_cmake_auto/cmake)
[0.313s] -- Found Python3: /usr/bin/python3 (found version "3.10.12") found components: Interpreter 
[0.350s] -- Override CMake install command with custom implementation using symlinks instead of copying resources
[0.401s] -- Loading isaac_ros_common extras
[0.401s] -- CMAKE_BUILD_TYPE: Release
[0.417s] -- Looking for pthread.h
[0.477s] -- Looking for pthread.h - found
[0.477s] -- Performing Test CMAKE_HAVE_LIBC_PTHREAD
[0.536s] -- Performing Test CMAKE_HAVE_LIBC_PTHREAD - Success
[0.537s] -- Found Threads: TRUE  
[0.543s] -- Found CUDA: /usr/local/cuda-12.8 (found version "12.8") 
[0.544s] -- CUDA architectures: 89
[0.544s] -- Loading isaac_ros_common extras (modules)
[0.563s] -- Found rosidl_generator_c: 3.1.6 (/opt/ros/humble/share/rosidl_generator_c/cmake)
[0.565s] -- Found rosidl_adapter: 3.1.6 (/opt/ros/humble/share/rosidl_adapter/cmake)
[0.570s] -- Found rosidl_generator_cpp: 3.1.6 (/opt/ros/humble/share/rosidl_generator_cpp/cmake)
[0.576s] -- Using all available rosidl_typesupport_c: rosidl_typesupport_fastrtps_c;rosidl_typesupport_introspection_c
[0.585s] -- Using all available rosidl_typesupport_cpp: rosidl_typesupport_fastrtps_cpp;rosidl_typesupport_introspection_cpp
[0.609s] -- Found rmw_implementation_cmake: 6.1.2 (/opt/ros/humble/share/rmw_implementation_cmake/cmake)
[0.610s] -- Found rmw_fastrtps_cpp: 6.2.7 (/opt/ros/humble/share/rmw_fastrtps_cpp/cmake)
[0.678s] -- Found OpenSSL: /usr/lib/x86_64-linux-gnu/libcrypto.so (found version "3.0.2")  
[0.697s] -- Found FastRTPS: /opt/ros/humble/include  
[0.720s] -- Using RMW implementation 'rmw_fastrtps_cpp' as default
[0.793s] -- Configuring done
[0.795s] -- Generating done
[0.798s] -- Build files have been written to: /home/sophie/visionaid/isaac_ros_ws/build/gxf_isaac_argus
[0.805s] Invoked command in '/home/sophie/visionaid/isaac_ros_ws/build/gxf_isaac_argus' returned '0': AMENT_PREFIX_PATH=/home/sophie/visionaid/isaac_ros_ws/install/isaac_ros_gxf:/home/sophie/visionaid/isaac_ros_ws/install/isaac_ros_common:${AMENT_PREFIX_PATH} CMAKE_PREFIX_PATH=/home/sophie/visionaid/isaac_ros_ws/install/isaac_ros_gxf:/home/sophie/visionaid/isaac_ros_ws/install/isaac_ros_common:/opt/ros/humble LD_LIBRARY_PATH=/home/sophie/visionaid/isaac_ros_ws/install/isaac_ros_gxf/lib:/home/sophie/visionaid/isaac_ros_ws/install/isaac_ros_common/lib:${LD_LIBRARY_PATH} PATH=/home/sophie/visionaid/isaac_ros_ws/install/isaac_ros_common/bin:${PATH} PYTHONPATH=/home/sophie/visionaid/isaac_ros_ws/install/isaac_ros_common/local/lib/python3.10/dist-packages:${PYTHONPATH} /usr/bin/cmake /home/sophie/visionaid/isaac_ros_ws/src/isaac_ros_nitros/isaac_ros_gxf_extensions/gxf_isaac_argus -DCMAKE_BUILD_TYPE=Release -DBUILD_TESTING=OFF -DCMAKE_CUDA_ARCHITECTURES=89 -DAMENT_CMAKE_SYMLINK_INSTALL=1 -DCMAKE_INSTALL_PREFIX=/home/sophie/visionaid/isaac_ros_ws/install/gxf_isaac_argus
[0.808s] Invoking command in '/home/sophie/visionaid/isaac_ros_ws/build/gxf_isaac_argus': AMENT_PREFIX_PATH=/home/sophie/visionaid/isaac_ros_ws/install/isaac_ros_gxf:/home/sophie/visionaid/isaac_ros_ws/install/isaac_ros_common:${AMENT_PREFIX_PATH} CMAKE_PREFIX_PATH=/home/sophie/visionaid/isaac_ros_ws/install/isaac_ros_gxf:/home/sophie/visionaid/isaac_ros_ws/install/isaac_ros_common:/opt/ros/humble LD_LIBRARY_PATH=/home/sophie/visionaid/isaac_ros_ws/install/isaac_ros_gxf/lib:/home/sophie/visionaid/isaac_ros_ws/install/isaac_ros_common/lib:${LD_LIBRARY_PATH} PATH=/home/sophie/visionaid/isaac_ros_ws/install/isaac_ros_common/bin:${PATH} PYTHONPATH=/home/sophie/visionaid/isaac_ros_ws/install/isaac_ros_common/local/lib/python3.10/dist-packages:${PYTHONPATH} /usr/bin/cmake --build /home/sophie/visionaid/isaac_ros_ws/build/gxf_isaac_argus -- -j22 -l22
[0.844s] [100%] [34m[1mGenerating version information as YAML[0m
[0.901s] [100%] Built target generate_version_info_target_gxf_isaac_argus
[0.909s] Invoked command in '/home/sophie/visionaid/isaac_ros_ws/build/gxf_isaac_argus' returned '0': AMENT_PREFIX_PATH=/home/sophie/visionaid/isaac_ros_ws/install/isaac_ros_gxf:/home/sophie/visionaid/isaac_ros_ws/install/isaac_ros_common:${AMENT_PREFIX_PATH} CMAKE_PREFIX_PATH=/home/sophie/visionaid/isaac_ros_ws/install/isaac_ros_gxf:/home/sophie/visionaid/isaac_ros_ws/install/isaac_ros_common:/opt/ros/humble LD_LIBRARY_PATH=/home/sophie/visionaid/isaac_ros_ws/install/isaac_ros_gxf/lib:/home/sophie/visionaid/isaac_ros_ws/install/isaac_ros_common/lib:${LD_LIBRARY_PATH} PATH=/home/sophie/visionaid/isaac_ros_ws/install/isaac_ros_common/bin:${PATH} PYTHONPATH=/home/sophie/visionaid/isaac_ros_ws/install/isaac_ros_common/local/lib/python3.10/dist-packages:${PYTHONPATH} /usr/bin/cmake --build /home/sophie/visionaid/isaac_ros_ws/build/gxf_isaac_argus -- -j22 -l22
[0.910s] Invoking command in '/home/sophie/visionaid/isaac_ros_ws/build/gxf_isaac_argus': AMENT_PREFIX_PATH=/home/sophie/visionaid/isaac_ros_ws/install/isaac_ros_gxf:/home/sophie/visionaid/isaac_ros_ws/install/isaac_ros_common:${AMENT_PREFIX_PATH} CMAKE_PREFIX_PATH=/home/sophie/visionaid/isaac_ros_ws/install/isaac_ros_gxf:/home/sophie/visionaid/isaac_ros_ws/install/isaac_ros_common:/opt/ros/humble LD_LIBRARY_PATH=/home/sophie/visionaid/isaac_ros_ws/install/isaac_ros_gxf/lib:/home/sophie/visionaid/isaac_ros_ws/install/isaac_ros_common/lib:${LD_LIBRARY_PATH} PATH=/home/sophie/visionaid/isaac_ros_ws/install/isaac_ros_common/bin:${PATH} PYTHONPATH=/home/sophie/visionaid/isaac_ros_ws/install/isaac_ros_common/local/lib/python3.10/dist-packages:${PYTHONPATH} /usr/bin/cmake --install /home/sophie/visionaid/isaac_ros_ws/build/gxf_isaac_argus
[0.916s] -- Install configuration: "Release"
[0.916s] -- Execute custom install script
[0.916s] -- Symlinking: /home/sophie/visionaid/isaac_ros_ws/install/gxf_isaac_argus/share/gxf_isaac_argus/environment/library_path.sh
[0.922s] -- Symlinking: /home/sophie/visionaid/isaac_ros_ws/install/gxf_isaac_argus/share/gxf_isaac_argus/environment/library_path.dsv
[0.928s] -- Symlinking: /home/sophie/visionaid/isaac_ros_ws/install/gxf_isaac_argus/share/gxf_isaac_argus/version_info.yaml
[0.933s] -- Symlinking: /home/sophie/visionaid/isaac_ros_ws/install/gxf_isaac_argus/share/ament_index/resource_index/package_run_dependencies/gxf_isaac_argus
[0.939s] -- Symlinking: /home/sophie/visionaid/isaac_ros_ws/install/gxf_isaac_argus/share/ament_index/resource_index/parent_prefix_path/gxf_isaac_argus
[0.945s] -- Symlinking: /home/sophie/visionaid/isaac_ros_ws/install/gxf_isaac_argus/share/gxf_isaac_argus/environment/ament_prefix_path.sh
[0.950s] -- Symlinking: /home/sophie/visionaid/isaac_ros_ws/install/gxf_isaac_argus/share/gxf_isaac_argus/environment/ament_prefix_path.dsv
[0.955s] -- Symlinking: /home/sophie/visionaid/isaac_ros_ws/install/gxf_isaac_argus/share/gxf_isaac_argus/environment/path.sh
[0.961s] -- Symlinking: /home/sophie/visionaid/isaac_ros_ws/install/gxf_isaac_argus/share/gxf_isaac_argus/environment/path.dsv
[0.966s] -- Symlinking: /home/sophie/visionaid/isaac_ros_ws/install/gxf_isaac_argus/share/gxf_isaac_argus/local_setup.bash
[0.970s] -- Symlinking: /home/sophie/visionaid/isaac_ros_ws/install/gxf_isaac_argus/share/gxf_isaac_argus/local_setup.sh
[0.975s] -- Symlinking: /home/sophie/visionaid/isaac_ros_ws/install/gxf_isaac_argus/share/gxf_isaac_argus/local_setup.zsh
[0.980s] -- Symlinking: /home/sophie/visionaid/isaac_ros_ws/install/gxf_isaac_argus/share/gxf_isaac_argus/local_setup.dsv
[0.988s] -- Symlinking: /home/sophie/visionaid/isaac_ros_ws/install/gxf_isaac_argus/share/gxf_isaac_argus/package.dsv
[0.995s] -- Symlinking: /home/sophie/visionaid/isaac_ros_ws/install/gxf_isaac_argus/share/ament_index/resource_index/packages/gxf_isaac_argus
[0.999s] -- Symlinking: /home/sophie/visionaid/isaac_ros_ws/install/gxf_isaac_argus/share/gxf_isaac_argus/cmake/ament_cmake_export_targets-extras.cmake
[1.003s] -- Symlinking: /home/sophie/visionaid/isaac_ros_ws/install/gxf_isaac_argus/share/gxf_isaac_argus/cmake/ament_cmake_export_dependencies-extras.cmake
[1.009s] -- Symlinking: /home/sophie/visionaid/isaac_ros_ws/install/gxf_isaac_argus/share/gxf_isaac_argus/cmake/gxf_isaac_argusConfig.cmake
[1.013s] -- Symlinking: /home/sophie/visionaid/isaac_ros_ws/install/gxf_isaac_argus/share/gxf_isaac_argus/cmake/gxf_isaac_argusConfig-version.cmake
[1.019s] -- Symlinking: /home/sophie/visionaid/isaac_ros_ws/install/gxf_isaac_argus/share/gxf_isaac_argus/package.xml
[1.026s] -- Installing: /home/sophie/visionaid/isaac_ros_ws/install/gxf_isaac_argus/share/gxf_isaac_argus/cmake/export_gxf_isaac_argusExport.cmake
[1.028s] Invoked command in '/home/sophie/visionaid/isaac_ros_ws/build/gxf_isaac_argus' returned '0': AMENT_PREFIX_PATH=/home/sophie/visionaid/isaac_ros_ws/install/isaac_ros_gxf:/home/sophie/visionaid/isaac_ros_ws/install/isaac_ros_common:${AMENT_PREFIX_PATH} CMAKE_PREFIX_PATH=/home/sophie/visionaid/isaac_ros_ws/install/isaac_ros_gxf:/home/sophie/visionaid/isaac_ros_ws/install/isaac_ros_common:/opt/ros/humble LD_LIBRARY_PATH=/home/sophie/visionaid/isaac_ros_ws/install/isaac_ros_gxf/lib:/home/sophie/visionaid/isaac_ros_ws/install/isaac_ros_common/lib:${LD_LIBRARY_PATH} PATH=/home/sophie/visionaid/isaac_ros_ws/install/isaac_ros_common/bin:${PATH} PYTHONPATH=/home/sophie/visionaid/isaac_ros_ws/install/isaac_ros_common/local/lib/python3.10/dist-packages:${PYTHONPATH} /usr/bin/cmake --install /home/sophie/visionaid/isaac_ros_ws/build/gxf_isaac_argus
