running egg_info
creating ../../build/camera_bridge/camera_bridge.egg-info
writing ../../build/camera_bridge/camera_bridge.egg-info/PKG-INFO
writing dependency_links to ../../build/camera_bridge/camera_bridge.egg-info/dependency_links.txt
writing entry points to ../../build/camera_bridge/camera_bridge.egg-info/entry_points.txt
writing requirements to ../../build/camera_bridge/camera_bridge.egg-info/requires.txt
writing top-level names to ../../build/camera_bridge/camera_bridge.egg-info/top_level.txt
writing manifest file '../../build/camera_bridge/camera_bridge.egg-info/SOURCES.txt'
reading manifest file '../../build/camera_bridge/camera_bridge.egg-info/SOURCES.txt'
writing manifest file '../../build/camera_bridge/camera_bridge.egg-info/SOURCES.txt'
running build
running build_py
creating /home/sophie/visionaid/isaac_ros_ws/build/camera_bridge/build
creating /home/sophie/visionaid/isaac_ros_ws/build/camera_bridge/build/lib
creating /home/sophie/visionaid/isaac_ros_ws/build/camera_bridge/build/lib/camera_bridge
copying camera_bridge/__init__.py -> /home/sophie/visionaid/isaac_ros_ws/build/camera_bridge/build/lib/camera_bridge
copying camera_bridge/bridge.py -> /home/sophie/visionaid/isaac_ros_ws/build/camera_bridge/build/lib/camera_bridge
running install
running install_lib
creating /home/sophie/visionaid/isaac_ros_ws/install/camera_bridge/lib/python3.10/site-packages/camera_bridge
copying /home/sophie/visionaid/isaac_ros_ws/build/camera_bridge/build/lib/camera_bridge/__init__.py -> /home/sophie/visionaid/isaac_ros_ws/install/camera_bridge/lib/python3.10/site-packages/camera_bridge
copying /home/sophie/visionaid/isaac_ros_ws/build/camera_bridge/build/lib/camera_bridge/bridge.py -> /home/sophie/visionaid/isaac_ros_ws/install/camera_bridge/lib/python3.10/site-packages/camera_bridge
byte-compiling /home/sophie/visionaid/isaac_ros_ws/install/camera_bridge/lib/python3.10/site-packages/camera_bridge/__init__.py to __init__.cpython-310.pyc
byte-compiling /home/sophie/visionaid/isaac_ros_ws/install/camera_bridge/lib/python3.10/site-packages/camera_bridge/bridge.py to bridge.cpython-310.pyc
running install_data
creating /home/sophie/visionaid/isaac_ros_ws/install/camera_bridge/share/ament_index
creating /home/sophie/visionaid/isaac_ros_ws/install/camera_bridge/share/ament_index/resource_index
creating /home/sophie/visionaid/isaac_ros_ws/install/camera_bridge/share/ament_index/resource_index/packages
copying resource/camera_bridge -> /home/sophie/visionaid/isaac_ros_ws/install/camera_bridge/share/ament_index/resource_index/packages
copying package.xml -> /home/sophie/visionaid/isaac_ros_ws/install/camera_bridge/share/camera_bridge
running install_egg_info
Copying ../../build/camera_bridge/camera_bridge.egg-info to /home/sophie/visionaid/isaac_ros_ws/install/camera_bridge/lib/python3.10/site-packages/camera_bridge-0.0.0-py3.10.egg-info
running install_scripts
Installing bridge script to /home/sophie/visionaid/isaac_ros_ws/install/camera_bridge/lib/camera_bridge
writing list of installed files to '/home/sophie/visionaid/isaac_ros_ws/build/camera_bridge/install.log'
