[0.444s] Invoking command in '/home/sophie/visionaid/isaac_ros_ws/src/camera_bridge': PYTHONPATH=/home/sophie/visionaid/isaac_ros_ws/build/camera_bridge/prefix_override:/usr/lib/python3/dist-packages/colcon_core/task/python/colcon_distutils_commands:/home/sophie/visionaid/isaac_ros_ws/install/camera_bridge/lib/python3.10/site-packages:${PYTHONPATH} /usr/bin/python3 -W ignore:setup.py install is deprecated -W ignore:easy_install command is deprecated setup.py egg_info --egg-base ../../build/camera_bridge build --build-base /home/sophie/visionaid/isaac_ros_ws/build/camera_bridge/build install --record /home/sophie/visionaid/isaac_ros_ws/build/camera_bridge/install.log --single-version-externally-managed install_data
[0.599s] running egg_info
[0.599s] creating ../../build/camera_bridge/camera_bridge.egg-info
[0.599s] writing ../../build/camera_bridge/camera_bridge.egg-info/PKG-INFO
[0.599s] writing dependency_links to ../../build/camera_bridge/camera_bridge.egg-info/dependency_links.txt
[0.600s] writing entry points to ../../build/camera_bridge/camera_bridge.egg-info/entry_points.txt
[0.600s] writing requirements to ../../build/camera_bridge/camera_bridge.egg-info/requires.txt
[0.600s] writing top-level names to ../../build/camera_bridge/camera_bridge.egg-info/top_level.txt
[0.600s] writing manifest file '../../build/camera_bridge/camera_bridge.egg-info/SOURCES.txt'
[0.600s] reading manifest file '../../build/camera_bridge/camera_bridge.egg-info/SOURCES.txt'
[0.600s] writing manifest file '../../build/camera_bridge/camera_bridge.egg-info/SOURCES.txt'
[0.601s] running build
[0.601s] running build_py
[0.601s] creating /home/sophie/visionaid/isaac_ros_ws/build/camera_bridge/build
[0.601s] creating /home/sophie/visionaid/isaac_ros_ws/build/camera_bridge/build/lib
[0.601s] creating /home/sophie/visionaid/isaac_ros_ws/build/camera_bridge/build/lib/camera_bridge
[0.601s] copying camera_bridge/__init__.py -> /home/sophie/visionaid/isaac_ros_ws/build/camera_bridge/build/lib/camera_bridge
[0.601s] copying camera_bridge/bridge.py -> /home/sophie/visionaid/isaac_ros_ws/build/camera_bridge/build/lib/camera_bridge
[0.601s] running install
[0.601s] running install_lib
[0.601s] creating /home/sophie/visionaid/isaac_ros_ws/install/camera_bridge/lib/python3.10/site-packages/camera_bridge
[0.602s] copying /home/sophie/visionaid/isaac_ros_ws/build/camera_bridge/build/lib/camera_bridge/__init__.py -> /home/sophie/visionaid/isaac_ros_ws/install/camera_bridge/lib/python3.10/site-packages/camera_bridge
[0.602s] copying /home/sophie/visionaid/isaac_ros_ws/build/camera_bridge/build/lib/camera_bridge/bridge.py -> /home/sophie/visionaid/isaac_ros_ws/install/camera_bridge/lib/python3.10/site-packages/camera_bridge
[0.602s] byte-compiling /home/sophie/visionaid/isaac_ros_ws/install/camera_bridge/lib/python3.10/site-packages/camera_bridge/__init__.py to __init__.cpython-310.pyc
[0.602s] byte-compiling /home/sophie/visionaid/isaac_ros_ws/install/camera_bridge/lib/python3.10/site-packages/camera_bridge/bridge.py to bridge.cpython-310.pyc
[0.602s] running install_data
[0.602s] creating /home/sophie/visionaid/isaac_ros_ws/install/camera_bridge/share/ament_index
[0.603s] creating /home/sophie/visionaid/isaac_ros_ws/install/camera_bridge/share/ament_index/resource_index
[0.603s] creating /home/sophie/visionaid/isaac_ros_ws/install/camera_bridge/share/ament_index/resource_index/packages
[0.603s] copying resource/camera_bridge -> /home/sophie/visionaid/isaac_ros_ws/install/camera_bridge/share/ament_index/resource_index/packages
[0.603s] copying package.xml -> /home/sophie/visionaid/isaac_ros_ws/install/camera_bridge/share/camera_bridge
[0.603s] running install_egg_info
[0.603s] Copying ../../build/camera_bridge/camera_bridge.egg-info to /home/sophie/visionaid/isaac_ros_ws/install/camera_bridge/lib/python3.10/site-packages/camera_bridge-0.0.0-py3.10.egg-info
[0.603s] running install_scripts
[0.617s] Installing bridge script to /home/sophie/visionaid/isaac_ros_ws/install/camera_bridge/lib/camera_bridge
[0.617s] writing list of installed files to '/home/sophie/visionaid/isaac_ros_ws/build/camera_bridge/install.log'
[0.632s] Invoked command in '/home/sophie/visionaid/isaac_ros_ws/src/camera_bridge' returned '0': PYTHONPATH=/home/sophie/visionaid/isaac_ros_ws/build/camera_bridge/prefix_override:/usr/lib/python3/dist-packages/colcon_core/task/python/colcon_distutils_commands:/home/sophie/visionaid/isaac_ros_ws/install/camera_bridge/lib/python3.10/site-packages:${PYTHONPATH} /usr/bin/python3 -W ignore:setup.py install is deprecated -W ignore:easy_install command is deprecated setup.py egg_info --egg-base ../../build/camera_bridge build --build-base /home/sophie/visionaid/isaac_ros_ws/build/camera_bridge/build install --record /home/sophie/visionaid/isaac_ros_ws/build/camera_bridge/install.log --single-version-externally-managed install_data
