running develop
Removing /home/sophie/visionaid/isaac_ros_ws/install/yolov8_bdd100k_detection/lib/python3.10/site-packages/yolov8-bdd100k-detection.egg-link (link to .)
running egg_info
writing ../../build/yolov8_bdd100k_detection/yolov8_bdd100k_detection.egg-info/PKG-INFO
writing dependency_links to ../../build/yolov8_bdd100k_detection/yolov8_bdd100k_detection.egg-info/dependency_links.txt
writing entry points to ../../build/yolov8_bdd100k_detection/yolov8_bdd100k_detection.egg-info/entry_points.txt
writing requirements to ../../build/yolov8_bdd100k_detection/yolov8_bdd100k_detection.egg-info/requires.txt
writing top-level names to ../../build/yolov8_bdd100k_detection/yolov8_bdd100k_detection.egg-info/top_level.txt
reading manifest file '../../build/yolov8_bdd100k_detection/yolov8_bdd100k_detection.egg-info/SOURCES.txt'
writing manifest file '../../build/yolov8_bdd100k_detection/yolov8_bdd100k_detection.egg-info/SOURCES.txt'
running build
running build_py
copying yolov8_bdd100k_detection/yolov8_camera_node.py -> /home/sophie/visionaid/isaac_ros_ws/build/yolov8_bdd100k_detection/build/lib/yolov8_bdd100k_detection
running install
running install_lib
creating /home/sophie/visionaid/isaac_ros_ws/install/yolov8_bdd100k_detection/lib/python3.10/site-packages/yolov8_bdd100k_detection
copying /home/sophie/visionaid/isaac_ros_ws/build/yolov8_bdd100k_detection/build/lib/yolov8_bdd100k_detection/yolov8_camera_node.py -> /home/sophie/visionaid/isaac_ros_ws/install/yolov8_bdd100k_detection/lib/python3.10/site-packages/yolov8_bdd100k_detection
copying /home/sophie/visionaid/isaac_ros_ws/build/yolov8_bdd100k_detection/build/lib/yolov8_bdd100k_detection/__init__.py -> /home/sophie/visionaid/isaac_ros_ws/install/yolov8_bdd100k_detection/lib/python3.10/site-packages/yolov8_bdd100k_detection
byte-compiling /home/sophie/visionaid/isaac_ros_ws/install/yolov8_bdd100k_detection/lib/python3.10/site-packages/yolov8_bdd100k_detection/yolov8_camera_node.py to yolov8_camera_node.cpython-310.pyc
  File "/home/sophie/visionaid/isaac_ros_ws/install/yolov8_bdd100k_detection/lib/python3.10/site-packages/yolov8_bdd100k_detection/yolov8_camera_node.py", line 25
    self.declare_parameter('confidence_threshold', 0.20')
                                                       ^
SyntaxError: unterminated string literal (detected at line 25)

byte-compiling /home/sophie/visionaid/isaac_ros_ws/install/yolov8_bdd100k_detection/lib/python3.10/site-packages/yolov8_bdd100k_detection/__init__.py to __init__.cpython-310.pyc
running install_data
copying resource/yolov8_bdd100k_detection -> /home/sophie/visionaid/isaac_ros_ws/install/yolov8_bdd100k_detection/share/ament_index/resource_index/packages
copying package.xml -> /home/sophie/visionaid/isaac_ros_ws/install/yolov8_bdd100k_detection/share/yolov8_bdd100k_detection
copying launch/yolov8_slam_integration.launch.py -> /home/sophie/visionaid/isaac_ros_ws/install/yolov8_bdd100k_detection/share/yolov8_bdd100k_detection/launch
copying launch/yolov8_bdd100k_realsense.launch.py -> /home/sophie/visionaid/isaac_ros_ws/install/yolov8_bdd100k_detection/share/yolov8_bdd100k_detection/launch
copying launch/yolov8_full_pipeline.launch.py -> /home/sophie/visionaid/isaac_ros_ws/install/yolov8_bdd100k_detection/share/yolov8_bdd100k_detection/launch
copying config/slam_integration_params.yaml -> /home/sophie/visionaid/isaac_ros_ws/install/yolov8_bdd100k_detection/share/yolov8_bdd100k_detection/config
copying config/yolov8_config.yaml -> /home/sophie/visionaid/isaac_ros_ws/install/yolov8_bdd100k_detection/share/yolov8_bdd100k_detection/config
copying config/detection_params.yaml -> /home/sophie/visionaid/isaac_ros_ws/install/yolov8_bdd100k_detection/share/yolov8_bdd100k_detection/config
running install_egg_info
Copying ../../build/yolov8_bdd100k_detection/yolov8_bdd100k_detection.egg-info to /home/sophie/visionaid/isaac_ros_ws/install/yolov8_bdd100k_detection/lib/python3.10/site-packages/yolov8_bdd100k_detection-0.0.1-py3.10.egg-info
running install_scripts
Installing detection_processor script to /home/sophie/visionaid/isaac_ros_ws/install/yolov8_bdd100k_detection/lib/yolov8_bdd100k_detection
Installing yolov8_camera_node script to /home/sophie/visionaid/isaac_ros_ws/install/yolov8_bdd100k_detection/lib/yolov8_bdd100k_detection
writing list of installed files to '/home/sophie/visionaid/isaac_ros_ws/build/yolov8_bdd100k_detection/install.log'
