[0.078s] Invoking command in '/home/kanye/Documents/visionaid/build/catkin_simple': /usr/bin/cmake /home/kanye/Documents/visionaid/calibration/camera/kalibr/catkin_simple -DCATKIN_INSTALL_INTO_PREFIX_ROOT=0 -DCMAKE_INSTALL_PREFIX=/home/kanye/Documents/visionaid/install/catkin_simple
[1.158s] -- The C compiler identification is GNU 11.4.0
[1.158s] -- The CXX compiler identification is GNU 11.4.0
[1.158s] -- Detecting C compiler ABI info
[1.158s] -- Detecting C compiler ABI info - done
[1.158s] -- Check for working C compiler: /usr/bin/cc - skipped
[1.158s] -- Detecting C compile features
[1.159s] -- Detecting C compile features - done
[1.159s] -- Detecting CXX compiler ABI info
[1.159s] -- Detecting CXX compiler ABI info - done
[1.159s] -- Check for working CXX compiler: /usr/bin/c++ - skipped
[1.159s] -- Detecting CXX compile features
[1.159s] -- Detecting CXX compile features - done
[1.159s] -- Configuring incomplete, errors occurred!
[1.159s] See also "/home/kanye/Documents/visionaid/build/catkin_simple/CMakeFiles/CMakeOutput.log".
[1.163s] [31mCMake Error at CMakeLists.txt:4 (find_package):
[1.163s]   By not providing "Findcatkin.cmake" in CMAKE_MODULE_PATH this project has
[1.164s]   asked CMake to find a package configuration file provided by "catkin", but
[1.164s]   CMake did not find one.
[1.164s] 
[1.164s]   Could not find a package configuration file provided by "catkin" with any
[1.164s]   of the following names:
[1.164s] 
[1.164s]     catkinConfig.cmake
[1.164s]     catkin-config.cmake
[1.164s] 
[1.164s]   Add the installation prefix of "catkin" to CMAKE_PREFIX_PATH or set
[1.164s]   "catkin_DIR" to a directory containing one of the above files.  If "catkin"
[1.164s]   provides a separate development package or SDK, be sure it has been
[1.164s]   installed.
[1.164s] 
[1.164s] [0m
[1.179s] Invoked command in '/home/kanye/Documents/visionaid/build/catkin_simple' returned '1': /usr/bin/cmake /home/kanye/Documents/visionaid/calibration/camera/kalibr/catkin_simple -DCATKIN_INSTALL_INTO_PREFIX_ROOT=0 -DCMAKE_INSTALL_PREFIX=/home/kanye/Documents/visionaid/install/catkin_simple
