-- Found ament_cmake_auto: 1.3.11 (/opt/ros/humble/share/ament_cmake_auto/cmake)
-- Override CMake install command with custom implementation using symlinks instead of copying resources
-- Found rosidl_generator_c: 3.1.6 (/opt/ros/humble/share/rosidl_generator_c/cmake)
-- Found rosidl_adapter: 3.1.6 (/opt/ros/humble/share/rosidl_adapter/cmake)
-- Found rosidl_generator_cpp: 3.1.6 (/opt/ros/humble/share/rosidl_generator_cpp/cmake)
-- Using all available rosidl_typesupport_c: rosidl_typesupport_fastrtps_c;rosidl_typesupport_introspection_c
-- Using all available rosidl_typesupport_cpp: rosidl_typesupport_fastrtps_cpp;rosidl_typesupport_introspection_cpp
-- Found rmw_implementation_cmake: 6.1.2 (/opt/ros/humble/share/rmw_implementation_cmake/cmake)
-- Found rmw_fastrtps_cpp: 6.2.7 (/opt/ros/humble/share/rmw_fastrtps_cpp/cmake)
-- Using RMW implementation 'rmw_fastrtps_cpp' as default
-- Configuring done
-- Generating done
-- Build files have been written to: /home/sophie/visionaid/isaac_ros_ws/build/isaac_ros_moveit_benchmark
Built target ament_cmake_python_symlink_isaac_ros_moveit_benchmark
running egg_info
writing isaac_ros_moveit_benchmark.egg-info/PKG-INFO
writing dependency_links to isaac_ros_moveit_benchmark.egg-info/dependency_links.txt
writing top-level names to isaac_ros_moveit_benchmark.egg-info/top_level.txt
reading manifest file 'isaac_ros_moveit_benchmark.egg-info/SOURCES.txt'
writing manifest file 'isaac_ros_moveit_benchmark.egg-info/SOURCES.txt'
Built target ament_cmake_python_build_isaac_ros_moveit_benchmark_egg
-- Install configuration: "Release"
-- Execute custom install script
-- Up-to-date symlink: /home/sophie/visionaid/isaac_ros_ws/install/isaac_ros_moveit_benchmark/share/isaac_ros_moveit_benchmark/environment/pythonpath.sh
-- Up-to-date symlink: /home/sophie/visionaid/isaac_ros_ws/install/isaac_ros_moveit_benchmark/share/isaac_ros_moveit_benchmark/environment/pythonpath.dsv
-- Up-to-date symlink: /home/sophie/visionaid/isaac_ros_ws/install/isaac_ros_moveit_benchmark/local/lib/python3.10/dist-packages/isaac_ros_moveit_benchmark-3.2.6-py3.10.egg-info/PKG-INFO
-- Up-to-date symlink: /home/sophie/visionaid/isaac_ros_ws/install/isaac_ros_moveit_benchmark/local/lib/python3.10/dist-packages/isaac_ros_moveit_benchmark-3.2.6-py3.10.egg-info/SOURCES.txt
-- Up-to-date symlink: /home/sophie/visionaid/isaac_ros_ws/install/isaac_ros_moveit_benchmark/local/lib/python3.10/dist-packages/isaac_ros_moveit_benchmark-3.2.6-py3.10.egg-info/dependency_links.txt
-- Up-to-date symlink: /home/sophie/visionaid/isaac_ros_ws/install/isaac_ros_moveit_benchmark/local/lib/python3.10/dist-packages/isaac_ros_moveit_benchmark-3.2.6-py3.10.egg-info/top_level.txt
-- Up-to-date symlink: /home/sophie/visionaid/isaac_ros_ws/install/isaac_ros_moveit_benchmark/local/lib/python3.10/dist-packages/isaac_ros_moveit_benchmark/__init__.py
-- Up-to-date symlink: /home/sophie/visionaid/isaac_ros_ws/install/isaac_ros_moveit_benchmark/local/lib/python3.10/dist-packages/isaac_ros_moveit_benchmark/mbm_loader.py
-- Up-to-date symlink: /home/sophie/visionaid/isaac_ros_ws/install/isaac_ros_moveit_benchmark/local/lib/python3.10/dist-packages/isaac_ros_moveit_benchmark/planner_benchmark_base.py
-- Up-to-date symlink: /home/sophie/visionaid/isaac_ros_ws/install/isaac_ros_moveit_benchmark/local/lib/python3.10/dist-packages/isaac_ros_moveit_benchmark/planner_benchmark_mbm.py
-- Up-to-date symlink: /home/sophie/visionaid/isaac_ros_ws/install/isaac_ros_moveit_benchmark/local/lib/python3.10/dist-packages/isaac_ros_moveit_benchmark/planner_performance_calculator.py
-- Up-to-date symlink: /home/sophie/visionaid/isaac_ros_ws/install/isaac_ros_moveit_benchmark/share/isaac_ros_moveit_benchmark/datasets/panda_arm_mbm_dataset.yaml.gz
-- Up-to-date symlink: /home/sophie/visionaid/isaac_ros_ws/install/isaac_ros_moveit_benchmark/share/isaac_ros_moveit_benchmark/datasets/ur5_arm_mbm_dataset.yaml.gz
-- Up-to-date symlink: /home/sophie/visionaid/isaac_ros_ws/install/isaac_ros_moveit_benchmark/share/isaac_ros_moveit_benchmark/isaac_ros_moveit_benchmark/__init__.py
-- Up-to-date symlink: /home/sophie/visionaid/isaac_ros_ws/install/isaac_ros_moveit_benchmark/share/isaac_ros_moveit_benchmark/isaac_ros_moveit_benchmark/mbm_loader.py
-- Up-to-date symlink: /home/sophie/visionaid/isaac_ros_ws/install/isaac_ros_moveit_benchmark/share/isaac_ros_moveit_benchmark/isaac_ros_moveit_benchmark/planner_benchmark_base.py
-- Up-to-date symlink: /home/sophie/visionaid/isaac_ros_ws/install/isaac_ros_moveit_benchmark/share/isaac_ros_moveit_benchmark/isaac_ros_moveit_benchmark/planner_benchmark_mbm.py
-- Up-to-date symlink: /home/sophie/visionaid/isaac_ros_ws/install/isaac_ros_moveit_benchmark/share/isaac_ros_moveit_benchmark/isaac_ros_moveit_benchmark/planner_performance_calculator.py
-- Up-to-date symlink: /home/sophie/visionaid/isaac_ros_ws/install/isaac_ros_moveit_benchmark/share/ament_index/resource_index/package_run_dependencies/isaac_ros_moveit_benchmark
-- Up-to-date symlink: /home/sophie/visionaid/isaac_ros_ws/install/isaac_ros_moveit_benchmark/share/ament_index/resource_index/parent_prefix_path/isaac_ros_moveit_benchmark
-- Up-to-date symlink: /home/sophie/visionaid/isaac_ros_ws/install/isaac_ros_moveit_benchmark/share/isaac_ros_moveit_benchmark/environment/ament_prefix_path.sh
-- Up-to-date symlink: /home/sophie/visionaid/isaac_ros_ws/install/isaac_ros_moveit_benchmark/share/isaac_ros_moveit_benchmark/environment/ament_prefix_path.dsv
-- Up-to-date symlink: /home/sophie/visionaid/isaac_ros_ws/install/isaac_ros_moveit_benchmark/share/isaac_ros_moveit_benchmark/environment/path.sh
-- Up-to-date symlink: /home/sophie/visionaid/isaac_ros_ws/install/isaac_ros_moveit_benchmark/share/isaac_ros_moveit_benchmark/environment/path.dsv
-- Up-to-date symlink: /home/sophie/visionaid/isaac_ros_ws/install/isaac_ros_moveit_benchmark/share/isaac_ros_moveit_benchmark/local_setup.bash
-- Up-to-date symlink: /home/sophie/visionaid/isaac_ros_ws/install/isaac_ros_moveit_benchmark/share/isaac_ros_moveit_benchmark/local_setup.sh
-- Up-to-date symlink: /home/sophie/visionaid/isaac_ros_ws/install/isaac_ros_moveit_benchmark/share/isaac_ros_moveit_benchmark/local_setup.zsh
-- Up-to-date symlink: /home/sophie/visionaid/isaac_ros_ws/install/isaac_ros_moveit_benchmark/share/isaac_ros_moveit_benchmark/local_setup.dsv
-- Symlinking: /home/sophie/visionaid/isaac_ros_ws/install/isaac_ros_moveit_benchmark/share/isaac_ros_moveit_benchmark/package.dsv
-- Up-to-date symlink: /home/sophie/visionaid/isaac_ros_ws/install/isaac_ros_moveit_benchmark/share/ament_index/resource_index/packages/isaac_ros_moveit_benchmark
-- Up-to-date symlink: /home/sophie/visionaid/isaac_ros_ws/install/isaac_ros_moveit_benchmark/share/isaac_ros_moveit_benchmark/cmake/ament_cmake_export_dependencies-extras.cmake
-- Up-to-date symlink: /home/sophie/visionaid/isaac_ros_ws/install/isaac_ros_moveit_benchmark/share/isaac_ros_moveit_benchmark/cmake/isaac_ros_moveit_benchmarkConfig.cmake
-- Up-to-date symlink: /home/sophie/visionaid/isaac_ros_ws/install/isaac_ros_moveit_benchmark/share/isaac_ros_moveit_benchmark/cmake/isaac_ros_moveit_benchmarkConfig-version.cmake
-- Up-to-date symlink: /home/sophie/visionaid/isaac_ros_ws/install/isaac_ros_moveit_benchmark/share/isaac_ros_moveit_benchmark/package.xml
Listing '/home/sophie/visionaid/isaac_ros_ws/install/isaac_ros_moveit_benchmark/local/lib/python3.10/dist-packages/isaac_ros_moveit_benchmark'...
