[0.010s] Invoking command in '/home/sophie/visionaid/isaac_ros_ws/build/gxf_isaac_messages_throttler': AMENT_PREFIX_PATH=/home/sophie/visionaid/isaac_ros_ws/install/isaac_ros_gxf:/home/sophie/visionaid/isaac_ros_ws/install/isaac_ros_common:${AMENT_PREFIX_PATH} CMAKE_PREFIX_PATH=/home/sophie/visionaid/isaac_ros_ws/install/isaac_ros_gxf:/home/sophie/visionaid/isaac_ros_ws/install/isaac_ros_common:/opt/ros/humble LD_LIBRARY_PATH=/home/sophie/visionaid/isaac_ros_ws/install/isaac_ros_gxf/lib:/home/sophie/visionaid/isaac_ros_ws/install/isaac_ros_common/lib:${LD_LIBRARY_PATH} PATH=/home/sophie/visionaid/isaac_ros_ws/install/isaac_ros_common/bin:${PATH} PYTHONPATH=/home/sophie/visionaid/isaac_ros_ws/install/isaac_ros_common/local/lib/python3.10/dist-packages:${PYTHONPATH} /usr/bin/cmake /home/sophie/visionaid/isaac_ros_ws/src/isaac_ros_nitros/isaac_ros_gxf_extensions/gxf_isaac_messages_throttler -DCMAKE_BUILD_TYPE=Release -DBUILD_TESTING=OFF -DCMAKE_CUDA_ARCHITECTURES=89 -DAMENT_CMAKE_SYMLINK_INSTALL=1 -DCMAKE_INSTALL_PREFIX=/home/sophie/visionaid/isaac_ros_ws/install/gxf_isaac_messages_throttler
[0.045s] -- The C compiler identification is GNU 11.4.0
[0.082s] -- The CXX compiler identification is GNU 11.4.0
[0.086s] -- Detecting C compiler ABI info
[0.137s] -- Detecting C compiler ABI info - done
[0.146s] -- Check for working C compiler: /usr/bin/cc - skipped
[0.146s] -- Detecting C compile features
[0.146s] -- Detecting C compile features - done
[0.148s] -- Detecting CXX compiler ABI info
[0.207s] -- Detecting CXX compiler ABI info - done
[0.214s] -- Check for working CXX compiler: /usr/bin/c++ - skipped
[0.214s] -- Detecting CXX compile features
[0.214s] -- Detecting CXX compile features - done
[0.215s] -- Found ament_cmake_auto: 1.3.11 (/opt/ros/humble/share/ament_cmake_auto/cmake)
[0.319s] -- Found Python3: /usr/bin/python3 (found version "3.10.12") found components: Interpreter 
[0.363s] -- Override CMake install command with custom implementation using symlinks instead of copying resources
[0.415s] -- Loading isaac_ros_common extras
[0.415s] -- CMAKE_BUILD_TYPE: Release
[0.429s] -- Looking for pthread.h
[0.480s] -- Looking for pthread.h - found
[0.480s] -- Performing Test CMAKE_HAVE_LIBC_PTHREAD
[0.531s] -- Performing Test CMAKE_HAVE_LIBC_PTHREAD - Success
[0.532s] -- Found Threads: TRUE  
[0.537s] -- Found CUDA: /usr/local/cuda-12.8 (found version "12.8") 
[0.538s] -- CUDA architectures: 89
[0.538s] -- Loading isaac_ros_common extras (modules)
[0.556s] -- Found rosidl_generator_c: 3.1.6 (/opt/ros/humble/share/rosidl_generator_c/cmake)
[0.558s] -- Found rosidl_adapter: 3.1.6 (/opt/ros/humble/share/rosidl_adapter/cmake)
[0.563s] -- Found rosidl_generator_cpp: 3.1.6 (/opt/ros/humble/share/rosidl_generator_cpp/cmake)
[0.569s] -- Using all available rosidl_typesupport_c: rosidl_typesupport_fastrtps_c;rosidl_typesupport_introspection_c
[0.578s] -- Using all available rosidl_typesupport_cpp: rosidl_typesupport_fastrtps_cpp;rosidl_typesupport_introspection_cpp
[0.602s] -- Found rmw_implementation_cmake: 6.1.2 (/opt/ros/humble/share/rmw_implementation_cmake/cmake)
[0.603s] -- Found rmw_fastrtps_cpp: 6.2.7 (/opt/ros/humble/share/rmw_fastrtps_cpp/cmake)
[0.672s] -- Found OpenSSL: /usr/lib/x86_64-linux-gnu/libcrypto.so (found version "3.0.2")  
[0.689s] -- Found FastRTPS: /opt/ros/humble/include  
[0.713s] -- Using RMW implementation 'rmw_fastrtps_cpp' as default
[0.743s] -- Loading isaac_ros_gxf extras
[0.781s] -- Configuring done
[0.783s] -- Generating done
[0.784s] -- Build files have been written to: /home/sophie/visionaid/isaac_ros_ws/build/gxf_isaac_messages_throttler
[0.791s] Invoked command in '/home/sophie/visionaid/isaac_ros_ws/build/gxf_isaac_messages_throttler' returned '0': AMENT_PREFIX_PATH=/home/sophie/visionaid/isaac_ros_ws/install/isaac_ros_gxf:/home/sophie/visionaid/isaac_ros_ws/install/isaac_ros_common:${AMENT_PREFIX_PATH} CMAKE_PREFIX_PATH=/home/sophie/visionaid/isaac_ros_ws/install/isaac_ros_gxf:/home/sophie/visionaid/isaac_ros_ws/install/isaac_ros_common:/opt/ros/humble LD_LIBRARY_PATH=/home/sophie/visionaid/isaac_ros_ws/install/isaac_ros_gxf/lib:/home/sophie/visionaid/isaac_ros_ws/install/isaac_ros_common/lib:${LD_LIBRARY_PATH} PATH=/home/sophie/visionaid/isaac_ros_ws/install/isaac_ros_common/bin:${PATH} PYTHONPATH=/home/sophie/visionaid/isaac_ros_ws/install/isaac_ros_common/local/lib/python3.10/dist-packages:${PYTHONPATH} /usr/bin/cmake /home/sophie/visionaid/isaac_ros_ws/src/isaac_ros_nitros/isaac_ros_gxf_extensions/gxf_isaac_messages_throttler -DCMAKE_BUILD_TYPE=Release -DBUILD_TESTING=OFF -DCMAKE_CUDA_ARCHITECTURES=89 -DAMENT_CMAKE_SYMLINK_INSTALL=1 -DCMAKE_INSTALL_PREFIX=/home/sophie/visionaid/isaac_ros_ws/install/gxf_isaac_messages_throttler
[0.794s] Invoking command in '/home/sophie/visionaid/isaac_ros_ws/build/gxf_isaac_messages_throttler': AMENT_PREFIX_PATH=/home/sophie/visionaid/isaac_ros_ws/install/isaac_ros_gxf:/home/sophie/visionaid/isaac_ros_ws/install/isaac_ros_common:${AMENT_PREFIX_PATH} CMAKE_PREFIX_PATH=/home/sophie/visionaid/isaac_ros_ws/install/isaac_ros_gxf:/home/sophie/visionaid/isaac_ros_ws/install/isaac_ros_common:/opt/ros/humble LD_LIBRARY_PATH=/home/sophie/visionaid/isaac_ros_ws/install/isaac_ros_gxf/lib:/home/sophie/visionaid/isaac_ros_ws/install/isaac_ros_common/lib:${LD_LIBRARY_PATH} PATH=/home/sophie/visionaid/isaac_ros_ws/install/isaac_ros_common/bin:${PATH} PYTHONPATH=/home/sophie/visionaid/isaac_ros_ws/install/isaac_ros_common/local/lib/python3.10/dist-packages:${PYTHONPATH} /usr/bin/cmake --build /home/sophie/visionaid/isaac_ros_ws/build/gxf_isaac_messages_throttler -- -j22 -l22
[0.831s] [100%] [34m[1mGenerating version information as YAML[0m
[0.888s] [100%] Built target generate_version_info_target_gxf_isaac_messages_throttler
[0.898s] Invoked command in '/home/sophie/visionaid/isaac_ros_ws/build/gxf_isaac_messages_throttler' returned '0': AMENT_PREFIX_PATH=/home/sophie/visionaid/isaac_ros_ws/install/isaac_ros_gxf:/home/sophie/visionaid/isaac_ros_ws/install/isaac_ros_common:${AMENT_PREFIX_PATH} CMAKE_PREFIX_PATH=/home/sophie/visionaid/isaac_ros_ws/install/isaac_ros_gxf:/home/sophie/visionaid/isaac_ros_ws/install/isaac_ros_common:/opt/ros/humble LD_LIBRARY_PATH=/home/sophie/visionaid/isaac_ros_ws/install/isaac_ros_gxf/lib:/home/sophie/visionaid/isaac_ros_ws/install/isaac_ros_common/lib:${LD_LIBRARY_PATH} PATH=/home/sophie/visionaid/isaac_ros_ws/install/isaac_ros_common/bin:${PATH} PYTHONPATH=/home/sophie/visionaid/isaac_ros_ws/install/isaac_ros_common/local/lib/python3.10/dist-packages:${PYTHONPATH} /usr/bin/cmake --build /home/sophie/visionaid/isaac_ros_ws/build/gxf_isaac_messages_throttler -- -j22 -l22
[0.899s] Invoking command in '/home/sophie/visionaid/isaac_ros_ws/build/gxf_isaac_messages_throttler': AMENT_PREFIX_PATH=/home/sophie/visionaid/isaac_ros_ws/install/isaac_ros_gxf:/home/sophie/visionaid/isaac_ros_ws/install/isaac_ros_common:${AMENT_PREFIX_PATH} CMAKE_PREFIX_PATH=/home/sophie/visionaid/isaac_ros_ws/install/isaac_ros_gxf:/home/sophie/visionaid/isaac_ros_ws/install/isaac_ros_common:/opt/ros/humble LD_LIBRARY_PATH=/home/sophie/visionaid/isaac_ros_ws/install/isaac_ros_gxf/lib:/home/sophie/visionaid/isaac_ros_ws/install/isaac_ros_common/lib:${LD_LIBRARY_PATH} PATH=/home/sophie/visionaid/isaac_ros_ws/install/isaac_ros_common/bin:${PATH} PYTHONPATH=/home/sophie/visionaid/isaac_ros_ws/install/isaac_ros_common/local/lib/python3.10/dist-packages:${PYTHONPATH} /usr/bin/cmake --install /home/sophie/visionaid/isaac_ros_ws/build/gxf_isaac_messages_throttler
[0.902s] -- Install configuration: "Release"
[0.903s] -- Execute custom install script
[0.903s] -- Symlinking: /home/sophie/visionaid/isaac_ros_ws/install/gxf_isaac_messages_throttler/share/gxf_isaac_messages_throttler/gxf/lib/libgxf_isaac_messages_throttler.so
[0.910s] -- Symlinking: /home/sophie/visionaid/isaac_ros_ws/install/gxf_isaac_messages_throttler/share/gxf_isaac_messages_throttler/version_info.yaml
[0.916s] -- Symlinking: /home/sophie/visionaid/isaac_ros_ws/install/gxf_isaac_messages_throttler/share/ament_index/resource_index/package_run_dependencies/gxf_isaac_messages_throttler
[0.921s] -- Symlinking: /home/sophie/visionaid/isaac_ros_ws/install/gxf_isaac_messages_throttler/share/ament_index/resource_index/parent_prefix_path/gxf_isaac_messages_throttler
[0.926s] -- Symlinking: /home/sophie/visionaid/isaac_ros_ws/install/gxf_isaac_messages_throttler/share/gxf_isaac_messages_throttler/environment/ament_prefix_path.sh
[0.932s] -- Symlinking: /home/sophie/visionaid/isaac_ros_ws/install/gxf_isaac_messages_throttler/share/gxf_isaac_messages_throttler/environment/ament_prefix_path.dsv
[0.936s] -- Symlinking: /home/sophie/visionaid/isaac_ros_ws/install/gxf_isaac_messages_throttler/share/gxf_isaac_messages_throttler/environment/path.sh
[0.941s] -- Symlinking: /home/sophie/visionaid/isaac_ros_ws/install/gxf_isaac_messages_throttler/share/gxf_isaac_messages_throttler/environment/path.dsv
[0.947s] -- Symlinking: /home/sophie/visionaid/isaac_ros_ws/install/gxf_isaac_messages_throttler/share/gxf_isaac_messages_throttler/local_setup.bash
[0.952s] -- Symlinking: /home/sophie/visionaid/isaac_ros_ws/install/gxf_isaac_messages_throttler/share/gxf_isaac_messages_throttler/local_setup.sh
[0.956s] -- Symlinking: /home/sophie/visionaid/isaac_ros_ws/install/gxf_isaac_messages_throttler/share/gxf_isaac_messages_throttler/local_setup.zsh
[0.961s] -- Symlinking: /home/sophie/visionaid/isaac_ros_ws/install/gxf_isaac_messages_throttler/share/gxf_isaac_messages_throttler/local_setup.dsv
[0.966s] -- Symlinking: /home/sophie/visionaid/isaac_ros_ws/install/gxf_isaac_messages_throttler/share/gxf_isaac_messages_throttler/package.dsv
[0.972s] -- Symlinking: /home/sophie/visionaid/isaac_ros_ws/install/gxf_isaac_messages_throttler/share/ament_index/resource_index/packages/gxf_isaac_messages_throttler
[0.978s] -- Symlinking: /home/sophie/visionaid/isaac_ros_ws/install/gxf_isaac_messages_throttler/share/gxf_isaac_messages_throttler/cmake/ament_cmake_export_dependencies-extras.cmake
[0.984s] -- Symlinking: /home/sophie/visionaid/isaac_ros_ws/install/gxf_isaac_messages_throttler/share/gxf_isaac_messages_throttler/cmake/gxf_isaac_messages_throttlerConfig.cmake
[0.989s] -- Symlinking: /home/sophie/visionaid/isaac_ros_ws/install/gxf_isaac_messages_throttler/share/gxf_isaac_messages_throttler/cmake/gxf_isaac_messages_throttlerConfig-version.cmake
[0.996s] -- Symlinking: /home/sophie/visionaid/isaac_ros_ws/install/gxf_isaac_messages_throttler/share/gxf_isaac_messages_throttler/package.xml
[1.003s] Invoked command in '/home/sophie/visionaid/isaac_ros_ws/build/gxf_isaac_messages_throttler' returned '0': AMENT_PREFIX_PATH=/home/sophie/visionaid/isaac_ros_ws/install/isaac_ros_gxf:/home/sophie/visionaid/isaac_ros_ws/install/isaac_ros_common:${AMENT_PREFIX_PATH} CMAKE_PREFIX_PATH=/home/sophie/visionaid/isaac_ros_ws/install/isaac_ros_gxf:/home/sophie/visionaid/isaac_ros_ws/install/isaac_ros_common:/opt/ros/humble LD_LIBRARY_PATH=/home/sophie/visionaid/isaac_ros_ws/install/isaac_ros_gxf/lib:/home/sophie/visionaid/isaac_ros_ws/install/isaac_ros_common/lib:${LD_LIBRARY_PATH} PATH=/home/sophie/visionaid/isaac_ros_ws/install/isaac_ros_common/bin:${PATH} PYTHONPATH=/home/sophie/visionaid/isaac_ros_ws/install/isaac_ros_common/local/lib/python3.10/dist-packages:${PYTHONPATH} /usr/bin/cmake --install /home/sophie/visionaid/isaac_ros_ws/build/gxf_isaac_messages_throttler
