-- Found ament_cmake_auto: 1.3.11 (/opt/ros/humble/share/ament_cmake_auto/cmake)
-- Override CMake install command with custom implementation using symlinks instead of copying resources
-- Loading isaac_ros_common extras
-- CMAKE_BUILD_TYPE: Release
-- CUDA architectures: 89
-- Loading isaac_ros_common extras (modules)
-- Found rosidl_generator_c: 3.1.6 (/opt/ros/humble/share/rosidl_generator_c/cmake)
-- Found rosidl_adapter: 3.1.6 (/opt/ros/humble/share/rosidl_adapter/cmake)
-- Found rosidl_generator_cpp: 3.1.6 (/opt/ros/humble/share/rosidl_generator_cpp/cmake)
-- Using all available rosidl_typesupport_c: rosidl_typesupport_fastrtps_c;rosidl_typesupport_introspection_c
-- Using all available rosidl_typesupport_cpp: rosidl_typesupport_fastrtps_cpp;rosidl_typesupport_introspection_cpp
-- Found rmw_implementation_cmake: 6.1.2 (/opt/ros/humble/share/rmw_implementation_cmake/cmake)
-- Found rmw_fastrtps_cpp: 6.2.7 (/opt/ros/humble/share/rmw_fastrtps_cpp/cmake)
-- Using RMW implementation 'rmw_fastrtps_cpp' as default
-- Loading isaac_ros_gxf extras
-- Configuring done
-- Generating done
-- Build files have been written to: /home/sophie/visionaid/isaac_ros_ws/build/isaac_ros_depth_image_proc
[35m[1mConsolidate compiler generated dependencies of target point_cloud_xyz_node[0m
[ 14%] Built target generate_version_info_target_isaac_ros_depth_image_proc
[ 28%] [32mBuilding CXX object CMakeFiles/point_cloud_xyz_node.dir/src/point_cloud_xyz_node.cpp.o[0m
[ 42%] [32m[1mLinking CXX shared library libpoint_cloud_xyz_node.so[0m
[ 42%] Built target point_cloud_xyz_node
[35m[1mConsolidate compiler generated dependencies of target point_cloud_xyzrgb_node[0m
[ 57%] [32mBuilding CXX object CMakeFiles/point_cloud_xyzrgb_node.dir/src/point_cloud_xyzrgb_node.cpp.o[0m
[ 71%] [32m[1mLinking CXX shared library libpoint_cloud_xyzrgb_node.so[0m
[ 71%] Built target point_cloud_xyzrgb_node
[35m[1mConsolidate compiler generated dependencies of target convert_metric_node[0m
[ 85%] [32mBuilding CXX object CMakeFiles/convert_metric_node.dir/src/convert_metric_node.cpp.o[0m
[100%] [32m[1mLinking CXX shared library libconvert_metric_node.so[0m
[100%] Built target convert_metric_node
-- Install configuration: "Release"
-- Execute custom install script
-- Up-to-date symlink: /home/sophie/visionaid/isaac_ros_ws/install/isaac_ros_depth_image_proc/share/isaac_ros_depth_image_proc/version_info.yaml
-- Up-to-date symlink: /home/sophie/visionaid/isaac_ros_ws/install/isaac_ros_depth_image_proc/include/isaac_ros_depth_image_proc/convert_metric_node.hpp
-- Up-to-date symlink: /home/sophie/visionaid/isaac_ros_ws/install/isaac_ros_depth_image_proc/include/isaac_ros_depth_image_proc/point_cloud_xyz_node.hpp
-- Up-to-date symlink: /home/sophie/visionaid/isaac_ros_ws/install/isaac_ros_depth_image_proc/include/isaac_ros_depth_image_proc/point_cloud_xyzrgb_node.hpp
-- Up-to-date symlink: /home/sophie/visionaid/isaac_ros_ws/install/isaac_ros_depth_image_proc/share/isaac_ros_depth_image_proc/environment/library_path.sh
-- Up-to-date symlink: /home/sophie/visionaid/isaac_ros_ws/install/isaac_ros_depth_image_proc/share/isaac_ros_depth_image_proc/environment/library_path.dsv
-- Up-to-date symlink: /home/sophie/visionaid/isaac_ros_ws/install/isaac_ros_depth_image_proc/lib/libpoint_cloud_xyz_node.so
-- Up-to-date symlink: /home/sophie/visionaid/isaac_ros_ws/install/isaac_ros_depth_image_proc/lib/libpoint_cloud_xyzrgb_node.so
-- Up-to-date symlink: /home/sophie/visionaid/isaac_ros_ws/install/isaac_ros_depth_image_proc/lib/libconvert_metric_node.so
-- Up-to-date symlink: /home/sophie/visionaid/isaac_ros_ws/install/isaac_ros_depth_image_proc/share/isaac_ros_depth_image_proc/launch/isaac_ros_depth_image_proc_convert_metric_core.launch.py
-- Up-to-date symlink: /home/sophie/visionaid/isaac_ros_ws/install/isaac_ros_depth_image_proc/share/isaac_ros_depth_image_proc/launch/isaac_ros_depth_image_proc_point_cloud_xyz_core.launch.py
-- Up-to-date symlink: /home/sophie/visionaid/isaac_ros_ws/install/isaac_ros_depth_image_proc/share/isaac_ros_depth_image_proc/launch/isaac_ros_depth_image_proc_point_cloud_xyzrgb_core.launch.py
-- Up-to-date symlink: /home/sophie/visionaid/isaac_ros_ws/install/isaac_ros_depth_image_proc/share/isaac_ros_depth_image_proc/config/nitros_point_cloud_xyz_node.yaml
-- Up-to-date symlink: /home/sophie/visionaid/isaac_ros_ws/install/isaac_ros_depth_image_proc/share/isaac_ros_depth_image_proc/config/nitros_point_cloud_xyzrgb_node.yaml
-- Up-to-date symlink: /home/sophie/visionaid/isaac_ros_ws/install/isaac_ros_depth_image_proc/share/ament_index/resource_index/package_run_dependencies/isaac_ros_depth_image_proc
-- Up-to-date symlink: /home/sophie/visionaid/isaac_ros_ws/install/isaac_ros_depth_image_proc/share/ament_index/resource_index/parent_prefix_path/isaac_ros_depth_image_proc
-- Up-to-date symlink: /home/sophie/visionaid/isaac_ros_ws/install/isaac_ros_depth_image_proc/share/isaac_ros_depth_image_proc/environment/ament_prefix_path.sh
-- Up-to-date symlink: /home/sophie/visionaid/isaac_ros_ws/install/isaac_ros_depth_image_proc/share/isaac_ros_depth_image_proc/environment/ament_prefix_path.dsv
-- Up-to-date symlink: /home/sophie/visionaid/isaac_ros_ws/install/isaac_ros_depth_image_proc/share/isaac_ros_depth_image_proc/environment/path.sh
-- Up-to-date symlink: /home/sophie/visionaid/isaac_ros_ws/install/isaac_ros_depth_image_proc/share/isaac_ros_depth_image_proc/environment/path.dsv
-- Up-to-date symlink: /home/sophie/visionaid/isaac_ros_ws/install/isaac_ros_depth_image_proc/share/isaac_ros_depth_image_proc/local_setup.bash
-- Up-to-date symlink: /home/sophie/visionaid/isaac_ros_ws/install/isaac_ros_depth_image_proc/share/isaac_ros_depth_image_proc/local_setup.sh
-- Up-to-date symlink: /home/sophie/visionaid/isaac_ros_ws/install/isaac_ros_depth_image_proc/share/isaac_ros_depth_image_proc/local_setup.zsh
-- Up-to-date symlink: /home/sophie/visionaid/isaac_ros_ws/install/isaac_ros_depth_image_proc/share/isaac_ros_depth_image_proc/local_setup.dsv
-- Symlinking: /home/sophie/visionaid/isaac_ros_ws/install/isaac_ros_depth_image_proc/share/isaac_ros_depth_image_proc/package.dsv
-- Up-to-date symlink: /home/sophie/visionaid/isaac_ros_ws/install/isaac_ros_depth_image_proc/share/ament_index/resource_index/packages/isaac_ros_depth_image_proc
-- Up-to-date symlink: /home/sophie/visionaid/isaac_ros_ws/install/isaac_ros_depth_image_proc/share/ament_index/resource_index/rclcpp_components/isaac_ros_depth_image_proc
-- Up-to-date symlink: /home/sophie/visionaid/isaac_ros_ws/install/isaac_ros_depth_image_proc/share/isaac_ros_depth_image_proc/cmake/ament_cmake_export_dependencies-extras.cmake
-- Up-to-date symlink: /home/sophie/visionaid/isaac_ros_ws/install/isaac_ros_depth_image_proc/share/isaac_ros_depth_image_proc/cmake/ament_cmake_export_include_directories-extras.cmake
-- Up-to-date symlink: /home/sophie/visionaid/isaac_ros_ws/install/isaac_ros_depth_image_proc/share/isaac_ros_depth_image_proc/cmake/ament_cmake_export_libraries-extras.cmake
-- Up-to-date symlink: /home/sophie/visionaid/isaac_ros_ws/install/isaac_ros_depth_image_proc/share/isaac_ros_depth_image_proc/cmake/isaac_ros_depth_image_procConfig.cmake
-- Up-to-date symlink: /home/sophie/visionaid/isaac_ros_ws/install/isaac_ros_depth_image_proc/share/isaac_ros_depth_image_proc/cmake/isaac_ros_depth_image_procConfig-version.cmake
-- Up-to-date symlink: /home/sophie/visionaid/isaac_ros_ws/install/isaac_ros_depth_image_proc/share/isaac_ros_depth_image_proc/package.xml
